Build started 3/26/2025 12:58:19 PM.
     0>Process = "/usr/local/share/dotnet/dotnet"
       MSBuild executable path = "/usr/local/share/dotnet/sdk/8.0.407/MSBuild.dll"
       Command line arguments = "/usr/local/share/dotnet/sdk/8.0.407/MSBuild.dll -maxcpucount -verbosity:m -nologo -restore -consoleloggerparameters:Summary -verbosity:detailed /Users/tp/Projects/Cloud9.2/Cloud9.2.csproj -distributedlogger:Microsoft.DotNet.Tools.MSBuild.MSBuildLogger,/usr/local/share/dotnet/sdk/8.0.407/dotnet.dll*Microsoft.DotNet.Tools.MSBuild.MSBuildForwardingLogger,/usr/local/share/dotnet/sdk/8.0.407/dotnet.dll"
       Current directory = "/Users/tp/Projects/Cloud9.2"
       MSBuild version = "17.11.26+2b19be476"
       Assembly loaded during Evaluation: System.Reflection.Metadata, Version=8.0.0.0, Culture=neutral, PublicKeyToken=b03f5f7f11d50a3a (location: /usr/local/share/dotnet/shared/Microsoft.NETCore.App/8.0.14/System.Reflection.Metadata.dll, MVID: a092cab5-1833-4e18-9c9d-78d00dd6e514, AssemblyLoadContext: Default)
       The SDK "Microsoft.NET.Sdk.Web" was successfully resolved by the "DefaultSdkResolver" resolver to location "/usr/local/share/dotnet/sdk/8.0.407/Sdks/Microsoft.NET.Sdk.Web/Sdk" and version "".
       Assembly loaded during Evaluation: Microsoft.NET.StringTools, Version=1.0.0.0, Culture=neutral, PublicKeyToken=b03f5f7f11d50a3a (location: /usr/local/share/dotnet/sdk/8.0.407/Microsoft.NET.StringTools.dll, MVID: e5e337c9-792b-4f11-a4d8-16b2a582360d, AssemblyLoadContext: Default)
       Assembly loaded during Evaluation: NuGet.Frameworks, Version=6.11.1.2, Culture=neutral, PublicKeyToken=31bf3856ad364e35 (location: /usr/local/share/dotnet/sdk/8.0.407/NuGet.Frameworks.dll, MVID: 36fa17a1-abb6-4cce-b85c-dd32a6dcc45f, AssemblyLoadContext: Assembly.LoadFile(/usr/local/share/dotnet/sdk/8.0.407/NuGet.Frameworks.dll))
       The SDK "Microsoft.NET.Sdk" was successfully resolved by the "DefaultSdkResolver" resolver to location "/usr/local/share/dotnet/sdk/8.0.407/Sdks/Microsoft.NET.Sdk/Sdk" and version "".
       Property 'MSBuildExtensionsPath' with value '/usr/local/share/dotnet/sdk/8.0.407/' expanded from the environment.
       Property reassignment: $(MSBuildProjectExtensionsPath)="/Users/tp/Projects/Cloud9.2/obj/" (previous value: "obj/") at /usr/local/share/dotnet/sdk/8.0.407/Current/Microsoft.Common.props (60,5)
       Property 'MSBuildUserExtensionsPath' with value '/Users/tp/Library/Application Support/Microsoft\MSBuild' expanded from the environment.
       Property reassignment: $(AssemblySearchPaths)="{CandidateAssemblyFiles};{HintPathFromItem}" (previous value: "{CandidateAssemblyFiles}") at /usr/local/share/dotnet/sdk/8.0.407/Sdks/Microsoft.NET.Sdk/targets/Microsoft.NET.Sdk.props (91,5)
       Property reassignment: $(AssemblySearchPaths)="{CandidateAssemblyFiles};{HintPathFromItem};{TargetFrameworkDirectory}" (previous value: "{CandidateAssemblyFiles};{HintPathFromItem}") at /usr/local/share/dotnet/sdk/8.0.407/Sdks/Microsoft.NET.Sdk/targets/Microsoft.NET.Sdk.props (92,5)
       Property reassignment: $(AssemblySearchPaths)="{CandidateAssemblyFiles};{HintPathFromItem};{TargetFrameworkDirectory};{RawFileName}" (previous value: "{CandidateAssemblyFiles};{HintPathFromItem};{TargetFrameworkDirectory}") at /usr/local/share/dotnet/sdk/8.0.407/Sdks/Microsoft.NET.Sdk/targets/Microsoft.NET.Sdk.props (93,5)
       The "DefaultSdkResolver" resolver attempted to resolve the SDK "Microsoft.NET.SDK.WorkloadAutoImportPropsLocator".
       Warnings: null
       Errors: MSB4276: The default SDK resolver failed to resolve SDK "Microsoft.NET.SDK.WorkloadAutoImportPropsLocator" because directory "/usr/local/share/dotnet/sdk/8.0.407/Sdks/Microsoft.NET.SDK.WorkloadAutoImportPropsLocator/Sdk" did not exist.
       Assembly loaded during Evaluation: Microsoft.NET.Sdk.WorkloadMSBuildSdkResolver, Version=8.0.407.0, Culture=neutral, PublicKeyToken=31bf3856ad364e35 (location: /usr/local/share/dotnet/sdk/8.0.407/Microsoft.NET.Sdk.WorkloadMSBuildSdkResolver.dll, MVID: 86282a7e-ecdd-491f-b1dd-64dbb39867e7, AssemblyLoadContext: MSBuild plugin /usr/local/share/dotnet/sdk/8.0.407/Microsoft.NET.Sdk.WorkloadMSBuildSdkResolver.dll)
       Assembly loaded during Evaluation: Microsoft.Build.NuGetSdkResolver, Version=6.11.1.2, Culture=neutral, PublicKeyToken=31bf3856ad364e35 (location: /usr/local/share/dotnet/sdk/8.0.407/Microsoft.Build.NuGetSdkResolver.dll, MVID: ae254ffe-3ea7-4bba-8a74-0bd55e8cfe87, AssemblyLoadContext: MSBuild plugin /usr/local/share/dotnet/sdk/8.0.407/Microsoft.Build.NuGetSdkResolver.dll)
       Assembly loaded during Evaluation: Microsoft.DotNet.Cli.Utils, Version=8.0.407.0, Culture=neutral, PublicKeyToken=adb9793829ddae60 (location: /usr/local/share/dotnet/sdk/8.0.407/Microsoft.DotNet.Cli.Utils.dll, MVID: 39d9ad7a-f435-4b10-a71f-1f70c42aaab0, AssemblyLoadContext: MSBuild plugin /usr/local/share/dotnet/sdk/8.0.407/Microsoft.NET.Sdk.WorkloadMSBuildSdkResolver.dll)
       Assembly loaded during Evaluation: Microsoft.NET.Sdk.WorkloadManifestReader, Version=8.0.407.0, Culture=neutral, PublicKeyToken=adb9793829ddae60 (location: /usr/local/share/dotnet/sdk/8.0.407/Microsoft.NET.Sdk.WorkloadManifestReader.dll, MVID: 10a67ee6-0bea-41df-9ef0-6eb4a95f38a9, AssemblyLoadContext: MSBuild plugin /usr/local/share/dotnet/sdk/8.0.407/Microsoft.NET.Sdk.WorkloadMSBuildSdkResolver.dll)
       Assembly loaded during Evaluation: Microsoft.Deployment.DotNet.Releases, Version=2.0.0.0, Culture=neutral, PublicKeyToken=31bf3856ad364e35 (location: /usr/local/share/dotnet/sdk/8.0.407/Microsoft.Deployment.DotNet.Releases.dll, MVID: 34f9f9be-a352-437d-b864-e54aac6740dd, AssemblyLoadContext: MSBuild plugin /usr/local/share/dotnet/sdk/8.0.407/Microsoft.NET.Sdk.WorkloadMSBuildSdkResolver.dll)
       The SDK "Microsoft.NET.SDK.WorkloadAutoImportPropsLocator" was successfully resolved by the "Microsoft.DotNet.MSBuildWorkloadSdkResolver" resolver to location "null" and version "null".
       Property reassignment: $(TargetsForTfmSpecificContentInPackage)=";PackTool;_PackProjectToolValidation" (previous value: ";PackTool") at /usr/local/share/dotnet/sdk/8.0.407/Sdks/Microsoft.NET.Sdk/targets/Microsoft.NET.PackProjectTool.props (15,5)
       The SDK "Microsoft.NET.Sdk.Razor" was successfully resolved by the "DefaultSdkResolver" resolver to location "/usr/local/share/dotnet/sdk/8.0.407/Sdks/Microsoft.NET.Sdk.Razor/Sdk" and version "".
       The SDK "Microsoft.NET.Sdk.StaticWebAssets" was successfully resolved by the "DefaultSdkResolver" resolver to location "/usr/local/share/dotnet/sdk/8.0.407/Sdks/Microsoft.NET.Sdk.StaticWebAssets/Sdk" and version "".
       Property reassignment: $(DefaultItemExcludes)=";**\node_modules\**;node_modules\**;**\jspm_packages\**;jspm_packages\**" (previous value: ";**\node_modules\**;node_modules\**") at /usr/local/share/dotnet/sdk/8.0.407/Sdks/Microsoft.NET.Sdk.StaticWebAssets/Sdk/Sdk.StaticWebAssets.StaticAssets.ProjectSystem.props (23,5)
       Property reassignment: $(DefaultItemExcludes)=";**\node_modules\**;node_modules\**;**\jspm_packages\**;jspm_packages\**;**\bower_components\**;bower_components\**" (previous value: ";**\node_modules\**;node_modules\**;**\jspm_packages\**;jspm_packages\**") at /usr/local/share/dotnet/sdk/8.0.407/Sdks/Microsoft.NET.Sdk.StaticWebAssets/Sdk/Sdk.StaticWebAssets.StaticAssets.ProjectSystem.props (24,5)
       The SDK "Microsoft.NET.Sdk.Web.ProjectSystem" was successfully resolved by the "DefaultSdkResolver" resolver to location "/usr/local/share/dotnet/sdk/8.0.407/Sdks/Microsoft.NET.Sdk.Web.ProjectSystem/Sdk" and version "".
       Property reassignment: $(OutputType)="Exe" (previous value: "Library") at /usr/local/share/dotnet/sdk/8.0.407/Sdks/Microsoft.NET.Sdk.Web.ProjectSystem/targets/Microsoft.NET.Sdk.Web.ProjectSystem.props (16,5)
       The SDK "Microsoft.NET.Sdk.Publish" was successfully resolved by the "DefaultSdkResolver" resolver to location "/usr/local/share/dotnet/sdk/8.0.407/Sdks/Microsoft.NET.Sdk.Publish/Sdk" and version "".
       Property reassignment: $(RootNamespace)="Cloud9._2" (previous value: "Cloud9.2") at /Users/tp/Projects/Cloud9.2/Cloud9.2.csproj (7,5)
       Property reassignment: $(PublishProfileImported)="false" (previous value: "true") at /usr/local/share/dotnet/sdk/8.0.407/Sdks/Microsoft.NET.Sdk/targets/Microsoft.NET.Sdk.ImportPublishProfile.targets (28,5)
       Property reassignment: $(TargetPlatformVersion)="" (previous value: "0.0") at /usr/local/share/dotnet/sdk/8.0.407/Sdks/Microsoft.NET.Sdk/targets/Microsoft.NET.TargetFrameworkInference.targets (69,5)
       Property reassignment: $(DefaultItemExcludes)=";**\node_modules\**;node_modules\**;**\jspm_packages\**;jspm_packages\**;**\bower_components\**;bower_components\**;bin/Debug//**" (previous value: ";**\node_modules\**;node_modules\**;**\jspm_packages\**;jspm_packages\**;**\bower_components\**;bower_components\**") at /usr/local/share/dotnet/sdk/8.0.407/Sdks/Microsoft.NET.Sdk/targets/Microsoft.NET.DefaultOutputPaths.targets (121,5)
       Property reassignment: $(DefaultItemExcludes)=";**\node_modules\**;node_modules\**;**\jspm_packages\**;jspm_packages\**;**\bower_components\**;bower_components\**;bin/Debug//**;obj/Debug//**" (previous value: ";**\node_modules\**;node_modules\**;**\jspm_packages\**;jspm_packages\**;**\bower_components\**;bower_components\**;bin/Debug//**") at /usr/local/share/dotnet/sdk/8.0.407/Sdks/Microsoft.NET.Sdk/targets/Microsoft.NET.DefaultOutputPaths.targets (122,5)
       Property reassignment: $(OutputPath)="bin/Debug/net8.0/" (previous value: "bin/Debug/") at /usr/local/share/dotnet/sdk/8.0.407/Sdks/Microsoft.NET.Sdk/targets/Microsoft.NET.DefaultOutputPaths.targets (137,5)
       Property reassignment: $(IntermediateOutputPath)="obj/Debug/net8.0/" (previous value: "obj/Debug/") at /usr/local/share/dotnet/sdk/8.0.407/Sdks/Microsoft.NET.Sdk/targets/Microsoft.NET.DefaultOutputPaths.targets (142,5)
       The "DefaultSdkResolver" resolver attempted to resolve the SDK "Microsoft.NET.SDK.WorkloadManifestTargetsLocator".
       Warnings: null
       Errors: MSB4276: The default SDK resolver failed to resolve SDK "Microsoft.NET.SDK.WorkloadManifestTargetsLocator" because directory "/usr/local/share/dotnet/sdk/8.0.407/Sdks/Microsoft.NET.SDK.WorkloadManifestTargetsLocator/Sdk" did not exist.
       The SDK "Microsoft.NET.SDK.WorkloadManifestTargetsLocator" was successfully resolved by the "Microsoft.DotNet.MSBuildWorkloadSdkResolver" resolver to location "/usr/local/share/dotnet/sdk-manifests/8.0.100/microsoft.net.sdk.android/34.0.43" and version "null".
       Property reassignment: $(_FrameworkIdentifierForImplicitDefine)="NET" (previous value: "NETCOREAPP") at /usr/local/share/dotnet/sdk/8.0.407/Sdks/Microsoft.NET.Sdk/targets/Microsoft.NET.Sdk.BeforeCommon.targets (187,5)
       Property reassignment: $(_FrameworkVersionForImplicitDefine)="8_0" (previous value: "8.0") at /usr/local/share/dotnet/sdk/8.0.407/Sdks/Microsoft.NET.Sdk/targets/Microsoft.NET.Sdk.BeforeCommon.targets (192,5)
       Property reassignment: $(CommandLineArgsForDesignTimeEvaluation)="-langversion:12.0 -define:TRACE" (previous value: "-langversion:12.0") at /usr/local/share/dotnet/sdk/8.0.407/Roslyn/Microsoft.CSharp.Core.targets (200,5)
       Assembly loaded during Evaluation: Microsoft.Build.Utilities.Core, Version=15.1.0.0, Culture=neutral, PublicKeyToken=b03f5f7f11d50a3a (location: /usr/local/share/dotnet/sdk/8.0.407/Microsoft.Build.Utilities.Core.dll, MVID: 0dab8c76-c50c-4f3b-b072-da4b82720043, AssemblyLoadContext: Default)
       Property reassignment: $(_DebugSymbolsProduced)="true" (previous value: "false") at /usr/local/share/dotnet/sdk/8.0.407/Microsoft.Common.CurrentVersion.targets (175,5)
       Property reassignment: $(_DocumentationFileProduced)="false" (previous value: "true") at /usr/local/share/dotnet/sdk/8.0.407/Microsoft.Common.CurrentVersion.targets (185,5)
       Property reassignment: $(MSBuildCopyMarkerName)="Cloud9.2.csproj.Up2Date" (previous value: "Cloud9.2.csproj") at /usr/local/share/dotnet/sdk/8.0.407/Microsoft.Common.CurrentVersion.targets (393,5)
       Property reassignment: $(ProcessorArchitecture)="msil" (previous value: "") at /usr/local/share/dotnet/sdk/8.0.407/Microsoft.Common.CurrentVersion.targets (541,5)
       Property reassignment: $(DelaySign)="" (previous value: "false") at /usr/local/share/dotnet/sdk/8.0.407/Microsoft.Common.CurrentVersion.targets (580,5)
       Property 'LocalAppData' with value '/Users/tp/Library/Application Support' expanded from the environment.
       Property reassignment: $(_SGenGenerateSerializationAssembliesConfig)="Auto" (previous value: "") at /usr/local/share/dotnet/sdk/8.0.407/Microsoft.Common.CurrentVersion.targets (3896,5)
       Property reassignment: $(_SGenGenerateSerializationAssembliesConfig)="Off" (previous value: "Auto") at /usr/local/share/dotnet/sdk/8.0.407/Microsoft.Common.CurrentVersion.targets (3897,5)
       Property reassignment: $(_TargetsThatPrepareProjectReferences)="
             AssignProjectConfiguration;
             _SplitProjectReferencesByFileExistence
           " (previous value: "_SplitProjectReferencesByFileExistence") at /usr/local/share/dotnet/sdk/8.0.407/Microsoft.Common.CurrentVersion.targets (5099,5)
       Property 'MSBuildExtensionsPath32' with value '/usr/local/share/dotnet/sdk/8.0.407' expanded from the environment.
       Assembly loaded during Evaluation: System.Threading.Tasks.Parallel, Version=8.0.0.0, Culture=neutral, PublicKeyToken=b03f5f7f11d50a3a (location: /usr/local/share/dotnet/shared/Microsoft.NETCore.App/8.0.14/System.Threading.Tasks.Parallel.dll, MVID: 00d7a16f-c8c4-4e4d-b4f3-a723f5df5338, AssemblyLoadContext: Default)
       Property reassignment: $(ProjectAssetsFile)="/Users/tp/Projects/Cloud9.2/obj/project.assets.json" (previous value: "/Users/tp/Projects/Cloud9.2/obj//project.assets.json") at /usr/local/share/dotnet/sdk/8.0.407/Sdks/Microsoft.NET.Sdk/targets/Microsoft.PackageDependencyResolution.targets (24,5)
       Property reassignment: $(ProjectAssetsCacheFile)="/Users/tp/Projects/Cloud9.2/obj/Debug/net8.0/Cloud9.2.assets.cache" (previous value: "obj/Debug/net8.0/Cloud9.2.assets.cache") at /usr/local/share/dotnet/sdk/8.0.407/Sdks/Microsoft.NET.Sdk/targets/Microsoft.PackageDependencyResolution.targets (29,5)
       Property reassignment: $(ResolveAssemblyReferencesDependsOn)="
             
             ResolveProjectReferences;
             FindInvalidProjectReferences;
             GetFrameworkPaths;
             GetReferenceAssemblyPaths;
             PrepareForBuild;
             ResolveSDKReferences;
             ExpandSDKReferences;
           ;
             ResolvePackageDependenciesForBuild;
             _HandlePackageFileConflicts;
           " (previous value: "
             ResolveProjectReferences;
             FindInvalidProjectReferences;
             GetFrameworkPaths;
             GetReferenceAssemblyPaths;
             PrepareForBuild;
             ResolveSDKReferences;
             ExpandSDKReferences;
           ") at /usr/local/share/dotnet/sdk/8.0.407/Sdks/Microsoft.NET.Sdk/targets/Microsoft.PackageDependencyResolution.targets (80,5)
       Property reassignment: $(PrepareResourcesDependsOn)="
             ResolvePackageDependenciesForBuild;
             _HandlePackageFileConflicts;
             
             ;
             PrepareResourceNames;
             ResGen;
             CompileLicxFiles
           
           " (previous value: "
             ;
             PrepareResourceNames;
             ResGen;
             CompileLicxFiles
           ") at /usr/local/share/dotnet/sdk/8.0.407/Sdks/Microsoft.NET.Sdk/targets/Microsoft.PackageDependencyResolution.targets (86,5)
       Property reassignment: $(DefaultItemExcludes)=";**\node_modules\**;node_modules\**;**\jspm_packages\**;jspm_packages\**;**\bower_components\**;bower_components\**;bin/Debug//**;obj/Debug//**;bin//**" (previous value: ";**\node_modules\**;node_modules\**;**\jspm_packages\**;jspm_packages\**;**\bower_components\**;bower_components\**;bin/Debug//**;obj/Debug//**") at /usr/local/share/dotnet/sdk/8.0.407/Sdks/Microsoft.NET.Sdk/targets/Microsoft.NET.Sdk.DefaultItems.targets (27,5)
       Property reassignment: $(DefaultItemExcludes)=";**\node_modules\**;node_modules\**;**\jspm_packages\**;jspm_packages\**;**\bower_components\**;bower_components\**;bin/Debug//**;obj/Debug//**;bin//**;obj//**" (previous value: ";**\node_modules\**;node_modules\**;**\jspm_packages\**;jspm_packages\**;**\bower_components\**;bower_components\**;bin/Debug//**;obj/Debug//**;bin//**") at /usr/local/share/dotnet/sdk/8.0.407/Sdks/Microsoft.NET.Sdk/targets/Microsoft.NET.Sdk.DefaultItems.targets (29,5)
       Property reassignment: $(DefaultItemExcludes)=";**\node_modules\**;node_modules\**;**\jspm_packages\**;jspm_packages\**;**\bower_components\**;bower_components\**;bin/Debug//**;obj/Debug//**;bin//**;obj//**;**/*.user" (previous value: ";**\node_modules\**;node_modules\**;**\jspm_packages\**;jspm_packages\**;**\bower_components\**;bower_components\**;bin/Debug//**;obj/Debug//**;bin//**;obj//**") at /usr/local/share/dotnet/sdk/8.0.407/Sdks/Microsoft.NET.Sdk/targets/Microsoft.NET.Sdk.DefaultItems.targets (32,5)
       Property reassignment: $(DefaultItemExcludes)=";**\node_modules\**;node_modules\**;**\jspm_packages\**;jspm_packages\**;**\bower_components\**;bower_components\**;bin/Debug//**;obj/Debug//**;bin//**;obj//**;**/*.user;**/*.*proj" (previous value: ";**\node_modules\**;node_modules\**;**\jspm_packages\**;jspm_packages\**;**\bower_components\**;bower_components\**;bin/Debug//**;obj/Debug//**;bin//**;obj//**;**/*.user") at /usr/local/share/dotnet/sdk/8.0.407/Sdks/Microsoft.NET.Sdk/targets/Microsoft.NET.Sdk.DefaultItems.targets (33,5)
       Property reassignment: $(DefaultItemExcludes)=";**\node_modules\**;node_modules\**;**\jspm_packages\**;jspm_packages\**;**\bower_components\**;bower_components\**;bin/Debug//**;obj/Debug//**;bin//**;obj//**;**/*.user;**/*.*proj;**/*.sln" (previous value: ";**\node_modules\**;node_modules\**;**\jspm_packages\**;jspm_packages\**;**\bower_components\**;bower_components\**;bin/Debug//**;obj/Debug//**;bin//**;obj//**;**/*.user;**/*.*proj") at /usr/local/share/dotnet/sdk/8.0.407/Sdks/Microsoft.NET.Sdk/targets/Microsoft.NET.Sdk.DefaultItems.targets (34,5)
       Property reassignment: $(DefaultItemExcludes)=";**\node_modules\**;node_modules\**;**\jspm_packages\**;jspm_packages\**;**\bower_components\**;bower_components\**;bin/Debug//**;obj/Debug//**;bin//**;obj//**;**/*.user;**/*.*proj;**/*.sln;**/*.vssscc" (previous value: ";**\node_modules\**;node_modules\**;**\jspm_packages\**;jspm_packages\**;**\bower_components\**;bower_components\**;bin/Debug//**;obj/Debug//**;bin//**;obj//**;**/*.user;**/*.*proj;**/*.sln") at /usr/local/share/dotnet/sdk/8.0.407/Sdks/Microsoft.NET.Sdk/targets/Microsoft.NET.Sdk.DefaultItems.targets (35,5)
       Property reassignment: $(DefaultItemExcludes)=";**\node_modules\**;node_modules\**;**\jspm_packages\**;jspm_packages\**;**\bower_components\**;bower_components\**;bin/Debug//**;obj/Debug//**;bin//**;obj//**;**/*.user;**/*.*proj;**/*.sln;**/*.vssscc;**/.DS_Store" (previous value: ";**\node_modules\**;node_modules\**;**\jspm_packages\**;jspm_packages\**;**\bower_components\**;bower_components\**;bin/Debug//**;obj/Debug//**;bin//**;obj//**;**/*.user;**/*.*proj;**/*.sln;**/*.vssscc") at /usr/local/share/dotnet/sdk/8.0.407/Sdks/Microsoft.NET.Sdk/targets/Microsoft.NET.Sdk.DefaultItems.targets (36,5)
       Property reassignment: $(ResolveAssemblyReferencesDependsOn)="
             
             
             ResolveProjectReferences;
             FindInvalidProjectReferences;
             GetFrameworkPaths;
             GetReferenceAssemblyPaths;
             PrepareForBuild;
             ResolveSDKReferences;
             ExpandSDKReferences;
           ;
             ResolvePackageDependenciesForBuild;
             _HandlePackageFileConflicts;
           ;
             ResolveTargetingPackAssets;
           " (previous value: "
             
             ResolveProjectReferences;
             FindInvalidProjectReferences;
             GetFrameworkPaths;
             GetReferenceAssemblyPaths;
             PrepareForBuild;
             ResolveSDKReferences;
             ExpandSDKReferences;
           ;
             ResolvePackageDependenciesForBuild;
             _HandlePackageFileConflicts;
           ") at /usr/local/share/dotnet/sdk/8.0.407/Sdks/Microsoft.NET.Sdk/targets/Microsoft.NET.Sdk.FrameworkReferenceResolution.targets (14,5)
       Property reassignment: $(_GenerateRuntimeConfigurationPropertyInputsCache)="/Users/tp/Projects/Cloud9.2/obj/Debug/net8.0/Cloud9.2.genruntimeconfig.cache" (previous value: "obj/Debug/net8.0/Cloud9.2.genruntimeconfig.cache") at /usr/local/share/dotnet/sdk/8.0.407/Sdks/Microsoft.NET.Sdk/targets/Microsoft.NET.Sdk.targets (44,5)
       Property reassignment: $(_GeneratePublishDependencyFilePropertyInputsCache)="/Users/tp/Projects/Cloud9.2/obj/Debug/net8.0/Cloud9.2.genpublishdeps.cache" (previous value: "obj/Debug/net8.0/Cloud9.2.genpublishdeps.cache") at /usr/local/share/dotnet/sdk/8.0.407/Sdks/Microsoft.NET.Sdk/targets/Microsoft.NET.Sdk.targets (46,5)
       Property reassignment: $(_GenerateSingleFileBundlePropertyInputsCache)="/Users/tp/Projects/Cloud9.2/obj/Debug/net8.0/Cloud9.2.genbundle.cache" (previous value: "obj/Debug/net8.0/Cloud9.2.genbundle.cache") at /usr/local/share/dotnet/sdk/8.0.407/Sdks/Microsoft.NET.Sdk/targets/Microsoft.NET.Sdk.targets (48,5)
       Property reassignment: $(GenerateRuntimeConfigDevFile)="false" (previous value: "true") at /usr/local/share/dotnet/sdk/8.0.407/Sdks/Microsoft.NET.Sdk/targets/Microsoft.NET.Sdk.targets (81,5)
       Assembly loaded during Evaluation: System.Formats.Asn1, Version=8.0.0.0, Culture=neutral, PublicKeyToken=cc7b13ffcd2ddd51 (location: /usr/local/share/dotnet/shared/Microsoft.NETCore.App/8.0.14/System.Formats.Asn1.dll, MVID: e60e50e3-4295-4fcd-b2e5-fcbbaaebe958, AssemblyLoadContext: Default)
       Property 'HOME' with value '/Users/tp' expanded from the environment.
       Property reassignment: $(_DefaultUserProfileRuntimeStorePath)="/Users/tp/.dotnet/store" (previous value: "/Users/tp") at /usr/local/share/dotnet/sdk/8.0.407/Sdks/Microsoft.NET.Sdk/targets/Microsoft.NET.Sdk.targets (98,5)
       Property reassignment: $(AvailablePlatforms)="Any CPU,x86,x64,ARM32" (previous value: "Any CPU,x86,x64") at /usr/local/share/dotnet/sdk/8.0.407/Sdks/Microsoft.NET.Sdk/targets/Microsoft.NET.Sdk.targets (136,5)
       Property reassignment: $(AvailablePlatforms)="Any CPU,x86,x64,ARM32,ARM64" (previous value: "Any CPU,x86,x64,ARM32") at /usr/local/share/dotnet/sdk/8.0.407/Sdks/Microsoft.NET.Sdk/targets/Microsoft.NET.Sdk.targets (140,5)
       Property reassignment: $(CoreBuildDependsOn)="
             _CheckForBuildWithNoBuild;
             
             BuildOnlySettings;
             PrepareForBuild;
             PreBuildEvent;
             ResolveReferences;
             PrepareResources;
             ResolveKeySource;
             Compile;
             ExportWindowsMDFile;
             UnmanagedUnregistration;
             GenerateSerializationAssemblies;
             CreateSatelliteAssemblies;
             GenerateManifests;
             GetTargetPath;
             PrepareForRun;
             UnmanagedRegistration;
             IncrementalClean;
             PostBuildEvent
           ;
             GenerateBuildDependencyFile;
             GenerateBuildRuntimeConfigurationFiles
           " (previous value: "
             BuildOnlySettings;
             PrepareForBuild;
             PreBuildEvent;
             ResolveReferences;
             PrepareResources;
             ResolveKeySource;
             Compile;
             ExportWindowsMDFile;
             UnmanagedUnregistration;
             GenerateSerializationAssemblies;
             CreateSatelliteAssemblies;
             GenerateManifests;
             GetTargetPath;
             PrepareForRun;
             UnmanagedRegistration;
             IncrementalClean;
             PostBuildEvent
           ") at /usr/local/share/dotnet/sdk/8.0.407/Sdks/Microsoft.NET.Sdk/targets/Microsoft.NET.Sdk.targets (197,5)
       Property reassignment: $(CoreCleanDependsOn)="
             _SdkBeforeClean;
             
           " (previous value: "") at /usr/local/share/dotnet/sdk/8.0.407/Sdks/Microsoft.NET.Sdk/targets/Microsoft.NET.Sdk.targets (206,5)
       Property reassignment: $(RebuildDependsOn)="
             _SdkBeforeRebuild;
             
             BeforeRebuild;
             Clean;
             Build;
             AfterRebuild;
           
           " (previous value: "
             BeforeRebuild;
             Clean;
             Build;
             AfterRebuild;
           ") at /usr/local/share/dotnet/sdk/8.0.407/Sdks/Microsoft.NET.Sdk/targets/Microsoft.NET.Sdk.targets (213,5)
       Property reassignment: $(CompileDependsOn)="
             
             ResolveReferences;
             ResolveKeySource;
             SetWin32ManifestProperties;
             _SetPreferNativeArm64Win32ManifestProperties;
             FindReferenceAssembliesForReferences;
             _GenerateCompileInputs;
             BeforeCompile;
             _TimeStampBeforeCompile;
             _GenerateCompileDependencyCache;
             CoreCompile;
             _TimeStampAfterCompile;
             AfterCompile;
           ;
             _CreateAppHost;
             _CreateComHost;
             _GetIjwHostPaths;
           " (previous value: "
             ResolveReferences;
             ResolveKeySource;
             SetWin32ManifestProperties;
             _SetPreferNativeArm64Win32ManifestProperties;
             FindReferenceAssembliesForReferences;
             _GenerateCompileInputs;
             BeforeCompile;
             _TimeStampBeforeCompile;
             _GenerateCompileDependencyCache;
             CoreCompile;
             _TimeStampAfterCompile;
             AfterCompile;
           ") at /usr/local/share/dotnet/sdk/8.0.407/Sdks/Microsoft.NET.Sdk/targets/Microsoft.NET.Sdk.targets (679,5)
       Property reassignment: $(CreateSatelliteAssembliesDependsOn)="
             
             ;
             _GenerateSatelliteAssemblyInputs;
             ComputeIntermediateSatelliteAssemblies;
             GenerateSatelliteAssemblies
           ;
             CoreGenerateSatelliteAssemblies
           " (previous value: "
             ;
             _GenerateSatelliteAssemblyInputs;
             ComputeIntermediateSatelliteAssemblies;
             GenerateSatelliteAssemblies
           ") at /usr/local/share/dotnet/sdk/8.0.407/Sdks/Microsoft.NET.Sdk/targets/Microsoft.NET.Sdk.targets (1065,5)
       Assembly loaded during Evaluation: System.Runtime.Numerics, Version=8.0.0.0, Culture=neutral, PublicKeyToken=b03f5f7f11d50a3a (location: /usr/local/share/dotnet/shared/Microsoft.NETCore.App/8.0.14/System.Runtime.Numerics.dll, MVID: 54cbe9a6-77ac-421a-b44b-b0276c7c5ea5, AssemblyLoadContext: Default)
       Property reassignment: $(SourceLinkUrlInitializerTargets)=";_InitializeGitHubSourceLinkUrl;_InitializeGitLabSourceLinkUrl" (previous value: ";_InitializeGitHubSourceLinkUrl") at /usr/local/share/dotnet/sdk/8.0.407/Sdks/Microsoft.SourceLink.GitLab/build/Microsoft.SourceLink.GitLab.targets (12,5)
       Property reassignment: $(SourceControlManagerUrlTranslationTargets)=";TranslateGitHubUrlsInSourceControlInformation;TranslateGitLabUrlsInSourceControlInformation" (previous value: ";TranslateGitHubUrlsInSourceControlInformation") at /usr/local/share/dotnet/sdk/8.0.407/Sdks/Microsoft.SourceLink.GitLab/build/Microsoft.SourceLink.GitLab.targets (13,5)
       Property reassignment: $(SourceLinkUrlInitializerTargets)=";_InitializeGitHubSourceLinkUrl;_InitializeGitLabSourceLinkUrl;_InitializeAzureReposGitSourceLinkUrl" (previous value: ";_InitializeGitHubSourceLinkUrl;_InitializeGitLabSourceLinkUrl") at /usr/local/share/dotnet/sdk/8.0.407/Sdks/Microsoft.SourceLink.AzureRepos.Git/build/Microsoft.SourceLink.AzureRepos.Git.targets (12,5)
       Property reassignment: $(SourceControlManagerUrlTranslationTargets)=";TranslateGitHubUrlsInSourceControlInformation;TranslateGitLabUrlsInSourceControlInformation;TranslateAzureReposGitUrlsInSourceControlInformation" (previous value: ";TranslateGitHubUrlsInSourceControlInformation;TranslateGitLabUrlsInSourceControlInformation") at /usr/local/share/dotnet/sdk/8.0.407/Sdks/Microsoft.SourceLink.AzureRepos.Git/build/Microsoft.SourceLink.AzureRepos.Git.targets (13,5)
       Property reassignment: $(SourceLinkUrlInitializerTargets)=";_InitializeGitHubSourceLinkUrl;_InitializeGitLabSourceLinkUrl;_InitializeAzureReposGitSourceLinkUrl;_InitializeBitbucketGitSourceLinkUrl" (previous value: ";_InitializeGitHubSourceLinkUrl;_InitializeGitLabSourceLinkUrl;_InitializeAzureReposGitSourceLinkUrl") at /usr/local/share/dotnet/sdk/8.0.407/Sdks/Microsoft.SourceLink.Bitbucket.Git/build/Microsoft.SourceLink.Bitbucket.Git.targets (12,5)
       Property reassignment: $(SourceControlManagerUrlTranslationTargets)=";TranslateGitHubUrlsInSourceControlInformation;TranslateGitLabUrlsInSourceControlInformation;TranslateAzureReposGitUrlsInSourceControlInformation;TranslateBitbucketGitUrlsInSourceControlInformation" (previous value: ";TranslateGitHubUrlsInSourceControlInformation;TranslateGitLabUrlsInSourceControlInformation;TranslateAzureReposGitUrlsInSourceControlInformation") at /usr/local/share/dotnet/sdk/8.0.407/Sdks/Microsoft.SourceLink.Bitbucket.Git/build/Microsoft.SourceLink.Bitbucket.Git.targets (13,5)
       Property reassignment: $(DesignerRuntimeImplementationProjectOutputGroupDependsOn)="
             
             ;
             
             ;
             BuildOnlySettings;
             PrepareForBuild;
             AssignTargetPaths;
             ResolveReferences
           
           ;
             _GenerateDesignerDepsFile;
             _GenerateDesignerRuntimeConfigFile;
             GetCopyToOutputDirectoryItems;
             _GatherDesignerShadowCopyFiles;
           " (previous value: "
             ;
             
             ;
             BuildOnlySettings;
             PrepareForBuild;
             AssignTargetPaths;
             ResolveReferences
           
           ") at /usr/local/share/dotnet/sdk/8.0.407/Sdks/Microsoft.NET.Sdk/targets/Microsoft.NET.DesignerSupport.targets (21,5)
       Property reassignment: $(_GenerateToolsSettingsFileCacheFile)="/Users/tp/Projects/Cloud9.2/obj/Debug/net8.0/Cloud9.2.toolssettingsinput.cache" (previous value: "obj/Debug/net8.0/Cloud9.2.toolssettingsinput.cache") at /usr/local/share/dotnet/sdk/8.0.407/Sdks/Microsoft.NET.Sdk/targets/Microsoft.NET.PackTool.targets (68,5)
       Property reassignment: $(_ShimInputCacheFile)="/Users/tp/Projects/Cloud9.2/obj/Debug/net8.0/Cloud9.2.shiminput.cache" (previous value: "obj/Debug/net8.0/Cloud9.2.shiminput.cache") at /usr/local/share/dotnet/sdk/8.0.407/Sdks/Microsoft.NET.Sdk/targets/Microsoft.NET.PackTool.targets (137,5)
       Property reassignment: $(_ShimCreatedSentinelFile)="/Users/tp/Projects/Cloud9.2/obj/Debug/net8.0/Cloud9.2.shimcreated.sentinel" (previous value: "obj/Debug/net8.0/Cloud9.2.shimcreated.sentinel") at /usr/local/share/dotnet/sdk/8.0.407/Sdks/Microsoft.NET.Sdk/targets/Microsoft.NET.PackTool.targets (139,5)
       Property reassignment: $(DefineConstants)="TRACE;DEBUG" (previous value: "TRACE") at /usr/local/share/dotnet/sdk/8.0.407/Sdks/Microsoft.NET.Sdk/targets/Microsoft.NET.Sdk.CSharp.targets (31,5)
       Property reassignment: $(DefineConstants)="TRACE;DEBUG;NET;NET8_0;NETCOREAPP" (previous value: "TRACE;DEBUG") at /usr/local/share/dotnet/sdk/8.0.407/Sdks/Microsoft.NET.Sdk/targets/Microsoft.NET.Sdk.CSharp.targets (34,5)
       Property reassignment: $(WarningsAsErrors)=";NU1605;SYSLIB0011" (previous value: ";NU1605") at /usr/local/share/dotnet/sdk/8.0.407/Sdks/Microsoft.NET.Sdk/targets/Microsoft.NET.Sdk.CSharp.targets (48,5)
       Property reassignment: $(PackageDescription)="Package Description" (previous value: "") at /usr/local/share/dotnet/sdk/8.0.407/Sdks/NuGet.Build.Tasks.Pack/build/NuGet.Build.Tasks.Pack.targets (34,5)
       Property reassignment: $(GenerateNuspecDependsOn)="Build;_LoadPackInputItems; _GetTargetFrameworksOutput; _WalkEachTargetPerFramework; _GetPackageFiles; " (previous value: "_LoadPackInputItems; _GetTargetFrameworksOutput; _WalkEachTargetPerFramework; _GetPackageFiles; ") at /usr/local/share/dotnet/sdk/8.0.407/Sdks/NuGet.Build.Tasks.Pack/build/NuGet.Build.Tasks.Pack.targets (59,5)
       Property reassignment: $(_IsNotSetContainersTargetsDir)="true" (previous value: "false") at /usr/local/share/dotnet/sdk/8.0.407/Sdks/Microsoft.NET.Sdk/Sdk/Sdk.targets (59,5)
       Property reassignment: $(_IsSDKContainerAllowedVersion)="true" (previous value: "false") at /usr/local/share/dotnet/sdk/8.0.407/Containers/build/Microsoft.NET.Build.Containers.targets (5,5)
       Property reassignment: $(_ContainerIsTargetingNet8TFM)="true" (previous value: "false") at /usr/local/share/dotnet/sdk/8.0.407/Containers/build/Microsoft.NET.Build.Containers.targets (15,5)
       Property 'DOTNET_HOST_PATH' with value '/usr/local/share/dotnet/dotnet' expanded from the environment.
       Property reassignment: $(PrepareForRunDependsOn)="StaticWebAssetsPrepareForRun;
             CopyFilesToOutputDirectory
           " (previous value: "
             CopyFilesToOutputDirectory
           ") at /usr/local/share/dotnet/sdk/8.0.407/Sdks/Microsoft.NET.Sdk.StaticWebAssets/targets/Microsoft.NET.Sdk.StaticWebAssets.targets (255,5)
       Property reassignment: $(GetCopyToOutputDirectoryItemsDependsOn)="
             AssignTargetPaths;
             
             AssignProjectConfiguration;
             _SplitProjectReferencesByFileExistence
           ;
             _GetProjectReferenceTargetFrameworkProperties;
             _PopulateCommonStateForGetCopyToOutputDirectoryItems
           ;AddStaticWebAssetsManifest" (previous value: "
             AssignTargetPaths;
             
             AssignProjectConfiguration;
             _SplitProjectReferencesByFileExistence
           ;
             _GetProjectReferenceTargetFrameworkProperties;
             _PopulateCommonStateForGetCopyToOutputDirectoryItems
           ") at /usr/local/share/dotnet/sdk/8.0.407/Sdks/Microsoft.NET.Sdk.StaticWebAssets/targets/Microsoft.NET.Sdk.StaticWebAssets.targets (266,5)
       Property reassignment: $(GenerateNuspecDependsOn)="
             IncludeStaticWebAssetsPackItems;
             Build;_LoadPackInputItems; _GetTargetFrameworksOutput; _WalkEachTargetPerFramework; _GetPackageFiles; ;
           " (previous value: "Build;_LoadPackInputItems; _GetTargetFrameworksOutput; _WalkEachTargetPerFramework; _GetPackageFiles; ") at /usr/local/share/dotnet/sdk/8.0.407/Sdks/Microsoft.NET.Sdk.StaticWebAssets/targets/Microsoft.NET.Sdk.StaticWebAssets.Pack.targets (41,5)
       Property reassignment: $(IncludeStaticWebAssetsPackItemsDependsOn)="
             Build;
             ResolveStaticWebAssetsConfiguration;LoadStaticWebAssetsBuildManifest
           ;
           " (previous value: "
             ResolveStaticWebAssetsConfiguration;LoadStaticWebAssetsBuildManifest
           ") at /usr/local/share/dotnet/sdk/8.0.407/Sdks/Microsoft.NET.Sdk.StaticWebAssets/targets/Microsoft.NET.Sdk.StaticWebAssets.Pack.targets (50,5)
       Property reassignment: $(ResolveStaticWebAssetsInputsDependsOn)="
           UpdateExistingPackageStaticWebAssets;ResolveProjectStaticWebAssets;ResolveEmbeddedProjectsStaticWebAssets;ResolveReferencedProjectsStaticWebAssets;;
           UpdateLegacyPackageScopedCssBundles;
           _AddScopedCssBundles;
         " (previous value: "UpdateExistingPackageStaticWebAssets;ResolveProjectStaticWebAssets;ResolveEmbeddedProjectsStaticWebAssets;ResolveReferencedProjectsStaticWebAssets;") at /usr/local/share/dotnet/sdk/8.0.407/Sdks/Microsoft.NET.Sdk.StaticWebAssets/targets/Microsoft.NET.Sdk.StaticWebAssets.ScopedCss.targets (55,3)
       Property reassignment: $(GenerateComputedBuildStaticWebAssetsDependsOn)="
           ;
           _ResolveBundlingConfiguration;
           _GenerateScopedCssFiles;
           BundleScopedCssFiles;
         " (previous value: "") at /usr/local/share/dotnet/sdk/8.0.407/Sdks/Microsoft.NET.Sdk.StaticWebAssets/targets/Microsoft.NET.Sdk.StaticWebAssets.ScopedCss.targets (61,3)
       Property reassignment: $(ResolveStaticWebAssetsInputsDependsOn)="
             
           UpdateExistingPackageStaticWebAssets;ResolveProjectStaticWebAssets;ResolveEmbeddedProjectsStaticWebAssets;ResolveReferencedProjectsStaticWebAssets;;
           UpdateLegacyPackageScopedCssBundles;
           _AddScopedCssBundles;
         ;
             _AddJsModulesToStaticWebAssets;
           " (previous value: "
           UpdateExistingPackageStaticWebAssets;ResolveProjectStaticWebAssets;ResolveEmbeddedProjectsStaticWebAssets;ResolveReferencedProjectsStaticWebAssets;;
           UpdateLegacyPackageScopedCssBundles;
           _AddScopedCssBundles;
         ") at /usr/local/share/dotnet/sdk/8.0.407/Sdks/Microsoft.NET.Sdk.StaticWebAssets/targets/Microsoft.NET.Sdk.StaticWebAssets.JSModules.targets (36,5)
       Property reassignment: $(StaticWebAssetsPrepareForRunDependsOn)="
             ;GenerateStaticWebAssetsManifest;GenerateComputedBuildStaticWebAssets;CopyStaticWebAssetsToOutputDirectory;
             _GenerateBuildJsModuleManifest;
           " (previous value: ";GenerateStaticWebAssetsManifest;GenerateComputedBuildStaticWebAssets;CopyStaticWebAssetsToOutputDirectory") at /usr/local/share/dotnet/sdk/8.0.407/Sdks/Microsoft.NET.Sdk.StaticWebAssets/targets/Microsoft.NET.Sdk.StaticWebAssets.JSModules.targets (44,5)
       Property reassignment: $(StaticWebAssetsPrepareForPublishDependsOn)="
             ;ResolveStaticWebAssetsConfiguration;GenerateStaticWebAssetsPublishManifest;GenerateComputedPublishStaticWebAssets;
             _GeneratePublishJsModuleManifest;
           " (previous value: ";ResolveStaticWebAssetsConfiguration;GenerateStaticWebAssetsPublishManifest;GenerateComputedPublishStaticWebAssets") at /usr/local/share/dotnet/sdk/8.0.407/Sdks/Microsoft.NET.Sdk.StaticWebAssets/targets/Microsoft.NET.Sdk.StaticWebAssets.JSModules.targets (49,5)
       Property reassignment: $(ResolveStaticWebAssetsInputsDependsOn)="
             
             
           UpdateExistingPackageStaticWebAssets;ResolveProjectStaticWebAssets;ResolveEmbeddedProjectsStaticWebAssets;ResolveReferencedProjectsStaticWebAssets;;
           UpdateLegacyPackageScopedCssBundles;
           _AddScopedCssBundles;
         ;
             _AddJsModulesToStaticWebAssets;
           ;
             _AddBuildJsModuleManifest;
           " (previous value: "
             
           UpdateExistingPackageStaticWebAssets;ResolveProjectStaticWebAssets;ResolveEmbeddedProjectsStaticWebAssets;ResolveReferencedProjectsStaticWebAssets;;
           UpdateLegacyPackageScopedCssBundles;
           _AddScopedCssBundles;
         ;
             _AddJsModulesToStaticWebAssets;
           ") at /usr/local/share/dotnet/sdk/8.0.407/Sdks/Microsoft.NET.Sdk.StaticWebAssets/targets/Microsoft.NET.Sdk.StaticWebAssets.JSModules.targets (54,5)
       Property reassignment: $(ResolvePublishStaticWebAssetsDependsOn)="
             LoadStaticWebAssetsBuildManifest;ComputeReferencedProjectsEmbeddedPublishAssets;ComputeReferencedProjectsPublishAssets;;
             _AddPublishJsModuleManifest
           " (previous value: "LoadStaticWebAssetsBuildManifest;ComputeReferencedProjectsEmbeddedPublishAssets;ComputeReferencedProjectsPublishAssets;") at /usr/local/share/dotnet/sdk/8.0.407/Sdks/Microsoft.NET.Sdk.StaticWebAssets/targets/Microsoft.NET.Sdk.StaticWebAssets.JSModules.targets (59,5)
       Property reassignment: $(GenerateComputedBuildStaticWebAssetsDependsOn)="
             
           ;
           _ResolveBundlingConfiguration;
           _GenerateScopedCssFiles;
           BundleScopedCssFiles;
         ;
             _CompressFiles;
           " (previous value: "
           ;
           _ResolveBundlingConfiguration;
           _GenerateScopedCssFiles;
           BundleScopedCssFiles;
         ") at /usr/local/share/dotnet/sdk/8.0.407/Sdks/Microsoft.NET.Sdk.StaticWebAssets/targets/Microsoft.NET.Sdk.StaticWebAssets.Compression.targets (35,5)
       Property reassignment: $(GenerateComputedPublishStaticWebAssetsDependsOn)="
             ;
             _CompressFilesForPublish;
           " (previous value: "") at /usr/local/share/dotnet/sdk/8.0.407/Sdks/Microsoft.NET.Sdk.StaticWebAssets/targets/Microsoft.NET.Sdk.StaticWebAssets.Compression.targets (39,5)
       Property reassignment: $(StaticWebAssetsPrepareForPublishDependsOn)="
             
             ;ResolveStaticWebAssetsConfiguration;GenerateStaticWebAssetsPublishManifest;GenerateComputedPublishStaticWebAssets;
             _GeneratePublishJsModuleManifest;
           ;
             _CompressFilesForPublish;
           " (previous value: "
             ;ResolveStaticWebAssetsConfiguration;GenerateStaticWebAssetsPublishManifest;GenerateComputedPublishStaticWebAssets;
             _GeneratePublishJsModuleManifest;
           ") at /usr/local/share/dotnet/sdk/8.0.407/Sdks/Microsoft.NET.Sdk.StaticWebAssets/targets/Microsoft.NET.Sdk.StaticWebAssets.Compression.targets (43,5)
       Property reassignment: $(ResolveStaticWebAssetsInputsDependsOn)="
             
             
             
           UpdateExistingPackageStaticWebAssets;ResolveProjectStaticWebAssets;ResolveEmbeddedProjectsStaticWebAssets;ResolveReferencedProjectsStaticWebAssets;;
           UpdateLegacyPackageScopedCssBundles;
           _AddScopedCssBundles;
         ;
             _AddJsModulesToStaticWebAssets;
           ;
             _AddBuildJsModuleManifest;
           ;
             _ResolveCompressedFiles;
           " (previous value: "
             
             
           UpdateExistingPackageStaticWebAssets;ResolveProjectStaticWebAssets;ResolveEmbeddedProjectsStaticWebAssets;ResolveReferencedProjectsStaticWebAssets;;
           UpdateLegacyPackageScopedCssBundles;
           _AddScopedCssBundles;
         ;
             _AddJsModulesToStaticWebAssets;
           ;
             _AddBuildJsModuleManifest;
           ") at /usr/local/share/dotnet/sdk/8.0.407/Sdks/Microsoft.NET.Sdk.StaticWebAssets/targets/Microsoft.NET.Sdk.StaticWebAssets.Compression.targets (47,5)
       Property reassignment: $(ResolvePublishStaticWebAssetsDependsOn)="
             
             LoadStaticWebAssetsBuildManifest;ComputeReferencedProjectsEmbeddedPublishAssets;ComputeReferencedProjectsPublishAssets;;
             _AddPublishJsModuleManifest
           ;
             _ResolveCompressedFilesForPublish;
           " (previous value: "
             LoadStaticWebAssetsBuildManifest;ComputeReferencedProjectsEmbeddedPublishAssets;ComputeReferencedProjectsPublishAssets;;
             _AddPublishJsModuleManifest
           ") at /usr/local/share/dotnet/sdk/8.0.407/Sdks/Microsoft.NET.Sdk.StaticWebAssets/targets/Microsoft.NET.Sdk.StaticWebAssets.Compression.targets (51,5)
       Property reassignment: $(ResolveScopedCssOutputsDependsOn)="
             
           ;
         ;
             ResolveCssScopes;
           " (previous value: "
           ;
         ") at /usr/local/share/dotnet/sdk/8.0.407/Sdks/Microsoft.NET.Sdk.Razor/targets/Sdk.Razor.CurrentVersion.targets (188,5)
       Property reassignment: $(DebugSymbolsProjectOutputGroupDependsOn)="
             ;
             _RazorAddDebugSymbolsProjectOutputGroupOutput
           " (previous value: "") at /usr/local/share/dotnet/sdk/8.0.407/Sdks/Microsoft.NET.Sdk.Razor/targets/Sdk.Razor.CurrentVersion.targets (193,5)
       Property reassignment: $(PrepareForBuildDependsOn)="
             ;GetFrameworkPaths;GetReferenceAssemblyPaths;AssignLinkMetadata;
             ResolveRazorGenerateInputs
           " (previous value: ";GetFrameworkPaths;GetReferenceAssemblyPaths;AssignLinkMetadata") at /usr/local/share/dotnet/sdk/8.0.407/Sdks/Microsoft.NET.Sdk.Razor/targets/Sdk.Razor.CurrentVersion.targets (198,5)
       Property reassignment: $(GenerateNuspecDependsOn)="
             ResolveRazorGenerateInputs;
             
             IncludeStaticWebAssetsPackItems;
             Build;_LoadPackInputItems; _GetTargetFrameworksOutput; _WalkEachTargetPerFramework; _GetPackageFiles; ;
           
           " (previous value: "
             IncludeStaticWebAssetsPackItems;
             Build;_LoadPackInputItems; _GetTargetFrameworksOutput; _WalkEachTargetPerFramework; _GetPackageFiles; ;
           ") at /usr/local/share/dotnet/sdk/8.0.407/Sdks/Microsoft.NET.Sdk.Razor/targets/Sdk.Razor.CurrentVersion.targets (203,5)
       Property reassignment: $(PrepareForRunDependsOn)="
             _RazorPrepareForRun;
             StaticWebAssetsPrepareForRun;
             CopyFilesToOutputDirectory
           
           " (previous value: "StaticWebAssetsPrepareForRun;
             CopyFilesToOutputDirectory
           ") at /usr/local/share/dotnet/sdk/8.0.407/Sdks/Microsoft.NET.Sdk.Razor/targets/Sdk.Razor.CurrentVersion.targets (208,5)
       Property reassignment: $(UseRazorBuildServer)="true" (previous value: "") at /usr/local/share/dotnet/sdk/8.0.407/Sdks/Microsoft.NET.Sdk.Razor/targets/Sdk.Razor.CurrentVersion.targets (299,5)
       Property reassignment: $(_RazorDebugSymbolsProduced)="true" (previous value: "false") at /usr/local/share/dotnet/sdk/8.0.407/Sdks/Microsoft.NET.Sdk.Razor/targets/Sdk.Razor.CurrentVersion.targets (305,5)
       Property reassignment: $(GenerateRazorTargetAssemblyInfoDependsOn)="
             _ResolveMvcAssemblyAttributes;
             
             GetRazorTargetAssemblyAttributes;
             _CreateRazorTargetAssemblyInfoInputsCacheFile;
             CoreGenerateRazorTargetAssemblyInfo
           
           " (previous value: "
             GetRazorTargetAssemblyAttributes;
             _CreateRazorTargetAssemblyInfoInputsCacheFile;
             CoreGenerateRazorTargetAssemblyInfo
           ") at /usr/local/share/dotnet/sdk/8.0.407/Sdks/Microsoft.NET.Sdk.Razor/targets/Microsoft.NET.Sdk.Razor.GenerateAssemblyInfo.targets (36,5)
       Property reassignment: $(CoreCompileDependsOn)="
             ;_ComputeNonExistentFileProperty;ResolveCodeAnalysisRuleSet;
             _GenerateRazorAssemblyInfo
           " (previous value: ";_ComputeNonExistentFileProperty;ResolveCodeAnalysisRuleSet") at /usr/local/share/dotnet/sdk/8.0.407/Sdks/Microsoft.NET.Sdk.Razor/targets/Microsoft.NET.Sdk.Razor.GenerateAssemblyInfo.targets (181,5)
       Property reassignment: $(_GenerateRazorAssemblyInfoDependsOn)="
             _ResolveMvcAssemblyAttributes;
             RazorGetAssemblyAttributes;PrepareForBuild;_CoreGenerateRazorAssemblyInfo;
           " (previous value: "RazorGetAssemblyAttributes;PrepareForBuild;_CoreGenerateRazorAssemblyInfo") at /usr/local/share/dotnet/sdk/8.0.407/Sdks/Microsoft.NET.Sdk.Razor/targets/Microsoft.NET.Sdk.Razor.GenerateAssemblyInfo.targets (189,5)
       Property reassignment: $(CoreCompileDependsOn)="
             _DiscoverMvcApplicationParts;
             
             ;_ComputeNonExistentFileProperty;ResolveCodeAnalysisRuleSet;
             _GenerateRazorAssemblyInfo
           ;
           " (previous value: "
             ;_ComputeNonExistentFileProperty;ResolveCodeAnalysisRuleSet;
             _GenerateRazorAssemblyInfo
           ") at /usr/local/share/dotnet/sdk/8.0.407/Sdks/Microsoft.NET.Sdk.Razor/targets/Microsoft.NET.Sdk.Razor.MvcApplicationPartsDiscovery.targets (22,5)
       Property reassignment: $(RazorDesignTimeTargets)="/usr/local/share/dotnet/sdk/8.0.407/Sdks/Microsoft.NET.Sdk.Razor/targets/Microsoft.NET.Sdk.Razor.DesignTime.targets" (previous value: "/usr/local/share/dotnet/sdk/8.0.407/Microsoft/VisualStudio/Razor/Microsoft.NET.Sdk.Razor.DesignTime.targets") at /usr/local/share/dotnet/sdk/8.0.407/Sdks/Microsoft.NET.Sdk.Razor/targets/Sdk.Razor.CurrentVersion.targets (779,5)
       Property reassignment: $(RunWorkingDirectory)="/Users/tp/Projects/Cloud9.2" (previous value: "") at /usr/local/share/dotnet/sdk/8.0.407/Sdks/Microsoft.NET.Sdk.Web.ProjectSystem/targets/Microsoft.NET.Sdk.Web.ProjectSystem.targets (21,5)
       Property reassignment: $(PublishProfileImported)="true" (previous value: "false") at /usr/local/share/dotnet/sdk/8.0.407/Sdks/Microsoft.NET.Sdk.Publish/targets/Microsoft.NET.Sdk.Publish.targets (60,5)
       Property reassignment: $(PublishConfiguration)="Debug" (previous value: "") at /usr/local/share/dotnet/sdk/8.0.407/Sdks/Microsoft.NET.Sdk.Publish/targets/Microsoft.NET.Sdk.Publish.targets (81,5)
       Property reassignment: $(BaseIntermediateOutputPath)="/Users/tp/Projects/Cloud9.2/obj/" (previous value: "obj/") at /usr/local/share/dotnet/sdk/8.0.407/Sdks/Microsoft.NET.Sdk.Publish/targets/Microsoft.NET.Sdk.Publish.targets (87,5)
       Assembly loaded during Evaluation: System.Reflection.Emit.ILGeneration, Version=8.0.0.0, Culture=neutral, PublicKeyToken=b03f5f7f11d50a3a (location: /usr/local/share/dotnet/shared/Microsoft.NETCore.App/8.0.14/System.Reflection.Emit.ILGeneration.dll, MVID: 1efb5e25-0b8e-47fb-867b-f7394483bc10, AssemblyLoadContext: Default)
       Overriding target "ResolveFrameworkReferences" in project "/usr/local/share/dotnet/sdk/8.0.407/Microsoft.Common.CurrentVersion.targets" with target "ResolveFrameworkReferences" from project "/usr/local/share/dotnet/sdk/8.0.407/Sdks/Microsoft.NET.Sdk/targets/Microsoft.NET.Sdk.FrameworkReferenceResolution.targets".
       Overriding target "Run" in project "/usr/local/share/dotnet/sdk/8.0.407/Microsoft.Common.CurrentVersion.targets" with target "Run" from project "/usr/local/share/dotnet/sdk/8.0.407/Sdks/Microsoft.NET.Sdk/targets/Microsoft.NET.Sdk.targets".
       Overriding target "GenerateSupportedTargetFrameworkAlias" in project "/usr/local/share/dotnet/sdk/8.0.407/Microsoft.Common.CurrentVersion.targets" with target "GenerateSupportedTargetFrameworkAlias" from project "/usr/local/share/dotnet/sdk/8.0.407/Sdks/Microsoft.NET.Sdk/targets/Microsoft.NET.Sdk.targets".
       Overriding target "GetReferenceAssemblyPaths" in project "/usr/local/share/dotnet/sdk/8.0.407/Microsoft.Common.CurrentVersion.targets" with target "GetReferenceAssemblyPaths" from project "/usr/local/share/dotnet/sdk/8.0.407/Sdks/Microsoft.NET.Sdk/targets/Microsoft.NET.DisableStandardFrameworkResolution.targets".
       Overriding target "GetFrameworkPaths" in project "/usr/local/share/dotnet/sdk/8.0.407/Microsoft.Common.CurrentVersion.targets" with target "GetFrameworkPaths" from project "/usr/local/share/dotnet/sdk/8.0.407/Sdks/Microsoft.NET.Sdk/targets/Microsoft.NET.DisableStandardFrameworkResolution.targets".
       Overriding target "DesignerRuntimeImplementationProjectOutputGroup" in project "/usr/local/share/dotnet/sdk/8.0.407/Microsoft.Common.CurrentVersion.targets" with target "DesignerRuntimeImplementationProjectOutputGroup" from project "/usr/local/share/dotnet/sdk/8.0.407/Sdks/Microsoft.NET.Sdk/targets/Microsoft.NET.DesignerSupport.targets".
       Overriding target "Publish" in project "/usr/local/share/dotnet/sdk/8.0.407/Microsoft.Common.CurrentVersion.targets" with target "Publish" from project "/usr/local/share/dotnet/sdk/8.0.407/Sdks/Microsoft.NET.Sdk/targets/Microsoft.NET.Publish.targets".
       Overriding target "ResolveReadyToRunCompilers" in project "/usr/local/share/dotnet/sdk/8.0.407/Sdks/Microsoft.NET.Sdk/targets/Microsoft.NET.CrossGen.targets" with target "ResolveReadyToRunCompilers" from project "/usr/local/share/dotnet/sdk/8.0.407/Sdks/Microsoft.NET.Sdk/targets/Microsoft.NET.Publish.targets".
       Overriding target "GetCopyToPublishDirectoryItems" in project "/usr/local/share/dotnet/sdk/8.0.407/Microsoft.Common.CurrentVersion.targets" with target "GetCopyToPublishDirectoryItems" from project "/usr/local/share/dotnet/sdk/8.0.407/Sdks/Microsoft.NET.Sdk/targets/Microsoft.NET.Publish.targets".
       Overriding target "BeforePublish" in project "/usr/local/share/dotnet/sdk/8.0.407/Microsoft.Common.CurrentVersion.targets" with target "BeforePublish" from project "/usr/local/share/dotnet/sdk/8.0.407/Sdks/Microsoft.NET.Sdk.Publish/targets/Microsoft.NET.Sdk.Publish.targets".
       Overriding target "AfterPublish" in project "/usr/local/share/dotnet/sdk/8.0.407/Microsoft.Common.CurrentVersion.targets" with target "AfterPublish" from project "/usr/local/share/dotnet/sdk/8.0.407/Sdks/Microsoft.NET.Sdk.Publish/targets/Microsoft.NET.Sdk.Publish.targets".
       The target "CollectUpToDateCheckInputDesignTime" listed in a BeforeTargets attribute at "/usr/local/share/dotnet/sdk/8.0.407/Sdks/Microsoft.NET.Sdk.StaticWebAssets/targets/Microsoft.NET.Sdk.StaticWebAssets.ScopedCss.targets (156,5)" does not exist in the project, and will be ignored.
       The target "CollectUpToDateCheckBuiltDesignTime" listed in a BeforeTargets attribute at "/usr/local/share/dotnet/sdk/8.0.407/Sdks/Microsoft.NET.Sdk.StaticWebAssets/targets/Microsoft.NET.Sdk.StaticWebAssets.ScopedCss.targets (156,5)" does not exist in the project, and will be ignored.
       The target "RazorGenerateComponentDeclaration" listed in an AfterTargets attribute at "/usr/local/share/dotnet/sdk/8.0.407/Sdks/Microsoft.NET.Sdk.Razor/targets/Microsoft.NET.Sdk.Razor.DesignTime.targets (55,53)" does not exist in the project, and will be ignored.
     1>Project "/Users/tp/Projects/Cloud9.2/Cloud9.2.csproj" on node 1 (Restore target(s)).
     1>Target "_LoadRestoreGraphEntryPoints" in file "/usr/local/share/dotnet/sdk/8.0.407/NuGet.targets" from project "/Users/tp/Projects/Cloud9.2/Cloud9.2.csproj" (target "_FilterRestoreGraphProjectInputItems" depends on it):
     1>Task "GetRestoreSolutionProjectsTask" skipped, due to false condition; ( $(MSBuildProjectFullPath.EndsWith('.metaproj')) == 'true' AND @(RestoreGraphProjectInputItems) == '' ) was evaluated as ( False == 'true' AND /Users/tp/Projects/Cloud9.2/Cloud9.2.csproj == '' ).
     1>Done building target "_LoadRestoreGraphEntryPoints" in project "Cloud9.2.csproj".
     1>Target "_FilterRestoreGraphProjectInputItems" in file "/usr/local/share/dotnet/sdk/8.0.407/NuGet.targets" from project "/Users/tp/Projects/Cloud9.2/Cloud9.2.csproj" (target "_GenerateRestoreGraph" depends on it):
       Using "RemoveDuplicates" task from assembly "Microsoft.Build.Tasks.Core, Version=15.1.0.0, Culture=neutral, PublicKeyToken=b03f5f7f11d50a3a".
       Task "RemoveDuplicates"
       Done executing task "RemoveDuplicates".
       Using "MSBuild" task from assembly "Microsoft.Build.Tasks.Core, Version=15.1.0.0, Culture=neutral, PublicKeyToken=b03f5f7f11d50a3a".
       Task "MSBuild"
         Global Properties:
           ExcludeRestorePackageImports=true
     0>Property 'MSBuildExtensionsPath' with value '/usr/local/share/dotnet/sdk/8.0.407/' expanded from the environment.
       Property reassignment: $(MSBuildProjectExtensionsPath)="/Users/tp/Projects/Cloud9.2/obj/" (previous value: "obj/") at /usr/local/share/dotnet/sdk/8.0.407/Current/Microsoft.Common.props (60,5)
       Property 'MSBuildUserExtensionsPath' with value '/Users/tp/Library/Application Support/Microsoft\MSBuild' expanded from the environment.
       Property reassignment: $(AssemblySearchPaths)="{CandidateAssemblyFiles};{HintPathFromItem}" (previous value: "{CandidateAssemblyFiles}") at /usr/local/share/dotnet/sdk/8.0.407/Sdks/Microsoft.NET.Sdk/targets/Microsoft.NET.Sdk.props (91,5)
       Property reassignment: $(AssemblySearchPaths)="{CandidateAssemblyFiles};{HintPathFromItem};{TargetFrameworkDirectory}" (previous value: "{CandidateAssemblyFiles};{HintPathFromItem}") at /usr/local/share/dotnet/sdk/8.0.407/Sdks/Microsoft.NET.Sdk/targets/Microsoft.NET.Sdk.props (92,5)
       Property reassignment: $(AssemblySearchPaths)="{CandidateAssemblyFiles};{HintPathFromItem};{TargetFrameworkDirectory};{RawFileName}" (previous value: "{CandidateAssemblyFiles};{HintPathFromItem};{TargetFrameworkDirectory}") at /usr/local/share/dotnet/sdk/8.0.407/Sdks/Microsoft.NET.Sdk/targets/Microsoft.NET.Sdk.props (93,5)
       Property reassignment: $(TargetsForTfmSpecificContentInPackage)=";PackTool;_PackProjectToolValidation" (previous value: ";PackTool") at /usr/local/share/dotnet/sdk/8.0.407/Sdks/Microsoft.NET.Sdk/targets/Microsoft.NET.PackProjectTool.props (15,5)
       Property reassignment: $(DefaultItemExcludes)=";**\node_modules\**;node_modules\**;**\jspm_packages\**;jspm_packages\**" (previous value: ";**\node_modules\**;node_modules\**") at /usr/local/share/dotnet/sdk/8.0.407/Sdks/Microsoft.NET.Sdk.StaticWebAssets/Sdk/Sdk.StaticWebAssets.StaticAssets.ProjectSystem.props (23,5)
       Property reassignment: $(DefaultItemExcludes)=";**\node_modules\**;node_modules\**;**\jspm_packages\**;jspm_packages\**;**\bower_components\**;bower_components\**" (previous value: ";**\node_modules\**;node_modules\**;**\jspm_packages\**;jspm_packages\**") at /usr/local/share/dotnet/sdk/8.0.407/Sdks/Microsoft.NET.Sdk.StaticWebAssets/Sdk/Sdk.StaticWebAssets.StaticAssets.ProjectSystem.props (24,5)
       Property reassignment: $(OutputType)="Exe" (previous value: "Library") at /usr/local/share/dotnet/sdk/8.0.407/Sdks/Microsoft.NET.Sdk.Web.ProjectSystem/targets/Microsoft.NET.Sdk.Web.ProjectSystem.props (16,5)
       Property reassignment: $(RootNamespace)="Cloud9._2" (previous value: "Cloud9.2") at /Users/tp/Projects/Cloud9.2/Cloud9.2.csproj (7,5)
       Property reassignment: $(PublishProfileImported)="false" (previous value: "true") at /usr/local/share/dotnet/sdk/8.0.407/Sdks/Microsoft.NET.Sdk/targets/Microsoft.NET.Sdk.ImportPublishProfile.targets (28,5)
       Property reassignment: $(TargetPlatformVersion)="" (previous value: "0.0") at /usr/local/share/dotnet/sdk/8.0.407/Sdks/Microsoft.NET.Sdk/targets/Microsoft.NET.TargetFrameworkInference.targets (69,5)
       Property reassignment: $(DefaultItemExcludes)=";**\node_modules\**;node_modules\**;**\jspm_packages\**;jspm_packages\**;**\bower_components\**;bower_components\**;bin/Debug//**" (previous value: ";**\node_modules\**;node_modules\**;**\jspm_packages\**;jspm_packages\**;**\bower_components\**;bower_components\**") at /usr/local/share/dotnet/sdk/8.0.407/Sdks/Microsoft.NET.Sdk/targets/Microsoft.NET.DefaultOutputPaths.targets (121,5)
       Property reassignment: $(DefaultItemExcludes)=";**\node_modules\**;node_modules\**;**\jspm_packages\**;jspm_packages\**;**\bower_components\**;bower_components\**;bin/Debug//**;obj/Debug//**" (previous value: ";**\node_modules\**;node_modules\**;**\jspm_packages\**;jspm_packages\**;**\bower_components\**;bower_components\**;bin/Debug//**") at /usr/local/share/dotnet/sdk/8.0.407/Sdks/Microsoft.NET.Sdk/targets/Microsoft.NET.DefaultOutputPaths.targets (122,5)
       Property reassignment: $(OutputPath)="bin/Debug/net8.0/" (previous value: "bin/Debug/") at /usr/local/share/dotnet/sdk/8.0.407/Sdks/Microsoft.NET.Sdk/targets/Microsoft.NET.DefaultOutputPaths.targets (137,5)
       Property reassignment: $(IntermediateOutputPath)="obj/Debug/net8.0/" (previous value: "obj/Debug/") at /usr/local/share/dotnet/sdk/8.0.407/Sdks/Microsoft.NET.Sdk/targets/Microsoft.NET.DefaultOutputPaths.targets (142,5)
       Property reassignment: $(_FrameworkIdentifierForImplicitDefine)="NET" (previous value: "NETCOREAPP") at /usr/local/share/dotnet/sdk/8.0.407/Sdks/Microsoft.NET.Sdk/targets/Microsoft.NET.Sdk.BeforeCommon.targets (187,5)
       Property reassignment: $(_FrameworkVersionForImplicitDefine)="8_0" (previous value: "8.0") at /usr/local/share/dotnet/sdk/8.0.407/Sdks/Microsoft.NET.Sdk/targets/Microsoft.NET.Sdk.BeforeCommon.targets (192,5)
       Property reassignment: $(CommandLineArgsForDesignTimeEvaluation)="-langversion:12.0 -define:TRACE" (previous value: "-langversion:12.0") at /usr/local/share/dotnet/sdk/8.0.407/Roslyn/Microsoft.CSharp.Core.targets (200,5)
       Property reassignment: $(_DebugSymbolsProduced)="true" (previous value: "false") at /usr/local/share/dotnet/sdk/8.0.407/Microsoft.Common.CurrentVersion.targets (175,5)
       Property reassignment: $(_DocumentationFileProduced)="false" (previous value: "true") at /usr/local/share/dotnet/sdk/8.0.407/Microsoft.Common.CurrentVersion.targets (185,5)
       Property reassignment: $(MSBuildCopyMarkerName)="Cloud9.2.csproj.Up2Date" (previous value: "Cloud9.2.csproj") at /usr/local/share/dotnet/sdk/8.0.407/Microsoft.Common.CurrentVersion.targets (393,5)
       Property reassignment: $(ProcessorArchitecture)="msil" (previous value: "") at /usr/local/share/dotnet/sdk/8.0.407/Microsoft.Common.CurrentVersion.targets (541,5)
       Property reassignment: $(DelaySign)="" (previous value: "false") at /usr/local/share/dotnet/sdk/8.0.407/Microsoft.Common.CurrentVersion.targets (580,5)
       Property 'LocalAppData' with value '/Users/tp/Library/Application Support' expanded from the environment.
       Property reassignment: $(_SGenGenerateSerializationAssembliesConfig)="Auto" (previous value: "") at /usr/local/share/dotnet/sdk/8.0.407/Microsoft.Common.CurrentVersion.targets (3896,5)
       Property reassignment: $(_SGenGenerateSerializationAssembliesConfig)="Off" (previous value: "Auto") at /usr/local/share/dotnet/sdk/8.0.407/Microsoft.Common.CurrentVersion.targets (3897,5)
       Property reassignment: $(_TargetsThatPrepareProjectReferences)="
             AssignProjectConfiguration;
             _SplitProjectReferencesByFileExistence
           " (previous value: "_SplitProjectReferencesByFileExistence") at /usr/local/share/dotnet/sdk/8.0.407/Microsoft.Common.CurrentVersion.targets (5099,5)
       Property 'MSBuildExtensionsPath32' with value '/usr/local/share/dotnet/sdk/8.0.407' expanded from the environment.
       Property reassignment: $(ProjectAssetsFile)="/Users/tp/Projects/Cloud9.2/obj/project.assets.json" (previous value: "/Users/tp/Projects/Cloud9.2/obj//project.assets.json") at /usr/local/share/dotnet/sdk/8.0.407/Sdks/Microsoft.NET.Sdk/targets/Microsoft.PackageDependencyResolution.targets (24,5)
       Property reassignment: $(ProjectAssetsCacheFile)="/Users/tp/Projects/Cloud9.2/obj/Debug/net8.0/Cloud9.2.assets.cache" (previous value: "obj/Debug/net8.0/Cloud9.2.assets.cache") at /usr/local/share/dotnet/sdk/8.0.407/Sdks/Microsoft.NET.Sdk/targets/Microsoft.PackageDependencyResolution.targets (29,5)
       Property reassignment: $(ResolveAssemblyReferencesDependsOn)="
             
             ResolveProjectReferences;
             FindInvalidProjectReferences;
             GetFrameworkPaths;
             GetReferenceAssemblyPaths;
             PrepareForBuild;
             ResolveSDKReferences;
             ExpandSDKReferences;
           ;
             ResolvePackageDependenciesForBuild;
             _HandlePackageFileConflicts;
           " (previous value: "
             ResolveProjectReferences;
             FindInvalidProjectReferences;
             GetFrameworkPaths;
             GetReferenceAssemblyPaths;
             PrepareForBuild;
             ResolveSDKReferences;
             ExpandSDKReferences;
           ") at /usr/local/share/dotnet/sdk/8.0.407/Sdks/Microsoft.NET.Sdk/targets/Microsoft.PackageDependencyResolution.targets (80,5)
       Property reassignment: $(PrepareResourcesDependsOn)="
             ResolvePackageDependenciesForBuild;
             _HandlePackageFileConflicts;
             
             ;
             PrepareResourceNames;
             ResGen;
             CompileLicxFiles
           
           " (previous value: "
             ;
             PrepareResourceNames;
             ResGen;
             CompileLicxFiles
           ") at /usr/local/share/dotnet/sdk/8.0.407/Sdks/Microsoft.NET.Sdk/targets/Microsoft.PackageDependencyResolution.targets (86,5)
       Property reassignment: $(DefaultItemExcludes)=";**\node_modules\**;node_modules\**;**\jspm_packages\**;jspm_packages\**;**\bower_components\**;bower_components\**;bin/Debug//**;obj/Debug//**;bin//**" (previous value: ";**\node_modules\**;node_modules\**;**\jspm_packages\**;jspm_packages\**;**\bower_components\**;bower_components\**;bin/Debug//**;obj/Debug//**") at /usr/local/share/dotnet/sdk/8.0.407/Sdks/Microsoft.NET.Sdk/targets/Microsoft.NET.Sdk.DefaultItems.targets (27,5)
       Property reassignment: $(DefaultItemExcludes)=";**\node_modules\**;node_modules\**;**\jspm_packages\**;jspm_packages\**;**\bower_components\**;bower_components\**;bin/Debug//**;obj/Debug//**;bin//**;obj//**" (previous value: ";**\node_modules\**;node_modules\**;**\jspm_packages\**;jspm_packages\**;**\bower_components\**;bower_components\**;bin/Debug//**;obj/Debug//**;bin//**") at /usr/local/share/dotnet/sdk/8.0.407/Sdks/Microsoft.NET.Sdk/targets/Microsoft.NET.Sdk.DefaultItems.targets (29,5)
       Property reassignment: $(DefaultItemExcludes)=";**\node_modules\**;node_modules\**;**\jspm_packages\**;jspm_packages\**;**\bower_components\**;bower_components\**;bin/Debug//**;obj/Debug//**;bin//**;obj//**;**/*.user" (previous value: ";**\node_modules\**;node_modules\**;**\jspm_packages\**;jspm_packages\**;**\bower_components\**;bower_components\**;bin/Debug//**;obj/Debug//**;bin//**;obj//**") at /usr/local/share/dotnet/sdk/8.0.407/Sdks/Microsoft.NET.Sdk/targets/Microsoft.NET.Sdk.DefaultItems.targets (32,5)
       Property reassignment: $(DefaultItemExcludes)=";**\node_modules\**;node_modules\**;**\jspm_packages\**;jspm_packages\**;**\bower_components\**;bower_components\**;bin/Debug//**;obj/Debug//**;bin//**;obj//**;**/*.user;**/*.*proj" (previous value: ";**\node_modules\**;node_modules\**;**\jspm_packages\**;jspm_packages\**;**\bower_components\**;bower_components\**;bin/Debug//**;obj/Debug//**;bin//**;obj//**;**/*.user") at /usr/local/share/dotnet/sdk/8.0.407/Sdks/Microsoft.NET.Sdk/targets/Microsoft.NET.Sdk.DefaultItems.targets (33,5)
       Property reassignment: $(DefaultItemExcludes)=";**\node_modules\**;node_modules\**;**\jspm_packages\**;jspm_packages\**;**\bower_components\**;bower_components\**;bin/Debug//**;obj/Debug//**;bin//**;obj//**;**/*.user;**/*.*proj;**/*.sln" (previous value: ";**\node_modules\**;node_modules\**;**\jspm_packages\**;jspm_packages\**;**\bower_components\**;bower_components\**;bin/Debug//**;obj/Debug//**;bin//**;obj//**;**/*.user;**/*.*proj") at /usr/local/share/dotnet/sdk/8.0.407/Sdks/Microsoft.NET.Sdk/targets/Microsoft.NET.Sdk.DefaultItems.targets (34,5)
       Property reassignment: $(DefaultItemExcludes)=";**\node_modules\**;node_modules\**;**\jspm_packages\**;jspm_packages\**;**\bower_components\**;bower_components\**;bin/Debug//**;obj/Debug//**;bin//**;obj//**;**/*.user;**/*.*proj;**/*.sln;**/*.vssscc" (previous value: ";**\node_modules\**;node_modules\**;**\jspm_packages\**;jspm_packages\**;**\bower_components\**;bower_components\**;bin/Debug//**;obj/Debug//**;bin//**;obj//**;**/*.user;**/*.*proj;**/*.sln") at /usr/local/share/dotnet/sdk/8.0.407/Sdks/Microsoft.NET.Sdk/targets/Microsoft.NET.Sdk.DefaultItems.targets (35,5)
       Property reassignment: $(DefaultItemExcludes)=";**\node_modules\**;node_modules\**;**\jspm_packages\**;jspm_packages\**;**\bower_components\**;bower_components\**;bin/Debug//**;obj/Debug//**;bin//**;obj//**;**/*.user;**/*.*proj;**/*.sln;**/*.vssscc;**/.DS_Store" (previous value: ";**\node_modules\**;node_modules\**;**\jspm_packages\**;jspm_packages\**;**\bower_components\**;bower_components\**;bin/Debug//**;obj/Debug//**;bin//**;obj//**;**/*.user;**/*.*proj;**/*.sln;**/*.vssscc") at /usr/local/share/dotnet/sdk/8.0.407/Sdks/Microsoft.NET.Sdk/targets/Microsoft.NET.Sdk.DefaultItems.targets (36,5)
       Property reassignment: $(ResolveAssemblyReferencesDependsOn)="
             
             
             ResolveProjectReferences;
             FindInvalidProjectReferences;
             GetFrameworkPaths;
             GetReferenceAssemblyPaths;
             PrepareForBuild;
             ResolveSDKReferences;
             ExpandSDKReferences;
           ;
             ResolvePackageDependenciesForBuild;
             _HandlePackageFileConflicts;
           ;
             ResolveTargetingPackAssets;
           " (previous value: "
             
             ResolveProjectReferences;
             FindInvalidProjectReferences;
             GetFrameworkPaths;
             GetReferenceAssemblyPaths;
             PrepareForBuild;
             ResolveSDKReferences;
             ExpandSDKReferences;
           ;
             ResolvePackageDependenciesForBuild;
             _HandlePackageFileConflicts;
           ") at /usr/local/share/dotnet/sdk/8.0.407/Sdks/Microsoft.NET.Sdk/targets/Microsoft.NET.Sdk.FrameworkReferenceResolution.targets (14,5)
       Property reassignment: $(_GenerateRuntimeConfigurationPropertyInputsCache)="/Users/tp/Projects/Cloud9.2/obj/Debug/net8.0/Cloud9.2.genruntimeconfig.cache" (previous value: "obj/Debug/net8.0/Cloud9.2.genruntimeconfig.cache") at /usr/local/share/dotnet/sdk/8.0.407/Sdks/Microsoft.NET.Sdk/targets/Microsoft.NET.Sdk.targets (44,5)
       Property reassignment: $(_GeneratePublishDependencyFilePropertyInputsCache)="/Users/tp/Projects/Cloud9.2/obj/Debug/net8.0/Cloud9.2.genpublishdeps.cache" (previous value: "obj/Debug/net8.0/Cloud9.2.genpublishdeps.cache") at /usr/local/share/dotnet/sdk/8.0.407/Sdks/Microsoft.NET.Sdk/targets/Microsoft.NET.Sdk.targets (46,5)
       Property reassignment: $(_GenerateSingleFileBundlePropertyInputsCache)="/Users/tp/Projects/Cloud9.2/obj/Debug/net8.0/Cloud9.2.genbundle.cache" (previous value: "obj/Debug/net8.0/Cloud9.2.genbundle.cache") at /usr/local/share/dotnet/sdk/8.0.407/Sdks/Microsoft.NET.Sdk/targets/Microsoft.NET.Sdk.targets (48,5)
       Property reassignment: $(GenerateRuntimeConfigDevFile)="false" (previous value: "true") at /usr/local/share/dotnet/sdk/8.0.407/Sdks/Microsoft.NET.Sdk/targets/Microsoft.NET.Sdk.targets (81,5)
       Property 'HOME' with value '/Users/tp' expanded from the environment.
       Property reassignment: $(_DefaultUserProfileRuntimeStorePath)="/Users/tp/.dotnet/store" (previous value: "/Users/tp") at /usr/local/share/dotnet/sdk/8.0.407/Sdks/Microsoft.NET.Sdk/targets/Microsoft.NET.Sdk.targets (98,5)
       Property reassignment: $(AvailablePlatforms)="Any CPU,x86,x64,ARM32" (previous value: "Any CPU,x86,x64") at /usr/local/share/dotnet/sdk/8.0.407/Sdks/Microsoft.NET.Sdk/targets/Microsoft.NET.Sdk.targets (136,5)
       Property reassignment: $(AvailablePlatforms)="Any CPU,x86,x64,ARM32,ARM64" (previous value: "Any CPU,x86,x64,ARM32") at /usr/local/share/dotnet/sdk/8.0.407/Sdks/Microsoft.NET.Sdk/targets/Microsoft.NET.Sdk.targets (140,5)
       Property reassignment: $(CoreBuildDependsOn)="
             _CheckForBuildWithNoBuild;
             
             BuildOnlySettings;
             PrepareForBuild;
             PreBuildEvent;
             ResolveReferences;
             PrepareResources;
             ResolveKeySource;
             Compile;
             ExportWindowsMDFile;
             UnmanagedUnregistration;
             GenerateSerializationAssemblies;
             CreateSatelliteAssemblies;
             GenerateManifests;
             GetTargetPath;
             PrepareForRun;
             UnmanagedRegistration;
             IncrementalClean;
             PostBuildEvent
           ;
             GenerateBuildDependencyFile;
             GenerateBuildRuntimeConfigurationFiles
           " (previous value: "
             BuildOnlySettings;
             PrepareForBuild;
             PreBuildEvent;
             ResolveReferences;
             PrepareResources;
             ResolveKeySource;
             Compile;
             ExportWindowsMDFile;
             UnmanagedUnregistration;
             GenerateSerializationAssemblies;
             CreateSatelliteAssemblies;
             GenerateManifests;
             GetTargetPath;
             PrepareForRun;
             UnmanagedRegistration;
             IncrementalClean;
             PostBuildEvent
           ") at /usr/local/share/dotnet/sdk/8.0.407/Sdks/Microsoft.NET.Sdk/targets/Microsoft.NET.Sdk.targets (197,5)
       Property reassignment: $(CoreCleanDependsOn)="
             _SdkBeforeClean;
             
           " (previous value: "") at /usr/local/share/dotnet/sdk/8.0.407/Sdks/Microsoft.NET.Sdk/targets/Microsoft.NET.Sdk.targets (206,5)
       Property reassignment: $(RebuildDependsOn)="
             _SdkBeforeRebuild;
             
             BeforeRebuild;
             Clean;
             Build;
             AfterRebuild;
           
           " (previous value: "
             BeforeRebuild;
             Clean;
             Build;
             AfterRebuild;
           ") at /usr/local/share/dotnet/sdk/8.0.407/Sdks/Microsoft.NET.Sdk/targets/Microsoft.NET.Sdk.targets (213,5)
       Property reassignment: $(CompileDependsOn)="
             
             ResolveReferences;
             ResolveKeySource;
             SetWin32ManifestProperties;
             _SetPreferNativeArm64Win32ManifestProperties;
             FindReferenceAssembliesForReferences;
             _GenerateCompileInputs;
             BeforeCompile;
             _TimeStampBeforeCompile;
             _GenerateCompileDependencyCache;
             CoreCompile;
             _TimeStampAfterCompile;
             AfterCompile;
           ;
             _CreateAppHost;
             _CreateComHost;
             _GetIjwHostPaths;
           " (previous value: "
             ResolveReferences;
             ResolveKeySource;
             SetWin32ManifestProperties;
             _SetPreferNativeArm64Win32ManifestProperties;
             FindReferenceAssembliesForReferences;
             _GenerateCompileInputs;
             BeforeCompile;
             _TimeStampBeforeCompile;
             _GenerateCompileDependencyCache;
             CoreCompile;
             _TimeStampAfterCompile;
             AfterCompile;
           ") at /usr/local/share/dotnet/sdk/8.0.407/Sdks/Microsoft.NET.Sdk/targets/Microsoft.NET.Sdk.targets (679,5)
       Property reassignment: $(CreateSatelliteAssembliesDependsOn)="
             
             ;
             _GenerateSatelliteAssemblyInputs;
             ComputeIntermediateSatelliteAssemblies;
             GenerateSatelliteAssemblies
           ;
             CoreGenerateSatelliteAssemblies
           " (previous value: "
             ;
             _GenerateSatelliteAssemblyInputs;
             ComputeIntermediateSatelliteAssemblies;
             GenerateSatelliteAssemblies
           ") at /usr/local/share/dotnet/sdk/8.0.407/Sdks/Microsoft.NET.Sdk/targets/Microsoft.NET.Sdk.targets (1065,5)
       Property reassignment: $(SourceLinkUrlInitializerTargets)=";_InitializeGitHubSourceLinkUrl;_InitializeGitLabSourceLinkUrl" (previous value: ";_InitializeGitHubSourceLinkUrl") at /usr/local/share/dotnet/sdk/8.0.407/Sdks/Microsoft.SourceLink.GitLab/build/Microsoft.SourceLink.GitLab.targets (12,5)
       Property reassignment: $(SourceControlManagerUrlTranslationTargets)=";TranslateGitHubUrlsInSourceControlInformation;TranslateGitLabUrlsInSourceControlInformation" (previous value: ";TranslateGitHubUrlsInSourceControlInformation") at /usr/local/share/dotnet/sdk/8.0.407/Sdks/Microsoft.SourceLink.GitLab/build/Microsoft.SourceLink.GitLab.targets (13,5)
       Property reassignment: $(SourceLinkUrlInitializerTargets)=";_InitializeGitHubSourceLinkUrl;_InitializeGitLabSourceLinkUrl;_InitializeAzureReposGitSourceLinkUrl" (previous value: ";_InitializeGitHubSourceLinkUrl;_InitializeGitLabSourceLinkUrl") at /usr/local/share/dotnet/sdk/8.0.407/Sdks/Microsoft.SourceLink.AzureRepos.Git/build/Microsoft.SourceLink.AzureRepos.Git.targets (12,5)
       Property reassignment: $(SourceControlManagerUrlTranslationTargets)=";TranslateGitHubUrlsInSourceControlInformation;TranslateGitLabUrlsInSourceControlInformation;TranslateAzureReposGitUrlsInSourceControlInformation" (previous value: ";TranslateGitHubUrlsInSourceControlInformation;TranslateGitLabUrlsInSourceControlInformation") at /usr/local/share/dotnet/sdk/8.0.407/Sdks/Microsoft.SourceLink.AzureRepos.Git/build/Microsoft.SourceLink.AzureRepos.Git.targets (13,5)
       Property reassignment: $(SourceLinkUrlInitializerTargets)=";_InitializeGitHubSourceLinkUrl;_InitializeGitLabSourceLinkUrl;_InitializeAzureReposGitSourceLinkUrl;_InitializeBitbucketGitSourceLinkUrl" (previous value: ";_InitializeGitHubSourceLinkUrl;_InitializeGitLabSourceLinkUrl;_InitializeAzureReposGitSourceLinkUrl") at /usr/local/share/dotnet/sdk/8.0.407/Sdks/Microsoft.SourceLink.Bitbucket.Git/build/Microsoft.SourceLink.Bitbucket.Git.targets (12,5)
       Property reassignment: $(SourceControlManagerUrlTranslationTargets)=";TranslateGitHubUrlsInSourceControlInformation;TranslateGitLabUrlsInSourceControlInformation;TranslateAzureReposGitUrlsInSourceControlInformation;TranslateBitbucketGitUrlsInSourceControlInformation" (previous value: ";TranslateGitHubUrlsInSourceControlInformation;TranslateGitLabUrlsInSourceControlInformation;TranslateAzureReposGitUrlsInSourceControlInformation") at /usr/local/share/dotnet/sdk/8.0.407/Sdks/Microsoft.SourceLink.Bitbucket.Git/build/Microsoft.SourceLink.Bitbucket.Git.targets (13,5)
       Property reassignment: $(DesignerRuntimeImplementationProjectOutputGroupDependsOn)="
             
             ;
             
             ;
             BuildOnlySettings;
             PrepareForBuild;
             AssignTargetPaths;
             ResolveReferences
           
           ;
             _GenerateDesignerDepsFile;
             _GenerateDesignerRuntimeConfigFile;
             GetCopyToOutputDirectoryItems;
             _GatherDesignerShadowCopyFiles;
           " (previous value: "
             ;
             
             ;
             BuildOnlySettings;
             PrepareForBuild;
             AssignTargetPaths;
             ResolveReferences
           
           ") at /usr/local/share/dotnet/sdk/8.0.407/Sdks/Microsoft.NET.Sdk/targets/Microsoft.NET.DesignerSupport.targets (21,5)
       Property reassignment: $(_GenerateToolsSettingsFileCacheFile)="/Users/tp/Projects/Cloud9.2/obj/Debug/net8.0/Cloud9.2.toolssettingsinput.cache" (previous value: "obj/Debug/net8.0/Cloud9.2.toolssettingsinput.cache") at /usr/local/share/dotnet/sdk/8.0.407/Sdks/Microsoft.NET.Sdk/targets/Microsoft.NET.PackTool.targets (68,5)
       Property reassignment: $(_ShimInputCacheFile)="/Users/tp/Projects/Cloud9.2/obj/Debug/net8.0/Cloud9.2.shiminput.cache" (previous value: "obj/Debug/net8.0/Cloud9.2.shiminput.cache") at /usr/local/share/dotnet/sdk/8.0.407/Sdks/Microsoft.NET.Sdk/targets/Microsoft.NET.PackTool.targets (137,5)
       Property reassignment: $(_ShimCreatedSentinelFile)="/Users/tp/Projects/Cloud9.2/obj/Debug/net8.0/Cloud9.2.shimcreated.sentinel" (previous value: "obj/Debug/net8.0/Cloud9.2.shimcreated.sentinel") at /usr/local/share/dotnet/sdk/8.0.407/Sdks/Microsoft.NET.Sdk/targets/Microsoft.NET.PackTool.targets (139,5)
       Property reassignment: $(DefineConstants)="TRACE;DEBUG" (previous value: "TRACE") at /usr/local/share/dotnet/sdk/8.0.407/Sdks/Microsoft.NET.Sdk/targets/Microsoft.NET.Sdk.CSharp.targets (31,5)
       Property reassignment: $(DefineConstants)="TRACE;DEBUG;NET;NET8_0;NETCOREAPP" (previous value: "TRACE;DEBUG") at /usr/local/share/dotnet/sdk/8.0.407/Sdks/Microsoft.NET.Sdk/targets/Microsoft.NET.Sdk.CSharp.targets (34,5)
       Property reassignment: $(WarningsAsErrors)=";NU1605;SYSLIB0011" (previous value: ";NU1605") at /usr/local/share/dotnet/sdk/8.0.407/Sdks/Microsoft.NET.Sdk/targets/Microsoft.NET.Sdk.CSharp.targets (48,5)
       Property reassignment: $(PackageDescription)="Package Description" (previous value: "") at /usr/local/share/dotnet/sdk/8.0.407/Sdks/NuGet.Build.Tasks.Pack/build/NuGet.Build.Tasks.Pack.targets (34,5)
       Property reassignment: $(GenerateNuspecDependsOn)="Build;_LoadPackInputItems; _GetTargetFrameworksOutput; _WalkEachTargetPerFramework; _GetPackageFiles; " (previous value: "_LoadPackInputItems; _GetTargetFrameworksOutput; _WalkEachTargetPerFramework; _GetPackageFiles; ") at /usr/local/share/dotnet/sdk/8.0.407/Sdks/NuGet.Build.Tasks.Pack/build/NuGet.Build.Tasks.Pack.targets (59,5)
       Property reassignment: $(_IsNotSetContainersTargetsDir)="true" (previous value: "false") at /usr/local/share/dotnet/sdk/8.0.407/Sdks/Microsoft.NET.Sdk/Sdk/Sdk.targets (59,5)
       Property reassignment: $(_IsSDKContainerAllowedVersion)="true" (previous value: "false") at /usr/local/share/dotnet/sdk/8.0.407/Containers/build/Microsoft.NET.Build.Containers.targets (5,5)
       Property reassignment: $(_ContainerIsTargetingNet8TFM)="true" (previous value: "false") at /usr/local/share/dotnet/sdk/8.0.407/Containers/build/Microsoft.NET.Build.Containers.targets (15,5)
       Property 'DOTNET_HOST_PATH' with value '/usr/local/share/dotnet/dotnet' expanded from the environment.
       Property reassignment: $(PrepareForRunDependsOn)="StaticWebAssetsPrepareForRun;
             CopyFilesToOutputDirectory
           " (previous value: "
             CopyFilesToOutputDirectory
           ") at /usr/local/share/dotnet/sdk/8.0.407/Sdks/Microsoft.NET.Sdk.StaticWebAssets/targets/Microsoft.NET.Sdk.StaticWebAssets.targets (255,5)
       Property reassignment: $(GetCopyToOutputDirectoryItemsDependsOn)="
             AssignTargetPaths;
             
             AssignProjectConfiguration;
             _SplitProjectReferencesByFileExistence
           ;
             _GetProjectReferenceTargetFrameworkProperties;
             _PopulateCommonStateForGetCopyToOutputDirectoryItems
           ;AddStaticWebAssetsManifest" (previous value: "
             AssignTargetPaths;
             
             AssignProjectConfiguration;
             _SplitProjectReferencesByFileExistence
           ;
             _GetProjectReferenceTargetFrameworkProperties;
             _PopulateCommonStateForGetCopyToOutputDirectoryItems
           ") at /usr/local/share/dotnet/sdk/8.0.407/Sdks/Microsoft.NET.Sdk.StaticWebAssets/targets/Microsoft.NET.Sdk.StaticWebAssets.targets (266,5)
       Property reassignment: $(GenerateNuspecDependsOn)="
             IncludeStaticWebAssetsPackItems;
             Build;_LoadPackInputItems; _GetTargetFrameworksOutput; _WalkEachTargetPerFramework; _GetPackageFiles; ;
           " (previous value: "Build;_LoadPackInputItems; _GetTargetFrameworksOutput; _WalkEachTargetPerFramework; _GetPackageFiles; ") at /usr/local/share/dotnet/sdk/8.0.407/Sdks/Microsoft.NET.Sdk.StaticWebAssets/targets/Microsoft.NET.Sdk.StaticWebAssets.Pack.targets (41,5)
       Property reassignment: $(IncludeStaticWebAssetsPackItemsDependsOn)="
             Build;
             ResolveStaticWebAssetsConfiguration;LoadStaticWebAssetsBuildManifest
           ;
           " (previous value: "
             ResolveStaticWebAssetsConfiguration;LoadStaticWebAssetsBuildManifest
           ") at /usr/local/share/dotnet/sdk/8.0.407/Sdks/Microsoft.NET.Sdk.StaticWebAssets/targets/Microsoft.NET.Sdk.StaticWebAssets.Pack.targets (50,5)
       Property reassignment: $(ResolveStaticWebAssetsInputsDependsOn)="
           UpdateExistingPackageStaticWebAssets;ResolveProjectStaticWebAssets;ResolveEmbeddedProjectsStaticWebAssets;ResolveReferencedProjectsStaticWebAssets;;
           UpdateLegacyPackageScopedCssBundles;
           _AddScopedCssBundles;
         " (previous value: "UpdateExistingPackageStaticWebAssets;ResolveProjectStaticWebAssets;ResolveEmbeddedProjectsStaticWebAssets;ResolveReferencedProjectsStaticWebAssets;") at /usr/local/share/dotnet/sdk/8.0.407/Sdks/Microsoft.NET.Sdk.StaticWebAssets/targets/Microsoft.NET.Sdk.StaticWebAssets.ScopedCss.targets (55,3)
       Property reassignment: $(GenerateComputedBuildStaticWebAssetsDependsOn)="
           ;
           _ResolveBundlingConfiguration;
           _GenerateScopedCssFiles;
           BundleScopedCssFiles;
         " (previous value: "") at /usr/local/share/dotnet/sdk/8.0.407/Sdks/Microsoft.NET.Sdk.StaticWebAssets/targets/Microsoft.NET.Sdk.StaticWebAssets.ScopedCss.targets (61,3)
       Property reassignment: $(ResolveStaticWebAssetsInputsDependsOn)="
             
           UpdateExistingPackageStaticWebAssets;ResolveProjectStaticWebAssets;ResolveEmbeddedProjectsStaticWebAssets;ResolveReferencedProjectsStaticWebAssets;;
           UpdateLegacyPackageScopedCssBundles;
           _AddScopedCssBundles;
         ;
             _AddJsModulesToStaticWebAssets;
           " (previous value: "
           UpdateExistingPackageStaticWebAssets;ResolveProjectStaticWebAssets;ResolveEmbeddedProjectsStaticWebAssets;ResolveReferencedProjectsStaticWebAssets;;
           UpdateLegacyPackageScopedCssBundles;
           _AddScopedCssBundles;
         ") at /usr/local/share/dotnet/sdk/8.0.407/Sdks/Microsoft.NET.Sdk.StaticWebAssets/targets/Microsoft.NET.Sdk.StaticWebAssets.JSModules.targets (36,5)
       Property reassignment: $(StaticWebAssetsPrepareForRunDependsOn)="
             ;GenerateStaticWebAssetsManifest;GenerateComputedBuildStaticWebAssets;CopyStaticWebAssetsToOutputDirectory;
             _GenerateBuildJsModuleManifest;
           " (previous value: ";GenerateStaticWebAssetsManifest;GenerateComputedBuildStaticWebAssets;CopyStaticWebAssetsToOutputDirectory") at /usr/local/share/dotnet/sdk/8.0.407/Sdks/Microsoft.NET.Sdk.StaticWebAssets/targets/Microsoft.NET.Sdk.StaticWebAssets.JSModules.targets (44,5)
       Property reassignment: $(StaticWebAssetsPrepareForPublishDependsOn)="
             ;ResolveStaticWebAssetsConfiguration;GenerateStaticWebAssetsPublishManifest;GenerateComputedPublishStaticWebAssets;
             _GeneratePublishJsModuleManifest;
           " (previous value: ";ResolveStaticWebAssetsConfiguration;GenerateStaticWebAssetsPublishManifest;GenerateComputedPublishStaticWebAssets") at /usr/local/share/dotnet/sdk/8.0.407/Sdks/Microsoft.NET.Sdk.StaticWebAssets/targets/Microsoft.NET.Sdk.StaticWebAssets.JSModules.targets (49,5)
       Property reassignment: $(ResolveStaticWebAssetsInputsDependsOn)="
             
             
           UpdateExistingPackageStaticWebAssets;ResolveProjectStaticWebAssets;ResolveEmbeddedProjectsStaticWebAssets;ResolveReferencedProjectsStaticWebAssets;;
           UpdateLegacyPackageScopedCssBundles;
           _AddScopedCssBundles;
         ;
             _AddJsModulesToStaticWebAssets;
           ;
             _AddBuildJsModuleManifest;
           " (previous value: "
             
           UpdateExistingPackageStaticWebAssets;ResolveProjectStaticWebAssets;ResolveEmbeddedProjectsStaticWebAssets;ResolveReferencedProjectsStaticWebAssets;;
           UpdateLegacyPackageScopedCssBundles;
           _AddScopedCssBundles;
         ;
             _AddJsModulesToStaticWebAssets;
           ") at /usr/local/share/dotnet/sdk/8.0.407/Sdks/Microsoft.NET.Sdk.StaticWebAssets/targets/Microsoft.NET.Sdk.StaticWebAssets.JSModules.targets (54,5)
       Property reassignment: $(ResolvePublishStaticWebAssetsDependsOn)="
             LoadStaticWebAssetsBuildManifest;ComputeReferencedProjectsEmbeddedPublishAssets;ComputeReferencedProjectsPublishAssets;;
             _AddPublishJsModuleManifest
           " (previous value: "LoadStaticWebAssetsBuildManifest;ComputeReferencedProjectsEmbeddedPublishAssets;ComputeReferencedProjectsPublishAssets;") at /usr/local/share/dotnet/sdk/8.0.407/Sdks/Microsoft.NET.Sdk.StaticWebAssets/targets/Microsoft.NET.Sdk.StaticWebAssets.JSModules.targets (59,5)
       Property reassignment: $(GenerateComputedBuildStaticWebAssetsDependsOn)="
             
           ;
           _ResolveBundlingConfiguration;
           _GenerateScopedCssFiles;
           BundleScopedCssFiles;
         ;
             _CompressFiles;
           " (previous value: "
           ;
           _ResolveBundlingConfiguration;
           _GenerateScopedCssFiles;
           BundleScopedCssFiles;
         ") at /usr/local/share/dotnet/sdk/8.0.407/Sdks/Microsoft.NET.Sdk.StaticWebAssets/targets/Microsoft.NET.Sdk.StaticWebAssets.Compression.targets (35,5)
       Property reassignment: $(GenerateComputedPublishStaticWebAssetsDependsOn)="
             ;
             _CompressFilesForPublish;
           " (previous value: "") at /usr/local/share/dotnet/sdk/8.0.407/Sdks/Microsoft.NET.Sdk.StaticWebAssets/targets/Microsoft.NET.Sdk.StaticWebAssets.Compression.targets (39,5)
       Property reassignment: $(StaticWebAssetsPrepareForPublishDependsOn)="
             
             ;ResolveStaticWebAssetsConfiguration;GenerateStaticWebAssetsPublishManifest;GenerateComputedPublishStaticWebAssets;
             _GeneratePublishJsModuleManifest;
           ;
             _CompressFilesForPublish;
           " (previous value: "
             ;ResolveStaticWebAssetsConfiguration;GenerateStaticWebAssetsPublishManifest;GenerateComputedPublishStaticWebAssets;
             _GeneratePublishJsModuleManifest;
           ") at /usr/local/share/dotnet/sdk/8.0.407/Sdks/Microsoft.NET.Sdk.StaticWebAssets/targets/Microsoft.NET.Sdk.StaticWebAssets.Compression.targets (43,5)
       Property reassignment: $(ResolveStaticWebAssetsInputsDependsOn)="
             
             
             
           UpdateExistingPackageStaticWebAssets;ResolveProjectStaticWebAssets;ResolveEmbeddedProjectsStaticWebAssets;ResolveReferencedProjectsStaticWebAssets;;
           UpdateLegacyPackageScopedCssBundles;
           _AddScopedCssBundles;
         ;
             _AddJsModulesToStaticWebAssets;
           ;
             _AddBuildJsModuleManifest;
           ;
             _ResolveCompressedFiles;
           " (previous value: "
             
             
           UpdateExistingPackageStaticWebAssets;ResolveProjectStaticWebAssets;ResolveEmbeddedProjectsStaticWebAssets;ResolveReferencedProjectsStaticWebAssets;;
           UpdateLegacyPackageScopedCssBundles;
           _AddScopedCssBundles;
         ;
             _AddJsModulesToStaticWebAssets;
           ;
             _AddBuildJsModuleManifest;
           ") at /usr/local/share/dotnet/sdk/8.0.407/Sdks/Microsoft.NET.Sdk.StaticWebAssets/targets/Microsoft.NET.Sdk.StaticWebAssets.Compression.targets (47,5)
       Property reassignment: $(ResolvePublishStaticWebAssetsDependsOn)="
             
             LoadStaticWebAssetsBuildManifest;ComputeReferencedProjectsEmbeddedPublishAssets;ComputeReferencedProjectsPublishAssets;;
             _AddPublishJsModuleManifest
           ;
             _ResolveCompressedFilesForPublish;
           " (previous value: "
             LoadStaticWebAssetsBuildManifest;ComputeReferencedProjectsEmbeddedPublishAssets;ComputeReferencedProjectsPublishAssets;;
             _AddPublishJsModuleManifest
           ") at /usr/local/share/dotnet/sdk/8.0.407/Sdks/Microsoft.NET.Sdk.StaticWebAssets/targets/Microsoft.NET.Sdk.StaticWebAssets.Compression.targets (51,5)
       Property reassignment: $(ResolveScopedCssOutputsDependsOn)="
             
           ;
         ;
             ResolveCssScopes;
           " (previous value: "
           ;
         ") at /usr/local/share/dotnet/sdk/8.0.407/Sdks/Microsoft.NET.Sdk.Razor/targets/Sdk.Razor.CurrentVersion.targets (188,5)
       Property reassignment: $(DebugSymbolsProjectOutputGroupDependsOn)="
             ;
             _RazorAddDebugSymbolsProjectOutputGroupOutput
           " (previous value: "") at /usr/local/share/dotnet/sdk/8.0.407/Sdks/Microsoft.NET.Sdk.Razor/targets/Sdk.Razor.CurrentVersion.targets (193,5)
       Property reassignment: $(PrepareForBuildDependsOn)="
             ;GetFrameworkPaths;GetReferenceAssemblyPaths;AssignLinkMetadata;
             ResolveRazorGenerateInputs
           " (previous value: ";GetFrameworkPaths;GetReferenceAssemblyPaths;AssignLinkMetadata") at /usr/local/share/dotnet/sdk/8.0.407/Sdks/Microsoft.NET.Sdk.Razor/targets/Sdk.Razor.CurrentVersion.targets (198,5)
       Property reassignment: $(GenerateNuspecDependsOn)="
             ResolveRazorGenerateInputs;
             
             IncludeStaticWebAssetsPackItems;
             Build;_LoadPackInputItems; _GetTargetFrameworksOutput; _WalkEachTargetPerFramework; _GetPackageFiles; ;
           
           " (previous value: "
             IncludeStaticWebAssetsPackItems;
             Build;_LoadPackInputItems; _GetTargetFrameworksOutput; _WalkEachTargetPerFramework; _GetPackageFiles; ;
           ") at /usr/local/share/dotnet/sdk/8.0.407/Sdks/Microsoft.NET.Sdk.Razor/targets/Sdk.Razor.CurrentVersion.targets (203,5)
       Property reassignment: $(PrepareForRunDependsOn)="
             _RazorPrepareForRun;
             StaticWebAssetsPrepareForRun;
             CopyFilesToOutputDirectory
           
           " (previous value: "StaticWebAssetsPrepareForRun;
             CopyFilesToOutputDirectory
           ") at /usr/local/share/dotnet/sdk/8.0.407/Sdks/Microsoft.NET.Sdk.Razor/targets/Sdk.Razor.CurrentVersion.targets (208,5)
       Property reassignment: $(UseRazorBuildServer)="true" (previous value: "") at /usr/local/share/dotnet/sdk/8.0.407/Sdks/Microsoft.NET.Sdk.Razor/targets/Sdk.Razor.CurrentVersion.targets (299,5)
       Property reassignment: $(_RazorDebugSymbolsProduced)="true" (previous value: "false") at /usr/local/share/dotnet/sdk/8.0.407/Sdks/Microsoft.NET.Sdk.Razor/targets/Sdk.Razor.CurrentVersion.targets (305,5)
       Property reassignment: $(GenerateRazorTargetAssemblyInfoDependsOn)="
             _ResolveMvcAssemblyAttributes;
             
             GetRazorTargetAssemblyAttributes;
             _CreateRazorTargetAssemblyInfoInputsCacheFile;
             CoreGenerateRazorTargetAssemblyInfo
           
           " (previous value: "
             GetRazorTargetAssemblyAttributes;
             _CreateRazorTargetAssemblyInfoInputsCacheFile;
             CoreGenerateRazorTargetAssemblyInfo
           ") at /usr/local/share/dotnet/sdk/8.0.407/Sdks/Microsoft.NET.Sdk.Razor/targets/Microsoft.NET.Sdk.Razor.GenerateAssemblyInfo.targets (36,5)
       Property reassignment: $(CoreCompileDependsOn)="
             ;_ComputeNonExistentFileProperty;ResolveCodeAnalysisRuleSet;
             _GenerateRazorAssemblyInfo
           " (previous value: ";_ComputeNonExistentFileProperty;ResolveCodeAnalysisRuleSet") at /usr/local/share/dotnet/sdk/8.0.407/Sdks/Microsoft.NET.Sdk.Razor/targets/Microsoft.NET.Sdk.Razor.GenerateAssemblyInfo.targets (181,5)
       Property reassignment: $(_GenerateRazorAssemblyInfoDependsOn)="
             _ResolveMvcAssemblyAttributes;
             RazorGetAssemblyAttributes;PrepareForBuild;_CoreGenerateRazorAssemblyInfo;
           " (previous value: "RazorGetAssemblyAttributes;PrepareForBuild;_CoreGenerateRazorAssemblyInfo") at /usr/local/share/dotnet/sdk/8.0.407/Sdks/Microsoft.NET.Sdk.Razor/targets/Microsoft.NET.Sdk.Razor.GenerateAssemblyInfo.targets (189,5)
       Property reassignment: $(CoreCompileDependsOn)="
             _DiscoverMvcApplicationParts;
             
             ;_ComputeNonExistentFileProperty;ResolveCodeAnalysisRuleSet;
             _GenerateRazorAssemblyInfo
           ;
           " (previous value: "
             ;_ComputeNonExistentFileProperty;ResolveCodeAnalysisRuleSet;
             _GenerateRazorAssemblyInfo
           ") at /usr/local/share/dotnet/sdk/8.0.407/Sdks/Microsoft.NET.Sdk.Razor/targets/Microsoft.NET.Sdk.Razor.MvcApplicationPartsDiscovery.targets (22,5)
       Property reassignment: $(RazorDesignTimeTargets)="/usr/local/share/dotnet/sdk/8.0.407/Sdks/Microsoft.NET.Sdk.Razor/targets/Microsoft.NET.Sdk.Razor.DesignTime.targets" (previous value: "/usr/local/share/dotnet/sdk/8.0.407/Microsoft/VisualStudio/Razor/Microsoft.NET.Sdk.Razor.DesignTime.targets") at /usr/local/share/dotnet/sdk/8.0.407/Sdks/Microsoft.NET.Sdk.Razor/targets/Sdk.Razor.CurrentVersion.targets (779,5)
       Property reassignment: $(RunWorkingDirectory)="/Users/tp/Projects/Cloud9.2" (previous value: "") at /usr/local/share/dotnet/sdk/8.0.407/Sdks/Microsoft.NET.Sdk.Web.ProjectSystem/targets/Microsoft.NET.Sdk.Web.ProjectSystem.targets (21,5)
       Property reassignment: $(PublishProfileImported)="true" (previous value: "false") at /usr/local/share/dotnet/sdk/8.0.407/Sdks/Microsoft.NET.Sdk.Publish/targets/Microsoft.NET.Sdk.Publish.targets (60,5)
       Property reassignment: $(PublishConfiguration)="Debug" (previous value: "") at /usr/local/share/dotnet/sdk/8.0.407/Sdks/Microsoft.NET.Sdk.Publish/targets/Microsoft.NET.Sdk.Publish.targets (81,5)
       Property reassignment: $(BaseIntermediateOutputPath)="/Users/tp/Projects/Cloud9.2/obj/" (previous value: "obj/") at /usr/local/share/dotnet/sdk/8.0.407/Sdks/Microsoft.NET.Sdk.Publish/targets/Microsoft.NET.Sdk.Publish.targets (87,5)
       Overriding target "ResolveFrameworkReferences" in project "/usr/local/share/dotnet/sdk/8.0.407/Microsoft.Common.CurrentVersion.targets" with target "ResolveFrameworkReferences" from project "/usr/local/share/dotnet/sdk/8.0.407/Sdks/Microsoft.NET.Sdk/targets/Microsoft.NET.Sdk.FrameworkReferenceResolution.targets".
       Overriding target "Run" in project "/usr/local/share/dotnet/sdk/8.0.407/Microsoft.Common.CurrentVersion.targets" with target "Run" from project "/usr/local/share/dotnet/sdk/8.0.407/Sdks/Microsoft.NET.Sdk/targets/Microsoft.NET.Sdk.targets".
       Overriding target "GenerateSupportedTargetFrameworkAlias" in project "/usr/local/share/dotnet/sdk/8.0.407/Microsoft.Common.CurrentVersion.targets" with target "GenerateSupportedTargetFrameworkAlias" from project "/usr/local/share/dotnet/sdk/8.0.407/Sdks/Microsoft.NET.Sdk/targets/Microsoft.NET.Sdk.targets".
       Overriding target "GetReferenceAssemblyPaths" in project "/usr/local/share/dotnet/sdk/8.0.407/Microsoft.Common.CurrentVersion.targets" with target "GetReferenceAssemblyPaths" from project "/usr/local/share/dotnet/sdk/8.0.407/Sdks/Microsoft.NET.Sdk/targets/Microsoft.NET.DisableStandardFrameworkResolution.targets".
       Overriding target "GetFrameworkPaths" in project "/usr/local/share/dotnet/sdk/8.0.407/Microsoft.Common.CurrentVersion.targets" with target "GetFrameworkPaths" from project "/usr/local/share/dotnet/sdk/8.0.407/Sdks/Microsoft.NET.Sdk/targets/Microsoft.NET.DisableStandardFrameworkResolution.targets".
       Overriding target "DesignerRuntimeImplementationProjectOutputGroup" in project "/usr/local/share/dotnet/sdk/8.0.407/Microsoft.Common.CurrentVersion.targets" with target "DesignerRuntimeImplementationProjectOutputGroup" from project "/usr/local/share/dotnet/sdk/8.0.407/Sdks/Microsoft.NET.Sdk/targets/Microsoft.NET.DesignerSupport.targets".
       Overriding target "Publish" in project "/usr/local/share/dotnet/sdk/8.0.407/Microsoft.Common.CurrentVersion.targets" with target "Publish" from project "/usr/local/share/dotnet/sdk/8.0.407/Sdks/Microsoft.NET.Sdk/targets/Microsoft.NET.Publish.targets".
       Overriding target "ResolveReadyToRunCompilers" in project "/usr/local/share/dotnet/sdk/8.0.407/Sdks/Microsoft.NET.Sdk/targets/Microsoft.NET.CrossGen.targets" with target "ResolveReadyToRunCompilers" from project "/usr/local/share/dotnet/sdk/8.0.407/Sdks/Microsoft.NET.Sdk/targets/Microsoft.NET.Publish.targets".
       Overriding target "GetCopyToPublishDirectoryItems" in project "/usr/local/share/dotnet/sdk/8.0.407/Microsoft.Common.CurrentVersion.targets" with target "GetCopyToPublishDirectoryItems" from project "/usr/local/share/dotnet/sdk/8.0.407/Sdks/Microsoft.NET.Sdk/targets/Microsoft.NET.Publish.targets".
       Overriding target "BeforePublish" in project "/usr/local/share/dotnet/sdk/8.0.407/Microsoft.Common.CurrentVersion.targets" with target "BeforePublish" from project "/usr/local/share/dotnet/sdk/8.0.407/Sdks/Microsoft.NET.Sdk.Publish/targets/Microsoft.NET.Sdk.Publish.targets".
       Overriding target "AfterPublish" in project "/usr/local/share/dotnet/sdk/8.0.407/Microsoft.Common.CurrentVersion.targets" with target "AfterPublish" from project "/usr/local/share/dotnet/sdk/8.0.407/Sdks/Microsoft.NET.Sdk.Publish/targets/Microsoft.NET.Sdk.Publish.targets".
       The target "CollectUpToDateCheckInputDesignTime" listed in a BeforeTargets attribute at "/usr/local/share/dotnet/sdk/8.0.407/Sdks/Microsoft.NET.Sdk.StaticWebAssets/targets/Microsoft.NET.Sdk.StaticWebAssets.ScopedCss.targets (156,5)" does not exist in the project, and will be ignored.
       The target "CollectUpToDateCheckBuiltDesignTime" listed in a BeforeTargets attribute at "/usr/local/share/dotnet/sdk/8.0.407/Sdks/Microsoft.NET.Sdk.StaticWebAssets/targets/Microsoft.NET.Sdk.StaticWebAssets.ScopedCss.targets (156,5)" does not exist in the project, and will be ignored.
       The target "RazorGenerateComponentDeclaration" listed in an AfterTargets attribute at "/usr/local/share/dotnet/sdk/8.0.407/Sdks/Microsoft.NET.Sdk.Razor/targets/Microsoft.NET.Sdk.Razor.DesignTime.targets (55,53)" does not exist in the project, and will be ignored.
     1>Project "/Users/tp/Projects/Cloud9.2/Cloud9.2.csproj" (1) is building "/Users/tp/Projects/Cloud9.2/Cloud9.2.csproj" (1:2) on node 1 (_IsProjectRestoreSupported target(s)).
   1:2>Target "_IsProjectRestoreSupported" in file "/usr/local/share/dotnet/sdk/8.0.407/NuGet.targets" from project "/Users/tp/Projects/Cloud9.2/Cloud9.2.csproj" (entry point):
   1:2>Done building target "_IsProjectRestoreSupported" in project "Cloud9.2.csproj".
   1:2>Done Building Project "/Users/tp/Projects/Cloud9.2/Cloud9.2.csproj" (_IsProjectRestoreSupported target(s)).
     1>Done executing task "MSBuild".
       Task "MSBuild" skipped, due to false condition; ( '$(RestoreUseSkipNonexistentTargets)' != 'true' ) was evaluated as ( 'true' != 'true' ).
       Assembly loaded during TaskRun: NuGet.Build.Tasks, Version=6.11.1.2, Culture=neutral, PublicKeyToken=31bf3856ad364e35 (location: /usr/local/share/dotnet/sdk/8.0.407/NuGet.Build.Tasks.dll, MVID: da6659e2-ab3c-4a1c-91d3-86fe81c4da96, AssemblyLoadContext: MSBuild plugin /usr/local/share/dotnet/sdk/8.0.407/NuGet.Build.Tasks.dll)
       Assembly loaded during TaskRun: NuGet.Common, Version=6.11.1.2, Culture=neutral, PublicKeyToken=31bf3856ad364e35 (location: /usr/local/share/dotnet/sdk/8.0.407/NuGet.Common.dll, MVID: 71662c50-4eea-46ea-82bf-b2edfd33a945, AssemblyLoadContext: MSBuild plugin /usr/local/share/dotnet/sdk/8.0.407/NuGet.Build.Tasks.dll)
       Assembly loaded during TaskRun: NuGet.Commands, Version=6.11.1.2, Culture=neutral, PublicKeyToken=31bf3856ad364e35 (location: /usr/local/share/dotnet/sdk/8.0.407/NuGet.Commands.dll, MVID: fd182425-a30a-445b-9628-b4c5f0ab1353, AssemblyLoadContext: MSBuild plugin /usr/local/share/dotnet/sdk/8.0.407/NuGet.Build.Tasks.dll)
       Assembly loaded during TaskRun: NuGet.ProjectModel, Version=6.11.1.2, Culture=neutral, PublicKeyToken=31bf3856ad364e35 (location: /usr/local/share/dotnet/sdk/8.0.407/NuGet.ProjectModel.dll, MVID: de1018f8-9cea-4ea5-aafd-eccdf5a6f888, AssemblyLoadContext: MSBuild plugin /usr/local/share/dotnet/sdk/8.0.407/NuGet.Build.Tasks.dll)
       Using "WarnForInvalidProjectsTask" task from assembly "/usr/local/share/dotnet/sdk/8.0.407/NuGet.Build.Tasks.dll".
       Task "WarnForInvalidProjectsTask"
       Done executing task "WarnForInvalidProjectsTask".
     1>Done building target "_FilterRestoreGraphProjectInputItems" in project "Cloud9.2.csproj".
       Target "_FilterRestoreGraphProjectInputItems" skipped. Previously built successfully.
     1>Target "_GetAllRestoreProjectPathItems" in file "/usr/local/share/dotnet/sdk/8.0.407/NuGet.targets" from project "/Users/tp/Projects/Cloud9.2/Cloud9.2.csproj" (target "_GenerateRestoreGraph" depends on it):
       Using "NuGetMessageTask" task from assembly "/usr/local/share/dotnet/sdk/8.0.407/NuGet.Build.Tasks.dll".
       Task "NuGetMessageTask"
         Determining projects to restore...
       Done executing task "NuGetMessageTask".
       Task "MSBuild"
         Global Properties:
           ExcludeRestorePackageImports=true
     1>Project "/Users/tp/Projects/Cloud9.2/Cloud9.2.csproj" (1) is building "/Users/tp/Projects/Cloud9.2/Cloud9.2.csproj" (1:3) on node 1 (_GenerateRestoreProjectPathWalk target(s)).
   1:3>Target "_GenerateRestoreProjectPathItemsAllFrameworks" skipped, due to false condition; ( '$(TargetFrameworks)' != '' ) was evaluated as ( '' != '' ).
   1:3>Target "_GenerateRestoreProjectPathItemsPerFramework" in file "/usr/local/share/dotnet/sdk/8.0.407/NuGet.targets" from project "/Users/tp/Projects/Cloud9.2/Cloud9.2.csproj" (target "_GenerateRestoreProjectPathItemsCurrentProject" depends on it):
       Using "ConvertToAbsolutePath" task from assembly "Microsoft.Build.Tasks.Core, Version=15.1.0.0, Culture=neutral, PublicKeyToken=b03f5f7f11d50a3a".
       Task "ConvertToAbsolutePath"
       Done executing task "ConvertToAbsolutePath".
   1:3>Done building target "_GenerateRestoreProjectPathItemsPerFramework" in project "Cloud9.2.csproj".
   1:3>Target "_GenerateRestoreProjectPathItemsCurrentProject" in file "/usr/local/share/dotnet/sdk/8.0.407/NuGet.targets" from project "/Users/tp/Projects/Cloud9.2/Cloud9.2.csproj" (target "_GenerateRestoreProjectPathItems" depends on it):
   1:3>Done building target "_GenerateRestoreProjectPathItemsCurrentProject" in project "Cloud9.2.csproj".
   1:3>Target "_GenerateRestoreProjectPathItems" in file "/usr/local/share/dotnet/sdk/8.0.407/NuGet.targets" from project "/Users/tp/Projects/Cloud9.2/Cloud9.2.csproj" (target "_GenerateRestoreProjectPathWalk" depends on it):
       Task "RemoveDuplicates"
       Done executing task "RemoveDuplicates".
   1:3>Done building target "_GenerateRestoreProjectPathItems" in project "Cloud9.2.csproj".
   1:3>Target "_GenerateRestoreProjectPathWalk" in file "/usr/local/share/dotnet/sdk/8.0.407/NuGet.targets" from project "/Users/tp/Projects/Cloud9.2/Cloud9.2.csproj" (entry point):
       Task "MSBuild"
       Done executing task "MSBuild".
       Task "MSBuild" skipped, due to false condition; ( '$(RestoreUseSkipNonexistentTargets)' != 'true' ) was evaluated as ( 'true' != 'true' ).
       Task "RemoveDuplicates"
       Done executing task "RemoveDuplicates".
   1:3>Done building target "_GenerateRestoreProjectPathWalk" in project "Cloud9.2.csproj".
   1:3>Done Building Project "/Users/tp/Projects/Cloud9.2/Cloud9.2.csproj" (_GenerateRestoreProjectPathWalk target(s)).
     1>Done executing task "MSBuild".
       Task "MSBuild" skipped, due to false condition; ( '$(RestoreUseSkipNonexistentTargets)' != 'true' ) was evaluated as ( 'true' != 'true' ).
       Task "RemoveDuplicates"
       Done executing task "RemoveDuplicates".
       Task "MSBuild"
         Global Properties:
           ExcludeRestorePackageImports=true
     1>Project "/Users/tp/Projects/Cloud9.2/Cloud9.2.csproj" (1) is building "/Users/tp/Projects/Cloud9.2/Cloud9.2.csproj" (1:4) on node 1 (_IsProjectRestoreSupported target(s)).
   1:4>Target "_IsProjectRestoreSupported" skipped. Previously built successfully.
   1:4>Done Building Project "/Users/tp/Projects/Cloud9.2/Cloud9.2.csproj" (_IsProjectRestoreSupported target(s)).
     1>Done executing task "MSBuild".
       Task "MSBuild" skipped, due to false condition; ( '$(RestoreUseSkipNonexistentTargets)' != 'true' ) was evaluated as ( 'true' != 'true' ).
     1>Done building target "_GetAllRestoreProjectPathItems" in project "Cloud9.2.csproj".
     1>Target "_GenerateRestoreGraph" in file "/usr/local/share/dotnet/sdk/8.0.407/NuGet.targets" from project "/Users/tp/Projects/Cloud9.2/Cloud9.2.csproj" (target "Restore" depends on it):
       Using "Message" task from assembly "Microsoft.Build.Tasks.Core, Version=15.1.0.0, Culture=neutral, PublicKeyToken=b03f5f7f11d50a3a".
       Task "Message"
         Generating dg file
       Done executing task "Message".
       Task "Message"
         /Users/tp/Projects/Cloud9.2/Cloud9.2.csproj
       Done executing task "Message".
       Task "MSBuild"
         Global Properties:
           ExcludeRestorePackageImports=true
     1>Project "/Users/tp/Projects/Cloud9.2/Cloud9.2.csproj" (1) is building "/Users/tp/Projects/Cloud9.2/Cloud9.2.csproj" (1:5) on node 1 (_GenerateRestoreGraphProjectEntry target(s)).
   1:5>Target "_GetProjectJsonPath" in file "/usr/local/share/dotnet/sdk/8.0.407/NuGet.targets" from project "/Users/tp/Projects/Cloud9.2/Cloud9.2.csproj" (target "_GetRestoreProjectStyle" depends on it):
   1:5>Task "GetRestoreProjectJsonPathTask" skipped, due to false condition; ( '$(RestoreProjectStyle)' == 'ProjectJson' OR '$(RestoreProjectStyle)' == '' ) was evaluated as ( 'PackageReference' == 'ProjectJson' OR 'PackageReference' == '' ).
   1:5>Done building target "_GetProjectJsonPath" in project "Cloud9.2.csproj".
       Target "_CheckForUnsupportedTargetPlatformIdentifier" skipped, due to false condition; ('$(TargetPlatformIdentifier)' != '' and '$(TargetFrameworkIdentifier)' == '.NETCoreApp' and $([MSBuild]::VersionGreaterThanOrEquals($(TargetFrameworkVersion), 5.0)) And ('$(DesignTimeBuild)' != 'true' Or '@(MissingWorkloadPack)' == '')) was evaluated as ('' != '' and '.NETCoreApp' == '.NETCoreApp' and True And ('' != 'true' Or '' == '')).
       Target "_CheckForMissingWorkload" skipped, due to false condition; ('@(MissingWorkloadPack)' != '' And '$(DesignTimeBuild)' != 'true') was evaluated as ('' != '' And '' != 'true').
   1:5>Target "_CheckForUnsupportedNETCoreVersion" in file "/usr/local/share/dotnet/sdk/8.0.407/Sdks/Microsoft.NET.Sdk/targets/Microsoft.NET.TargetFrameworkInference.targets" from project "/Users/tp/Projects/Cloud9.2/Cloud9.2.csproj" (target "CollectPackageReferences" depends on it):
       Task "NETSdkError" skipped, due to false condition; ('$(_TargetFrameworkVersionWithoutV)' > '$(NETCoreAppMaximumVersion)' and '$(DisplayVSMessage)' != 'true') was evaluated as ('8.0' > '8.0' and '' != 'true').
       Task "NETSdkError" skipped, due to false condition; ('$(DisplayVSMessage)' == 'true') was evaluated as ('' == 'true').
   1:5>Done building target "_CheckForUnsupportedNETCoreVersion" in project "Cloud9.2.csproj".
       Target "_CheckForEolTargetFrameworks" skipped, due to false condition; ('@(_EolNetCoreTargetFrameworkVersions->AnyHaveMetadataValue('Identity', '$(_TargetFrameworkVersionWithoutV)'))' and '$(TargetFrameworkIdentifier)' == '.NETCoreApp' and '$(CheckEolTargetFramework)' == 'true') was evaluated as ('false' and '.NETCoreApp' == '.NETCoreApp' and 'true' == 'true').
       Target "_CheckForEolWorkloads" skipped, due to false condition; ('@(EolWorkload)' != '' and '$(CheckEolWorkloads)' == 'true') was evaluated as ('' != '' and 'true' == 'true').
   1:5>Target "_CheckForUnsupportedCppNETCoreVersion" in file "/usr/local/share/dotnet/sdk/8.0.407/Sdks/Microsoft.NET.Sdk/targets/Microsoft.NET.TargetFrameworkInference.targets" from project "/Users/tp/Projects/Cloud9.2/Cloud9.2.csproj" (target "CollectPackageReferences" depends on it):
       Task "NETSdkError" skipped, due to false condition; ('$(TargetFrameworkIdentifier)' == '.NETCoreApp' and '$(_TargetFrameworkVersionWithoutV)' < '3.1' and ('$(Language)' == 'C++' and '$(_EnablePackageReferencesInVCProjects)' != 'true')) was evaluated as ('.NETCoreApp' == '.NETCoreApp' and '8.0' < '3.1' and ('C#' == 'C++' and '' != 'true')).
   1:5>Done building target "_CheckForUnsupportedCppNETCoreVersion" in project "Cloud9.2.csproj".
       Target "_CheckForUnsupportedNETStandardVersion" skipped, due to false condition; ('$(TargetFrameworkIdentifier)' == '.NETStandard' And '$(NETStandardMaximumVersion)' != '') was evaluated as ('.NETCoreApp' == '.NETStandard' And '' != '').
       Target "_CheckForUnsupportedTargetFrameworkAndFeatureCombination" skipped, due to false condition; ('$(TargetFrameworkIdentifier)' == '.NETFramework') was evaluated as ('.NETCoreApp' == '.NETFramework').
   1:5>Target "UpdateAspNetToFrameworkReference" in file "/usr/local/share/dotnet/sdk/8.0.407/Sdks/Microsoft.NET.Sdk/targets/Microsoft.NET.Sdk.DefaultItems.Shared.targets" from project "/Users/tp/Projects/Cloud9.2/Cloud9.2.csproj" (target "ApplyImplicitVersions" depends on it):
       Using "CheckIfPackageReferenceShouldBeFrameworkReference" task from assembly "/usr/local/share/dotnet/sdk/8.0.407/Sdks/Microsoft.NET.Sdk/targets/../tools/net8.0/Microsoft.NET.Build.Tasks.dll".
       Task "CheckIfPackageReferenceShouldBeFrameworkReference"
       Done executing task "CheckIfPackageReferenceShouldBeFrameworkReference".
       Task "NETSdkError" skipped, due to false condition; ('$(_ShouldRemoveAspNetCoreAll)' == 'true') was evaluated as ('False' == 'true').
       Task "CheckIfPackageReferenceShouldBeFrameworkReference"
       Done executing task "CheckIfPackageReferenceShouldBeFrameworkReference".
       Task "NETSdkWarning" skipped, due to false condition; ('$(_ShouldRemoveAspNetCoreApp)' == 'true') was evaluated as ('False' == 'true').
   1:5>Done building target "UpdateAspNetToFrameworkReference" in project "Cloud9.2.csproj".
       Target "IncludeTargetingPackReference" skipped, due to false condition; ('$(TargetFrameworkMoniker)' != '' and '$(TargetFrameworkIdentifier)' == '.NETFramework' and '$(AutomaticallyUseReferenceAssemblyPackages)' == 'true') was evaluated as ('.NETCoreApp,Version=v8.0' != '' and '.NETCoreApp' == '.NETFramework' and 'true' == 'true').
   1:5>Target "CheckForImplicitPackageReferenceOverrides" in file "/usr/local/share/dotnet/sdk/8.0.407/Sdks/Microsoft.NET.Sdk/targets/Microsoft.NET.Sdk.DefaultItems.Shared.targets" from project "/Users/tp/Projects/Cloud9.2/Cloud9.2.csproj" (target "ApplyImplicitVersions" depends on it):
       Using "CheckForImplicitPackageReferenceOverrides" task from assembly "/usr/local/share/dotnet/sdk/8.0.407/Sdks/Microsoft.NET.Sdk/targets/../tools/net8.0/Microsoft.NET.Build.Tasks.dll".
       Task "CheckForImplicitPackageReferenceOverrides"
       Done executing task "CheckForImplicitPackageReferenceOverrides".
   1:5>Done building target "CheckForImplicitPackageReferenceOverrides" in project "Cloud9.2.csproj".
   1:5>Target "ApplyImplicitVersions" in file "/usr/local/share/dotnet/sdk/8.0.407/Sdks/Microsoft.NET.Sdk/targets/Microsoft.NET.Sdk.DefaultItems.Shared.targets" from project "/Users/tp/Projects/Cloud9.2/Cloud9.2.csproj" (target "CollectPackageReferences" depends on it):
       Using "ApplyImplicitVersions" task from assembly "/usr/local/share/dotnet/sdk/8.0.407/Sdks/Microsoft.NET.Sdk/targets/../tools/net8.0/Microsoft.NET.Build.Tasks.dll".
       Task "ApplyImplicitVersions"
       Done executing task "ApplyImplicitVersions".
   1:5>Done building target "ApplyImplicitVersions" in project "Cloud9.2.csproj".
       Target "CheckForImplicitPackageReferenceOverrides" skipped. Previously built successfully.
       Target "AddWindowsSdkKnownFrameworkReferences" skipped, due to false condition; ('$(TargetFrameworkIdentifier)' == '.NETCoreApp' And '$(TargetPlatformIdentifier)' == 'Windows') was evaluated as ('.NETCoreApp' == '.NETCoreApp' And '' == 'Windows').
       Target "_NormalizeTargetPlatformVersion" skipped, due to false condition; ('$(TargetPlatformVersion)' != '' and '$(TargetFrameworkIdentifier)' == '.NETCoreApp' and $([MSBuild]::VersionGreaterThanOrEquals($(TargetFrameworkVersion), 5.0)) and ('$(Language)' != 'C++' or '$(_EnablePackageReferencesInVCProjects)' == 'true')) was evaluated as ('' != '' and '.NETCoreApp' == '.NETCoreApp' and True and ('C#' != 'C++' or '' == 'true')).
   1:5>Target "_CheckForLanguageAndFeatureCombinationSupport" in file "/usr/local/share/dotnet/sdk/8.0.407/Sdks/Microsoft.NET.Sdk/targets/Microsoft.NET.RuntimeIdentifierInference.targets" from project "/Users/tp/Projects/Cloud9.2/Cloud9.2.csproj" (target "ProcessFrameworkReferences" depends on it):
       Task "NETSdkError" skipped, due to false condition; (('$(Language)' == 'C++' and '$(_EnablePackageReferencesInVCProjects)' != 'true') and $(OutputType) != 'library' and '$(TargetFrameworkIdentifier)' == '.NETCoreApp') was evaluated as (('C#' == 'C++' and '' != 'true') and Exe != 'library' and '.NETCoreApp' == '.NETCoreApp').
       Task "NETSdkError" skipped, due to false condition; (('$(Language)' == 'C++' and '$(_EnablePackageReferencesInVCProjects)' != 'true') and $(EnableComHosting) == 'true') was evaluated as (('C#' == 'C++' and '' != 'true') and  == 'true').
       Task "NETSdkError" skipped, due to false condition; (('$(Language)' == 'C++' and '$(_EnablePackageReferencesInVCProjects)' != 'true') and $(SelfContained) == 'true') was evaluated as (('C#' == 'C++' and '' != 'true') and false == 'true').
   1:5>Done building target "_CheckForLanguageAndFeatureCombinationSupport" in project "Cloud9.2.csproj".
   1:5>Target "_ComputeToolPackInputsToProcessFrameworkReferences" in file "/usr/local/share/dotnet/sdk/8.0.407/Sdks/Microsoft.NET.Sdk/targets/Microsoft.NET.Publish.targets" from project "/Users/tp/Projects/Cloud9.2/Cloud9.2.csproj" (target "ProcessFrameworkReferences" depends on it):
   1:5>Done building target "_ComputeToolPackInputsToProcessFrameworkReferences" in project "Cloud9.2.csproj".
   1:5>Target "ProcessFrameworkReferences" in file "/usr/local/share/dotnet/sdk/8.0.407/Sdks/Microsoft.NET.Sdk/targets/Microsoft.NET.Sdk.FrameworkReferenceResolution.targets" from project "/Users/tp/Projects/Cloud9.2/Cloud9.2.csproj" (target "CollectPackageReferences" depends on it):
       Using "CheckForDuplicateFrameworkReferences" task from assembly "/usr/local/share/dotnet/sdk/8.0.407/Sdks/Microsoft.NET.Sdk/targets/../tools/net8.0/Microsoft.NET.Build.Tasks.dll".
       Task "CheckForDuplicateFrameworkReferences"
       Done executing task "CheckForDuplicateFrameworkReferences".
       Using "ProcessFrameworkReferences" task from assembly "/usr/local/share/dotnet/sdk/8.0.407/Sdks/Microsoft.NET.Sdk/targets/../tools/net8.0/Microsoft.NET.Build.Tasks.dll".
       Task "ProcessFrameworkReferences"
       Done executing task "ProcessFrameworkReferences".
       Using "ResolveAppHosts" task from assembly "/usr/local/share/dotnet/sdk/8.0.407/Sdks/Microsoft.NET.Sdk/targets/../tools/net8.0/Microsoft.NET.Build.Tasks.dll".
       Task "ResolveAppHosts"
       Done executing task "ResolveAppHosts".
   1:5>Done building target "ProcessFrameworkReferences" in project "Cloud9.2.csproj".
       Target "IncludeTargetingPackReference" skipped, due to false condition; ('$(TargetFrameworkMoniker)' != '' and '$(TargetFrameworkIdentifier)' == '.NETFramework' and '$(AutomaticallyUseReferenceAssemblyPackages)' == 'true') was evaluated as ('.NETCoreApp,Version=v8.0' != '' and '.NETCoreApp' == '.NETFramework' and 'true' == 'true').
   1:5>Target "_AddMicrosoftNetCompilerToolsetFrameworkPackage" in file "/usr/local/share/dotnet/sdk/8.0.407/Sdks/Microsoft.NET.Sdk/targets/Microsoft.NET.Sdk.targets" from project "/Users/tp/Projects/Cloud9.2/Cloud9.2.csproj" (target "CollectPackageReferences" depends on it):
       Task "NETSdkWarning" skipped, due to false condition; ('@(PackageReference->AnyHaveMetadataValue('Identity', 'Microsoft.Net.Compilers.Toolset.Framework'))' == 'true') was evaluated as ('false' == 'true').
   1:5>Done building target "_AddMicrosoftNetCompilerToolsetFrameworkPackage" in project "Cloud9.2.csproj".
   1:5>Target "_CheckForObsoleteDotNetCliToolReferences" in file "/usr/local/share/dotnet/sdk/8.0.407/Sdks/Microsoft.NET.Sdk/targets/Microsoft.NET.ObsoleteReferences.targets" from project "/Users/tp/Projects/Cloud9.2/Cloud9.2.csproj" (target "CollectPackageReferences" depends on it):
       Task "NETSdkWarning" skipped, due to false condition; ( '%(_ReferenceToObsoleteDotNetCliTool.Identity)' != '' ) was evaluated as ( '' != '' ).
   1:5>Done building target "_CheckForObsoleteDotNetCliToolReferences" in project "Cloud9.2.csproj".
   1:5>Target "CollectPackageReferences" in file "/usr/local/share/dotnet/sdk/8.0.407/NuGet.targets" from project "/Users/tp/Projects/Cloud9.2/Cloud9.2.csproj" (target "_GetRestoreProjectStyle" depends on it):
       Using "CheckForDuplicateNuGetItemsTask" task from assembly "/usr/local/share/dotnet/sdk/8.0.407/NuGet.Build.Tasks.dll".
       Task "CheckForDuplicateNuGetItemsTask"
       Done executing task "CheckForDuplicateNuGetItemsTask".
   1:5>Done building target "CollectPackageReferences" in project "Cloud9.2.csproj".
   1:5>Target "_GetRestoreProjectStyle" in file "/usr/local/share/dotnet/sdk/8.0.407/NuGet.targets" from project "/Users/tp/Projects/Cloud9.2/Cloud9.2.csproj" (target "_GenerateRestoreSpecs" depends on it):
       Using "GetRestoreProjectStyleTask" task from assembly "/usr/local/share/dotnet/sdk/8.0.407/NuGet.Build.Tasks.dll".
       Task "GetRestoreProjectStyleTask"
       Done executing task "GetRestoreProjectStyleTask".
   1:5>Done building target "_GetRestoreProjectStyle" in project "Cloud9.2.csproj".
   1:5>Target "_GenerateRestoreSpecs" in file "/usr/local/share/dotnet/sdk/8.0.407/NuGet.targets" from project "/Users/tp/Projects/Cloud9.2/Cloud9.2.csproj" (target "_GenerateRestoreGraphProjectEntry" depends on it):
       Task "Message"
         Restore entry point /Users/tp/Projects/Cloud9.2/Cloud9.2.csproj
       Done executing task "Message".
   1:5>Done building target "_GenerateRestoreSpecs" in project "Cloud9.2.csproj".
   1:5>Target "_GetRestoreSettingsOverrides" in file "/usr/local/share/dotnet/sdk/8.0.407/NuGet.targets" from project "/Users/tp/Projects/Cloud9.2/Cloud9.2.csproj" (target "_GetRestoreSettings" depends on it):
       Task "MSBuild" skipped, due to false condition; ( '$(RestorePackagesPath)' != '' ) was evaluated as ( '' != '' ).
       Task "MSBuild" skipped, due to false condition; ( '$(RestoreRepositoryPathOverride)' != '' ) was evaluated as ( '' != '' ).
       Task "MSBuild" skipped, due to false condition; ( '$(RestoreSources)' != '' ) was evaluated as ( '' != '' ).
       Task "MSBuild" skipped, due to false condition; ( '$(RestoreFallbackFolders)' != '' ) was evaluated as ( '' != '' ).
   1:5>Done building target "_GetRestoreSettingsOverrides" in project "Cloud9.2.csproj".
   1:5>Target "_GetRestoreSettingsPerFramework" in file "/usr/local/share/dotnet/sdk/8.0.407/NuGet.targets" from project "/Users/tp/Projects/Cloud9.2/Cloud9.2.csproj" (target "_GetRestoreSettingsCurrentProject" depends on it):
   1:5>Done building target "_GetRestoreSettingsPerFramework" in project "Cloud9.2.csproj".
   1:5>Target "_GetRestoreSettingsCurrentProject" in file "/usr/local/share/dotnet/sdk/8.0.407/NuGet.targets" from project "/Users/tp/Projects/Cloud9.2/Cloud9.2.csproj" (target "_GetRestoreSettings" depends on it):
   1:5>Done building target "_GetRestoreSettingsCurrentProject" in project "Cloud9.2.csproj".
       Target "_GetRestoreSettingsAllFrameworks" skipped, due to false condition; ( '$(TargetFrameworks)' != '' AND '$(PackageReferenceCompatibleProjectStyle)' == 'true' ) was evaluated as ( '' != '' AND 'True' == 'true' ).
   1:5>Target "_GetRestoreSettings" in file "/usr/local/share/dotnet/sdk/8.0.407/NuGet.targets" from project "/Users/tp/Projects/Cloud9.2/Cloud9.2.csproj" (target "_GenerateDotnetCliToolReferenceSpecs" depends on it):
       Using "GetRestoreSettingsTask" task from assembly "/usr/local/share/dotnet/sdk/8.0.407/NuGet.Build.Tasks.dll".
       Task "GetRestoreSettingsTask"
         Assembly loaded during TaskRun (NuGet.Build.Tasks.GetRestoreSettingsTask): NuGet.Configuration, Version=6.11.1.2, Culture=neutral, PublicKeyToken=31bf3856ad364e35 (location: /usr/local/share/dotnet/sdk/8.0.407/NuGet.Configuration.dll, MVID: be7e3e57-42a2-4a9c-87cf-47833efa7f94, AssemblyLoadContext: MSBuild plugin /usr/local/share/dotnet/sdk/8.0.407/NuGet.Build.Tasks.dll)
       Done executing task "GetRestoreSettingsTask".
   1:5>Done building target "_GetRestoreSettings" in project "Cloud9.2.csproj".
   1:5>Target "_GenerateDotnetCliToolReferenceSpecs" in file "/usr/local/share/dotnet/sdk/8.0.407/NuGet.targets" from project "/Users/tp/Projects/Cloud9.2/Cloud9.2.csproj" (target "_GenerateRestoreGraphProjectEntry" depends on it):
       Using "GetRestoreDotnetCliToolsTask" task from assembly "/usr/local/share/dotnet/sdk/8.0.407/NuGet.Build.Tasks.dll".
       Task "GetRestoreDotnetCliToolsTask"
       Done executing task "GetRestoreDotnetCliToolsTask".
   1:5>Done building target "_GenerateDotnetCliToolReferenceSpecs" in project "Cloud9.2.csproj".
   1:5>Target "_GenerateRestoreGraphProjectEntry" in file "/usr/local/share/dotnet/sdk/8.0.407/NuGet.targets" from project "/Users/tp/Projects/Cloud9.2/Cloud9.2.csproj" (entry point):
   1:5>Done building target "_GenerateRestoreGraphProjectEntry" in project "Cloud9.2.csproj".
   1:5>Done Building Project "/Users/tp/Projects/Cloud9.2/Cloud9.2.csproj" (_GenerateRestoreGraphProjectEntry target(s)).
     1>Done executing task "MSBuild".
       Task "MSBuild"
         Global Properties:
           ExcludeRestorePackageImports=true
     1>Project "/Users/tp/Projects/Cloud9.2/Cloud9.2.csproj" (1) is building "/Users/tp/Projects/Cloud9.2/Cloud9.2.csproj" (1:6) on node 1 (_GenerateProjectRestoreGraph target(s)).
   1:6>Target "_GetRestoreProjectStyle" skipped. Previously built successfully.
       Target "_GetRestoreProjectStyle" skipped. Previously built successfully.
       Target "_GetRestoreProjectStyle" skipped. Previously built successfully.
   1:6>Target "_GetRestoreTargetFrameworkOverride" in file "/usr/local/share/dotnet/sdk/8.0.407/NuGet.targets" from project "/Users/tp/Projects/Cloud9.2/Cloud9.2.csproj" (target "_GetRestoreTargetFrameworksOutput" depends on it):
       Task "GetGlobalPropertyValueTask" skipped, due to false condition; ( '$(TargetFrameworks)' != '' ) was evaluated as ( '' != '' ).
   1:6>Done building target "_GetRestoreTargetFrameworkOverride" in project "Cloud9.2.csproj".
   1:6>Target "_GetRestoreTargetFrameworksOutput" in file "/usr/local/share/dotnet/sdk/8.0.407/NuGet.targets" from project "/Users/tp/Projects/Cloud9.2/Cloud9.2.csproj" (target "_GenerateRestoreProjectSpec" depends on it):
       Using "GetProjectTargetFrameworksTask" task from assembly "/usr/local/share/dotnet/sdk/8.0.407/NuGet.Build.Tasks.dll".
       Task "GetProjectTargetFrameworksTask"
       Done executing task "GetProjectTargetFrameworksTask".
   1:6>Done building target "_GetRestoreTargetFrameworksOutput" in project "Cloud9.2.csproj".
       Target "_GetRestoreSettings" skipped. Previously built successfully.
   1:6>Target "_GenerateRestoreProjectSpec" in file "/usr/local/share/dotnet/sdk/8.0.407/NuGet.targets" from project "/Users/tp/Projects/Cloud9.2/Cloud9.2.csproj" (target "_GenerateProjectRestoreGraph" depends on it):
       Task "ConvertToAbsolutePath"
       Done executing task "ConvertToAbsolutePath".
   1:6>Done building target "_GenerateRestoreProjectSpec" in project "Cloud9.2.csproj".
       Target "_GenerateProjectRestoreGraphAllFrameworks" skipped, due to false condition; ( '$(TargetFrameworks)' != '' ) was evaluated as ( '' != '' ).
       Target "_GetRestoreProjectStyle" skipped. Previously built successfully.
       Target "CollectPackageReferences" skipped. Previously built successfully.
   1:6>Target "CollectPackageDownloads" in file "/usr/local/share/dotnet/sdk/8.0.407/NuGet.targets" from project "/Users/tp/Projects/Cloud9.2/Cloud9.2.csproj" (target "_CollectRestoreInputs" depends on it):
       Task "CheckForDuplicateNuGetItemsTask"
       Done executing task "CheckForDuplicateNuGetItemsTask".
   1:6>Done building target "CollectPackageDownloads" in project "Cloud9.2.csproj".
   1:6>Target "CollectFrameworkReferences" in file "/usr/local/share/dotnet/sdk/8.0.407/NuGet.targets" from project "/Users/tp/Projects/Cloud9.2/Cloud9.2.csproj" (target "_CollectRestoreInputs" depends on it):
   1:6>Done building target "CollectFrameworkReferences" in project "Cloud9.2.csproj".
   1:6>Target "CollectCentralPackageVersions" in file "/usr/local/share/dotnet/sdk/8.0.407/NuGet.targets" from project "/Users/tp/Projects/Cloud9.2/Cloud9.2.csproj" (target "_CollectRestoreInputs" depends on it):
       Task "CheckForDuplicateNuGetItemsTask"
       Done executing task "CheckForDuplicateNuGetItemsTask".
   1:6>Done building target "CollectCentralPackageVersions" in project "Cloud9.2.csproj".
   1:6>Target "CollectNuGetAuditSuppressions" in file "/usr/local/share/dotnet/sdk/8.0.407/NuGet.targets" from project "/Users/tp/Projects/Cloud9.2/Cloud9.2.csproj" (target "_CollectRestoreInputs" depends on it):
       Task "CheckForDuplicateNuGetItemsTask"
       Done executing task "CheckForDuplicateNuGetItemsTask".
   1:6>Done building target "CollectNuGetAuditSuppressions" in project "Cloud9.2.csproj".
   1:6>Target "_CollectRestoreInputs" in file "/usr/local/share/dotnet/sdk/8.0.407/NuGet.targets" from project "/Users/tp/Projects/Cloud9.2/Cloud9.2.csproj" (target "_GenerateProjectRestoreGraphPerFramework" depends on it):
   1:6>Done building target "_CollectRestoreInputs" in project "Cloud9.2.csproj".
       Target "PrepRestoreForStoreProjects" skipped, due to false condition; ('$(StorePackageName)' != '') was evaluated as ('' != '').
   1:6>Target "_GenerateProjectRestoreGraphPerFramework" in file "/usr/local/share/dotnet/sdk/8.0.407/NuGet.targets" from project "/Users/tp/Projects/Cloud9.2/Cloud9.2.csproj" (target "_GenerateProjectRestoreGraphCurrentProject" depends on it):
       Using "GetRestoreProjectReferencesTask" task from assembly "/usr/local/share/dotnet/sdk/8.0.407/NuGet.Build.Tasks.dll".
       Task "GetRestoreProjectReferencesTask"
       Done executing task "GetRestoreProjectReferencesTask".
       Using "GetRestorePackageReferencesTask" task from assembly "/usr/local/share/dotnet/sdk/8.0.407/NuGet.Build.Tasks.dll".
       Task "GetRestorePackageReferencesTask"
       Done executing task "GetRestorePackageReferencesTask".
       Task "GetCentralPackageVersionsTask" skipped, due to false condition; ( '$(PackageReferenceCompatibleProjectStyle)' == 'true' AND '$(_CentralPackageVersionsEnabled)' == 'true' ) was evaluated as ( 'True' == 'true' AND '' == 'true' ).
       Using "GetRestorePackageDownloadsTask" task from assembly "/usr/local/share/dotnet/sdk/8.0.407/NuGet.Build.Tasks.dll".
       Task "GetRestorePackageDownloadsTask"
       Done executing task "GetRestorePackageDownloadsTask".
       Using "GetRestoreFrameworkReferencesTask" task from assembly "/usr/local/share/dotnet/sdk/8.0.407/NuGet.Build.Tasks.dll".
       Task "GetRestoreFrameworkReferencesTask"
       Done executing task "GetRestoreFrameworkReferencesTask".
       Using "GetRestoreNuGetAuditSuppressionsTask" task from assembly "/usr/local/share/dotnet/sdk/8.0.407/NuGet.Build.Tasks.dll".
       Task "GetRestoreNuGetAuditSuppressionsTask"
       Done executing task "GetRestoreNuGetAuditSuppressionsTask".
   1:6>Done building target "_GenerateProjectRestoreGraphPerFramework" in project "Cloud9.2.csproj".
   1:6>Target "_GenerateProjectRestoreGraphCurrentProject" in file "/usr/local/share/dotnet/sdk/8.0.407/NuGet.targets" from project "/Users/tp/Projects/Cloud9.2/Cloud9.2.csproj" (target "_GenerateRestoreDependencies" depends on it):
   1:6>Done building target "_GenerateProjectRestoreGraphCurrentProject" in project "Cloud9.2.csproj".
   1:6>Target "_GenerateRestoreDependencies" in file "/usr/local/share/dotnet/sdk/8.0.407/NuGet.targets" from project "/Users/tp/Projects/Cloud9.2/Cloud9.2.csproj" (target "_GenerateProjectRestoreGraph" depends on it):
   1:6>Done building target "_GenerateRestoreDependencies" in project "Cloud9.2.csproj".
   1:6>Target "_GenerateProjectRestoreGraph" in file "/usr/local/share/dotnet/sdk/8.0.407/NuGet.targets" from project "/Users/tp/Projects/Cloud9.2/Cloud9.2.csproj" (entry point):
   1:6>Done building target "_GenerateProjectRestoreGraph" in project "Cloud9.2.csproj".
   1:6>Done Building Project "/Users/tp/Projects/Cloud9.2/Cloud9.2.csproj" (_GenerateProjectRestoreGraph target(s)).
     1>Done executing task "MSBuild".
     1>Done building target "_GenerateRestoreGraph" in project "Cloud9.2.csproj".
       Target "_CheckForUnsupportedTargetFramework" skipped, due to false condition; ('$(_UnsupportedTargetFrameworkError)' == 'true') was evaluated as ('' == 'true').
     1>Target "_CollectTargetFrameworkForTelemetry" in file "/usr/local/share/dotnet/sdk/8.0.407/Sdks/Microsoft.NET.Sdk/targets/Microsoft.NET.TargetFrameworkInference.targets" from project "/Users/tp/Projects/Cloud9.2/Cloud9.2.csproj" (target "Restore" depends on it):
       Using "AllowEmptyTelemetry" task from assembly "/usr/local/share/dotnet/sdk/8.0.407/Sdks/Microsoft.NET.Sdk/targets/../tools/net8.0/Microsoft.NET.Build.Tasks.dll".
       Task "AllowEmptyTelemetry"
       Done executing task "AllowEmptyTelemetry".
     1>Done building target "_CollectTargetFrameworkForTelemetry" in project "Cloud9.2.csproj".
     1>Target "_CheckForUnsupportedNETCoreVersion" in file "/usr/local/share/dotnet/sdk/8.0.407/Sdks/Microsoft.NET.Sdk/targets/Microsoft.NET.TargetFrameworkInference.targets" from project "/Users/tp/Projects/Cloud9.2/Cloud9.2.csproj" (target "Restore" depends on it):
       Task "NETSdkError" skipped, due to false condition; ('$(_TargetFrameworkVersionWithoutV)' > '$(NETCoreAppMaximumVersion)' and '$(DisplayVSMessage)' != 'true') was evaluated as ('8.0' > '8.0' and '' != 'true').
       Task "NETSdkError" skipped, due to false condition; ('$(DisplayVSMessage)' == 'true') was evaluated as ('' == 'true').
     1>Done building target "_CheckForUnsupportedNETCoreVersion" in project "Cloud9.2.csproj".
       Target "_CheckForEolTargetFrameworks" skipped, due to false condition; ('@(_EolNetCoreTargetFrameworkVersions->AnyHaveMetadataValue('Identity', '$(_TargetFrameworkVersionWithoutV)'))' and '$(TargetFrameworkIdentifier)' == '.NETCoreApp' and '$(CheckEolTargetFramework)' == 'true') was evaluated as ('false' and '.NETCoreApp' == '.NETCoreApp' and 'true' == 'true').
       Target "_CheckForEolWorkloads" skipped, due to false condition; ('@(EolWorkload)' != '' and '$(CheckEolWorkloads)' == 'true') was evaluated as ('' != '' and 'true' == 'true').
     1>Target "_CheckForUnsupportedCppNETCoreVersion" in file "/usr/local/share/dotnet/sdk/8.0.407/Sdks/Microsoft.NET.Sdk/targets/Microsoft.NET.TargetFrameworkInference.targets" from project "/Users/tp/Projects/Cloud9.2/Cloud9.2.csproj" (target "Restore" depends on it):
       Task "NETSdkError" skipped, due to false condition; ('$(TargetFrameworkIdentifier)' == '.NETCoreApp' and '$(_TargetFrameworkVersionWithoutV)' < '3.1' and ('$(Language)' == 'C++' and '$(_EnablePackageReferencesInVCProjects)' != 'true')) was evaluated as ('.NETCoreApp' == '.NETCoreApp' and '8.0' < '3.1' and ('C#' == 'C++' and '' != 'true')).
     1>Done building target "_CheckForUnsupportedCppNETCoreVersion" in project "Cloud9.2.csproj".
       Target "_CheckForUnsupportedNETStandardVersion" skipped, due to false condition; ('$(TargetFrameworkIdentifier)' == '.NETStandard' And '$(NETStandardMaximumVersion)' != '') was evaluated as ('.NETCoreApp' == '.NETStandard' And '' != '').
       Target "_CheckForUnsupportedTargetFrameworkAndFeatureCombination" skipped, due to false condition; ('$(TargetFrameworkIdentifier)' == '.NETFramework') was evaluated as ('.NETCoreApp' == '.NETFramework').
     1>Target "Restore" in file "/usr/local/share/dotnet/sdk/8.0.407/NuGet.targets" from project "/Users/tp/Projects/Cloud9.2/Cloud9.2.csproj" (entry point):
       Task "RemoveDuplicates"
       Done executing task "RemoveDuplicates".
       Using "RestoreTask" task from assembly "/usr/local/share/dotnet/sdk/8.0.407/NuGet.Build.Tasks.dll".
       Task "RestoreTask"
         Assembly loaded during TaskRun (NuGet.Build.Tasks.RestoreTask): NuGet.Packaging, Version=6.11.1.2, Culture=neutral, PublicKeyToken=31bf3856ad364e35 (location: /usr/local/share/dotnet/sdk/8.0.407/NuGet.Packaging.dll, MVID: c3569465-2284-4cdc-80fa-53f23ad5a901, AssemblyLoadContext: MSBuild plugin /usr/local/share/dotnet/sdk/8.0.407/NuGet.Build.Tasks.dll)
         Assembly loaded during TaskRun (NuGet.Build.Tasks.RestoreTask): NuGet.LibraryModel, Version=6.11.1.2, Culture=neutral, PublicKeyToken=31bf3856ad364e35 (location: /usr/local/share/dotnet/sdk/8.0.407/NuGet.LibraryModel.dll, MVID: 9c74e240-a36b-4261-ae2d-466984d97095, AssemblyLoadContext: MSBuild plugin /usr/local/share/dotnet/sdk/8.0.407/NuGet.Build.Tasks.dll)
         Assembly loaded during TaskRun (NuGet.Build.Tasks.RestoreTask): NuGet.Versioning, Version=6.11.1.2, Culture=neutral, PublicKeyToken=31bf3856ad364e35 (location: /usr/local/share/dotnet/sdk/8.0.407/NuGet.Versioning.dll, MVID: 0ff30a8a-7983-4ede-bc2f-f9d2f526b309, AssemblyLoadContext: MSBuild plugin /usr/local/share/dotnet/sdk/8.0.407/NuGet.Build.Tasks.dll)
         Assembly loaded during TaskRun (NuGet.Build.Tasks.RestoreTask): NuGet.Frameworks, Version=6.11.1.2, Culture=neutral, PublicKeyToken=31bf3856ad364e35 (location: /usr/local/share/dotnet/sdk/8.0.407/NuGet.Frameworks.dll, MVID: 36fa17a1-abb6-4cce-b85c-dd32a6dcc45f, AssemblyLoadContext: MSBuild plugin /usr/local/share/dotnet/sdk/8.0.407/NuGet.Build.Tasks.dll)
         Assembly loaded during TaskRun (NuGet.Build.Tasks.RestoreTask): NuGet.Protocol, Version=6.11.1.2, Culture=neutral, PublicKeyToken=31bf3856ad364e35 (location: /usr/local/share/dotnet/sdk/8.0.407/NuGet.Protocol.dll, MVID: 65288774-e726-408e-8bb6-d22100f75eed, AssemblyLoadContext: MSBuild plugin /usr/local/share/dotnet/sdk/8.0.407/NuGet.Build.Tasks.dll)
         Assembly loaded during TaskRun (NuGet.Build.Tasks.RestoreTask): NuGet.Credentials, Version=6.11.1.2, Culture=neutral, PublicKeyToken=31bf3856ad364e35 (location: /usr/local/share/dotnet/sdk/8.0.407/NuGet.Credentials.dll, MVID: 07a91a3f-265a-4226-985e-876d1036d338, AssemblyLoadContext: MSBuild plugin /usr/local/share/dotnet/sdk/8.0.407/NuGet.Build.Tasks.dll)
         Assembly loaded during TaskRun (NuGet.Build.Tasks.RestoreTask): System.Security.Cryptography.X509Certificates, Version=8.0.0.0, Culture=neutral, PublicKeyToken=b03f5f7f11d50a3a (location: /usr/local/share/dotnet/shared/Microsoft.NETCore.App/8.0.14/System.Security.Cryptography.X509Certificates.dll, MVID: b6561f2c-b718-4c4a-b13e-275c5dc420db, AssemblyLoadContext: Default)
         X.509 certificate chain validation will use the fallback certificate bundle at '/usr/local/share/dotnet/sdk/8.0.407/trustedroots/codesignctl.pem'.
         X.509 certificate chain validation will use the fallback certificate bundle at '/usr/local/share/dotnet/sdk/8.0.407/trustedroots/timestampctl.pem'.
         Assembly loaded during TaskRun (NuGet.Build.Tasks.RestoreTask): NuGet.DependencyResolver.Core, Version=6.11.1.2, Culture=neutral, PublicKeyToken=31bf3856ad364e35 (location: /usr/local/share/dotnet/sdk/8.0.407/NuGet.DependencyResolver.Core.dll, MVID: 70f2641a-4895-4758-a37b-70be48187b22, AssemblyLoadContext: MSBuild plugin /usr/local/share/dotnet/sdk/8.0.407/NuGet.Build.Tasks.dll)
         Running restore with 8 concurrent jobs.
         Reading project file /Users/tp/Projects/Cloud9.2/Cloud9.2.csproj.
         Assembly loaded during TaskRun (NuGet.Build.Tasks.RestoreTask): Newtonsoft.Json, Version=13.0.0.0, Culture=neutral, PublicKeyToken=30ad4fe6b2a6aeed (location: /usr/local/share/dotnet/sdk/8.0.407/Newtonsoft.Json.dll, MVID: 7e62198b-eab2-4380-bbac-29171862d1d8, AssemblyLoadContext: MSBuild plugin /usr/local/share/dotnet/sdk/8.0.407/NuGet.Build.Tasks.dll)
         Assembly loaded during TaskRun (NuGet.Build.Tasks.RestoreTask): System.Runtime.Serialization.Primitives, Version=8.0.0.0, Culture=neutral, PublicKeyToken=b03f5f7f11d50a3a (location: /usr/local/share/dotnet/shared/Microsoft.NETCore.App/8.0.14/System.Runtime.Serialization.Primitives.dll, MVID: f5da0e69-22f7-4c76-a538-2eb610f46d6f, AssemblyLoadContext: Default)
         The restore inputs for 'Cloud9.2' have not changed. No further actions are required to complete the restore.
         Committing restore...
         Assets file has not changed. Skipping assets file writing. Path: /Users/tp/Projects/Cloud9.2/obj/project.assets.json
         No-Op restore. The cache will not be updated. Path: /Users/tp/Projects/Cloud9.2/obj/project.nuget.cache
         Restored /Users/tp/Projects/Cloud9.2/Cloud9.2.csproj (in 24 ms).
         
         NuGet Config files used:
             /Users/tp/.nuget/NuGet/NuGet.Config
         
         Feeds used:
             https://api.nuget.org/v3/index.json
         All projects are up-to-date for restore.
       Done executing task "RestoreTask".
     1>Done building target "Restore" in project "Cloud9.2.csproj".
     1>Done Building Project "/Users/tp/Projects/Cloud9.2/Cloud9.2.csproj" (Restore target(s)).
     0>The SDK "Microsoft.NET.Sdk.Web" was successfully resolved by the "DefaultSdkResolver" resolver to location "/usr/local/share/dotnet/sdk/8.0.407/Sdks/Microsoft.NET.Sdk.Web/Sdk" and version "".
       The SDK "Microsoft.NET.Sdk" was successfully resolved by the "DefaultSdkResolver" resolver to location "/usr/local/share/dotnet/sdk/8.0.407/Sdks/Microsoft.NET.Sdk/Sdk" and version "".
       Property 'MSBuildExtensionsPath' with value '/usr/local/share/dotnet/sdk/8.0.407/' expanded from the environment.
       Property reassignment: $(MSBuildProjectExtensionsPath)="/Users/tp/Projects/Cloud9.2/obj/" (previous value: "obj/") at /usr/local/share/dotnet/sdk/8.0.407/Current/Microsoft.Common.props (60,5)
       Property 'MSBuildUserExtensionsPath' with value '/Users/tp/Library/Application Support/Microsoft\MSBuild' expanded from the environment.
       Property reassignment: $(AssemblySearchPaths)="{CandidateAssemblyFiles};{HintPathFromItem}" (previous value: "{CandidateAssemblyFiles}") at /usr/local/share/dotnet/sdk/8.0.407/Sdks/Microsoft.NET.Sdk/targets/Microsoft.NET.Sdk.props (91,5)
       Property reassignment: $(AssemblySearchPaths)="{CandidateAssemblyFiles};{HintPathFromItem};{TargetFrameworkDirectory}" (previous value: "{CandidateAssemblyFiles};{HintPathFromItem}") at /usr/local/share/dotnet/sdk/8.0.407/Sdks/Microsoft.NET.Sdk/targets/Microsoft.NET.Sdk.props (92,5)
       Property reassignment: $(AssemblySearchPaths)="{CandidateAssemblyFiles};{HintPathFromItem};{TargetFrameworkDirectory};{RawFileName}" (previous value: "{CandidateAssemblyFiles};{HintPathFromItem};{TargetFrameworkDirectory}") at /usr/local/share/dotnet/sdk/8.0.407/Sdks/Microsoft.NET.Sdk/targets/Microsoft.NET.Sdk.props (93,5)
       The "DefaultSdkResolver" resolver attempted to resolve the SDK "Microsoft.NET.SDK.WorkloadAutoImportPropsLocator".
       Warnings: null
       Errors: MSB4276: The default SDK resolver failed to resolve SDK "Microsoft.NET.SDK.WorkloadAutoImportPropsLocator" because directory "/usr/local/share/dotnet/sdk/8.0.407/Sdks/Microsoft.NET.SDK.WorkloadAutoImportPropsLocator/Sdk" did not exist.
       The SDK "Microsoft.NET.SDK.WorkloadAutoImportPropsLocator" was successfully resolved by the "Microsoft.DotNet.MSBuildWorkloadSdkResolver" resolver to location "null" and version "null".
       Property reassignment: $(TargetsForTfmSpecificContentInPackage)=";PackTool;_PackProjectToolValidation" (previous value: ";PackTool") at /usr/local/share/dotnet/sdk/8.0.407/Sdks/Microsoft.NET.Sdk/targets/Microsoft.NET.PackProjectTool.props (15,5)
       The SDK "Microsoft.NET.Sdk.Razor" was successfully resolved by the "DefaultSdkResolver" resolver to location "/usr/local/share/dotnet/sdk/8.0.407/Sdks/Microsoft.NET.Sdk.Razor/Sdk" and version "".
       The SDK "Microsoft.NET.Sdk.StaticWebAssets" was successfully resolved by the "DefaultSdkResolver" resolver to location "/usr/local/share/dotnet/sdk/8.0.407/Sdks/Microsoft.NET.Sdk.StaticWebAssets/Sdk" and version "".
       Property reassignment: $(DefaultItemExcludes)=";**\node_modules\**;node_modules\**;**\jspm_packages\**;jspm_packages\**" (previous value: ";**\node_modules\**;node_modules\**") at /usr/local/share/dotnet/sdk/8.0.407/Sdks/Microsoft.NET.Sdk.StaticWebAssets/Sdk/Sdk.StaticWebAssets.StaticAssets.ProjectSystem.props (23,5)
       Property reassignment: $(DefaultItemExcludes)=";**\node_modules\**;node_modules\**;**\jspm_packages\**;jspm_packages\**;**\bower_components\**;bower_components\**" (previous value: ";**\node_modules\**;node_modules\**;**\jspm_packages\**;jspm_packages\**") at /usr/local/share/dotnet/sdk/8.0.407/Sdks/Microsoft.NET.Sdk.StaticWebAssets/Sdk/Sdk.StaticWebAssets.StaticAssets.ProjectSystem.props (24,5)
       The SDK "Microsoft.NET.Sdk.Web.ProjectSystem" was successfully resolved by the "DefaultSdkResolver" resolver to location "/usr/local/share/dotnet/sdk/8.0.407/Sdks/Microsoft.NET.Sdk.Web.ProjectSystem/Sdk" and version "".
       Property reassignment: $(OutputType)="Exe" (previous value: "Library") at /usr/local/share/dotnet/sdk/8.0.407/Sdks/Microsoft.NET.Sdk.Web.ProjectSystem/targets/Microsoft.NET.Sdk.Web.ProjectSystem.props (16,5)
       The SDK "Microsoft.NET.Sdk.Publish" was successfully resolved by the "DefaultSdkResolver" resolver to location "/usr/local/share/dotnet/sdk/8.0.407/Sdks/Microsoft.NET.Sdk.Publish/Sdk" and version "".
       Property reassignment: $(RootNamespace)="Cloud9._2" (previous value: "Cloud9.2") at /Users/tp/Projects/Cloud9.2/Cloud9.2.csproj (7,5)
       Property reassignment: $(PublishProfileImported)="false" (previous value: "true") at /usr/local/share/dotnet/sdk/8.0.407/Sdks/Microsoft.NET.Sdk/targets/Microsoft.NET.Sdk.ImportPublishProfile.targets (28,5)
       Property reassignment: $(TargetPlatformVersion)="" (previous value: "0.0") at /usr/local/share/dotnet/sdk/8.0.407/Sdks/Microsoft.NET.Sdk/targets/Microsoft.NET.TargetFrameworkInference.targets (69,5)
       Property reassignment: $(DefaultItemExcludes)=";**\node_modules\**;node_modules\**;**\jspm_packages\**;jspm_packages\**;**\bower_components\**;bower_components\**;bin/Debug//**" (previous value: ";**\node_modules\**;node_modules\**;**\jspm_packages\**;jspm_packages\**;**\bower_components\**;bower_components\**") at /usr/local/share/dotnet/sdk/8.0.407/Sdks/Microsoft.NET.Sdk/targets/Microsoft.NET.DefaultOutputPaths.targets (121,5)
       Property reassignment: $(DefaultItemExcludes)=";**\node_modules\**;node_modules\**;**\jspm_packages\**;jspm_packages\**;**\bower_components\**;bower_components\**;bin/Debug//**;obj/Debug//**" (previous value: ";**\node_modules\**;node_modules\**;**\jspm_packages\**;jspm_packages\**;**\bower_components\**;bower_components\**;bin/Debug//**") at /usr/local/share/dotnet/sdk/8.0.407/Sdks/Microsoft.NET.Sdk/targets/Microsoft.NET.DefaultOutputPaths.targets (122,5)
       Property reassignment: $(OutputPath)="bin/Debug/net8.0/" (previous value: "bin/Debug/") at /usr/local/share/dotnet/sdk/8.0.407/Sdks/Microsoft.NET.Sdk/targets/Microsoft.NET.DefaultOutputPaths.targets (137,5)
       Property reassignment: $(IntermediateOutputPath)="obj/Debug/net8.0/" (previous value: "obj/Debug/") at /usr/local/share/dotnet/sdk/8.0.407/Sdks/Microsoft.NET.Sdk/targets/Microsoft.NET.DefaultOutputPaths.targets (142,5)
       The "DefaultSdkResolver" resolver attempted to resolve the SDK "Microsoft.NET.SDK.WorkloadManifestTargetsLocator".
       Warnings: null
       Errors: MSB4276: The default SDK resolver failed to resolve SDK "Microsoft.NET.SDK.WorkloadManifestTargetsLocator" because directory "/usr/local/share/dotnet/sdk/8.0.407/Sdks/Microsoft.NET.SDK.WorkloadManifestTargetsLocator/Sdk" did not exist.
       The SDK "Microsoft.NET.SDK.WorkloadManifestTargetsLocator" was successfully resolved by the "Microsoft.DotNet.MSBuildWorkloadSdkResolver" resolver to location "/usr/local/share/dotnet/sdk-manifests/8.0.100/microsoft.net.sdk.android/34.0.43" and version "null".
       Property reassignment: $(_FrameworkIdentifierForImplicitDefine)="NET" (previous value: "NETCOREAPP") at /usr/local/share/dotnet/sdk/8.0.407/Sdks/Microsoft.NET.Sdk/targets/Microsoft.NET.Sdk.BeforeCommon.targets (187,5)
       Property reassignment: $(_FrameworkVersionForImplicitDefine)="8_0" (previous value: "8.0") at /usr/local/share/dotnet/sdk/8.0.407/Sdks/Microsoft.NET.Sdk/targets/Microsoft.NET.Sdk.BeforeCommon.targets (192,5)
       Property reassignment: $(CommandLineArgsForDesignTimeEvaluation)="-langversion:12.0 -define:TRACE" (previous value: "-langversion:12.0") at /usr/local/share/dotnet/sdk/8.0.407/Roslyn/Microsoft.CSharp.Core.targets (200,5)
       Property reassignment: $(_DebugSymbolsProduced)="true" (previous value: "false") at /usr/local/share/dotnet/sdk/8.0.407/Microsoft.Common.CurrentVersion.targets (175,5)
       Property reassignment: $(_DocumentationFileProduced)="false" (previous value: "true") at /usr/local/share/dotnet/sdk/8.0.407/Microsoft.Common.CurrentVersion.targets (185,5)
       Property reassignment: $(MSBuildCopyMarkerName)="Cloud9.2.csproj.Up2Date" (previous value: "Cloud9.2.csproj") at /usr/local/share/dotnet/sdk/8.0.407/Microsoft.Common.CurrentVersion.targets (393,5)
       Property reassignment: $(ProcessorArchitecture)="msil" (previous value: "") at /usr/local/share/dotnet/sdk/8.0.407/Microsoft.Common.CurrentVersion.targets (541,5)
       Property reassignment: $(DelaySign)="" (previous value: "false") at /usr/local/share/dotnet/sdk/8.0.407/Microsoft.Common.CurrentVersion.targets (580,5)
       Property 'LocalAppData' with value '/Users/tp/Library/Application Support' expanded from the environment.
       Property reassignment: $(_SGenGenerateSerializationAssembliesConfig)="Auto" (previous value: "") at /usr/local/share/dotnet/sdk/8.0.407/Microsoft.Common.CurrentVersion.targets (3896,5)
       Property reassignment: $(_SGenGenerateSerializationAssembliesConfig)="Off" (previous value: "Auto") at /usr/local/share/dotnet/sdk/8.0.407/Microsoft.Common.CurrentVersion.targets (3897,5)
       Property reassignment: $(_TargetsThatPrepareProjectReferences)="
             AssignProjectConfiguration;
             _SplitProjectReferencesByFileExistence
           " (previous value: "_SplitProjectReferencesByFileExistence") at /usr/local/share/dotnet/sdk/8.0.407/Microsoft.Common.CurrentVersion.targets (5099,5)
       Property 'MSBuildExtensionsPath32' with value '/usr/local/share/dotnet/sdk/8.0.407' expanded from the environment.
       Property reassignment: $(ProjectAssetsCacheFile)="/Users/tp/Projects/Cloud9.2/obj/Debug/net8.0/Cloud9.2.assets.cache" (previous value: "obj/Debug/net8.0/Cloud9.2.assets.cache") at /usr/local/share/dotnet/sdk/8.0.407/Sdks/Microsoft.NET.Sdk/targets/Microsoft.PackageDependencyResolution.targets (29,5)
       Property reassignment: $(ResolveAssemblyReferencesDependsOn)="
             
             ResolveProjectReferences;
             FindInvalidProjectReferences;
             GetFrameworkPaths;
             GetReferenceAssemblyPaths;
             PrepareForBuild;
             ResolveSDKReferences;
             ExpandSDKReferences;
           ;
             ResolvePackageDependenciesForBuild;
             _HandlePackageFileConflicts;
           " (previous value: "
             ResolveProjectReferences;
             FindInvalidProjectReferences;
             GetFrameworkPaths;
             GetReferenceAssemblyPaths;
             PrepareForBuild;
             ResolveSDKReferences;
             ExpandSDKReferences;
           ") at /usr/local/share/dotnet/sdk/8.0.407/Sdks/Microsoft.NET.Sdk/targets/Microsoft.PackageDependencyResolution.targets (80,5)
       Property reassignment: $(PrepareResourcesDependsOn)="
             ResolvePackageDependenciesForBuild;
             _HandlePackageFileConflicts;
             
             ;
             PrepareResourceNames;
             ResGen;
             CompileLicxFiles
           
           " (previous value: "
             ;
             PrepareResourceNames;
             ResGen;
             CompileLicxFiles
           ") at /usr/local/share/dotnet/sdk/8.0.407/Sdks/Microsoft.NET.Sdk/targets/Microsoft.PackageDependencyResolution.targets (86,5)
       Property reassignment: $(DefaultItemExcludes)=";**\node_modules\**;node_modules\**;**\jspm_packages\**;jspm_packages\**;**\bower_components\**;bower_components\**;bin/Debug//**;obj/Debug//**;bin//**" (previous value: ";**\node_modules\**;node_modules\**;**\jspm_packages\**;jspm_packages\**;**\bower_components\**;bower_components\**;bin/Debug//**;obj/Debug//**") at /usr/local/share/dotnet/sdk/8.0.407/Sdks/Microsoft.NET.Sdk/targets/Microsoft.NET.Sdk.DefaultItems.targets (27,5)
       Property reassignment: $(DefaultItemExcludes)=";**\node_modules\**;node_modules\**;**\jspm_packages\**;jspm_packages\**;**\bower_components\**;bower_components\**;bin/Debug//**;obj/Debug//**;bin//**;obj//**" (previous value: ";**\node_modules\**;node_modules\**;**\jspm_packages\**;jspm_packages\**;**\bower_components\**;bower_components\**;bin/Debug//**;obj/Debug//**;bin//**") at /usr/local/share/dotnet/sdk/8.0.407/Sdks/Microsoft.NET.Sdk/targets/Microsoft.NET.Sdk.DefaultItems.targets (29,5)
       Property reassignment: $(DefaultItemExcludes)=";**\node_modules\**;node_modules\**;**\jspm_packages\**;jspm_packages\**;**\bower_components\**;bower_components\**;bin/Debug//**;obj/Debug//**;bin//**;obj//**;**/*.user" (previous value: ";**\node_modules\**;node_modules\**;**\jspm_packages\**;jspm_packages\**;**\bower_components\**;bower_components\**;bin/Debug//**;obj/Debug//**;bin//**;obj//**") at /usr/local/share/dotnet/sdk/8.0.407/Sdks/Microsoft.NET.Sdk/targets/Microsoft.NET.Sdk.DefaultItems.targets (32,5)
       Property reassignment: $(DefaultItemExcludes)=";**\node_modules\**;node_modules\**;**\jspm_packages\**;jspm_packages\**;**\bower_components\**;bower_components\**;bin/Debug//**;obj/Debug//**;bin//**;obj//**;**/*.user;**/*.*proj" (previous value: ";**\node_modules\**;node_modules\**;**\jspm_packages\**;jspm_packages\**;**\bower_components\**;bower_components\**;bin/Debug//**;obj/Debug//**;bin//**;obj//**;**/*.user") at /usr/local/share/dotnet/sdk/8.0.407/Sdks/Microsoft.NET.Sdk/targets/Microsoft.NET.Sdk.DefaultItems.targets (33,5)
       Property reassignment: $(DefaultItemExcludes)=";**\node_modules\**;node_modules\**;**\jspm_packages\**;jspm_packages\**;**\bower_components\**;bower_components\**;bin/Debug//**;obj/Debug//**;bin//**;obj//**;**/*.user;**/*.*proj;**/*.sln" (previous value: ";**\node_modules\**;node_modules\**;**\jspm_packages\**;jspm_packages\**;**\bower_components\**;bower_components\**;bin/Debug//**;obj/Debug//**;bin//**;obj//**;**/*.user;**/*.*proj") at /usr/local/share/dotnet/sdk/8.0.407/Sdks/Microsoft.NET.Sdk/targets/Microsoft.NET.Sdk.DefaultItems.targets (34,5)
       Property reassignment: $(DefaultItemExcludes)=";**\node_modules\**;node_modules\**;**\jspm_packages\**;jspm_packages\**;**\bower_components\**;bower_components\**;bin/Debug//**;obj/Debug//**;bin//**;obj//**;**/*.user;**/*.*proj;**/*.sln;**/*.vssscc" (previous value: ";**\node_modules\**;node_modules\**;**\jspm_packages\**;jspm_packages\**;**\bower_components\**;bower_components\**;bin/Debug//**;obj/Debug//**;bin//**;obj//**;**/*.user;**/*.*proj;**/*.sln") at /usr/local/share/dotnet/sdk/8.0.407/Sdks/Microsoft.NET.Sdk/targets/Microsoft.NET.Sdk.DefaultItems.targets (35,5)
       Property reassignment: $(DefaultItemExcludes)=";**\node_modules\**;node_modules\**;**\jspm_packages\**;jspm_packages\**;**\bower_components\**;bower_components\**;bin/Debug//**;obj/Debug//**;bin//**;obj//**;**/*.user;**/*.*proj;**/*.sln;**/*.vssscc;**/.DS_Store" (previous value: ";**\node_modules\**;node_modules\**;**\jspm_packages\**;jspm_packages\**;**\bower_components\**;bower_components\**;bin/Debug//**;obj/Debug//**;bin//**;obj//**;**/*.user;**/*.*proj;**/*.sln;**/*.vssscc") at /usr/local/share/dotnet/sdk/8.0.407/Sdks/Microsoft.NET.Sdk/targets/Microsoft.NET.Sdk.DefaultItems.targets (36,5)
       Property reassignment: $(ResolveAssemblyReferencesDependsOn)="
             
             
             ResolveProjectReferences;
             FindInvalidProjectReferences;
             GetFrameworkPaths;
             GetReferenceAssemblyPaths;
             PrepareForBuild;
             ResolveSDKReferences;
             ExpandSDKReferences;
           ;
             ResolvePackageDependenciesForBuild;
             _HandlePackageFileConflicts;
           ;
             ResolveTargetingPackAssets;
           " (previous value: "
             
             ResolveProjectReferences;
             FindInvalidProjectReferences;
             GetFrameworkPaths;
             GetReferenceAssemblyPaths;
             PrepareForBuild;
             ResolveSDKReferences;
             ExpandSDKReferences;
           ;
             ResolvePackageDependenciesForBuild;
             _HandlePackageFileConflicts;
           ") at /usr/local/share/dotnet/sdk/8.0.407/Sdks/Microsoft.NET.Sdk/targets/Microsoft.NET.Sdk.FrameworkReferenceResolution.targets (14,5)
       Property reassignment: $(_GenerateRuntimeConfigurationPropertyInputsCache)="/Users/tp/Projects/Cloud9.2/obj/Debug/net8.0/Cloud9.2.genruntimeconfig.cache" (previous value: "obj/Debug/net8.0/Cloud9.2.genruntimeconfig.cache") at /usr/local/share/dotnet/sdk/8.0.407/Sdks/Microsoft.NET.Sdk/targets/Microsoft.NET.Sdk.targets (44,5)
       Property reassignment: $(_GeneratePublishDependencyFilePropertyInputsCache)="/Users/tp/Projects/Cloud9.2/obj/Debug/net8.0/Cloud9.2.genpublishdeps.cache" (previous value: "obj/Debug/net8.0/Cloud9.2.genpublishdeps.cache") at /usr/local/share/dotnet/sdk/8.0.407/Sdks/Microsoft.NET.Sdk/targets/Microsoft.NET.Sdk.targets (46,5)
       Property reassignment: $(_GenerateSingleFileBundlePropertyInputsCache)="/Users/tp/Projects/Cloud9.2/obj/Debug/net8.0/Cloud9.2.genbundle.cache" (previous value: "obj/Debug/net8.0/Cloud9.2.genbundle.cache") at /usr/local/share/dotnet/sdk/8.0.407/Sdks/Microsoft.NET.Sdk/targets/Microsoft.NET.Sdk.targets (48,5)
       Property reassignment: $(GenerateRuntimeConfigDevFile)="false" (previous value: "true") at /usr/local/share/dotnet/sdk/8.0.407/Sdks/Microsoft.NET.Sdk/targets/Microsoft.NET.Sdk.targets (81,5)
       Property 'HOME' with value '/Users/tp' expanded from the environment.
       Property reassignment: $(_DefaultUserProfileRuntimeStorePath)="/Users/tp/.dotnet/store" (previous value: "/Users/tp") at /usr/local/share/dotnet/sdk/8.0.407/Sdks/Microsoft.NET.Sdk/targets/Microsoft.NET.Sdk.targets (98,5)
       Property reassignment: $(AvailablePlatforms)="Any CPU,x86,x64,ARM32" (previous value: "Any CPU,x86,x64") at /usr/local/share/dotnet/sdk/8.0.407/Sdks/Microsoft.NET.Sdk/targets/Microsoft.NET.Sdk.targets (136,5)
       Property reassignment: $(AvailablePlatforms)="Any CPU,x86,x64,ARM32,ARM64" (previous value: "Any CPU,x86,x64,ARM32") at /usr/local/share/dotnet/sdk/8.0.407/Sdks/Microsoft.NET.Sdk/targets/Microsoft.NET.Sdk.targets (140,5)
       Property reassignment: $(CoreBuildDependsOn)="
             _CheckForBuildWithNoBuild;
             
             BuildOnlySettings;
             PrepareForBuild;
             PreBuildEvent;
             ResolveReferences;
             PrepareResources;
             ResolveKeySource;
             Compile;
             ExportWindowsMDFile;
             UnmanagedUnregistration;
             GenerateSerializationAssemblies;
             CreateSatelliteAssemblies;
             GenerateManifests;
             GetTargetPath;
             PrepareForRun;
             UnmanagedRegistration;
             IncrementalClean;
             PostBuildEvent
           ;
             GenerateBuildDependencyFile;
             GenerateBuildRuntimeConfigurationFiles
           " (previous value: "
             BuildOnlySettings;
             PrepareForBuild;
             PreBuildEvent;
             ResolveReferences;
             PrepareResources;
             ResolveKeySource;
             Compile;
             ExportWindowsMDFile;
             UnmanagedUnregistration;
             GenerateSerializationAssemblies;
             CreateSatelliteAssemblies;
             GenerateManifests;
             GetTargetPath;
             PrepareForRun;
             UnmanagedRegistration;
             IncrementalClean;
             PostBuildEvent
           ") at /usr/local/share/dotnet/sdk/8.0.407/Sdks/Microsoft.NET.Sdk/targets/Microsoft.NET.Sdk.targets (197,5)
       Property reassignment: $(CoreCleanDependsOn)="
             _SdkBeforeClean;
             
           " (previous value: "") at /usr/local/share/dotnet/sdk/8.0.407/Sdks/Microsoft.NET.Sdk/targets/Microsoft.NET.Sdk.targets (206,5)
       Property reassignment: $(RebuildDependsOn)="
             _SdkBeforeRebuild;
             
             BeforeRebuild;
             Clean;
             Build;
             AfterRebuild;
           
           " (previous value: "
             BeforeRebuild;
             Clean;
             Build;
             AfterRebuild;
           ") at /usr/local/share/dotnet/sdk/8.0.407/Sdks/Microsoft.NET.Sdk/targets/Microsoft.NET.Sdk.targets (213,5)
       Property reassignment: $(CompileDependsOn)="
             
             ResolveReferences;
             ResolveKeySource;
             SetWin32ManifestProperties;
             _SetPreferNativeArm64Win32ManifestProperties;
             FindReferenceAssembliesForReferences;
             _GenerateCompileInputs;
             BeforeCompile;
             _TimeStampBeforeCompile;
             _GenerateCompileDependencyCache;
             CoreCompile;
             _TimeStampAfterCompile;
             AfterCompile;
           ;
             _CreateAppHost;
             _CreateComHost;
             _GetIjwHostPaths;
           " (previous value: "
             ResolveReferences;
             ResolveKeySource;
             SetWin32ManifestProperties;
             _SetPreferNativeArm64Win32ManifestProperties;
             FindReferenceAssembliesForReferences;
             _GenerateCompileInputs;
             BeforeCompile;
             _TimeStampBeforeCompile;
             _GenerateCompileDependencyCache;
             CoreCompile;
             _TimeStampAfterCompile;
             AfterCompile;
           ") at /usr/local/share/dotnet/sdk/8.0.407/Sdks/Microsoft.NET.Sdk/targets/Microsoft.NET.Sdk.targets (679,5)
       Property reassignment: $(CreateSatelliteAssembliesDependsOn)="
             
             ;
             _GenerateSatelliteAssemblyInputs;
             ComputeIntermediateSatelliteAssemblies;
             GenerateSatelliteAssemblies
           ;
             CoreGenerateSatelliteAssemblies
           " (previous value: "
             ;
             _GenerateSatelliteAssemblyInputs;
             ComputeIntermediateSatelliteAssemblies;
             GenerateSatelliteAssemblies
           ") at /usr/local/share/dotnet/sdk/8.0.407/Sdks/Microsoft.NET.Sdk/targets/Microsoft.NET.Sdk.targets (1065,5)
       Property reassignment: $(SourceLinkUrlInitializerTargets)=";_InitializeGitHubSourceLinkUrl;_InitializeGitLabSourceLinkUrl" (previous value: ";_InitializeGitHubSourceLinkUrl") at /usr/local/share/dotnet/sdk/8.0.407/Sdks/Microsoft.SourceLink.GitLab/build/Microsoft.SourceLink.GitLab.targets (12,5)
       Property reassignment: $(SourceControlManagerUrlTranslationTargets)=";TranslateGitHubUrlsInSourceControlInformation;TranslateGitLabUrlsInSourceControlInformation" (previous value: ";TranslateGitHubUrlsInSourceControlInformation") at /usr/local/share/dotnet/sdk/8.0.407/Sdks/Microsoft.SourceLink.GitLab/build/Microsoft.SourceLink.GitLab.targets (13,5)
       Property reassignment: $(SourceLinkUrlInitializerTargets)=";_InitializeGitHubSourceLinkUrl;_InitializeGitLabSourceLinkUrl;_InitializeAzureReposGitSourceLinkUrl" (previous value: ";_InitializeGitHubSourceLinkUrl;_InitializeGitLabSourceLinkUrl") at /usr/local/share/dotnet/sdk/8.0.407/Sdks/Microsoft.SourceLink.AzureRepos.Git/build/Microsoft.SourceLink.AzureRepos.Git.targets (12,5)
       Property reassignment: $(SourceControlManagerUrlTranslationTargets)=";TranslateGitHubUrlsInSourceControlInformation;TranslateGitLabUrlsInSourceControlInformation;TranslateAzureReposGitUrlsInSourceControlInformation" (previous value: ";TranslateGitHubUrlsInSourceControlInformation;TranslateGitLabUrlsInSourceControlInformation") at /usr/local/share/dotnet/sdk/8.0.407/Sdks/Microsoft.SourceLink.AzureRepos.Git/build/Microsoft.SourceLink.AzureRepos.Git.targets (13,5)
       Property reassignment: $(SourceLinkUrlInitializerTargets)=";_InitializeGitHubSourceLinkUrl;_InitializeGitLabSourceLinkUrl;_InitializeAzureReposGitSourceLinkUrl;_InitializeBitbucketGitSourceLinkUrl" (previous value: ";_InitializeGitHubSourceLinkUrl;_InitializeGitLabSourceLinkUrl;_InitializeAzureReposGitSourceLinkUrl") at /usr/local/share/dotnet/sdk/8.0.407/Sdks/Microsoft.SourceLink.Bitbucket.Git/build/Microsoft.SourceLink.Bitbucket.Git.targets (12,5)
       Property reassignment: $(SourceControlManagerUrlTranslationTargets)=";TranslateGitHubUrlsInSourceControlInformation;TranslateGitLabUrlsInSourceControlInformation;TranslateAzureReposGitUrlsInSourceControlInformation;TranslateBitbucketGitUrlsInSourceControlInformation" (previous value: ";TranslateGitHubUrlsInSourceControlInformation;TranslateGitLabUrlsInSourceControlInformation;TranslateAzureReposGitUrlsInSourceControlInformation") at /usr/local/share/dotnet/sdk/8.0.407/Sdks/Microsoft.SourceLink.Bitbucket.Git/build/Microsoft.SourceLink.Bitbucket.Git.targets (13,5)
       Property reassignment: $(DesignerRuntimeImplementationProjectOutputGroupDependsOn)="
             
             ;
             
             ;
             BuildOnlySettings;
             PrepareForBuild;
             AssignTargetPaths;
             ResolveReferences
           
           ;
             _GenerateDesignerDepsFile;
             _GenerateDesignerRuntimeConfigFile;
             GetCopyToOutputDirectoryItems;
             _GatherDesignerShadowCopyFiles;
           " (previous value: "
             ;
             
             ;
             BuildOnlySettings;
             PrepareForBuild;
             AssignTargetPaths;
             ResolveReferences
           
           ") at /usr/local/share/dotnet/sdk/8.0.407/Sdks/Microsoft.NET.Sdk/targets/Microsoft.NET.DesignerSupport.targets (21,5)
       Property reassignment: $(_GenerateToolsSettingsFileCacheFile)="/Users/tp/Projects/Cloud9.2/obj/Debug/net8.0/Cloud9.2.toolssettingsinput.cache" (previous value: "obj/Debug/net8.0/Cloud9.2.toolssettingsinput.cache") at /usr/local/share/dotnet/sdk/8.0.407/Sdks/Microsoft.NET.Sdk/targets/Microsoft.NET.PackTool.targets (68,5)
       Property reassignment: $(_ShimInputCacheFile)="/Users/tp/Projects/Cloud9.2/obj/Debug/net8.0/Cloud9.2.shiminput.cache" (previous value: "obj/Debug/net8.0/Cloud9.2.shiminput.cache") at /usr/local/share/dotnet/sdk/8.0.407/Sdks/Microsoft.NET.Sdk/targets/Microsoft.NET.PackTool.targets (137,5)
       Property reassignment: $(_ShimCreatedSentinelFile)="/Users/tp/Projects/Cloud9.2/obj/Debug/net8.0/Cloud9.2.shimcreated.sentinel" (previous value: "obj/Debug/net8.0/Cloud9.2.shimcreated.sentinel") at /usr/local/share/dotnet/sdk/8.0.407/Sdks/Microsoft.NET.Sdk/targets/Microsoft.NET.PackTool.targets (139,5)
       Property reassignment: $(DefineConstants)="TRACE;DEBUG" (previous value: "TRACE") at /usr/local/share/dotnet/sdk/8.0.407/Sdks/Microsoft.NET.Sdk/targets/Microsoft.NET.Sdk.CSharp.targets (31,5)
       Property reassignment: $(DefineConstants)="TRACE;DEBUG;NET;NET8_0;NETCOREAPP" (previous value: "TRACE;DEBUG") at /usr/local/share/dotnet/sdk/8.0.407/Sdks/Microsoft.NET.Sdk/targets/Microsoft.NET.Sdk.CSharp.targets (34,5)
       Property reassignment: $(WarningsAsErrors)=";NU1605;SYSLIB0011" (previous value: ";NU1605") at /usr/local/share/dotnet/sdk/8.0.407/Sdks/Microsoft.NET.Sdk/targets/Microsoft.NET.Sdk.CSharp.targets (48,5)
       Property reassignment: $(PackageDescription)="Package Description" (previous value: "") at /usr/local/share/dotnet/sdk/8.0.407/Sdks/NuGet.Build.Tasks.Pack/build/NuGet.Build.Tasks.Pack.targets (34,5)
       Property reassignment: $(GenerateNuspecDependsOn)="Build;_LoadPackInputItems; _GetTargetFrameworksOutput; _WalkEachTargetPerFramework; _GetPackageFiles; " (previous value: "_LoadPackInputItems; _GetTargetFrameworksOutput; _WalkEachTargetPerFramework; _GetPackageFiles; ") at /usr/local/share/dotnet/sdk/8.0.407/Sdks/NuGet.Build.Tasks.Pack/build/NuGet.Build.Tasks.Pack.targets (59,5)
       Property reassignment: $(_IsNotSetContainersTargetsDir)="true" (previous value: "false") at /usr/local/share/dotnet/sdk/8.0.407/Sdks/Microsoft.NET.Sdk/Sdk/Sdk.targets (59,5)
       Property reassignment: $(_IsSDKContainerAllowedVersion)="true" (previous value: "false") at /usr/local/share/dotnet/sdk/8.0.407/Containers/build/Microsoft.NET.Build.Containers.targets (5,5)
       Property reassignment: $(_ContainerIsTargetingNet8TFM)="true" (previous value: "false") at /usr/local/share/dotnet/sdk/8.0.407/Containers/build/Microsoft.NET.Build.Containers.targets (15,5)
       Property 'DOTNET_HOST_PATH' with value '/usr/local/share/dotnet/dotnet' expanded from the environment.
       Property reassignment: $(PrepareForRunDependsOn)="StaticWebAssetsPrepareForRun;
             CopyFilesToOutputDirectory
           " (previous value: "
             CopyFilesToOutputDirectory
           ") at /usr/local/share/dotnet/sdk/8.0.407/Sdks/Microsoft.NET.Sdk.StaticWebAssets/targets/Microsoft.NET.Sdk.StaticWebAssets.targets (255,5)
       Property reassignment: $(GetCopyToOutputDirectoryItemsDependsOn)="
             AssignTargetPaths;
             
             AssignProjectConfiguration;
             _SplitProjectReferencesByFileExistence
           ;
             _GetProjectReferenceTargetFrameworkProperties;
             _PopulateCommonStateForGetCopyToOutputDirectoryItems
           ;AddStaticWebAssetsManifest" (previous value: "
             AssignTargetPaths;
             
             AssignProjectConfiguration;
             _SplitProjectReferencesByFileExistence
           ;
             _GetProjectReferenceTargetFrameworkProperties;
             _PopulateCommonStateForGetCopyToOutputDirectoryItems
           ") at /usr/local/share/dotnet/sdk/8.0.407/Sdks/Microsoft.NET.Sdk.StaticWebAssets/targets/Microsoft.NET.Sdk.StaticWebAssets.targets (266,5)
       Property reassignment: $(GenerateNuspecDependsOn)="
             IncludeStaticWebAssetsPackItems;
             Build;_LoadPackInputItems; _GetTargetFrameworksOutput; _WalkEachTargetPerFramework; _GetPackageFiles; ;
           " (previous value: "Build;_LoadPackInputItems; _GetTargetFrameworksOutput; _WalkEachTargetPerFramework; _GetPackageFiles; ") at /usr/local/share/dotnet/sdk/8.0.407/Sdks/Microsoft.NET.Sdk.StaticWebAssets/targets/Microsoft.NET.Sdk.StaticWebAssets.Pack.targets (41,5)
       Property reassignment: $(IncludeStaticWebAssetsPackItemsDependsOn)="
             Build;
             ResolveStaticWebAssetsConfiguration;LoadStaticWebAssetsBuildManifest
           ;
           " (previous value: "
             ResolveStaticWebAssetsConfiguration;LoadStaticWebAssetsBuildManifest
           ") at /usr/local/share/dotnet/sdk/8.0.407/Sdks/Microsoft.NET.Sdk.StaticWebAssets/targets/Microsoft.NET.Sdk.StaticWebAssets.Pack.targets (50,5)
       Property reassignment: $(ResolveStaticWebAssetsInputsDependsOn)="
           UpdateExistingPackageStaticWebAssets;ResolveProjectStaticWebAssets;ResolveEmbeddedProjectsStaticWebAssets;ResolveReferencedProjectsStaticWebAssets;;
           UpdateLegacyPackageScopedCssBundles;
           _AddScopedCssBundles;
         " (previous value: "UpdateExistingPackageStaticWebAssets;ResolveProjectStaticWebAssets;ResolveEmbeddedProjectsStaticWebAssets;ResolveReferencedProjectsStaticWebAssets;") at /usr/local/share/dotnet/sdk/8.0.407/Sdks/Microsoft.NET.Sdk.StaticWebAssets/targets/Microsoft.NET.Sdk.StaticWebAssets.ScopedCss.targets (55,3)
       Property reassignment: $(GenerateComputedBuildStaticWebAssetsDependsOn)="
           ;
           _ResolveBundlingConfiguration;
           _GenerateScopedCssFiles;
           BundleScopedCssFiles;
         " (previous value: "") at /usr/local/share/dotnet/sdk/8.0.407/Sdks/Microsoft.NET.Sdk.StaticWebAssets/targets/Microsoft.NET.Sdk.StaticWebAssets.ScopedCss.targets (61,3)
       Property reassignment: $(ResolveStaticWebAssetsInputsDependsOn)="
             
           UpdateExistingPackageStaticWebAssets;ResolveProjectStaticWebAssets;ResolveEmbeddedProjectsStaticWebAssets;ResolveReferencedProjectsStaticWebAssets;;
           UpdateLegacyPackageScopedCssBundles;
           _AddScopedCssBundles;
         ;
             _AddJsModulesToStaticWebAssets;
           " (previous value: "
           UpdateExistingPackageStaticWebAssets;ResolveProjectStaticWebAssets;ResolveEmbeddedProjectsStaticWebAssets;ResolveReferencedProjectsStaticWebAssets;;
           UpdateLegacyPackageScopedCssBundles;
           _AddScopedCssBundles;
         ") at /usr/local/share/dotnet/sdk/8.0.407/Sdks/Microsoft.NET.Sdk.StaticWebAssets/targets/Microsoft.NET.Sdk.StaticWebAssets.JSModules.targets (36,5)
       Property reassignment: $(StaticWebAssetsPrepareForRunDependsOn)="
             ;GenerateStaticWebAssetsManifest;GenerateComputedBuildStaticWebAssets;CopyStaticWebAssetsToOutputDirectory;
             _GenerateBuildJsModuleManifest;
           " (previous value: ";GenerateStaticWebAssetsManifest;GenerateComputedBuildStaticWebAssets;CopyStaticWebAssetsToOutputDirectory") at /usr/local/share/dotnet/sdk/8.0.407/Sdks/Microsoft.NET.Sdk.StaticWebAssets/targets/Microsoft.NET.Sdk.StaticWebAssets.JSModules.targets (44,5)
       Property reassignment: $(StaticWebAssetsPrepareForPublishDependsOn)="
             ;ResolveStaticWebAssetsConfiguration;GenerateStaticWebAssetsPublishManifest;GenerateComputedPublishStaticWebAssets;
             _GeneratePublishJsModuleManifest;
           " (previous value: ";ResolveStaticWebAssetsConfiguration;GenerateStaticWebAssetsPublishManifest;GenerateComputedPublishStaticWebAssets") at /usr/local/share/dotnet/sdk/8.0.407/Sdks/Microsoft.NET.Sdk.StaticWebAssets/targets/Microsoft.NET.Sdk.StaticWebAssets.JSModules.targets (49,5)
       Property reassignment: $(ResolveStaticWebAssetsInputsDependsOn)="
             
             
           UpdateExistingPackageStaticWebAssets;ResolveProjectStaticWebAssets;ResolveEmbeddedProjectsStaticWebAssets;ResolveReferencedProjectsStaticWebAssets;;
           UpdateLegacyPackageScopedCssBundles;
           _AddScopedCssBundles;
         ;
             _AddJsModulesToStaticWebAssets;
           ;
             _AddBuildJsModuleManifest;
           " (previous value: "
             
           UpdateExistingPackageStaticWebAssets;ResolveProjectStaticWebAssets;ResolveEmbeddedProjectsStaticWebAssets;ResolveReferencedProjectsStaticWebAssets;;
           UpdateLegacyPackageScopedCssBundles;
           _AddScopedCssBundles;
         ;
             _AddJsModulesToStaticWebAssets;
           ") at /usr/local/share/dotnet/sdk/8.0.407/Sdks/Microsoft.NET.Sdk.StaticWebAssets/targets/Microsoft.NET.Sdk.StaticWebAssets.JSModules.targets (54,5)
       Property reassignment: $(ResolvePublishStaticWebAssetsDependsOn)="
             LoadStaticWebAssetsBuildManifest;ComputeReferencedProjectsEmbeddedPublishAssets;ComputeReferencedProjectsPublishAssets;;
             _AddPublishJsModuleManifest
           " (previous value: "LoadStaticWebAssetsBuildManifest;ComputeReferencedProjectsEmbeddedPublishAssets;ComputeReferencedProjectsPublishAssets;") at /usr/local/share/dotnet/sdk/8.0.407/Sdks/Microsoft.NET.Sdk.StaticWebAssets/targets/Microsoft.NET.Sdk.StaticWebAssets.JSModules.targets (59,5)
       Property reassignment: $(GenerateComputedBuildStaticWebAssetsDependsOn)="
             
           ;
           _ResolveBundlingConfiguration;
           _GenerateScopedCssFiles;
           BundleScopedCssFiles;
         ;
             _CompressFiles;
           " (previous value: "
           ;
           _ResolveBundlingConfiguration;
           _GenerateScopedCssFiles;
           BundleScopedCssFiles;
         ") at /usr/local/share/dotnet/sdk/8.0.407/Sdks/Microsoft.NET.Sdk.StaticWebAssets/targets/Microsoft.NET.Sdk.StaticWebAssets.Compression.targets (35,5)
       Property reassignment: $(GenerateComputedPublishStaticWebAssetsDependsOn)="
             ;
             _CompressFilesForPublish;
           " (previous value: "") at /usr/local/share/dotnet/sdk/8.0.407/Sdks/Microsoft.NET.Sdk.StaticWebAssets/targets/Microsoft.NET.Sdk.StaticWebAssets.Compression.targets (39,5)
       Property reassignment: $(StaticWebAssetsPrepareForPublishDependsOn)="
             
             ;ResolveStaticWebAssetsConfiguration;GenerateStaticWebAssetsPublishManifest;GenerateComputedPublishStaticWebAssets;
             _GeneratePublishJsModuleManifest;
           ;
             _CompressFilesForPublish;
           " (previous value: "
             ;ResolveStaticWebAssetsConfiguration;GenerateStaticWebAssetsPublishManifest;GenerateComputedPublishStaticWebAssets;
             _GeneratePublishJsModuleManifest;
           ") at /usr/local/share/dotnet/sdk/8.0.407/Sdks/Microsoft.NET.Sdk.StaticWebAssets/targets/Microsoft.NET.Sdk.StaticWebAssets.Compression.targets (43,5)
       Property reassignment: $(ResolveStaticWebAssetsInputsDependsOn)="
             
             
             
           UpdateExistingPackageStaticWebAssets;ResolveProjectStaticWebAssets;ResolveEmbeddedProjectsStaticWebAssets;ResolveReferencedProjectsStaticWebAssets;;
           UpdateLegacyPackageScopedCssBundles;
           _AddScopedCssBundles;
         ;
             _AddJsModulesToStaticWebAssets;
           ;
             _AddBuildJsModuleManifest;
           ;
             _ResolveCompressedFiles;
           " (previous value: "
             
             
           UpdateExistingPackageStaticWebAssets;ResolveProjectStaticWebAssets;ResolveEmbeddedProjectsStaticWebAssets;ResolveReferencedProjectsStaticWebAssets;;
           UpdateLegacyPackageScopedCssBundles;
           _AddScopedCssBundles;
         ;
             _AddJsModulesToStaticWebAssets;
           ;
             _AddBuildJsModuleManifest;
           ") at /usr/local/share/dotnet/sdk/8.0.407/Sdks/Microsoft.NET.Sdk.StaticWebAssets/targets/Microsoft.NET.Sdk.StaticWebAssets.Compression.targets (47,5)
       Property reassignment: $(ResolvePublishStaticWebAssetsDependsOn)="
             
             LoadStaticWebAssetsBuildManifest;ComputeReferencedProjectsEmbeddedPublishAssets;ComputeReferencedProjectsPublishAssets;;
             _AddPublishJsModuleManifest
           ;
             _ResolveCompressedFilesForPublish;
           " (previous value: "
             LoadStaticWebAssetsBuildManifest;ComputeReferencedProjectsEmbeddedPublishAssets;ComputeReferencedProjectsPublishAssets;;
             _AddPublishJsModuleManifest
           ") at /usr/local/share/dotnet/sdk/8.0.407/Sdks/Microsoft.NET.Sdk.StaticWebAssets/targets/Microsoft.NET.Sdk.StaticWebAssets.Compression.targets (51,5)
       Property reassignment: $(ResolveScopedCssOutputsDependsOn)="
             
           ;
         ;
             ResolveCssScopes;
           " (previous value: "
           ;
         ") at /usr/local/share/dotnet/sdk/8.0.407/Sdks/Microsoft.NET.Sdk.Razor/targets/Sdk.Razor.CurrentVersion.targets (188,5)
       Property reassignment: $(DebugSymbolsProjectOutputGroupDependsOn)="
             ;
             _RazorAddDebugSymbolsProjectOutputGroupOutput
           " (previous value: "") at /usr/local/share/dotnet/sdk/8.0.407/Sdks/Microsoft.NET.Sdk.Razor/targets/Sdk.Razor.CurrentVersion.targets (193,5)
       Property reassignment: $(PrepareForBuildDependsOn)="
             ;GetFrameworkPaths;GetReferenceAssemblyPaths;AssignLinkMetadata;
             ResolveRazorGenerateInputs
           " (previous value: ";GetFrameworkPaths;GetReferenceAssemblyPaths;AssignLinkMetadata") at /usr/local/share/dotnet/sdk/8.0.407/Sdks/Microsoft.NET.Sdk.Razor/targets/Sdk.Razor.CurrentVersion.targets (198,5)
       Property reassignment: $(GenerateNuspecDependsOn)="
             ResolveRazorGenerateInputs;
             
             IncludeStaticWebAssetsPackItems;
             Build;_LoadPackInputItems; _GetTargetFrameworksOutput; _WalkEachTargetPerFramework; _GetPackageFiles; ;
           
           " (previous value: "
             IncludeStaticWebAssetsPackItems;
             Build;_LoadPackInputItems; _GetTargetFrameworksOutput; _WalkEachTargetPerFramework; _GetPackageFiles; ;
           ") at /usr/local/share/dotnet/sdk/8.0.407/Sdks/Microsoft.NET.Sdk.Razor/targets/Sdk.Razor.CurrentVersion.targets (203,5)
       Property reassignment: $(PrepareForRunDependsOn)="
             _RazorPrepareForRun;
             StaticWebAssetsPrepareForRun;
             CopyFilesToOutputDirectory
           
           " (previous value: "StaticWebAssetsPrepareForRun;
             CopyFilesToOutputDirectory
           ") at /usr/local/share/dotnet/sdk/8.0.407/Sdks/Microsoft.NET.Sdk.Razor/targets/Sdk.Razor.CurrentVersion.targets (208,5)
       Property reassignment: $(UseRazorBuildServer)="true" (previous value: "") at /usr/local/share/dotnet/sdk/8.0.407/Sdks/Microsoft.NET.Sdk.Razor/targets/Sdk.Razor.CurrentVersion.targets (299,5)
       Property reassignment: $(_RazorDebugSymbolsProduced)="true" (previous value: "false") at /usr/local/share/dotnet/sdk/8.0.407/Sdks/Microsoft.NET.Sdk.Razor/targets/Sdk.Razor.CurrentVersion.targets (305,5)
       Property reassignment: $(GenerateRazorTargetAssemblyInfoDependsOn)="
             _ResolveMvcAssemblyAttributes;
             
             GetRazorTargetAssemblyAttributes;
             _CreateRazorTargetAssemblyInfoInputsCacheFile;
             CoreGenerateRazorTargetAssemblyInfo
           
           " (previous value: "
             GetRazorTargetAssemblyAttributes;
             _CreateRazorTargetAssemblyInfoInputsCacheFile;
             CoreGenerateRazorTargetAssemblyInfo
           ") at /usr/local/share/dotnet/sdk/8.0.407/Sdks/Microsoft.NET.Sdk.Razor/targets/Microsoft.NET.Sdk.Razor.GenerateAssemblyInfo.targets (36,5)
       Property reassignment: $(CoreCompileDependsOn)="
             ;_ComputeNonExistentFileProperty;ResolveCodeAnalysisRuleSet;
             _GenerateRazorAssemblyInfo
           " (previous value: ";_ComputeNonExistentFileProperty;ResolveCodeAnalysisRuleSet") at /usr/local/share/dotnet/sdk/8.0.407/Sdks/Microsoft.NET.Sdk.Razor/targets/Microsoft.NET.Sdk.Razor.GenerateAssemblyInfo.targets (181,5)
       Property reassignment: $(_GenerateRazorAssemblyInfoDependsOn)="
             _ResolveMvcAssemblyAttributes;
             RazorGetAssemblyAttributes;PrepareForBuild;_CoreGenerateRazorAssemblyInfo;
           " (previous value: "RazorGetAssemblyAttributes;PrepareForBuild;_CoreGenerateRazorAssemblyInfo") at /usr/local/share/dotnet/sdk/8.0.407/Sdks/Microsoft.NET.Sdk.Razor/targets/Microsoft.NET.Sdk.Razor.GenerateAssemblyInfo.targets (189,5)
       Property reassignment: $(CoreCompileDependsOn)="
             _DiscoverMvcApplicationParts;
             
             ;_ComputeNonExistentFileProperty;ResolveCodeAnalysisRuleSet;
             _GenerateRazorAssemblyInfo
           ;
           " (previous value: "
             ;_ComputeNonExistentFileProperty;ResolveCodeAnalysisRuleSet;
             _GenerateRazorAssemblyInfo
           ") at /usr/local/share/dotnet/sdk/8.0.407/Sdks/Microsoft.NET.Sdk.Razor/targets/Microsoft.NET.Sdk.Razor.MvcApplicationPartsDiscovery.targets (22,5)
       Property reassignment: $(RazorDesignTimeTargets)="/usr/local/share/dotnet/sdk/8.0.407/Sdks/Microsoft.NET.Sdk.Razor/targets/Microsoft.NET.Sdk.Razor.DesignTime.targets" (previous value: "/usr/local/share/dotnet/sdk/8.0.407/Microsoft/VisualStudio/Razor/Microsoft.NET.Sdk.Razor.DesignTime.targets") at /usr/local/share/dotnet/sdk/8.0.407/Sdks/Microsoft.NET.Sdk.Razor/targets/Sdk.Razor.CurrentVersion.targets (779,5)
       Property reassignment: $(RunWorkingDirectory)="/Users/tp/Projects/Cloud9.2" (previous value: "") at /usr/local/share/dotnet/sdk/8.0.407/Sdks/Microsoft.NET.Sdk.Web.ProjectSystem/targets/Microsoft.NET.Sdk.Web.ProjectSystem.targets (21,5)
       Property reassignment: $(PublishProfileImported)="true" (previous value: "false") at /usr/local/share/dotnet/sdk/8.0.407/Sdks/Microsoft.NET.Sdk.Publish/targets/Microsoft.NET.Sdk.Publish.targets (60,5)
       Property reassignment: $(PublishConfiguration)="Debug" (previous value: "") at /usr/local/share/dotnet/sdk/8.0.407/Sdks/Microsoft.NET.Sdk.Publish/targets/Microsoft.NET.Sdk.Publish.targets (81,5)
       Property reassignment: $(BaseIntermediateOutputPath)="/Users/tp/Projects/Cloud9.2/obj/" (previous value: "obj/") at /usr/local/share/dotnet/sdk/8.0.407/Sdks/Microsoft.NET.Sdk.Publish/targets/Microsoft.NET.Sdk.Publish.targets (87,5)
       Overriding target "ResolveFrameworkReferences" in project "/usr/local/share/dotnet/sdk/8.0.407/Microsoft.Common.CurrentVersion.targets" with target "ResolveFrameworkReferences" from project "/usr/local/share/dotnet/sdk/8.0.407/Sdks/Microsoft.NET.Sdk/targets/Microsoft.NET.Sdk.FrameworkReferenceResolution.targets".
       Overriding target "Run" in project "/usr/local/share/dotnet/sdk/8.0.407/Microsoft.Common.CurrentVersion.targets" with target "Run" from project "/usr/local/share/dotnet/sdk/8.0.407/Sdks/Microsoft.NET.Sdk/targets/Microsoft.NET.Sdk.targets".
       Overriding target "GenerateSupportedTargetFrameworkAlias" in project "/usr/local/share/dotnet/sdk/8.0.407/Microsoft.Common.CurrentVersion.targets" with target "GenerateSupportedTargetFrameworkAlias" from project "/usr/local/share/dotnet/sdk/8.0.407/Sdks/Microsoft.NET.Sdk/targets/Microsoft.NET.Sdk.targets".
       Overriding target "GetReferenceAssemblyPaths" in project "/usr/local/share/dotnet/sdk/8.0.407/Microsoft.Common.CurrentVersion.targets" with target "GetReferenceAssemblyPaths" from project "/usr/local/share/dotnet/sdk/8.0.407/Sdks/Microsoft.NET.Sdk/targets/Microsoft.NET.DisableStandardFrameworkResolution.targets".
       Overriding target "GetFrameworkPaths" in project "/usr/local/share/dotnet/sdk/8.0.407/Microsoft.Common.CurrentVersion.targets" with target "GetFrameworkPaths" from project "/usr/local/share/dotnet/sdk/8.0.407/Sdks/Microsoft.NET.Sdk/targets/Microsoft.NET.DisableStandardFrameworkResolution.targets".
       Overriding target "DesignerRuntimeImplementationProjectOutputGroup" in project "/usr/local/share/dotnet/sdk/8.0.407/Microsoft.Common.CurrentVersion.targets" with target "DesignerRuntimeImplementationProjectOutputGroup" from project "/usr/local/share/dotnet/sdk/8.0.407/Sdks/Microsoft.NET.Sdk/targets/Microsoft.NET.DesignerSupport.targets".
       Overriding target "Publish" in project "/usr/local/share/dotnet/sdk/8.0.407/Microsoft.Common.CurrentVersion.targets" with target "Publish" from project "/usr/local/share/dotnet/sdk/8.0.407/Sdks/Microsoft.NET.Sdk/targets/Microsoft.NET.Publish.targets".
       Overriding target "ResolveReadyToRunCompilers" in project "/usr/local/share/dotnet/sdk/8.0.407/Sdks/Microsoft.NET.Sdk/targets/Microsoft.NET.CrossGen.targets" with target "ResolveReadyToRunCompilers" from project "/usr/local/share/dotnet/sdk/8.0.407/Sdks/Microsoft.NET.Sdk/targets/Microsoft.NET.Publish.targets".
       Overriding target "GetCopyToPublishDirectoryItems" in project "/usr/local/share/dotnet/sdk/8.0.407/Microsoft.Common.CurrentVersion.targets" with target "GetCopyToPublishDirectoryItems" from project "/usr/local/share/dotnet/sdk/8.0.407/Sdks/Microsoft.NET.Sdk/targets/Microsoft.NET.Publish.targets".
       Overriding target "BeforePublish" in project "/usr/local/share/dotnet/sdk/8.0.407/Microsoft.Common.CurrentVersion.targets" with target "BeforePublish" from project "/usr/local/share/dotnet/sdk/8.0.407/Sdks/Microsoft.NET.Sdk.Publish/targets/Microsoft.NET.Sdk.Publish.targets".
       Overriding target "AfterPublish" in project "/usr/local/share/dotnet/sdk/8.0.407/Microsoft.Common.CurrentVersion.targets" with target "AfterPublish" from project "/usr/local/share/dotnet/sdk/8.0.407/Sdks/Microsoft.NET.Sdk.Publish/targets/Microsoft.NET.Sdk.Publish.targets".
       The target "ResolveNuGetPackageAssets" listed in an AfterTargets attribute at "/Users/tp/.nuget/packages/system.text.json/8.0.4/buildTransitive/net6.0/System.Text.Json.targets (11,11)" does not exist in the project, and will be ignored.
       The target "ResolveNuGetPackageAssets" listed in an AfterTargets attribute at "/Users/tp/.nuget/packages/system.text.json/8.0.4/buildTransitive/net6.0/System.Text.Json.targets (23,11)" does not exist in the project, and will be ignored.
       The target "ResolveNuGetPackageAssets" listed in an AfterTargets attribute at "/Users/tp/.nuget/packages/microsoft.extensions.options/8.0.2/buildTransitive/net6.0/Microsoft.Extensions.Options.targets (11,11)" does not exist in the project, and will be ignored.
       The target "ResolveNuGetPackageAssets" listed in an AfterTargets attribute at "/Users/tp/.nuget/packages/microsoft.extensions.options/8.0.2/buildTransitive/net6.0/Microsoft.Extensions.Options.targets (23,11)" does not exist in the project, and will be ignored.
       The target "ResolveNuGetPackageAssets" listed in an AfterTargets attribute at "/Users/tp/.nuget/packages/microsoft.extensions.logging.abstractions/8.0.2/buildTransitive/net6.0/Microsoft.Extensions.Logging.Abstractions.targets (11,11)" does not exist in the project, and will be ignored.
       The target "ResolveNuGetPackageAssets" listed in an AfterTargets attribute at "/Users/tp/.nuget/packages/microsoft.extensions.logging.abstractions/8.0.2/buildTransitive/net6.0/Microsoft.Extensions.Logging.Abstractions.targets (23,11)" does not exist in the project, and will be ignored.
       The target "CollectUpToDateCheckInputDesignTime" listed in a BeforeTargets attribute at "/usr/local/share/dotnet/sdk/8.0.407/Sdks/Microsoft.NET.Sdk.StaticWebAssets/targets/Microsoft.NET.Sdk.StaticWebAssets.ScopedCss.targets (156,5)" does not exist in the project, and will be ignored.
       The target "CollectUpToDateCheckBuiltDesignTime" listed in a BeforeTargets attribute at "/usr/local/share/dotnet/sdk/8.0.407/Sdks/Microsoft.NET.Sdk.StaticWebAssets/targets/Microsoft.NET.Sdk.StaticWebAssets.ScopedCss.targets (156,5)" does not exist in the project, and will be ignored.
       The target "RazorGenerateComponentDeclaration" listed in an AfterTargets attribute at "/usr/local/share/dotnet/sdk/8.0.407/Sdks/Microsoft.NET.Sdk.Razor/targets/Microsoft.NET.Sdk.Razor.DesignTime.targets (55,53)" does not exist in the project, and will be ignored.
   1:7>Project "/Users/tp/Projects/Cloud9.2/Cloud9.2.csproj" on node 1 (default targets).
   1:7>Target "_CheckForUnsupportedTargetFramework" skipped, due to false condition; ('$(_UnsupportedTargetFrameworkError)' == 'true') was evaluated as ('' == 'true').
   1:7>Target "_CollectTargetFrameworkForTelemetry" in file "/usr/local/share/dotnet/sdk/8.0.407/Sdks/Microsoft.NET.Sdk/targets/Microsoft.NET.TargetFrameworkInference.targets" from project "/Users/tp/Projects/Cloud9.2/Cloud9.2.csproj" (target "_CheckForInvalidConfigurationAndPlatform" depends on it):
       Using "AllowEmptyTelemetry" task from assembly "/usr/local/share/dotnet/sdk/8.0.407/Sdks/Microsoft.NET.Sdk/targets/../tools/net8.0/Microsoft.NET.Build.Tasks.dll".
       Task "AllowEmptyTelemetry"
       Done executing task "AllowEmptyTelemetry".
   1:7>Done building target "_CollectTargetFrameworkForTelemetry" in project "Cloud9.2.csproj".
       Target "_CheckForUnsupportedTargetPlatformIdentifier" skipped, due to false condition; ('$(TargetPlatformIdentifier)' != '' and '$(TargetFrameworkIdentifier)' == '.NETCoreApp' and $([MSBuild]::VersionGreaterThanOrEquals($(TargetFrameworkVersion), 5.0)) And ('$(DesignTimeBuild)' != 'true' Or '@(MissingWorkloadPack)' == '')) was evaluated as ('' != '' and '.NETCoreApp' == '.NETCoreApp' and True And ('' != 'true' Or '' == '')).
       Target "_CheckForMissingWorkload" skipped, due to false condition; ('@(MissingWorkloadPack)' != '' And '$(DesignTimeBuild)' != 'true') was evaluated as ('' != '' And '' != 'true').
   1:7>Target "_CheckForUnsupportedNETCoreVersion" in file "/usr/local/share/dotnet/sdk/8.0.407/Sdks/Microsoft.NET.Sdk/targets/Microsoft.NET.TargetFrameworkInference.targets" from project "/Users/tp/Projects/Cloud9.2/Cloud9.2.csproj" (target "_CheckForInvalidConfigurationAndPlatform" depends on it):
       Task "NETSdkError" skipped, due to false condition; ('$(_TargetFrameworkVersionWithoutV)' > '$(NETCoreAppMaximumVersion)' and '$(DisplayVSMessage)' != 'true') was evaluated as ('8.0' > '8.0' and '' != 'true').
       Task "NETSdkError" skipped, due to false condition; ('$(DisplayVSMessage)' == 'true') was evaluated as ('' == 'true').
   1:7>Done building target "_CheckForUnsupportedNETCoreVersion" in project "Cloud9.2.csproj".
       Target "_CheckForEolTargetFrameworks" skipped, due to false condition; ('@(_EolNetCoreTargetFrameworkVersions->AnyHaveMetadataValue('Identity', '$(_TargetFrameworkVersionWithoutV)'))' and '$(TargetFrameworkIdentifier)' == '.NETCoreApp' and '$(CheckEolTargetFramework)' == 'true') was evaluated as ('false' and '.NETCoreApp' == '.NETCoreApp' and 'true' == 'true').
       Target "_CheckForEolWorkloads" skipped, due to false condition; ('@(EolWorkload)' != '' and '$(CheckEolWorkloads)' == 'true') was evaluated as ('' != '' and 'true' == 'true').
   1:7>Target "_CheckForUnsupportedCppNETCoreVersion" in file "/usr/local/share/dotnet/sdk/8.0.407/Sdks/Microsoft.NET.Sdk/targets/Microsoft.NET.TargetFrameworkInference.targets" from project "/Users/tp/Projects/Cloud9.2/Cloud9.2.csproj" (target "_CheckForInvalidConfigurationAndPlatform" depends on it):
       Task "NETSdkError" skipped, due to false condition; ('$(TargetFrameworkIdentifier)' == '.NETCoreApp' and '$(_TargetFrameworkVersionWithoutV)' < '3.1' and ('$(Language)' == 'C++' and '$(_EnablePackageReferencesInVCProjects)' != 'true')) was evaluated as ('.NETCoreApp' == '.NETCoreApp' and '8.0' < '3.1' and ('C#' == 'C++' and '' != 'true')).
   1:7>Done building target "_CheckForUnsupportedCppNETCoreVersion" in project "Cloud9.2.csproj".
       Target "_CheckForUnsupportedNETStandardVersion" skipped, due to false condition; ('$(TargetFrameworkIdentifier)' == '.NETStandard' And '$(NETStandardMaximumVersion)' != '') was evaluated as ('.NETCoreApp' == '.NETStandard' And '' != '').
       Target "_CheckForUnsupportedTargetFrameworkAndFeatureCombination" skipped, due to false condition; ('$(TargetFrameworkIdentifier)' == '.NETFramework') was evaluated as ('.NETCoreApp' == '.NETFramework').
       Target "_CheckForSupportedOSPlatformVersionHigherThanTargetPlatformVersion" skipped, due to false condition; ('$(TargetPlatformVersion)' != '' and '$(TargetFrameworkIdentifier)' == '.NETCoreApp' and $([MSBuild]::VersionGreaterThanOrEquals($(TargetFrameworkVersion), 5.0))) was evaluated as ('' != '' and '.NETCoreApp' == '.NETCoreApp' and True).
       Target "_CheckForInvalidTargetPlatformVersion" skipped, due to false condition; ('$(TargetPlatformVersion)' != '' and '$(TargetFrameworkIdentifier)' == '.NETCoreApp' and $([MSBuild]::VersionGreaterThanOrEquals($(TargetFrameworkVersion), 5.0)) and ('$(Language)' != 'C++' or '$(_EnablePackageReferencesInVCProjects)' == 'true')) was evaluated as ('' != '' and '.NETCoreApp' == '.NETCoreApp' and True and ('C#' != 'C++' or '' == 'true')).
   1:7>Target "_CheckForUnsupportedArtifactsPath" in file "/usr/local/share/dotnet/sdk/8.0.407/Sdks/Microsoft.NET.Sdk/targets/Microsoft.NET.DefaultOutputPaths.targets" from project "/Users/tp/Projects/Cloud9.2/Cloud9.2.csproj" (target "_CheckForInvalidConfigurationAndPlatform" depends on it):
       Task "NetSdkError" skipped, due to false condition; ('$(UseArtifactsOutput)' == 'true' and '$(_ArtifactsPathSetEarly)' != 'true') was evaluated as ('' == 'true' and '' != 'true').
       Task "NetSdkError" skipped, due to false condition; ('$(_ArtifactsPathLocationType)' == 'ProjectFolder') was evaluated as ('' == 'ProjectFolder').
   1:7>Done building target "_CheckForUnsupportedArtifactsPath" in project "Cloud9.2.csproj".
       Target "_CheckForMissingWorkload" skipped, due to false condition; ('@(MissingWorkloadPack)' != '' And '$(DesignTimeBuild)' != 'true') was evaluated as ('' != '' And '' != 'true').
   1:7>Target "_CheckForUnsupportedAppHostUsage" in file "/usr/local/share/dotnet/sdk/8.0.407/Sdks/Microsoft.NET.Sdk/targets/Microsoft.NET.RuntimeIdentifierInference.targets" from project "/Users/tp/Projects/Cloud9.2/Cloud9.2.csproj" (target "_CheckForInvalidConfigurationAndPlatform" depends on it):
       Task "NETSdkError" skipped, due to false condition; ('$(SelfContained)' == 'true' and '$(RuntimeIdentifier)' == '' and '$(AllowSelfContainedWithoutRuntimeIdentifier)' != 'true') was evaluated as ('false' == 'true' and '' == '' and '' != 'true').
       Task "NETSdkError" skipped, due to false condition; ('$(PublishReadyToRun)' == 'true' and '$(RuntimeIdentifier)' == '' and '$(_IsPublishing)' == 'true') was evaluated as ('' == 'true' and '' == '' and '' == 'true').
       Task "NETSdkError" skipped, due to false condition; ('$(PublishSingleFile)' == 'true' and '$(RuntimeIdentifier)' == '' and '$(_IsPublishing)' == 'true') was evaluated as ('' == 'true' and '' == '' and '' == 'true').
       Task "NETSdkError" skipped, due to false condition; ('$(PublishAot)' == 'true' and '$(RuntimeIdentifier)' == '' and '$(_IsPublishing)' == 'true' and '$(AllowPublishAotWithoutRuntimeIdentifier)' != 'true') was evaluated as ('' == 'true' and '' == '' and '' == 'true' and '' != 'true').
       Task "NETSdkError" skipped, due to false condition; ('$(PublishSelfContained)' != 'true' and '$(PublishSelfContained)' != 'false' and '$(PublishSelfContained)' != '') was evaluated as ('' != 'true' and '' != 'false' and '' != '').
       Task "NETSdkError" skipped, due to false condition; ('$(SelfContained)' == 'true' and '$(UseAppHost)' != 'true' and '$(_RuntimeIdentifierUsesAppHost)' == 'true') was evaluated as ('false' == 'true' and 'true' != 'true' and 'true' == 'true').
       Task "NETSdkError" skipped, due to false condition; ('$(SelfContained)' != 'true' and '$(UseAppHost)' == 'true' and '$(_TargetFrameworkVersionWithoutV)' < '2.1') was evaluated as ('false' != 'true' and 'true' == 'true' and '8.0' < '2.1').
       Task "NETSdkError" skipped, due to false condition; ('$(PublishSingleFile)' == 'true' and '$(_TargetFrameworkVersionWithoutV)' < '3.0') was evaluated as ('' == 'true' and '8.0' < '3.0').
       Task "NETSdkWarning" skipped, due to false condition; ('$(PublishReadyToRun)' == 'true' and '$(_TargetFrameworkVersionWithoutV)' < '3.0') was evaluated as ('' == 'true' and '8.0' < '3.0').
       Task "NETSdkWarning" skipped, due to false condition; ('$(RuntimeIdentifier)' != '' and '$(_TargetFrameworkVersionWithoutV)' != '' and $([MSBuild]::VersionLessThan($(_TargetFrameworkVersionWithoutV), '8.0')) and '$(_SelfContainedWasSpecified)' != 'true') was evaluated as ('' != '' and '8.0' != '' and False and '' != 'true').
       Task "NetSdkError" skipped, due to false condition; (('$(UseWindowsForms)' == 'true') and ('$(PublishTrimmed)' == 'true') and ('$(_SuppressWinFormsTrimError)' != 'true')) was evaluated as (('' == 'true') and ('' == 'true') and ('' != 'true')).
       Task "NetSdkError" skipped, due to false condition; (('$(UseWpf)' == 'true') and ('$(PublishTrimmed)' == 'true') and ('$(_SuppressWpfTrimError)' != 'true')) was evaluated as (('' == 'true') and ('' == 'true') and ('' != 'true')).
   1:7>Done building target "_CheckForUnsupportedAppHostUsage" in project "Cloud9.2.csproj".
   1:7>Target "_CheckForUnsupportedHostingUsage" in file "/usr/local/share/dotnet/sdk/8.0.407/Sdks/Microsoft.NET.Sdk/targets/Microsoft.NET.RuntimeIdentifierInference.targets" from project "/Users/tp/Projects/Cloud9.2/Cloud9.2.csproj" (target "_CheckForInvalidConfigurationAndPlatform" depends on it):
       Task "NETSdkWarning" skipped, due to false condition; ('$(SelfContained)' == 'true' and '$(EnableComHosting)' == 'true') was evaluated as ('false' == 'true' and '' == 'true').
   1:7>Done building target "_CheckForUnsupportedHostingUsage" in project "Cloud9.2.csproj".
   1:7>Target "_CheckAndUnsetUnsupportedPrefer32Bit" in file "/usr/local/share/dotnet/sdk/8.0.407/Sdks/Microsoft.NET.Sdk/targets/Microsoft.NET.RuntimeIdentifierInference.targets" from project "/Users/tp/Projects/Cloud9.2/Cloud9.2.csproj" (target "_CheckForInvalidConfigurationAndPlatform" depends on it):
       Task "NETSdkWarning" skipped, due to false condition; ('$(Prefer32Bit)' == 'true') was evaluated as ('false' == 'true').
   1:7>Done building target "_CheckAndUnsetUnsupportedPrefer32Bit" in project "Cloud9.2.csproj".
       Target "_CheckForMismatchingPlatform" skipped, due to false condition; ('$(RuntimeIdentifier)' != '' and '$(PlatformTarget)' != '') was evaluated as ('' != '' and '' != '').
   1:7>Target "_CheckForLanguageAndFeatureCombinationSupport" in file "/usr/local/share/dotnet/sdk/8.0.407/Sdks/Microsoft.NET.Sdk/targets/Microsoft.NET.RuntimeIdentifierInference.targets" from project "/Users/tp/Projects/Cloud9.2/Cloud9.2.csproj" (target "_CheckForInvalidConfigurationAndPlatform" depends on it):
       Task "NETSdkError" skipped, due to false condition; (('$(Language)' == 'C++' and '$(_EnablePackageReferencesInVCProjects)' != 'true') and $(OutputType) != 'library' and '$(TargetFrameworkIdentifier)' == '.NETCoreApp') was evaluated as (('C#' == 'C++' and '' != 'true') and Exe != 'library' and '.NETCoreApp' == '.NETCoreApp').
       Task "NETSdkError" skipped, due to false condition; (('$(Language)' == 'C++' and '$(_EnablePackageReferencesInVCProjects)' != 'true') and $(EnableComHosting) == 'true') was evaluated as (('C#' == 'C++' and '' != 'true') and  == 'true').
       Task "NETSdkError" skipped, due to false condition; (('$(Language)' == 'C++' and '$(_EnablePackageReferencesInVCProjects)' != 'true') and $(SelfContained) == 'true') was evaluated as (('C#' == 'C++' and '' != 'true') and false == 'true').
   1:7>Done building target "_CheckForLanguageAndFeatureCombinationSupport" in project "Cloud9.2.csproj".
       Target "_CheckForNETCoreSdkIsPreview" skipped, due to false condition; ( '$(_NETCoreSdkIsPreview)' == 'true' AND '$(SuppressNETCoreSdkPreviewMessage)' != 'true' ) was evaluated as ( 'false' == 'true' AND '' != 'true' ).
   1:7>Target "_GetProjectJsonPath" in file "/usr/local/share/dotnet/sdk/8.0.407/NuGet.targets" from project "/Users/tp/Projects/Cloud9.2/Cloud9.2.csproj" (target "_GetRestoreProjectStyle" depends on it):
       Task "GetRestoreProjectJsonPathTask" skipped, due to false condition; ( '$(RestoreProjectStyle)' == 'ProjectJson' OR '$(RestoreProjectStyle)' == '' ) was evaluated as ( 'PackageReference' == 'ProjectJson' OR 'PackageReference' == '' ).
   1:7>Done building target "_GetProjectJsonPath" in project "Cloud9.2.csproj".
       Target "_CheckForUnsupportedTargetPlatformIdentifier" skipped, due to false condition; ('$(TargetPlatformIdentifier)' != '' and '$(TargetFrameworkIdentifier)' == '.NETCoreApp' and $([MSBuild]::VersionGreaterThanOrEquals($(TargetFrameworkVersion), 5.0)) And ('$(DesignTimeBuild)' != 'true' Or '@(MissingWorkloadPack)' == '')) was evaluated as ('' != '' and '.NETCoreApp' == '.NETCoreApp' and True And ('' != 'true' Or '' == '')).
       Target "_CheckForMissingWorkload" skipped, due to false condition; ('@(MissingWorkloadPack)' != '' And '$(DesignTimeBuild)' != 'true') was evaluated as ('' != '' And '' != 'true').
       Target "_CheckForUnsupportedNETStandardVersion" skipped, due to false condition; ('$(TargetFrameworkIdentifier)' == '.NETStandard' And '$(NETStandardMaximumVersion)' != '') was evaluated as ('.NETCoreApp' == '.NETStandard' And '' != '').
       Target "_CheckForUnsupportedTargetFrameworkAndFeatureCombination" skipped, due to false condition; ('$(TargetFrameworkIdentifier)' == '.NETFramework') was evaluated as ('.NETCoreApp' == '.NETFramework').
   1:7>Target "UpdateAspNetToFrameworkReference" in file "/usr/local/share/dotnet/sdk/8.0.407/Sdks/Microsoft.NET.Sdk/targets/Microsoft.NET.Sdk.DefaultItems.Shared.targets" from project "/Users/tp/Projects/Cloud9.2/Cloud9.2.csproj" (target "ApplyImplicitVersions" depends on it):
       Using "CheckIfPackageReferenceShouldBeFrameworkReference" task from assembly "/usr/local/share/dotnet/sdk/8.0.407/Sdks/Microsoft.NET.Sdk/targets/../tools/net8.0/Microsoft.NET.Build.Tasks.dll".
       Task "CheckIfPackageReferenceShouldBeFrameworkReference"
       Done executing task "CheckIfPackageReferenceShouldBeFrameworkReference".
       Task "NETSdkError" skipped, due to false condition; ('$(_ShouldRemoveAspNetCoreAll)' == 'true') was evaluated as ('False' == 'true').
       Task "CheckIfPackageReferenceShouldBeFrameworkReference"
       Done executing task "CheckIfPackageReferenceShouldBeFrameworkReference".
       Task "NETSdkWarning" skipped, due to false condition; ('$(_ShouldRemoveAspNetCoreApp)' == 'true') was evaluated as ('False' == 'true').
   1:7>Done building target "UpdateAspNetToFrameworkReference" in project "Cloud9.2.csproj".
       Target "IncludeTargetingPackReference" skipped, due to false condition; ('$(TargetFrameworkMoniker)' != '' and '$(TargetFrameworkIdentifier)' == '.NETFramework' and '$(AutomaticallyUseReferenceAssemblyPackages)' == 'true') was evaluated as ('.NETCoreApp,Version=v8.0' != '' and '.NETCoreApp' == '.NETFramework' and 'true' == 'true').
   1:7>Target "CheckForImplicitPackageReferenceOverrides" in file "/usr/local/share/dotnet/sdk/8.0.407/Sdks/Microsoft.NET.Sdk/targets/Microsoft.NET.Sdk.DefaultItems.Shared.targets" from project "/Users/tp/Projects/Cloud9.2/Cloud9.2.csproj" (target "ApplyImplicitVersions" depends on it):
       Using "CheckForImplicitPackageReferenceOverrides" task from assembly "/usr/local/share/dotnet/sdk/8.0.407/Sdks/Microsoft.NET.Sdk/targets/../tools/net8.0/Microsoft.NET.Build.Tasks.dll".
       Task "CheckForImplicitPackageReferenceOverrides"
       Done executing task "CheckForImplicitPackageReferenceOverrides".
   1:7>Done building target "CheckForImplicitPackageReferenceOverrides" in project "Cloud9.2.csproj".
   1:7>Target "ApplyImplicitVersions" in file "/usr/local/share/dotnet/sdk/8.0.407/Sdks/Microsoft.NET.Sdk/targets/Microsoft.NET.Sdk.DefaultItems.Shared.targets" from project "/Users/tp/Projects/Cloud9.2/Cloud9.2.csproj" (target "CollectPackageReferences" depends on it):
       Using "ApplyImplicitVersions" task from assembly "/usr/local/share/dotnet/sdk/8.0.407/Sdks/Microsoft.NET.Sdk/targets/../tools/net8.0/Microsoft.NET.Build.Tasks.dll".
       Task "ApplyImplicitVersions"
       Done executing task "ApplyImplicitVersions".
   1:7>Done building target "ApplyImplicitVersions" in project "Cloud9.2.csproj".
       Target "CheckForImplicitPackageReferenceOverrides" skipped. Previously built successfully.
       Target "AddWindowsSdkKnownFrameworkReferences" skipped, due to false condition; ('$(TargetFrameworkIdentifier)' == '.NETCoreApp' And '$(TargetPlatformIdentifier)' == 'Windows') was evaluated as ('.NETCoreApp' == '.NETCoreApp' And '' == 'Windows').
       Target "_NormalizeTargetPlatformVersion" skipped, due to false condition; ('$(TargetPlatformVersion)' != '' and '$(TargetFrameworkIdentifier)' == '.NETCoreApp' and $([MSBuild]::VersionGreaterThanOrEquals($(TargetFrameworkVersion), 5.0)) and ('$(Language)' != 'C++' or '$(_EnablePackageReferencesInVCProjects)' == 'true')) was evaluated as ('' != '' and '.NETCoreApp' == '.NETCoreApp' and True and ('C#' != 'C++' or '' == 'true')).
   1:7>Target "_ComputeToolPackInputsToProcessFrameworkReferences" in file "/usr/local/share/dotnet/sdk/8.0.407/Sdks/Microsoft.NET.Sdk/targets/Microsoft.NET.Publish.targets" from project "/Users/tp/Projects/Cloud9.2/Cloud9.2.csproj" (target "ProcessFrameworkReferences" depends on it):
   1:7>Done building target "_ComputeToolPackInputsToProcessFrameworkReferences" in project "Cloud9.2.csproj".
   1:7>Target "ProcessFrameworkReferences" in file "/usr/local/share/dotnet/sdk/8.0.407/Sdks/Microsoft.NET.Sdk/targets/Microsoft.NET.Sdk.FrameworkReferenceResolution.targets" from project "/Users/tp/Projects/Cloud9.2/Cloud9.2.csproj" (target "CollectPackageReferences" depends on it):
       Using "CheckForDuplicateFrameworkReferences" task from assembly "/usr/local/share/dotnet/sdk/8.0.407/Sdks/Microsoft.NET.Sdk/targets/../tools/net8.0/Microsoft.NET.Build.Tasks.dll".
       Task "CheckForDuplicateFrameworkReferences"
       Done executing task "CheckForDuplicateFrameworkReferences".
       Using "ProcessFrameworkReferences" task from assembly "/usr/local/share/dotnet/sdk/8.0.407/Sdks/Microsoft.NET.Sdk/targets/../tools/net8.0/Microsoft.NET.Build.Tasks.dll".
       Task "ProcessFrameworkReferences"
       Done executing task "ProcessFrameworkReferences".
       Using "ResolveAppHosts" task from assembly "/usr/local/share/dotnet/sdk/8.0.407/Sdks/Microsoft.NET.Sdk/targets/../tools/net8.0/Microsoft.NET.Build.Tasks.dll".
       Task "ResolveAppHosts"
       Done executing task "ResolveAppHosts".
   1:7>Done building target "ProcessFrameworkReferences" in project "Cloud9.2.csproj".
       Target "IncludeTargetingPackReference" skipped, due to false condition; ('$(TargetFrameworkMoniker)' != '' and '$(TargetFrameworkIdentifier)' == '.NETFramework' and '$(AutomaticallyUseReferenceAssemblyPackages)' == 'true') was evaluated as ('.NETCoreApp,Version=v8.0' != '' and '.NETCoreApp' == '.NETFramework' and 'true' == 'true').
   1:7>Target "_AddMicrosoftNetCompilerToolsetFrameworkPackage" in file "/usr/local/share/dotnet/sdk/8.0.407/Sdks/Microsoft.NET.Sdk/targets/Microsoft.NET.Sdk.targets" from project "/Users/tp/Projects/Cloud9.2/Cloud9.2.csproj" (target "CollectPackageReferences" depends on it):
       Task "NETSdkWarning" skipped, due to false condition; ('@(PackageReference->AnyHaveMetadataValue('Identity', 'Microsoft.Net.Compilers.Toolset.Framework'))' == 'true') was evaluated as ('false' == 'true').
   1:7>Done building target "_AddMicrosoftNetCompilerToolsetFrameworkPackage" in project "Cloud9.2.csproj".
   1:7>Target "_CheckForObsoleteDotNetCliToolReferences" in file "/usr/local/share/dotnet/sdk/8.0.407/Sdks/Microsoft.NET.Sdk/targets/Microsoft.NET.ObsoleteReferences.targets" from project "/Users/tp/Projects/Cloud9.2/Cloud9.2.csproj" (target "CollectPackageReferences" depends on it):
       Task "NETSdkWarning" skipped, due to false condition; ( '%(_ReferenceToObsoleteDotNetCliTool.Identity)' != '' ) was evaluated as ( '' != '' ).
   1:7>Done building target "_CheckForObsoleteDotNetCliToolReferences" in project "Cloud9.2.csproj".
   1:7>Target "CollectPackageReferences" in file "/usr/local/share/dotnet/sdk/8.0.407/NuGet.targets" from project "/Users/tp/Projects/Cloud9.2/Cloud9.2.csproj" (target "_GetRestoreProjectStyle" depends on it):
       Using "CheckForDuplicateNuGetItemsTask" task from assembly "/usr/local/share/dotnet/sdk/8.0.407/NuGet.Build.Tasks.dll".
       Task "CheckForDuplicateNuGetItemsTask"
       Done executing task "CheckForDuplicateNuGetItemsTask".
   1:7>Done building target "CollectPackageReferences" in project "Cloud9.2.csproj".
   1:7>Target "_GetRestoreProjectStyle" in file "/usr/local/share/dotnet/sdk/8.0.407/NuGet.targets" from project "/Users/tp/Projects/Cloud9.2/Cloud9.2.csproj" (target "EnableIntermediateOutputPathMismatchWarning" depends on it):
       Using "GetRestoreProjectStyleTask" task from assembly "/usr/local/share/dotnet/sdk/8.0.407/NuGet.Build.Tasks.dll".
       Task "GetRestoreProjectStyleTask"
       Done executing task "GetRestoreProjectStyleTask".
   1:7>Done building target "_GetRestoreProjectStyle" in project "Cloud9.2.csproj".
   1:7>Target "EnableIntermediateOutputPathMismatchWarning" in file "/usr/local/share/dotnet/sdk/8.0.407/NuGet.targets" from project "/Users/tp/Projects/Cloud9.2/Cloud9.2.csproj" (target "_CheckForInvalidConfigurationAndPlatform" depends on it):
   1:7>Done building target "EnableIntermediateOutputPathMismatchWarning" in project "Cloud9.2.csproj".
       Target "ApplyImplicitVersions" skipped. Previously built successfully.
       Target "CheckForImplicitPackageReferenceOverrides" skipped. Previously built successfully.
   1:7>Target "CheckForDuplicateItems" in file "/usr/local/share/dotnet/sdk/8.0.407/Sdks/Microsoft.NET.Sdk/targets/Microsoft.NET.Sdk.DefaultItems.Shared.targets" from project "/Users/tp/Projects/Cloud9.2/Cloud9.2.csproj" (target "_CheckForInvalidConfigurationAndPlatform" depends on it):
       Using "CheckForDuplicateItems" task from assembly "/usr/local/share/dotnet/sdk/8.0.407/Sdks/Microsoft.NET.Sdk/targets/../tools/net8.0/Microsoft.NET.Build.Tasks.dll".
       Task "CheckForDuplicateItems"
       Done executing task "CheckForDuplicateItems".
       Task "CheckForDuplicateItems"
       Done executing task "CheckForDuplicateItems".
       Task "CheckForDuplicateItems"
       Done executing task "CheckForDuplicateItems".
   1:7>Done building target "CheckForDuplicateItems" in project "Cloud9.2.csproj".
       Target "WarnForExplicitVersions" skipped, due to false condition; ('@(SdkBuildWarning)' != '') was evaluated as ('' != '').
       Target "_CheckForFailedSDKResolution" skipped, due to false condition; ('$(SdkResolverHonoredGlobalJson)' == 'false') was evaluated as ('' == 'false').
       Target "_WarnWhenUsingNET8AndVSPriorTo178" skipped, due to false condition; ($([MSBuild]::VersionLessThan($(MSBuildVersion), '17.8.0')) and '$(TargetFrameworkIdentifier)' == '.NETCoreApp' and $([MSBuild]::VersionGreaterThanOrEquals($(_TargetFrameworkVersionWithoutV), '8.0'))) was evaluated as (False and '.NETCoreApp' == '.NETCoreApp' and True).
       Target "_CheckForInvalidWindowsDesktopTargetingConfiguration" skipped, due to false condition; ('$(TargetFrameworkIdentifier)' == '.NETCoreApp' and $([MSBuild]::VersionGreaterThanOrEquals($(_TargetFrameworkVersionWithoutV), '5.0')) and ('$(UseWindowsForms)' == 'true' or '$(UseWPF)' == 'true')) was evaluated as ('.NETCoreApp' == '.NETCoreApp' and True and ('' == 'true' or '' == 'true')).
       Target "_CheckForUnnecessaryWindowsDesktopSDK" skipped, due to false condition; ('$(TargetFrameworkIdentifier)' == '.NETCoreApp' and $([MSBuild]::VersionGreaterThanOrEquals($(_TargetFrameworkVersionWithoutV), '5.0')) and '$(_MicrosoftWindowsDesktopSdkImported)' == 'true' and '$(TargetFrameworks)' == '') was evaluated as ('.NETCoreApp' == '.NETCoreApp' and True and '' == 'true' and '' == '').
       Target "ProcessFrameworkReferences" skipped. Previously built successfully.
       Target "IncludeTargetingPackReference" skipped, due to false condition; ('$(TargetFrameworkMoniker)' != '' and '$(TargetFrameworkIdentifier)' == '.NETFramework' and '$(AutomaticallyUseReferenceAssemblyPackages)' == 'true') was evaluated as ('.NETCoreApp,Version=v8.0' != '' and '.NETCoreApp' == '.NETFramework' and 'true' == 'true').
   1:7>Target "_CheckForInvalidConfigurationAndPlatform" in file "/usr/local/share/dotnet/sdk/8.0.407/Microsoft.Common.CurrentVersion.targets" from project "/Users/tp/Projects/Cloud9.2/Cloud9.2.csproj" (target "BeforeBuild" depends on it):
       Task "Error" skipped, due to false condition; ( '$(_InvalidConfigurationError)' == 'true' ) was evaluated as ( '' == 'true' ).
       Task "Warning" skipped, due to false condition; ( '$(_InvalidConfigurationWarning)' == 'true' ) was evaluated as ( '' == 'true' ).
       Task "Message"
         Configuration=Debug
       Done executing task "Message".
       Task "Message"
         Platform=AnyCPU
       Done executing task "Message".
       Task "Error" skipped, due to false condition; ('$(OutDir)' != '' and !HasTrailingSlash('$(OutDir)')) was evaluated as ('bin/Debug/net8.0/' != '' and !HasTrailingSlash('bin/Debug/net8.0/')).
       Task "Error" skipped, due to false condition; ('$(IntermediateOutputPath)' != '' and !HasTrailingSlash('$(IntermediateOutputPath)')) was evaluated as ('obj/Debug/net8.0/' != '' and !HasTrailingSlash('obj/Debug/net8.0/')).
       Task "Error" skipped, due to false condition; ('$(BaseIntermediateOutputPath)' != '' and !HasTrailingSlash('$(BaseIntermediateOutputPath)')) was evaluated as ('/Users/tp/Projects/Cloud9.2/obj/' != '' and !HasTrailingSlash('/Users/tp/Projects/Cloud9.2/obj/')).
       Task "MSBuildInternalMessage" skipped, due to false condition; ( '$(Prefer32Bit)' == 'true' and '$(PreferNativeArm64)' == 'true' ) was evaluated as ( 'false' == 'true' and '' == 'true' ).
       Task "MSBuildInternalMessage" skipped, due to false condition; ( '$(NoWin32Manifest)' == 'true' and '$(PreferNativeArm64)' == 'true' ) was evaluated as ( '' == 'true' and '' == 'true' ).
       Task "MSBuildInternalMessage" skipped, due to false condition; ( '$(PreferNativeArm64)' == 'true' and '$(Platform)' != 'AnyCPU' ) was evaluated as ( '' == 'true' and 'AnyCPU' != 'AnyCPU' ).
       Task "Error" skipped, due to false condition; ( '$(_InitialMSBuildProjectExtensionsPath)' != '' And '$(MSBuildProjectExtensionsPath)' != '$(_InitialMSBuildProjectExtensionsPath)' ) was evaluated as ( '/Users/tp/Projects/Cloud9.2/obj/' != '' And '/Users/tp/Projects/Cloud9.2/obj/' != '/Users/tp/Projects/Cloud9.2/obj/' ).
       Task "Warning" skipped, due to false condition; ( '$(EnableBaseIntermediateOutputPathMismatchWarning)' == 'true' And '$(_InitialBaseIntermediateOutputPath)' != '$(BaseIntermediateOutputPath)' And '$(BaseIntermediateOutputPath)' != '$(MSBuildProjectExtensionsPath)' ) was evaluated as ( 'true' == 'true' And 'obj/' != '/Users/tp/Projects/Cloud9.2/obj/' And '/Users/tp/Projects/Cloud9.2/obj/' != '/Users/tp/Projects/Cloud9.2/obj/' ).
   1:7>Done building target "_CheckForInvalidConfigurationAndPlatform" in project "Cloud9.2.csproj".
   1:7>Target "ValidateCommandLineProperties" in file "/usr/local/share/dotnet/sdk/8.0.407/Sdks/Microsoft.NET.Sdk/targets/Microsoft.NET.Sdk.targets" from project "/Users/tp/Projects/Cloud9.2/Cloud9.2.csproj" (target "BeforeBuild" depends on it):
   1:7>Done building target "ValidateCommandLineProperties" in project "Cloud9.2.csproj".
   1:7>Target "BeforeBuild" in file "/usr/local/share/dotnet/sdk/8.0.407/Microsoft.Common.CurrentVersion.targets" from project "/Users/tp/Projects/Cloud9.2/Cloud9.2.csproj" (target "Build" depends on it):
   1:7>Done building target "BeforeBuild" in project "Cloud9.2.csproj".
       Target "_CheckForBuildWithNoBuild" skipped, due to false condition; ('$(NoBuild)' == 'true' and '$(GeneratePackageOnBuild)' != 'true') was evaluated as ('' == 'true' and 'false' != 'true').
   1:7>Target "BuildOnlySettings" in file "/usr/local/share/dotnet/sdk/8.0.407/Microsoft.Common.CurrentVersion.targets" from project "/Users/tp/Projects/Cloud9.2/Cloud9.2.csproj" (target "CoreBuild" depends on it):
   1:7>Done building target "BuildOnlySettings" in project "Cloud9.2.csproj".
       Target "_CheckForUnsupportedTargetFramework" skipped, due to false condition; ('$(_UnsupportedTargetFrameworkError)' == 'true') was evaluated as ('' == 'true').
       Target "_CheckForUnsupportedTargetPlatformIdentifier" skipped, due to false condition; ('$(TargetPlatformIdentifier)' != '' and '$(TargetFrameworkIdentifier)' == '.NETCoreApp' and $([MSBuild]::VersionGreaterThanOrEquals($(TargetFrameworkVersion), 5.0)) And ('$(DesignTimeBuild)' != 'true' Or '@(MissingWorkloadPack)' == '')) was evaluated as ('' != '' and '.NETCoreApp' == '.NETCoreApp' and True And ('' != 'true' Or '' == '')).
       Target "_CheckForMissingWorkload" skipped, due to false condition; ('@(MissingWorkloadPack)' != '' And '$(DesignTimeBuild)' != 'true') was evaluated as ('' != '' And '' != 'true').
   1:7>Target "GetFrameworkPaths" in file "/usr/local/share/dotnet/sdk/8.0.407/Sdks/Microsoft.NET.Sdk/targets/Microsoft.NET.DisableStandardFrameworkResolution.targets" from project "/Users/tp/Projects/Cloud9.2/Cloud9.2.csproj" (target "PrepareForBuild" depends on it):
   1:7>Done building target "GetFrameworkPaths" in project "Cloud9.2.csproj".
       Target "_CheckForUnsupportedTargetFramework" skipped, due to false condition; ('$(_UnsupportedTargetFrameworkError)' == 'true') was evaluated as ('' == 'true').
       Target "_CheckForUnsupportedTargetPlatformIdentifier" skipped, due to false condition; ('$(TargetPlatformIdentifier)' != '' and '$(TargetFrameworkIdentifier)' == '.NETCoreApp' and $([MSBuild]::VersionGreaterThanOrEquals($(TargetFrameworkVersion), 5.0)) And ('$(DesignTimeBuild)' != 'true' Or '@(MissingWorkloadPack)' == '')) was evaluated as ('' != '' and '.NETCoreApp' == '.NETCoreApp' and True And ('' != 'true' Or '' == '')).
       Target "_CheckForMissingWorkload" skipped, due to false condition; ('@(MissingWorkloadPack)' != '' And '$(DesignTimeBuild)' != 'true') was evaluated as ('' != '' And '' != 'true').
   1:7>Target "GetReferenceAssemblyPaths" in file "/usr/local/share/dotnet/sdk/8.0.407/Sdks/Microsoft.NET.Sdk/targets/Microsoft.NET.DisableStandardFrameworkResolution.targets" from project "/Users/tp/Projects/Cloud9.2/Cloud9.2.csproj" (target "PrepareForBuild" depends on it):
   1:7>Done building target "GetReferenceAssemblyPaths" in project "Cloud9.2.csproj".
       Target "AssignLinkMetadata" skipped, due to false condition; ( '$(SynthesizeLinkMetadata)' == 'true' ) was evaluated as ( '' == 'true' ).
   1:7>Target "ResolveRazorGenerateInputs" in file "/usr/local/share/dotnet/sdk/8.0.407/Sdks/Microsoft.NET.Sdk.Razor/targets/Sdk.Razor.CurrentVersion.targets" from project "/Users/tp/Projects/Cloud9.2/Cloud9.2.csproj" (target "PrepareForBuild" depends on it):
   1:7>Done building target "ResolveRazorGenerateInputs" in project "Cloud9.2.csproj".
       Target "_VerifyPackReleaseConfigurations" skipped, due to false condition; ('$(_IsPacking)' == 'true' and '$(DOTNET_CLI_DISABLE_PUBLISH_AND_PACK_RELEASE)' != 'true' and '$(DOTNET_CLI_LAZY_PUBLISH_AND_PACK_RELEASE_FOR_SOLUTIONS)' == 'true') was evaluated as ('' == 'true' and '' != 'true' and '' == 'true').
   1:7>Target "PrepareForBuild" in file "/usr/local/share/dotnet/sdk/8.0.407/Microsoft.Common.CurrentVersion.targets" from project "/Users/tp/Projects/Cloud9.2/Cloud9.2.csproj" (target "CoreBuild" depends on it):
       Using "FindAppConfigFile" task from assembly "Microsoft.Build.Tasks.Core, Version=15.1.0.0, Culture=neutral, PublicKeyToken=b03f5f7f11d50a3a".
       Task "FindAppConfigFile"
       Done executing task "FindAppConfigFile".
       Using "MakeDir" task from assembly "Microsoft.Build.Tasks.Core, Version=15.1.0.0, Culture=neutral, PublicKeyToken=b03f5f7f11d50a3a".
       Task "MakeDir"
       Done executing task "MakeDir".
   1:7>Done building target "PrepareForBuild" in project "Cloud9.2.csproj".
   1:7>Target "GenerateGlobalUsings" in file "/usr/local/share/dotnet/sdk/8.0.407/Sdks/Microsoft.NET.Sdk/targets/Microsoft.NET.GenerateGlobalUsings.targets" from project "/Users/tp/Projects/Cloud9.2/Cloud9.2.csproj" (target "CoreBuild" depends on it):
       Using "GenerateGlobalUsings" task from assembly "/usr/local/share/dotnet/sdk/8.0.407/Sdks/Microsoft.NET.Sdk/targets/../tools/net8.0/Microsoft.NET.Build.Tasks.dll".
       Task "GenerateGlobalUsings"
       Done executing task "GenerateGlobalUsings".
       Using "WriteLinesToFile" task from assembly "Microsoft.Build.Tasks.Core, Version=15.1.0.0, Culture=neutral, PublicKeyToken=b03f5f7f11d50a3a".
       Task "WriteLinesToFile"
         Skipping write to file "obj/Debug/net8.0/Cloud9.2.GlobalUsings.g.cs" because content would not change.
       Done executing task "WriteLinesToFile".
   1:7>Done building target "GenerateGlobalUsings" in project "Cloud9.2.csproj".
       Target "PreBuildEvent" skipped, due to false condition; ('$(PreBuildEvent)'!='') was evaluated as (''!='').
   1:7>Target "BeforeResolveReferences" in file "/usr/local/share/dotnet/sdk/8.0.407/Microsoft.Common.CurrentVersion.targets" from project "/Users/tp/Projects/Cloud9.2/Cloud9.2.csproj" (target "ResolveReferences" depends on it):
   1:7>Done building target "BeforeResolveReferences" in project "Cloud9.2.csproj".
       Target "AssignProjectConfiguration" skipped, due to false condition; ('$(CurrentSolutionConfigurationContents)' != '' or '@(ProjectReference)'!='') was evaluated as ('' != '' or ''!='').
   1:7>Target "IgnoreJavaScriptOutputAssembly" in file "/usr/local/share/dotnet/sdk/8.0.407/Microsoft.Common.CurrentVersion.targets" from project "/Users/tp/Projects/Cloud9.2/Cloud9.2.csproj" (target "AssignProjectConfiguration" depends on it):
   1:7>Done building target "IgnoreJavaScriptOutputAssembly" in project "Cloud9.2.csproj".
       Target "ProcessFrameworkReferences" skipped. Previously built successfully.
   1:7>Target "_DefaultMicrosoftNETPlatformLibrary" in file "/usr/local/share/dotnet/sdk/8.0.407/Sdks/Microsoft.NET.Sdk/targets/Microsoft.NET.Sdk.Shared.targets" from project "/Users/tp/Projects/Cloud9.2/Cloud9.2.csproj" (target "ResolvePackageAssets" depends on it):
   1:7>Done building target "_DefaultMicrosoftNETPlatformLibrary" in project "Cloud9.2.csproj".
   1:7>Target "_ComputePackageReferencePublish" in file "/usr/local/share/dotnet/sdk/8.0.407/Sdks/Microsoft.NET.Sdk/targets/Microsoft.NET.Sdk.Shared.targets" from project "/Users/tp/Projects/Cloud9.2/Cloud9.2.csproj" (target "ResolvePackageAssets" depends on it):
   1:7>Done building target "_ComputePackageReferencePublish" in project "Cloud9.2.csproj".
       Target "_ResolveCompilerVersion" skipped, due to false condition; ('$(CompilerApiVersion)' == '' And
                            ('$(Language)' == 'C#' Or '$(Language)' == 'VB') And
                            Exists('$(RoslynTargetsPath)\Microsoft.Build.Tasks.CodeAnalysis.dll')) was evaluated as ('roslyn4.11' == '' And
                            ('C#' == 'C#' Or 'C#' == 'VB') And
                            Exists('/usr/local/share/dotnet/sdk/8.0.407/Roslyn\Microsoft.Build.Tasks.CodeAnalysis.dll')).
   1:7>Target "ResolvePackageAssets" in file "/usr/local/share/dotnet/sdk/8.0.407/Sdks/Microsoft.NET.Sdk/targets/Microsoft.PackageDependencyResolution.targets" from project "/Users/tp/Projects/Cloud9.2/Cloud9.2.csproj" (target "ResolveLockFileReferences" depends on it):
       Using "ResolvePackageAssets" task from assembly "/usr/local/share/dotnet/sdk/8.0.407/Sdks/Microsoft.NET.Sdk/targets/../tools/net8.0/Microsoft.NET.Build.Tasks.dll".
       Task "ResolvePackageAssets"
       Done executing task "ResolvePackageAssets".
   1:7>Done building target "ResolvePackageAssets" in project "Cloud9.2.csproj".
       Target "AdjustDefaultPlatformTargetForNetFrameworkExeWithNoNativeCopyLocalItems" skipped, due to false condition; ('$(_UsingDefaultPlatformTarget)' == 'true' and
                            '$(_UsingDefaultRuntimeIdentifier)' == 'true') was evaluated as ('true' == 'true' and
                            '' == 'true').
   1:7>Target "_CheckForTransitiveWindowsDesktopDependencies" in file "/usr/local/share/dotnet/sdk/8.0.407/Sdks/Microsoft.NET.Sdk/targets/Microsoft.NET.Sdk.DefaultItems.Shared.targets" from project "/Users/tp/Projects/Cloud9.2/Cloud9.2.csproj" (target "ResolveLockFileReferences" depends on it):
       Task "NetSdkError" skipped, due to false condition; ('@(_WindowsDesktopTransitiveFrameworkReference)' != '') was evaluated as ('' != '').
   1:7>Done building target "_CheckForTransitiveWindowsDesktopDependencies" in project "Cloud9.2.csproj".
   1:7>Target "AddTransitiveFrameworkReferences" in file "/usr/local/share/dotnet/sdk/8.0.407/Sdks/Microsoft.NET.Sdk/targets/Microsoft.NET.Sdk.FrameworkReferenceResolution.targets" from project "/Users/tp/Projects/Cloud9.2/Cloud9.2.csproj" (target "ResolveLockFileReferences" depends on it):
   1:7>Done building target "AddTransitiveFrameworkReferences" in project "Cloud9.2.csproj".
   1:7>Target "ResolveLockFileReferences" in file "/usr/local/share/dotnet/sdk/8.0.407/Sdks/Microsoft.NET.Sdk/targets/Microsoft.PackageDependencyResolution.targets" from project "/Users/tp/Projects/Cloud9.2/Cloud9.2.csproj" (target "ResolvePackageDependenciesForBuild" depends on it):
       Using "JoinItems" task from assembly "/usr/local/share/dotnet/sdk/8.0.407/Sdks/Microsoft.NET.Sdk/targets/../tools/net8.0/Microsoft.NET.Build.Tasks.dll".
       Task "JoinItems"
       Done executing task "JoinItems".
   1:7>Done building target "ResolveLockFileReferences" in project "Cloud9.2.csproj".
       Target "ResolvePackageAssets" skipped. Previously built successfully.
   1:7>Target "ResolveLockFileAnalyzers" in file "/usr/local/share/dotnet/sdk/8.0.407/Sdks/Microsoft.NET.Sdk/targets/Microsoft.PackageDependencyResolution.targets" from project "/Users/tp/Projects/Cloud9.2/Cloud9.2.csproj" (target "ResolvePackageDependenciesForBuild" depends on it):
   1:7>Done building target "ResolveLockFileAnalyzers" in project "Cloud9.2.csproj".
       Target "ResolvePackageAssets" skipped. Previously built successfully.
       Target "RunProduceContentAssets" skipped, due to false condition; ('@(_ContentFilesToPreprocess)' != '' and '$(_CleaningWithoutRebuilding)' != 'true') was evaluated as ('' != '' and '' != 'true').
   1:7>Target "ResolveLockFileCopyLocalFiles" in file "/usr/local/share/dotnet/sdk/8.0.407/Sdks/Microsoft.NET.Sdk/targets/Microsoft.PackageDependencyResolution.targets" from project "/Users/tp/Projects/Cloud9.2/Cloud9.2.csproj" (target "ResolvePackageDependenciesForBuild" depends on it):
   1:7>Done building target "ResolveLockFileCopyLocalFiles" in project "Cloud9.2.csproj".
       Target "ResolveRuntimePackAssets" skipped, due to false condition; ('@(RuntimePack)' != '') was evaluated as ('' != '').
       Target "RunProduceContentAssets" skipped, due to false condition; ('@(_ContentFilesToPreprocess)' != '' and '$(_CleaningWithoutRebuilding)' != 'true') was evaluated as ('' != '' and '' != 'true').
       Target "ResolvePackageAssets" skipped. Previously built successfully.
   1:7>Target "IncludeTransitiveProjectReferences" in file "/usr/local/share/dotnet/sdk/8.0.407/Sdks/Microsoft.NET.Sdk/targets/Microsoft.PackageDependencyResolution.targets" from project "/Users/tp/Projects/Cloud9.2/Cloud9.2.csproj" (target "ResolvePackageDependenciesForBuild" depends on it):
   1:7>Done building target "IncludeTransitiveProjectReferences" in project "Cloud9.2.csproj".
   1:7>Target "ResolvePackageDependenciesForBuild" in file "/usr/local/share/dotnet/sdk/8.0.407/Sdks/Microsoft.NET.Sdk/targets/Microsoft.PackageDependencyResolution.targets" from project "/Users/tp/Projects/Cloud9.2/Cloud9.2.csproj" (target "AssignProjectConfiguration" depends on it):
   1:7>Done building target "ResolvePackageDependenciesForBuild" in project "Cloud9.2.csproj".
       Target "_System_Text_JsonAnalyzerMultiTargeting" skipped, due to false condition; ('$(SupportsRoslynComponentVersioning)' != 'true') was evaluated as ('true' != 'true').
       Target "_System_Text_JsonRemoveAnalyzers" skipped, due to false condition; ('$(DisableSystemTextJsonSourceGenerator)' == 'true') was evaluated as ('' == 'true').
       Target "_Microsoft_Extensions_OptionsAnalyzerMultiTargeting" skipped, due to false condition; ('$(SupportsRoslynComponentVersioning)' != 'true') was evaluated as ('true' != 'true').
       Target "_Microsoft_Extensions_OptionsRemoveAnalyzers" skipped, due to false condition; ('$(DisableMicrosoftExtensionsOptionsSourceGenerator)' == 'true') was evaluated as ('' == 'true').
       Target "_Microsoft_Extensions_Logging_AbstractionsAnalyzerMultiTargeting" skipped, due to false condition; ('$(SupportsRoslynComponentVersioning)' != 'true') was evaluated as ('true' != 'true').
       Target "_Microsoft_Extensions_Logging_AbstractionsRemoveAnalyzers" skipped, due to false condition; ('$(DisableMicrosoftExtensionsLoggingSourceGenerator)' == 'true') was evaluated as ('' == 'true').
       Target "AssignProjectConfiguration" skipped, due to false condition; ('$(CurrentSolutionConfigurationContents)' != '' or '@(ProjectReference)'!='') was evaluated as ('' != '' or ''!='').
   1:7>Target "_SplitProjectReferencesByFileExistence" in file "/usr/local/share/dotnet/sdk/8.0.407/Microsoft.Common.CurrentVersion.targets" from project "/Users/tp/Projects/Cloud9.2/Cloud9.2.csproj" (target "PrepareProjectReferences" depends on it):
       Task "ResolveNonMSBuildProjectOutput" skipped, due to false condition; ('$(BuildingInsideVisualStudio)'=='true' and '@(ProjectReferenceWithConfiguration)'!='') was evaluated as (''=='true' and ''!='').
   1:7>Done building target "_SplitProjectReferencesByFileExistence" in project "Cloud9.2.csproj".
   1:7>Target "_AddOutputPathToGlobalPropertiesToRemove" in file "/usr/local/share/dotnet/sdk/8.0.407/Microsoft.Common.CurrentVersion.targets" from project "/Users/tp/Projects/Cloud9.2/Cloud9.2.csproj" (target "_GetProjectReferenceTargetFrameworkProperties" depends on it):
   1:7>Done building target "_AddOutputPathToGlobalPropertiesToRemove" in project "Cloud9.2.csproj".
   1:7>Target "_GetProjectReferenceTargetFrameworkProperties" in file "/usr/local/share/dotnet/sdk/8.0.407/Microsoft.Common.CurrentVersion.targets" from project "/Users/tp/Projects/Cloud9.2/Cloud9.2.csproj" (target "PrepareProjectReferences" depends on it):
       Task "MSBuild"
       Done executing task "MSBuild".
       Task "MSBuild" skipped, due to false condition; ('%(_MSBuildProjectReferenceExistent.SkipGetTargetFrameworkProperties)' != 'true' and '$(EnableDynamicPlatformResolution)' == 'true') was evaluated as ('' != 'true' and '' == 'true').
       Task "GetReferenceNearestTargetFrameworkTask" skipped, due to false condition; ('@(_ProjectReferenceTargetFrameworkPossibilities)' != '' and '$(ReferringTargetFrameworkForProjectReferences)' != ''
                                                               And '$(GetReferenceNearestTargetFrameworkTaskSupportsTargetPlatformParameter)' == 'true' and '%(_ProjectReferenceTargetFrameworkPossibilities.IsVcxOrNativeProj)' != 'true') was evaluated as ('' != '' and '.NETCoreApp,Version=v8.0' != ''
                                                               And 'true' == 'true' and '' != 'true').
       Task "GetReferenceNearestTargetFrameworkTask" skipped, due to false condition; ('@(_ProjectReferenceTargetFrameworkPossibilities)' != '' and '$(ReferringTargetFrameworkForProjectReferences)' != ''
                                                               And '$(GetReferenceNearestTargetFrameworkTaskSupportsTargetPlatformParameter)' != 'true' and '%(_ProjectReferenceTargetFrameworkPossibilities.IsVcxOrNativeProj)' != 'true') was evaluated as ('' != '' and '.NETCoreApp,Version=v8.0' != ''
                                                               And 'true' != 'true' and '' != 'true').
       Using "SetRidAgnosticValueForProjects" task from assembly "Microsoft.Build.Tasks.Core, Version=15.1.0.0, Culture=neutral, PublicKeyToken=b03f5f7f11d50a3a".
       Task "SetRidAgnosticValueForProjects"
       Done executing task "SetRidAgnosticValueForProjects".
   1:7>Done building target "_GetProjectReferenceTargetFrameworkProperties" in project "Cloud9.2.csproj".
   1:7>Target "ValidateExecutableReferences" in file "/usr/local/share/dotnet/sdk/8.0.407/Sdks/Microsoft.NET.Sdk/targets/Microsoft.NET.Sdk.targets" from project "/Users/tp/Projects/Cloud9.2/Cloud9.2.csproj" (target "PrepareProjectReferences" depends on it):
       Using "ValidateExecutableReferences" task from assembly "/usr/local/share/dotnet/sdk/8.0.407/Sdks/Microsoft.NET.Sdk/targets/../tools/net8.0/Microsoft.NET.Build.Tasks.dll".
       Task "ValidateExecutableReferences"
       Done executing task "ValidateExecutableReferences".
   1:7>Done building target "ValidateExecutableReferences" in project "Cloud9.2.csproj".
       Target "_GetProjectReferencePlatformProperties" skipped, due to false condition; ('$(EnableDynamicPlatformResolution)' == 'true'
                            and '@(_MSBuildProjectReferenceExistent)' != '') was evaluated as ('' == 'true'
                            and '' != '').
   1:7>Target "PrepareProjectReferences" in file "/usr/local/share/dotnet/sdk/8.0.407/Microsoft.Common.CurrentVersion.targets" from project "/Users/tp/Projects/Cloud9.2/Cloud9.2.csproj" (target "ResolveProjectReferences" depends on it):
   1:7>Done building target "PrepareProjectReferences" in project "Cloud9.2.csproj".
   1:7>Target "ResolveProjectReferences" in file "/usr/local/share/dotnet/sdk/8.0.407/Microsoft.Common.CurrentVersion.targets" from project "/Users/tp/Projects/Cloud9.2/Cloud9.2.csproj" (target "ResolveReferences" depends on it):
       Task "MSBuild" skipped, due to false condition; ('%(_MSBuildProjectReferenceExistent.BuildReference)' == 'true' and '@(ProjectReferenceWithConfiguration)' != '' and ('$(BuildingInsideVisualStudio)' == 'true' or '$(BuildProjectReferences)' != 'true') and '$(VisualStudioVersion)' != '10.0' and '@(_MSBuildProjectReferenceExistent)' != '') was evaluated as ('' == 'true' and '' != '' and ('' == 'true' or 'true' != 'true') and '17.0' != '10.0' and '' != '').
       Task "MSBuild" skipped, due to false condition; ('%(_MSBuildProjectReferenceExistent.BuildReference)' == 'true' and '@(ProjectReferenceWithConfiguration)' != '' and '$(BuildingInsideVisualStudio)' != 'true' and '$(BuildProjectReferences)' == 'true' and '@(_MSBuildProjectReferenceExistent)' != '') was evaluated as ('' == 'true' and '' != '' and '' != 'true' and 'true' == 'true' and '' != '').
       Task "MSBuild" skipped, due to false condition; ('%(_MSBuildProjectReferenceExistent.BuildReference)' == 'true' and '@(ProjectReferenceWithConfiguration)' != '' and '$(BuildingProject)' == 'true' and '@(_MSBuildProjectReferenceExistent)' != '') was evaluated as ('' == 'true' and '' != '' and 'true' == 'true' and '' != '').
       Task "Warning" skipped, due to false condition; ('@(ProjectReferenceWithConfiguration)' != '' and '@(_MSBuildProjectReferenceNonexistent)' != '') was evaluated as ('' != '' and '' != '').
   1:7>Done building target "ResolveProjectReferences" in project "Cloud9.2.csproj".
       Target "FindInvalidProjectReferences" skipped, due to false condition; ('$(FindInvalidProjectReferences)' == 'true') was evaluated as ('' == 'true').
       Target "ResolveNativeReferences" skipped, due to false condition; ('@(NativeReference)'!='') was evaluated as (''!='').
       Target "ResolveProjectReferences" skipped. Previously built successfully.
       Target "FindInvalidProjectReferences" skipped, due to false condition; ('$(FindInvalidProjectReferences)' == 'true') was evaluated as ('' == 'true').
       Target "GetFrameworkPaths" skipped. Previously built successfully.
       Target "GetReferenceAssemblyPaths" skipped. Previously built successfully.
       Target "PrepareForBuild" skipped. Previously built successfully.
       Target "GetInstalledSDKLocations" skipped, due to false condition; ('@(SDKReference)' != '') was evaluated as ('' != '').
   1:7>Target "ResolveSDKReferences" in file "/usr/local/share/dotnet/sdk/8.0.407/Microsoft.Common.CurrentVersion.targets" from project "/Users/tp/Projects/Cloud9.2/Cloud9.2.csproj" (target "ResolveAssemblyReferences" depends on it):
       Task "ResolveSDKReference" skipped, due to false condition; ('@(SDKReference)'!='') was evaluated as (''!='').
   1:7>Done building target "ResolveSDKReferences" in project "Cloud9.2.csproj".
       Target "ResolveSDKReferences" skipped. Previously built successfully.
   1:7>Target "ExpandSDKReferences" in file "/usr/local/share/dotnet/sdk/8.0.407/Microsoft.Common.CurrentVersion.targets" from project "/Users/tp/Projects/Cloud9.2/Cloud9.2.csproj" (target "ResolveAssemblyReferences" depends on it):
       Task "GetSDKReferenceFiles" skipped, due to false condition; ('@(ResolvedSDKReference)'!='') was evaluated as (''!='').
   1:7>Done building target "ExpandSDKReferences" in project "Cloud9.2.csproj".
       Target "ResolvePackageDependenciesForBuild" skipped. Previously built successfully.
       Target "GetFrameworkPaths" skipped. Previously built successfully.
       Target "GetReferenceAssemblyPaths" skipped. Previously built successfully.
       Target "ProcessFrameworkReferences" skipped. Previously built successfully.
       Target "ResolvePackageAssets" skipped. Previously built successfully.
   1:7>Target "ResolveFrameworkReferences" in file "/usr/local/share/dotnet/sdk/8.0.407/Sdks/Microsoft.NET.Sdk/targets/Microsoft.NET.Sdk.FrameworkReferenceResolution.targets" from project "/Users/tp/Projects/Cloud9.2/Cloud9.2.csproj" (target "ResolveTargetingPackAssets" depends on it):
       Using "GetPackageDirectory" task from assembly "/usr/local/share/dotnet/sdk/8.0.407/Sdks/Microsoft.NET.Sdk/targets/../tools/net8.0/Microsoft.NET.Build.Tasks.dll".
       Task "GetPackageDirectory"
       Done executing task "GetPackageDirectory".
       Task "GetPackageDirectory"
       Done executing task "GetPackageDirectory".
       Task "GetPackageDirectory"
       Done executing task "GetPackageDirectory".
       Task "GetPackageDirectory"
       Done executing task "GetPackageDirectory".
       Task "GetPackageDirectory"
       Done executing task "GetPackageDirectory".
       Task "GetPackageDirectory"
       Done executing task "GetPackageDirectory".
       Task "GetPackageDirectory"
       Done executing task "GetPackageDirectory".
       Task "GetPackageDirectory"
       Done executing task "GetPackageDirectory".
       Task "GetPackageDirectory"
       Done executing task "GetPackageDirectory".
       Task "GetPackageDirectory"
       Done executing task "GetPackageDirectory".
       Using "ResolveFrameworkReferences" task from assembly "/usr/local/share/dotnet/sdk/8.0.407/Sdks/Microsoft.NET.Sdk/targets/../tools/net8.0/Microsoft.NET.Build.Tasks.dll".
       Task "ResolveFrameworkReferences"
       Done executing task "ResolveFrameworkReferences".
   1:7>Done building target "ResolveFrameworkReferences" in project "Cloud9.2.csproj".
   1:7>Target "ResolveTargetingPackAssets" in file "/usr/local/share/dotnet/sdk/8.0.407/Sdks/Microsoft.NET.Sdk/targets/Microsoft.NET.Sdk.FrameworkReferenceResolution.targets" from project "/Users/tp/Projects/Cloud9.2/Cloud9.2.csproj" (target "_HandlePackageFileConflicts" depends on it):
       Using "ResolveTargetingPackAssets" task from assembly "/usr/local/share/dotnet/sdk/8.0.407/Sdks/Microsoft.NET.Sdk/targets/../tools/net8.0/Microsoft.NET.Build.Tasks.dll".
       Task "ResolveTargetingPackAssets"
       Done executing task "ResolveTargetingPackAssets".
   1:7>Done building target "ResolveTargetingPackAssets" in project "Cloud9.2.csproj".
   1:7>Target "ResolveOffByDefaultAnalyzers" in file "/usr/local/share/dotnet/sdk/8.0.407/Sdks/Microsoft.NET.Sdk/targets/Microsoft.NET.Sdk.FrameworkReferenceResolution.targets" from project "/Users/tp/Projects/Cloud9.2/Cloud9.2.csproj" (target "_HandlePackageFileConflicts" depends on it):
   1:7>Done building target "ResolveOffByDefaultAnalyzers" in project "Cloud9.2.csproj".
   1:7>Target "_HandlePackageFileConflicts" in file "/usr/local/share/dotnet/sdk/8.0.407/Sdks/Microsoft.NET.Sdk/targets/Microsoft.NET.ConflictResolution.targets" from project "/Users/tp/Projects/Cloud9.2/Cloud9.2.csproj" (target "ResolveAssemblyReferences" depends on it):
       Using "ResolvePackageFileConflicts" task from assembly "/usr/local/share/dotnet/sdk/8.0.407/Sdks/Microsoft.NET.Sdk/targets/../tools/net8.0/Microsoft.NET.Build.Tasks.dll".
       Task "ResolvePackageFileConflicts"
         Encountered conflict between 'Reference:/Users/tp/.nuget/packages/system.collections.immutable/7.0.0/lib/net7.0/System.Collections.Immutable.dll' and 'Reference:/usr/local/share/dotnet/packs/Microsoft.NETCore.App.Ref/8.0.14/ref/net8.0/System.Collections.Immutable.dll'. Choosing 'Reference:/usr/local/share/dotnet/packs/Microsoft.NETCore.App.Ref/8.0.14/ref/net8.0/System.Collections.Immutable.dll' because AssemblyVersion '8.0.0.0' is greater than '7.0.0.0'.
         Encountered conflict between 'Reference:/Users/tp/.nuget/packages/system.data.datasetextensions/4.5.0/ref/netstandard2.0/System.Data.DataSetExtensions.dll' and 'Reference:/usr/local/share/dotnet/packs/Microsoft.NETCore.App.Ref/8.0.14/ref/net8.0/System.Data.DataSetExtensions.dll'. Choosing 'Reference:/usr/local/share/dotnet/packs/Microsoft.NETCore.App.Ref/8.0.14/ref/net8.0/System.Data.DataSetExtensions.dll' because AssemblyVersion '8.0.0.0' is greater than '4.0.0.0'.
         Encountered conflict between 'Reference:/Users/tp/.nuget/packages/system.diagnostics.diagnosticsource/6.0.0/lib/net6.0/System.Diagnostics.DiagnosticSource.dll' and 'Reference:/usr/local/share/dotnet/packs/Microsoft.NETCore.App.Ref/8.0.14/ref/net8.0/System.Diagnostics.DiagnosticSource.dll'. Choosing 'Reference:/usr/local/share/dotnet/packs/Microsoft.NETCore.App.Ref/8.0.14/ref/net8.0/System.Diagnostics.DiagnosticSource.dll' because AssemblyVersion '8.0.0.0' is greater than '6.0.0.0'.
         Encountered conflict between 'Reference:/Users/tp/.nuget/packages/system.formats.asn1/6.0.0/lib/net6.0/System.Formats.Asn1.dll' and 'Reference:/usr/local/share/dotnet/packs/Microsoft.NETCore.App.Ref/8.0.14/ref/net8.0/System.Formats.Asn1.dll'. Choosing 'Reference:/usr/local/share/dotnet/packs/Microsoft.NETCore.App.Ref/8.0.14/ref/net8.0/System.Formats.Asn1.dll' because AssemblyVersion '8.0.0.0' is greater than '6.0.0.0'.
         Encountered conflict between 'Reference:/Users/tp/.nuget/packages/system.reflection.metadata/7.0.0/lib/net7.0/System.Reflection.Metadata.dll' and 'Reference:/usr/local/share/dotnet/packs/Microsoft.NETCore.App.Ref/8.0.14/ref/net8.0/System.Reflection.Metadata.dll'. Choosing 'Reference:/usr/local/share/dotnet/packs/Microsoft.NETCore.App.Ref/8.0.14/ref/net8.0/System.Reflection.Metadata.dll' because AssemblyVersion '8.0.0.0' is greater than '7.0.0.0'.
         Encountered conflict between 'Reference:/Users/tp/.nuget/packages/system.runtime.compilerservices.unsafe/6.0.0/lib/net6.0/System.Runtime.CompilerServices.Unsafe.dll' and 'Reference:/usr/local/share/dotnet/packs/Microsoft.NETCore.App.Ref/8.0.14/ref/net8.0/System.Runtime.CompilerServices.Unsafe.dll'. Choosing 'Reference:/usr/local/share/dotnet/packs/Microsoft.NETCore.App.Ref/8.0.14/ref/net8.0/System.Runtime.CompilerServices.Unsafe.dll' because AssemblyVersion '8.0.0.0' is greater than '6.0.0.0'.
         Encountered conflict between 'Reference:/Users/tp/.nuget/packages/system.security.cryptography.cng/5.0.0/ref/netcoreapp3.0/System.Security.Cryptography.Cng.dll' and 'Reference:/usr/local/share/dotnet/packs/Microsoft.NETCore.App.Ref/8.0.14/ref/net8.0/System.Security.Cryptography.Cng.dll'. Choosing 'Reference:/usr/local/share/dotnet/packs/Microsoft.NETCore.App.Ref/8.0.14/ref/net8.0/System.Security.Cryptography.Cng.dll' because AssemblyVersion '8.0.0.0' is greater than '5.0.0.0'.
         Encountered conflict between 'Reference:/Users/tp/.nuget/packages/system.security.principal.windows/5.0.0/ref/netcoreapp3.0/System.Security.Principal.Windows.dll' and 'Reference:/usr/local/share/dotnet/packs/Microsoft.NETCore.App.Ref/8.0.14/ref/net8.0/System.Security.Principal.Windows.dll'. Choosing 'Reference:/usr/local/share/dotnet/packs/Microsoft.NETCore.App.Ref/8.0.14/ref/net8.0/System.Security.Principal.Windows.dll' because AssemblyVersion '8.0.0.0' is greater than '5.0.0.0'.
         Encountered conflict between 'Reference:/Users/tp/.nuget/packages/system.text.encodings.web/8.0.0/lib/net8.0/System.Text.Encodings.Web.dll' and 'Reference:/usr/local/share/dotnet/packs/Microsoft.NETCore.App.Ref/8.0.14/ref/net8.0/System.Text.Encodings.Web.dll'. Choosing 'Reference:/usr/local/share/dotnet/packs/Microsoft.NETCore.App.Ref/8.0.14/ref/net8.0/System.Text.Encodings.Web.dll' because file version '8.0.1425.11118' is greater than '8.0.23.53103'.
         Encountered conflict between 'Reference:/Users/tp/.nuget/packages/system.text.json/8.0.4/lib/net8.0/System.Text.Json.dll' and 'Reference:/usr/local/share/dotnet/packs/Microsoft.NETCore.App.Ref/8.0.14/ref/net8.0/System.Text.Json.dll'. Choosing 'Reference:/usr/local/share/dotnet/packs/Microsoft.NETCore.App.Ref/8.0.14/ref/net8.0/System.Text.Json.dll' because file version '8.0.1425.11118' is greater than '8.0.724.31311'.
         Encountered conflict between 'Reference:/Users/tp/.nuget/packages/system.threading.channels/8.0.0/lib/net8.0/System.Threading.Channels.dll' and 'Reference:/usr/local/share/dotnet/packs/Microsoft.NETCore.App.Ref/8.0.14/ref/net8.0/System.Threading.Channels.dll'. Choosing 'Reference:/usr/local/share/dotnet/packs/Microsoft.NETCore.App.Ref/8.0.14/ref/net8.0/System.Threading.Channels.dll' because file version '8.0.1425.11118' is greater than '8.0.23.53103'.
         Encountered conflict between 'Reference:/Users/tp/.nuget/packages/system.threading.tasks.dataflow/7.0.0/lib/net7.0/System.Threading.Tasks.Dataflow.dll' and 'Reference:/usr/local/share/dotnet/packs/Microsoft.NETCore.App.Ref/8.0.14/ref/net8.0/System.Threading.Tasks.Dataflow.dll'. Choosing 'Reference:/usr/local/share/dotnet/packs/Microsoft.NETCore.App.Ref/8.0.14/ref/net8.0/System.Threading.Tasks.Dataflow.dll' because AssemblyVersion '8.0.0.0' is greater than '7.0.0.0'.
         Encountered conflict between 'Reference:/Users/tp/.nuget/packages/microsoft.extensions.dependencyinjection.abstractions/8.0.2/lib/net8.0/Microsoft.Extensions.DependencyInjection.Abstractions.dll' and 'Reference:/usr/local/share/dotnet/packs/Microsoft.AspNetCore.App.Ref/8.0.14/ref/net8.0/Microsoft.Extensions.DependencyInjection.Abstractions.dll'. Choosing 'Reference:/usr/local/share/dotnet/packs/Microsoft.AspNetCore.App.Ref/8.0.14/ref/net8.0/Microsoft.Extensions.DependencyInjection.Abstractions.dll' because file version '8.0.1425.11118' is greater than '8.0.1024.46610'.
         Encountered conflict between 'Reference:/Users/tp/.nuget/packages/microsoft.extensions.diagnostics.abstractions/8.0.1/lib/net8.0/Microsoft.Extensions.Diagnostics.Abstractions.dll' and 'Reference:/usr/local/share/dotnet/packs/Microsoft.AspNetCore.App.Ref/8.0.14/ref/net8.0/Microsoft.Extensions.Diagnostics.Abstractions.dll'. Choosing 'Reference:/usr/local/share/dotnet/packs/Microsoft.AspNetCore.App.Ref/8.0.14/ref/net8.0/Microsoft.Extensions.Diagnostics.Abstractions.dll' because file version '8.0.1425.11118' is greater than '8.0.1024.46610'.
         Encountered conflict between 'Reference:/Users/tp/.nuget/packages/microsoft.extensions.hosting.abstractions/8.0.1/lib/net8.0/Microsoft.Extensions.Hosting.Abstractions.dll' and 'Reference:/usr/local/share/dotnet/packs/Microsoft.AspNetCore.App.Ref/8.0.14/ref/net8.0/Microsoft.Extensions.Hosting.Abstractions.dll'. Choosing 'Reference:/usr/local/share/dotnet/packs/Microsoft.AspNetCore.App.Ref/8.0.14/ref/net8.0/Microsoft.Extensions.Hosting.Abstractions.dll' because file version '8.0.1425.11118' is greater than '8.0.1024.46610'.
         Encountered conflict between 'Reference:/Users/tp/.nuget/packages/microsoft.extensions.logging.abstractions/8.0.2/lib/net8.0/Microsoft.Extensions.Logging.Abstractions.dll' and 'Reference:/usr/local/share/dotnet/packs/Microsoft.AspNetCore.App.Ref/8.0.14/ref/net8.0/Microsoft.Extensions.Logging.Abstractions.dll'. Choosing 'Reference:/usr/local/share/dotnet/packs/Microsoft.AspNetCore.App.Ref/8.0.14/ref/net8.0/Microsoft.Extensions.Logging.Abstractions.dll' because file version '8.0.1425.11118' is greater than '8.0.1024.46610'.
         Encountered conflict between 'Reference:/Users/tp/.nuget/packages/microsoft.extensions.objectpool/8.0.11/lib/net8.0/Microsoft.Extensions.ObjectPool.dll' and 'Reference:/usr/local/share/dotnet/packs/Microsoft.AspNetCore.App.Ref/8.0.14/ref/net8.0/Microsoft.Extensions.ObjectPool.dll'. Choosing 'Reference:/usr/local/share/dotnet/packs/Microsoft.AspNetCore.App.Ref/8.0.14/ref/net8.0/Microsoft.Extensions.ObjectPool.dll' because file version '8.0.1425.11221' is greater than '8.0.1124.52116'.
         Encountered conflict between 'Reference:/Users/tp/.nuget/packages/microsoft.extensions.options/8.0.2/lib/net8.0/Microsoft.Extensions.Options.dll' and 'Reference:/usr/local/share/dotnet/packs/Microsoft.AspNetCore.App.Ref/8.0.14/ref/net8.0/Microsoft.Extensions.Options.dll'. Choosing 'Reference:/usr/local/share/dotnet/packs/Microsoft.AspNetCore.App.Ref/8.0.14/ref/net8.0/Microsoft.Extensions.Options.dll' because file version '8.0.1425.11118' is greater than '8.0.224.6711'.
         Encountered conflict between 'Analyzer:/Users/tp/.nuget/packages/system.text.json/8.0.4/analyzers/dotnet/roslyn4.4/cs/System.Text.Json.SourceGeneration.dll' and 'Analyzer:/usr/local/share/dotnet/packs/Microsoft.NETCore.App.Ref/8.0.14/analyzers/dotnet/cs/System.Text.Json.SourceGeneration.dll'. Choosing 'Analyzer:/usr/local/share/dotnet/packs/Microsoft.NETCore.App.Ref/8.0.14/analyzers/dotnet/cs/System.Text.Json.SourceGeneration.dll' because AssemblyVersion '8.0.12.11118' is greater than '8.0.10.31311'.
         Encountered conflict between 'Analyzer:/Users/tp/.nuget/packages/microsoft.extensions.logging.abstractions/8.0.2/analyzers/dotnet/roslyn4.4/cs/Microsoft.Extensions.Logging.Generators.dll' and 'Analyzer:/usr/local/share/dotnet/packs/Microsoft.AspNetCore.App.Ref/8.0.14/analyzers/dotnet/roslyn4.4/cs/Microsoft.Extensions.Logging.Generators.dll'. Choosing 'Analyzer:/usr/local/share/dotnet/packs/Microsoft.AspNetCore.App.Ref/8.0.14/analyzers/dotnet/roslyn4.4/cs/Microsoft.Extensions.Logging.Generators.dll' because AssemblyVersion '8.0.12.11118' is greater than '8.0.10.46610'.
         Encountered conflict between 'Analyzer:/Users/tp/.nuget/packages/microsoft.extensions.options/8.0.2/analyzers/dotnet/roslyn4.4/cs/Microsoft.Extensions.Options.SourceGeneration.dll' and 'Analyzer:/usr/local/share/dotnet/packs/Microsoft.AspNetCore.App.Ref/8.0.14/analyzers/dotnet/roslyn4.4/cs/Microsoft.Extensions.Options.SourceGeneration.dll'. Choosing 'Analyzer:/usr/local/share/dotnet/packs/Microsoft.AspNetCore.App.Ref/8.0.14/analyzers/dotnet/roslyn4.4/cs/Microsoft.Extensions.Options.SourceGeneration.dll' because AssemblyVersion '8.0.12.11118' is greater than '8.0.10.6711'.
         Encountered conflict between 'Platform:Microsoft.Extensions.DependencyInjection.Abstractions.dll' and 'CopyLocal:/Users/tp/.nuget/packages/microsoft.extensions.dependencyinjection.abstractions/8.0.2/lib/net8.0/Microsoft.Extensions.DependencyInjection.Abstractions.dll'. Choosing 'CopyLocal:/Users/tp/.nuget/packages/microsoft.extensions.dependencyinjection.abstractions/8.0.2/lib/net8.0/Microsoft.Extensions.DependencyInjection.Abstractions.dll' because file version '8.0.1024.46610' is greater than '8.0.23.53103'.
         Encountered conflict between 'Platform:Microsoft.Extensions.Diagnostics.Abstractions.dll' and 'CopyLocal:/Users/tp/.nuget/packages/microsoft.extensions.diagnostics.abstractions/8.0.1/lib/net8.0/Microsoft.Extensions.Diagnostics.Abstractions.dll'. Choosing 'CopyLocal:/Users/tp/.nuget/packages/microsoft.extensions.diagnostics.abstractions/8.0.1/lib/net8.0/Microsoft.Extensions.Diagnostics.Abstractions.dll' because file version '8.0.1024.46610' is greater than '8.0.23.53103'.
         Encountered conflict between 'Platform:Microsoft.Extensions.Hosting.Abstractions.dll' and 'CopyLocal:/Users/tp/.nuget/packages/microsoft.extensions.hosting.abstractions/8.0.1/lib/net8.0/Microsoft.Extensions.Hosting.Abstractions.dll'. Choosing 'CopyLocal:/Users/tp/.nuget/packages/microsoft.extensions.hosting.abstractions/8.0.1/lib/net8.0/Microsoft.Extensions.Hosting.Abstractions.dll' because file version '8.0.1024.46610' is greater than '8.0.23.53103'.
         Encountered conflict between 'Platform:Microsoft.Extensions.Logging.Abstractions.dll' and 'CopyLocal:/Users/tp/.nuget/packages/microsoft.extensions.logging.abstractions/8.0.2/lib/net8.0/Microsoft.Extensions.Logging.Abstractions.dll'. Choosing 'CopyLocal:/Users/tp/.nuget/packages/microsoft.extensions.logging.abstractions/8.0.2/lib/net8.0/Microsoft.Extensions.Logging.Abstractions.dll' because file version '8.0.1024.46610' is greater than '8.0.23.53103'.
         Encountered conflict between 'Platform:Microsoft.Extensions.ObjectPool.dll' and 'CopyLocal:/Users/tp/.nuget/packages/microsoft.extensions.objectpool/8.0.11/lib/net8.0/Microsoft.Extensions.ObjectPool.dll'. Choosing 'CopyLocal:/Users/tp/.nuget/packages/microsoft.extensions.objectpool/8.0.11/lib/net8.0/Microsoft.Extensions.ObjectPool.dll' because file version '8.0.1124.52116' is greater than '8.0.23.53112'.
         Encountered conflict between 'Platform:Microsoft.Extensions.Options.dll' and 'CopyLocal:/Users/tp/.nuget/packages/microsoft.extensions.options/8.0.2/lib/net8.0/Microsoft.Extensions.Options.dll'. Choosing 'CopyLocal:/Users/tp/.nuget/packages/microsoft.extensions.options/8.0.2/lib/net8.0/Microsoft.Extensions.Options.dll' because file version '8.0.224.6711' is greater than '8.0.23.53103'.
         Encountered conflict between 'Platform:System.Collections.Immutable.dll' and 'CopyLocal:/Users/tp/.nuget/packages/system.collections.immutable/7.0.0/lib/net7.0/System.Collections.Immutable.dll'. Choosing 'Platform:System.Collections.Immutable.dll' because AssemblyVersion '8.0.0.0' is greater than '7.0.0.0'.
         Encountered conflict between 'Platform:System.Data.DataSetExtensions.dll' and 'CopyLocal:/Users/tp/.nuget/packages/system.data.datasetextensions/4.5.0/lib/netstandard2.0/System.Data.DataSetExtensions.dll'. Choosing 'Platform:System.Data.DataSetExtensions.dll' because AssemblyVersion '8.0.0.0' is greater than '4.0.0.0'.
         Encountered conflict between 'Platform:System.Diagnostics.DiagnosticSource.dll' and 'CopyLocal:/Users/tp/.nuget/packages/system.diagnostics.diagnosticsource/6.0.0/lib/net6.0/System.Diagnostics.DiagnosticSource.dll'. Choosing 'Platform:System.Diagnostics.DiagnosticSource.dll' because AssemblyVersion '8.0.0.0' is greater than '6.0.0.0'.
         Encountered conflict between 'Platform:System.Formats.Asn1.dll' and 'CopyLocal:/Users/tp/.nuget/packages/system.formats.asn1/6.0.0/lib/net6.0/System.Formats.Asn1.dll'. Choosing 'Platform:System.Formats.Asn1.dll' because AssemblyVersion '8.0.0.0' is greater than '6.0.0.0'.
         Encountered conflict between 'Platform:System.Reflection.Metadata.dll' and 'CopyLocal:/Users/tp/.nuget/packages/system.reflection.metadata/7.0.0/lib/net7.0/System.Reflection.Metadata.dll'. Choosing 'Platform:System.Reflection.Metadata.dll' because AssemblyVersion '8.0.0.0' is greater than '7.0.0.0'.
         Encountered conflict between 'Platform:System.Runtime.CompilerServices.Unsafe.dll' and 'CopyLocal:/Users/tp/.nuget/packages/system.runtime.compilerservices.unsafe/6.0.0/lib/net6.0/System.Runtime.CompilerServices.Unsafe.dll'. Choosing 'Platform:System.Runtime.CompilerServices.Unsafe.dll' because AssemblyVersion '8.0.0.0' is greater than '6.0.0.0'.
         Encountered conflict between 'Platform:System.Security.Cryptography.Cng.dll' and 'CopyLocal:/Users/tp/.nuget/packages/system.security.cryptography.cng/5.0.0/lib/netcoreapp3.0/System.Security.Cryptography.Cng.dll'. Choosing 'Platform:System.Security.Cryptography.Cng.dll' because AssemblyVersion '8.0.0.0' is greater than '5.0.0.0'.
         Encountered conflict between 'Platform:System.Security.Cryptography.Pkcs.dll' and 'CopyLocal:/Users/tp/.nuget/packages/system.security.cryptography.pkcs/6.0.4/lib/net6.0/System.Security.Cryptography.Pkcs.dll'. Choosing 'Platform:System.Security.Cryptography.Pkcs.dll' because AssemblyVersion '8.0.0.0' is greater than '6.0.0.0'.
         Encountered conflict between 'Platform:System.Security.Principal.Windows.dll' and 'CopyLocal:/Users/tp/.nuget/packages/system.security.principal.windows/5.0.0/lib/netstandard2.0/System.Security.Principal.Windows.dll'. Choosing 'Platform:System.Security.Principal.Windows.dll' because AssemblyVersion '8.0.0.0' is greater than '5.0.0.0'.
         Encountered conflict between 'Platform:System.Text.Encoding.CodePages.dll' and 'CopyLocal:/Users/tp/.nuget/packages/system.text.encoding.codepages/6.0.0/lib/net6.0/System.Text.Encoding.CodePages.dll'. Choosing 'Platform:System.Text.Encoding.CodePages.dll' because AssemblyVersion '8.0.0.0' is greater than '6.0.0.0'.
         Encountered conflict between 'Platform:System.Text.Encodings.Web.dll' and 'CopyLocal:/Users/tp/.nuget/packages/system.text.encodings.web/8.0.0/lib/net8.0/System.Text.Encodings.Web.dll'. Choosing 'Platform:System.Text.Encodings.Web.dll' because file version '8.0.1425.11118' is greater than '8.0.23.53103'.
         Encountered conflict between 'Platform:System.Text.Json.dll' and 'CopyLocal:/Users/tp/.nuget/packages/system.text.json/8.0.4/lib/net8.0/System.Text.Json.dll'. Choosing 'Platform:System.Text.Json.dll' because file version '8.0.1425.11118' is greater than '8.0.724.31311'.
         Encountered conflict between 'Platform:System.Threading.Channels.dll' and 'CopyLocal:/Users/tp/.nuget/packages/system.threading.channels/8.0.0/lib/net8.0/System.Threading.Channels.dll'. Choosing 'Platform:System.Threading.Channels.dll' because file version '8.0.1425.11118' is greater than '8.0.23.53103'.
         Encountered conflict between 'Platform:System.Threading.Tasks.Dataflow.dll' and 'CopyLocal:/Users/tp/.nuget/packages/system.threading.tasks.dataflow/7.0.0/lib/net7.0/System.Threading.Tasks.Dataflow.dll'. Choosing 'Platform:System.Threading.Tasks.Dataflow.dll' because AssemblyVersion '8.0.0.0' is greater than '7.0.0.0'.
         Encountered conflict between 'Platform:System.Security.Cryptography.Cng.dll' and 'CopyLocal:/Users/tp/.nuget/packages/system.security.cryptography.cng/5.0.0/runtimes/win/lib/netcoreapp3.0/System.Security.Cryptography.Cng.dll'. Choosing 'Platform:System.Security.Cryptography.Cng.dll' because AssemblyVersion '8.0.0.0' is greater than '5.0.0.0'.
         Encountered conflict between 'Platform:System.Security.Cryptography.Pkcs.dll' and 'CopyLocal:/Users/tp/.nuget/packages/system.security.cryptography.pkcs/6.0.4/runtimes/win/lib/net6.0/System.Security.Cryptography.Pkcs.dll'. Choosing 'Platform:System.Security.Cryptography.Pkcs.dll' because AssemblyVersion '8.0.0.0' is greater than '6.0.0.0'.
         Encountered conflict between 'Platform:System.Security.Principal.Windows.dll' and 'CopyLocal:/Users/tp/.nuget/packages/system.security.principal.windows/5.0.0/runtimes/unix/lib/netcoreapp2.1/System.Security.Principal.Windows.dll'. Choosing 'Platform:System.Security.Principal.Windows.dll' because AssemblyVersion '8.0.0.0' is greater than '5.0.0.0'.
         Encountered conflict between 'Platform:System.Security.Principal.Windows.dll' and 'CopyLocal:/Users/tp/.nuget/packages/system.security.principal.windows/5.0.0/runtimes/win/lib/netcoreapp2.1/System.Security.Principal.Windows.dll'. Choosing 'Platform:System.Security.Principal.Windows.dll' because AssemblyVersion '8.0.0.0' is greater than '5.0.0.0'.
         Encountered conflict between 'Platform:System.Text.Encoding.CodePages.dll' and 'CopyLocal:/Users/tp/.nuget/packages/system.text.encoding.codepages/6.0.0/runtimes/win/lib/net6.0/System.Text.Encoding.CodePages.dll'. Choosing 'Platform:System.Text.Encoding.CodePages.dll' because AssemblyVersion '8.0.0.0' is greater than '6.0.0.0'.
         Encountered conflict between 'Platform:System.Text.Encodings.Web.dll' and 'CopyLocal:/Users/tp/.nuget/packages/system.text.encodings.web/8.0.0/runtimes/browser/lib/net8.0/System.Text.Encodings.Web.dll'. Choosing 'Platform:System.Text.Encodings.Web.dll' because file version '8.0.1425.11118' is greater than '8.0.23.53103'.
         Encountered conflict between 'Platform:mscorlib.dll' and 'Platform:mscorlib.dll'. Could not determine winner due to equal file and assembly versions.
         Encountered conflict between 'Platform:Microsoft.VisualBasic.dll' and 'Platform:Microsoft.VisualBasic.dll'. Could not determine winner due to equal file and assembly versions.
         Encountered conflict between 'Platform:System.dll' and 'Platform:System.dll'. Could not determine winner due to equal file and assembly versions.
         Encountered conflict between 'Platform:System.ComponentModel.DataAnnotations.dll' and 'Platform:System.ComponentModel.DataAnnotations.dll'. Could not determine winner due to equal file and assembly versions.
         Encountered conflict between 'Platform:System.Configuration.dll' and 'Platform:System.Configuration.dll'. Could not determine winner due to equal file and assembly versions.
         Encountered conflict between 'Platform:System.Core.dll' and 'Platform:System.Core.dll'. Could not determine winner due to equal file and assembly versions.
         Encountered conflict between 'Platform:System.Data.dll' and 'Platform:System.Data.dll'. Could not determine winner due to equal file and assembly versions.
         Encountered conflict between 'Platform:System.Drawing.dll' and 'Platform:System.Drawing.dll'. Could not determine winner due to equal file and assembly versions.
         Encountered conflict between 'Platform:System.IO.Compression.FileSystem.dll' and 'Platform:System.IO.Compression.FileSystem.dll'. Could not determine winner due to equal file and assembly versions.
         Encountered conflict between 'Platform:System.Net.dll' and 'Platform:System.Net.dll'. Could not determine winner due to equal file and assembly versions.
         Encountered conflict between 'Platform:System.Numerics.dll' and 'Platform:System.Numerics.dll'. Could not determine winner due to equal file and assembly versions.
         Encountered conflict between 'Platform:System.Runtime.Serialization.dll' and 'Platform:System.Runtime.Serialization.dll'. Could not determine winner due to equal file and assembly versions.
         Encountered conflict between 'Platform:System.Security.dll' and 'Platform:System.Security.dll'. Could not determine winner due to equal file and assembly versions.
         Encountered conflict between 'Platform:System.ServiceProcess.dll' and 'Platform:System.ServiceProcess.dll'. Could not determine winner due to equal file and assembly versions.
         Encountered conflict between 'Platform:System.ServiceModel.Web.dll' and 'Platform:System.ServiceModel.Web.dll'. Could not determine winner due to equal file and assembly versions.
         Encountered conflict between 'Platform:System.Transactions.dll' and 'Platform:System.Transactions.dll'. Could not determine winner due to equal file and assembly versions.
         Encountered conflict between 'Platform:System.Web.dll' and 'Platform:System.Web.dll'. Could not determine winner due to equal file and assembly versions.
         Encountered conflict between 'Platform:System.Windows.dll' and 'Platform:System.Windows.dll'. Could not determine winner due to equal file and assembly versions.
         Encountered conflict between 'Platform:System.Xml.dll' and 'Platform:System.Xml.dll'. Could not determine winner due to equal file and assembly versions.
         Encountered conflict between 'Platform:System.Xml.Serialization.dll' and 'Platform:System.Xml.Serialization.dll'. Could not determine winner due to equal file and assembly versions.
         Encountered conflict between 'Platform:System.Xml.Linq.dll' and 'Platform:System.Xml.Linq.dll'. Could not determine winner due to equal file and assembly versions.
         Encountered conflict between 'Platform:WindowsBase.dll' and 'Platform:WindowsBase.dll'. Could not determine winner due to equal file and assembly versions.
         Encountered conflict between 'Platform:netstandard.dll' and 'Platform:netstandard.dll'. Could not determine winner due to equal file and assembly versions.
         Encountered conflict between 'Platform:System.Private.CoreLib.dll' and 'Platform:System.Private.CoreLib.dll'. Could not determine winner due to equal file and assembly versions.
         Encountered conflict between 'Platform:System.Private.DataContractSerialization.dll' and 'Platform:System.Private.DataContractSerialization.dll'. Could not determine winner due to equal file and assembly versions.
         Encountered conflict between 'Platform:System.Private.Uri.dll' and 'Platform:System.Private.Uri.dll'. Could not determine winner due to equal file and assembly versions.
         Encountered conflict between 'Platform:System.Private.Xml.dll' and 'Platform:System.Private.Xml.dll'. Could not determine winner due to equal file and assembly versions.
         Encountered conflict between 'Platform:System.Private.Xml.Linq.dll' and 'Platform:System.Private.Xml.Linq.dll'. Could not determine winner due to equal file and assembly versions.
       Done executing task "ResolvePackageFileConflicts".
   1:7>Done building target "_HandlePackageFileConflicts" in project "Cloud9.2.csproj".
       Target "ResolveTargetingPackAssets" skipped. Previously built successfully.
   1:7>Target "ResolveAssemblyReferences" in file "/usr/local/share/dotnet/sdk/8.0.407/Microsoft.Common.CurrentVersion.targets" from project "/Users/tp/Projects/Cloud9.2/Cloud9.2.csproj" (target "ResolveReferences" depends on it):
       Using "ResolveAssemblyReference" task from assembly "Microsoft.Build.Tasks.Core, Version=15.1.0.0, Culture=neutral, PublicKeyToken=b03f5f7f11d50a3a".
       Task "ResolveAssemblyReference"
         TargetFrameworkMoniker:
             .NETCoreApp,Version=v8.0
         TargetFrameworkMonikerDisplayName:
             .NET 8.0
         TargetedRuntimeVersion:
             
         Assemblies:
             /Users/tp/.nuget/packages/azure.core/1.25.0/lib/net5.0/Azure.Core.dll
                 Private = 'false'
                 HintPath = '/Users/tp/.nuget/packages/azure.core/1.25.0/lib/net5.0/Azure.Core.dll'
             /Users/tp/.nuget/packages/azure.identity/1.7.0/lib/netstandard2.0/Azure.Identity.dll
                 Private = 'false'
                 HintPath = '/Users/tp/.nuget/packages/azure.identity/1.7.0/lib/netstandard2.0/Azure.Identity.dll'
             /Users/tp/.nuget/packages/humanizer.core/2.14.1/lib/net6.0/Humanizer.dll
                 Private = 'false'
                 HintPath = '/Users/tp/.nuget/packages/humanizer.core/2.14.1/lib/net6.0/Humanizer.dll'
             /Users/tp/.nuget/packages/microsoft.aspnetcore.identity.entityframeworkcore/8.0.0/lib/net8.0/Microsoft.AspNetCore.Identity.EntityFrameworkCore.dll
                 Private = 'false'
                 HintPath = '/Users/tp/.nuget/packages/microsoft.aspnetcore.identity.entityframeworkcore/8.0.0/lib/net8.0/Microsoft.AspNetCore.Identity.EntityFrameworkCore.dll'
             /Users/tp/.nuget/packages/microsoft.aspnetcore.identity.ui/8.0.0/lib/net8.0/Microsoft.AspNetCore.Identity.UI.dll
                 Private = 'false'
                 HintPath = '/Users/tp/.nuget/packages/microsoft.aspnetcore.identity.ui/8.0.0/lib/net8.0/Microsoft.AspNetCore.Identity.UI.dll'
             /Users/tp/.nuget/packages/microsoft.aspnetcore.razor.language/6.0.24/lib/netstandard2.0/Microsoft.AspNetCore.Razor.Language.dll
                 Private = 'false'
                 HintPath = '/Users/tp/.nuget/packages/microsoft.aspnetcore.razor.language/6.0.24/lib/netstandard2.0/Microsoft.AspNetCore.Razor.Language.dll'
             /Users/tp/.nuget/packages/microsoft.bcl.asyncinterfaces/7.0.0/lib/netstandard2.1/Microsoft.Bcl.AsyncInterfaces.dll
                 Private = 'false'
                 HintPath = '/Users/tp/.nuget/packages/microsoft.bcl.asyncinterfaces/7.0.0/lib/netstandard2.1/Microsoft.Bcl.AsyncInterfaces.dll'
             /Users/tp/.nuget/packages/microsoft.build/17.8.3/ref/net8.0/Microsoft.Build.dll
                 Private = 'false'
                 HintPath = '/Users/tp/.nuget/packages/microsoft.build/17.8.3/ref/net8.0/Microsoft.Build.dll'
             /Users/tp/.nuget/packages/microsoft.build.framework/17.8.3/ref/net8.0/Microsoft.Build.Framework.dll
                 Private = 'false'
                 HintPath = '/Users/tp/.nuget/packages/microsoft.build.framework/17.8.3/ref/net8.0/Microsoft.Build.Framework.dll'
             /Users/tp/.nuget/packages/microsoft.codeanalysis.analyzerutilities/3.3.0/lib/netstandard2.0/Microsoft.CodeAnalysis.AnalyzerUtilities.dll
                 Private = 'false'
                 HintPath = '/Users/tp/.nuget/packages/microsoft.codeanalysis.analyzerutilities/3.3.0/lib/netstandard2.0/Microsoft.CodeAnalysis.AnalyzerUtilities.dll'
             /Users/tp/.nuget/packages/microsoft.codeanalysis.common/4.8.0/lib/net7.0/Microsoft.CodeAnalysis.dll
                 Private = 'false'
                 HintPath = '/Users/tp/.nuget/packages/microsoft.codeanalysis.common/4.8.0/lib/net7.0/Microsoft.CodeAnalysis.dll'
             /Users/tp/.nuget/packages/microsoft.codeanalysis.csharp/4.8.0/lib/net7.0/Microsoft.CodeAnalysis.CSharp.dll
                 Private = 'false'
                 HintPath = '/Users/tp/.nuget/packages/microsoft.codeanalysis.csharp/4.8.0/lib/net7.0/Microsoft.CodeAnalysis.CSharp.dll'
             /Users/tp/.nuget/packages/microsoft.codeanalysis.csharp.features/4.8.0/lib/net7.0/Microsoft.CodeAnalysis.CSharp.Features.dll
                 Private = 'false'
                 HintPath = '/Users/tp/.nuget/packages/microsoft.codeanalysis.csharp.features/4.8.0/lib/net7.0/Microsoft.CodeAnalysis.CSharp.Features.dll'
             /Users/tp/.nuget/packages/microsoft.codeanalysis.csharp.workspaces/4.8.0/lib/net7.0/Microsoft.CodeAnalysis.CSharp.Workspaces.dll
                 Private = 'false'
                 HintPath = '/Users/tp/.nuget/packages/microsoft.codeanalysis.csharp.workspaces/4.8.0/lib/net7.0/Microsoft.CodeAnalysis.CSharp.Workspaces.dll'
             /Users/tp/.nuget/packages/microsoft.codeanalysis.elfie/1.0.0/lib/netstandard2.0/Microsoft.CodeAnalysis.Elfie.dll
                 Private = 'false'
                 HintPath = '/Users/tp/.nuget/packages/microsoft.codeanalysis.elfie/1.0.0/lib/netstandard2.0/Microsoft.CodeAnalysis.Elfie.dll'
             /Users/tp/.nuget/packages/microsoft.codeanalysis.features/4.8.0/lib/net7.0/Microsoft.CodeAnalysis.Features.dll
                 Private = 'false'
                 HintPath = '/Users/tp/.nuget/packages/microsoft.codeanalysis.features/4.8.0/lib/net7.0/Microsoft.CodeAnalysis.Features.dll'
             /Users/tp/.nuget/packages/microsoft.codeanalysis.razor/6.0.24/lib/netstandard2.0/Microsoft.CodeAnalysis.Razor.dll
                 Private = 'false'
                 HintPath = '/Users/tp/.nuget/packages/microsoft.codeanalysis.razor/6.0.24/lib/netstandard2.0/Microsoft.CodeAnalysis.Razor.dll'
             /Users/tp/.nuget/packages/microsoft.codeanalysis.scripting.common/4.8.0/lib/net7.0/Microsoft.CodeAnalysis.Scripting.dll
                 Private = 'false'
                 HintPath = '/Users/tp/.nuget/packages/microsoft.codeanalysis.scripting.common/4.8.0/lib/net7.0/Microsoft.CodeAnalysis.Scripting.dll'
             /Users/tp/.nuget/packages/microsoft.codeanalysis.workspaces.common/4.8.0/lib/net7.0/Microsoft.CodeAnalysis.Workspaces.dll
                 Private = 'false'
                 HintPath = '/Users/tp/.nuget/packages/microsoft.codeanalysis.workspaces.common/4.8.0/lib/net7.0/Microsoft.CodeAnalysis.Workspaces.dll'
             /Users/tp/.nuget/packages/microsoft.data.sqlclient/5.1.1/ref/net6.0/Microsoft.Data.SqlClient.dll
                 Private = 'false'
                 HintPath = '/Users/tp/.nuget/packages/microsoft.data.sqlclient/5.1.1/ref/net6.0/Microsoft.Data.SqlClient.dll'
             /Users/tp/.nuget/packages/microsoft.diasymreader/2.0.0/lib/netstandard2.0/Microsoft.DiaSymReader.dll
                 Private = 'false'
                 HintPath = '/Users/tp/.nuget/packages/microsoft.diasymreader/2.0.0/lib/netstandard2.0/Microsoft.DiaSymReader.dll'
             /Users/tp/.nuget/packages/microsoft.dotnet.scaffolding.shared/8.0.4/lib/netstandard2.0/Microsoft.DotNet.Scaffolding.Shared.dll
                 Private = 'false'
                 HintPath = '/Users/tp/.nuget/packages/microsoft.dotnet.scaffolding.shared/8.0.4/lib/netstandard2.0/Microsoft.DotNet.Scaffolding.Shared.dll'
             /Users/tp/.nuget/packages/microsoft.entityframeworkcore/8.0.0/lib/net8.0/Microsoft.EntityFrameworkCore.dll
                 Private = 'false'
                 HintPath = '/Users/tp/.nuget/packages/microsoft.entityframeworkcore/8.0.0/lib/net8.0/Microsoft.EntityFrameworkCore.dll'
             /Users/tp/.nuget/packages/microsoft.entityframeworkcore.abstractions/8.0.0/lib/net8.0/Microsoft.EntityFrameworkCore.Abstractions.dll
                 Private = 'false'
                 HintPath = '/Users/tp/.nuget/packages/microsoft.entityframeworkcore.abstractions/8.0.0/lib/net8.0/Microsoft.EntityFrameworkCore.Abstractions.dll'
             /Users/tp/.nuget/packages/microsoft.entityframeworkcore.relational/8.0.0/lib/net8.0/Microsoft.EntityFrameworkCore.Relational.dll
                 Private = 'false'
                 HintPath = '/Users/tp/.nuget/packages/microsoft.entityframeworkcore.relational/8.0.0/lib/net8.0/Microsoft.EntityFrameworkCore.Relational.dll'
             /Users/tp/.nuget/packages/microsoft.entityframeworkcore.sqlserver/8.0.0/lib/net8.0/Microsoft.EntityFrameworkCore.SqlServer.dll
                 Private = 'false'
                 HintPath = '/Users/tp/.nuget/packages/microsoft.entityframeworkcore.sqlserver/8.0.0/lib/net8.0/Microsoft.EntityFrameworkCore.SqlServer.dll'
             /Users/tp/.nuget/packages/microsoft.extensions.dependencymodel/8.0.1/lib/net8.0/Microsoft.Extensions.DependencyModel.dll
                 Private = 'false'
                 HintPath = '/Users/tp/.nuget/packages/microsoft.extensions.dependencymodel/8.0.1/lib/net8.0/Microsoft.Extensions.DependencyModel.dll'
             /Users/tp/.nuget/packages/microsoft.identity.client/4.47.2/lib/netcoreapp2.1/Microsoft.Identity.Client.dll
                 Private = 'false'
                 HintPath = '/Users/tp/.nuget/packages/microsoft.identity.client/4.47.2/lib/netcoreapp2.1/Microsoft.Identity.Client.dll'
             /Users/tp/.nuget/packages/microsoft.identity.client.extensions.msal/2.19.3/lib/netcoreapp2.1/Microsoft.Identity.Client.Extensions.Msal.dll
                 Private = 'false'
                 HintPath = '/Users/tp/.nuget/packages/microsoft.identity.client.extensions.msal/2.19.3/lib/netcoreapp2.1/Microsoft.Identity.Client.Extensions.Msal.dll'
             /Users/tp/.nuget/packages/microsoft.identitymodel.abstractions/6.24.0/lib/net6.0/Microsoft.IdentityModel.Abstractions.dll
                 Private = 'false'
                 HintPath = '/Users/tp/.nuget/packages/microsoft.identitymodel.abstractions/6.24.0/lib/net6.0/Microsoft.IdentityModel.Abstractions.dll'
             /Users/tp/.nuget/packages/microsoft.identitymodel.jsonwebtokens/6.24.0/lib/net6.0/Microsoft.IdentityModel.JsonWebTokens.dll
                 Private = 'false'
                 HintPath = '/Users/tp/.nuget/packages/microsoft.identitymodel.jsonwebtokens/6.24.0/lib/net6.0/Microsoft.IdentityModel.JsonWebTokens.dll'
             /Users/tp/.nuget/packages/microsoft.identitymodel.logging/6.24.0/lib/net6.0/Microsoft.IdentityModel.Logging.dll
                 Private = 'false'
                 HintPath = '/Users/tp/.nuget/packages/microsoft.identitymodel.logging/6.24.0/lib/net6.0/Microsoft.IdentityModel.Logging.dll'
             /Users/tp/.nuget/packages/microsoft.identitymodel.protocols/6.24.0/lib/net6.0/Microsoft.IdentityModel.Protocols.dll
                 Private = 'false'
                 HintPath = '/Users/tp/.nuget/packages/microsoft.identitymodel.protocols/6.24.0/lib/net6.0/Microsoft.IdentityModel.Protocols.dll'
             /Users/tp/.nuget/packages/microsoft.identitymodel.protocols.openidconnect/6.24.0/lib/net6.0/Microsoft.IdentityModel.Protocols.OpenIdConnect.dll
                 Private = 'false'
                 HintPath = '/Users/tp/.nuget/packages/microsoft.identitymodel.protocols.openidconnect/6.24.0/lib/net6.0/Microsoft.IdentityModel.Protocols.OpenIdConnect.dll'
             /Users/tp/.nuget/packages/microsoft.identitymodel.tokens/6.24.0/lib/net6.0/Microsoft.IdentityModel.Tokens.dll
                 Private = 'false'
                 HintPath = '/Users/tp/.nuget/packages/microsoft.identitymodel.tokens/6.24.0/lib/net6.0/Microsoft.IdentityModel.Tokens.dll'
             /Users/tp/.nuget/packages/microsoft.net.stringtools/17.8.3/ref/net8.0/Microsoft.NET.StringTools.dll
                 Private = 'false'
                 HintPath = '/Users/tp/.nuget/packages/microsoft.net.stringtools/17.8.3/ref/net8.0/Microsoft.NET.StringTools.dll'
             /Users/tp/.nuget/packages/microsoft.sqlserver.server/1.0.0/lib/netstandard2.0/Microsoft.SqlServer.Server.dll
                 Private = 'false'
                 HintPath = '/Users/tp/.nuget/packages/microsoft.sqlserver.server/1.0.0/lib/netstandard2.0/Microsoft.SqlServer.Server.dll'
             /Users/tp/.nuget/packages/microsoft.visualstudio.web.codegeneration/8.0.4/lib/net8.0/Microsoft.VisualStudio.Web.CodeGeneration.dll
                 Private = 'false'
                 HintPath = '/Users/tp/.nuget/packages/microsoft.visualstudio.web.codegeneration/8.0.4/lib/net8.0/Microsoft.VisualStudio.Web.CodeGeneration.dll'
             /Users/tp/.nuget/packages/microsoft.visualstudio.web.codegeneration.core/8.0.4/lib/net8.0/Microsoft.VisualStudio.Web.CodeGeneration.Core.dll
                 Private = 'false'
                 HintPath = '/Users/tp/.nuget/packages/microsoft.visualstudio.web.codegeneration.core/8.0.4/lib/net8.0/Microsoft.VisualStudio.Web.CodeGeneration.Core.dll'
             /Users/tp/.nuget/packages/microsoft.visualstudio.web.codegeneration.design/8.0.4/lib/net8.0/dotnet-aspnet-codegenerator-design.dll
                 Private = 'false'
                 HintPath = '/Users/tp/.nuget/packages/microsoft.visualstudio.web.codegeneration.design/8.0.4/lib/net8.0/dotnet-aspnet-codegenerator-design.dll'
             /Users/tp/.nuget/packages/microsoft.visualstudio.web.codegeneration.entityframeworkcore/8.0.4/lib/net8.0/Microsoft.VisualStudio.Web.CodeGeneration.EntityFrameworkCore.dll
                 Private = 'false'
                 HintPath = '/Users/tp/.nuget/packages/microsoft.visualstudio.web.codegeneration.entityframeworkcore/8.0.4/lib/net8.0/Microsoft.VisualStudio.Web.CodeGeneration.EntityFrameworkCore.dll'
             /Users/tp/.nuget/packages/microsoft.visualstudio.web.codegeneration.templating/8.0.4/lib/net8.0/Microsoft.VisualStudio.Web.CodeGeneration.Templating.dll
                 Private = 'false'
                 HintPath = '/Users/tp/.nuget/packages/microsoft.visualstudio.web.codegeneration.templating/8.0.4/lib/net8.0/Microsoft.VisualStudio.Web.CodeGeneration.Templating.dll'
             /Users/tp/.nuget/packages/microsoft.visualstudio.web.codegeneration.utils/8.0.4/lib/net8.0/Microsoft.VisualStudio.Web.CodeGeneration.Utils.dll
                 Private = 'false'
                 HintPath = '/Users/tp/.nuget/packages/microsoft.visualstudio.web.codegeneration.utils/8.0.4/lib/net8.0/Microsoft.VisualStudio.Web.CodeGeneration.Utils.dll'
             /Users/tp/.nuget/packages/microsoft.visualstudio.web.codegenerators.mvc/8.0.4/lib/net8.0/Microsoft.VisualStudio.Web.CodeGenerators.Mvc.dll
                 Private = 'false'
                 HintPath = '/Users/tp/.nuget/packages/microsoft.visualstudio.web.codegenerators.mvc/8.0.4/lib/net8.0/Microsoft.VisualStudio.Web.CodeGenerators.Mvc.dll'
             /Users/tp/.nuget/packages/microsoft.win32.systemevents/7.0.0/lib/net7.0/Microsoft.Win32.SystemEvents.dll
                 Private = 'false'
                 HintPath = '/Users/tp/.nuget/packages/microsoft.win32.systemevents/7.0.0/lib/net7.0/Microsoft.Win32.SystemEvents.dll'
             /Users/tp/.nuget/packages/mono.texttemplating/2.3.1/lib/netcoreapp3.1/Mono.TextTemplating.dll
                 Private = 'false'
                 HintPath = '/Users/tp/.nuget/packages/mono.texttemplating/2.3.1/lib/netcoreapp3.1/Mono.TextTemplating.dll'
             /Users/tp/.nuget/packages/newtonsoft.json/13.0.3/lib/net6.0/Newtonsoft.Json.dll
                 Private = 'false'
                 HintPath = '/Users/tp/.nuget/packages/newtonsoft.json/13.0.3/lib/net6.0/Newtonsoft.Json.dll'
             /Users/tp/.nuget/packages/nuget.common/6.9.1/lib/netstandard2.0/NuGet.Common.dll
                 Private = 'false'
                 HintPath = '/Users/tp/.nuget/packages/nuget.common/6.9.1/lib/netstandard2.0/NuGet.Common.dll'
             /Users/tp/.nuget/packages/nuget.configuration/6.9.1/lib/netstandard2.0/NuGet.Configuration.dll
                 Private = 'false'
                 HintPath = '/Users/tp/.nuget/packages/nuget.configuration/6.9.1/lib/netstandard2.0/NuGet.Configuration.dll'
             /Users/tp/.nuget/packages/nuget.dependencyresolver.core/6.9.1/lib/net5.0/NuGet.DependencyResolver.Core.dll
                 Private = 'false'
                 HintPath = '/Users/tp/.nuget/packages/nuget.dependencyresolver.core/6.9.1/lib/net5.0/NuGet.DependencyResolver.Core.dll'
             /Users/tp/.nuget/packages/nuget.frameworks/6.9.1/lib/netstandard2.0/NuGet.Frameworks.dll
                 Private = 'false'
                 HintPath = '/Users/tp/.nuget/packages/nuget.frameworks/6.9.1/lib/netstandard2.0/NuGet.Frameworks.dll'
             /Users/tp/.nuget/packages/nuget.librarymodel/6.9.1/lib/netstandard2.0/NuGet.LibraryModel.dll
                 Private = 'false'
                 HintPath = '/Users/tp/.nuget/packages/nuget.librarymodel/6.9.1/lib/netstandard2.0/NuGet.LibraryModel.dll'
             /Users/tp/.nuget/packages/nuget.packaging/6.9.1/lib/net5.0/NuGet.Packaging.dll
                 Private = 'false'
                 HintPath = '/Users/tp/.nuget/packages/nuget.packaging/6.9.1/lib/net5.0/NuGet.Packaging.dll'
             /Users/tp/.nuget/packages/nuget.projectmodel/6.9.1/lib/net5.0/NuGet.ProjectModel.dll
                 Private = 'false'
                 HintPath = '/Users/tp/.nuget/packages/nuget.projectmodel/6.9.1/lib/net5.0/NuGet.ProjectModel.dll'
             /Users/tp/.nuget/packages/nuget.protocol/6.9.1/lib/net5.0/NuGet.Protocol.dll
                 Private = 'false'
                 HintPath = '/Users/tp/.nuget/packages/nuget.protocol/6.9.1/lib/net5.0/NuGet.Protocol.dll'
             /Users/tp/.nuget/packages/nuget.versioning/6.9.1/lib/netstandard2.0/NuGet.Versioning.dll
                 Private = 'false'
                 HintPath = '/Users/tp/.nuget/packages/nuget.versioning/6.9.1/lib/netstandard2.0/NuGet.Versioning.dll'
             /Users/tp/.nuget/packages/qrcoder/1.6.0/lib/net6.0/QRCoder.dll
                 Private = 'false'
                 HintPath = '/Users/tp/.nuget/packages/qrcoder/1.6.0/lib/net6.0/QRCoder.dll'
             /Users/tp/.nuget/packages/system.codedom/5.0.0/ref/netstandard2.0/System.CodeDom.dll
                 Private = 'false'
                 HintPath = '/Users/tp/.nuget/packages/system.codedom/5.0.0/ref/netstandard2.0/System.CodeDom.dll'
             /Users/tp/.nuget/packages/system.composition.attributedmodel/7.0.0/lib/net7.0/System.Composition.AttributedModel.dll
                 Private = 'false'
                 HintPath = '/Users/tp/.nuget/packages/system.composition.attributedmodel/7.0.0/lib/net7.0/System.Composition.AttributedModel.dll'
             /Users/tp/.nuget/packages/system.composition.convention/7.0.0/lib/net7.0/System.Composition.Convention.dll
                 Private = 'false'
                 HintPath = '/Users/tp/.nuget/packages/system.composition.convention/7.0.0/lib/net7.0/System.Composition.Convention.dll'
             /Users/tp/.nuget/packages/system.composition.hosting/7.0.0/lib/net7.0/System.Composition.Hosting.dll
                 Private = 'false'
                 HintPath = '/Users/tp/.nuget/packages/system.composition.hosting/7.0.0/lib/net7.0/System.Composition.Hosting.dll'
             /Users/tp/.nuget/packages/system.composition.runtime/7.0.0/lib/net7.0/System.Composition.Runtime.dll
                 Private = 'false'
                 HintPath = '/Users/tp/.nuget/packages/system.composition.runtime/7.0.0/lib/net7.0/System.Composition.Runtime.dll'
             /Users/tp/.nuget/packages/system.composition.typedparts/7.0.0/lib/net7.0/System.Composition.TypedParts.dll
                 Private = 'false'
                 HintPath = '/Users/tp/.nuget/packages/system.composition.typedparts/7.0.0/lib/net7.0/System.Composition.TypedParts.dll'
             /Users/tp/.nuget/packages/system.configuration.configurationmanager/7.0.0/lib/net7.0/System.Configuration.ConfigurationManager.dll
                 Private = 'false'
                 HintPath = '/Users/tp/.nuget/packages/system.configuration.configurationmanager/7.0.0/lib/net7.0/System.Configuration.ConfigurationManager.dll'
             /Users/tp/.nuget/packages/system.drawing.common/7.0.0/lib/net7.0/System.Drawing.Common.dll
                 Private = 'false'
                 HintPath = '/Users/tp/.nuget/packages/system.drawing.common/7.0.0/lib/net7.0/System.Drawing.Common.dll'
             /Users/tp/.nuget/packages/system.identitymodel.tokens.jwt/6.24.0/lib/net6.0/System.IdentityModel.Tokens.Jwt.dll
                 Private = 'false'
                 HintPath = '/Users/tp/.nuget/packages/system.identitymodel.tokens.jwt/6.24.0/lib/net6.0/System.IdentityModel.Tokens.Jwt.dll'
             /Users/tp/.nuget/packages/system.memory.data/1.0.2/lib/netstandard2.0/System.Memory.Data.dll
                 Private = 'false'
                 HintPath = '/Users/tp/.nuget/packages/system.memory.data/1.0.2/lib/netstandard2.0/System.Memory.Data.dll'
             /Users/tp/.nuget/packages/system.net.websockets.websocketprotocol/5.1.0/lib/net6.0/System.Net.WebSockets.WebSocketProtocol.dll
                 Private = 'false'
                 HintPath = '/Users/tp/.nuget/packages/system.net.websockets.websocketprotocol/5.1.0/lib/net6.0/System.Net.WebSockets.WebSocketProtocol.dll'
             /Users/tp/.nuget/packages/system.reflection.metadataloadcontext/7.0.0/lib/net7.0/System.Reflection.MetadataLoadContext.dll
                 Private = 'false'
                 HintPath = '/Users/tp/.nuget/packages/system.reflection.metadataloadcontext/7.0.0/lib/net7.0/System.Reflection.MetadataLoadContext.dll'
             /Users/tp/.nuget/packages/system.security.cryptography.pkcs/6.0.4/lib/net6.0/System.Security.Cryptography.Pkcs.dll
                 Private = 'false'
                 HintPath = '/Users/tp/.nuget/packages/system.security.cryptography.pkcs/6.0.4/lib/net6.0/System.Security.Cryptography.Pkcs.dll'
             /Users/tp/.nuget/packages/system.security.cryptography.protecteddata/7.0.0/lib/net7.0/System.Security.Cryptography.ProtectedData.dll
                 Private = 'false'
                 HintPath = '/Users/tp/.nuget/packages/system.security.cryptography.protecteddata/7.0.0/lib/net7.0/System.Security.Cryptography.ProtectedData.dll'
             /Users/tp/.nuget/packages/system.security.permissions/7.0.0/lib/net7.0/System.Security.Permissions.dll
                 Private = 'false'
                 HintPath = '/Users/tp/.nuget/packages/system.security.permissions/7.0.0/lib/net7.0/System.Security.Permissions.dll'
             /Users/tp/.nuget/packages/system.windows.extensions/7.0.0/lib/net7.0/System.Windows.Extensions.dll
                 Private = 'false'
                 HintPath = '/Users/tp/.nuget/packages/system.windows.extensions/7.0.0/lib/net7.0/System.Windows.Extensions.dll'
             /usr/local/share/dotnet/packs/Microsoft.NETCore.App.Ref/8.0.14/ref/net8.0/Microsoft.CSharp.dll
                 Private = 'false'
             /usr/local/share/dotnet/packs/Microsoft.NETCore.App.Ref/8.0.14/ref/net8.0/Microsoft.VisualBasic.Core.dll
                 Private = 'false'
             /usr/local/share/dotnet/packs/Microsoft.NETCore.App.Ref/8.0.14/ref/net8.0/Microsoft.VisualBasic.dll
                 Private = 'false'
             /usr/local/share/dotnet/packs/Microsoft.NETCore.App.Ref/8.0.14/ref/net8.0/Microsoft.Win32.Primitives.dll
                 Private = 'false'
             /usr/local/share/dotnet/packs/Microsoft.NETCore.App.Ref/8.0.14/ref/net8.0/Microsoft.Win32.Registry.dll
                 Private = 'false'
             /usr/local/share/dotnet/packs/Microsoft.NETCore.App.Ref/8.0.14/ref/net8.0/System.AppContext.dll
                 Private = 'false'
             /usr/local/share/dotnet/packs/Microsoft.NETCore.App.Ref/8.0.14/ref/net8.0/System.Buffers.dll
                 Private = 'false'
             /usr/local/share/dotnet/packs/Microsoft.NETCore.App.Ref/8.0.14/ref/net8.0/System.Collections.Concurrent.dll
                 Private = 'false'
             /usr/local/share/dotnet/packs/Microsoft.NETCore.App.Ref/8.0.14/ref/net8.0/System.Collections.Immutable.dll
                 Private = 'false'
             /usr/local/share/dotnet/packs/Microsoft.NETCore.App.Ref/8.0.14/ref/net8.0/System.Collections.NonGeneric.dll
                 Private = 'false'
             /usr/local/share/dotnet/packs/Microsoft.NETCore.App.Ref/8.0.14/ref/net8.0/System.Collections.Specialized.dll
                 Private = 'false'
             /usr/local/share/dotnet/packs/Microsoft.NETCore.App.Ref/8.0.14/ref/net8.0/System.Collections.dll
                 Private = 'false'
             /usr/local/share/dotnet/packs/Microsoft.NETCore.App.Ref/8.0.14/ref/net8.0/System.ComponentModel.Annotations.dll
                 Private = 'false'
             /usr/local/share/dotnet/packs/Microsoft.NETCore.App.Ref/8.0.14/ref/net8.0/System.ComponentModel.DataAnnotations.dll
                 Private = 'false'
             /usr/local/share/dotnet/packs/Microsoft.NETCore.App.Ref/8.0.14/ref/net8.0/System.ComponentModel.EventBasedAsync.dll
                 Private = 'false'
             /usr/local/share/dotnet/packs/Microsoft.NETCore.App.Ref/8.0.14/ref/net8.0/System.ComponentModel.Primitives.dll
                 Private = 'false'
             /usr/local/share/dotnet/packs/Microsoft.NETCore.App.Ref/8.0.14/ref/net8.0/System.ComponentModel.TypeConverter.dll
                 Private = 'false'
             /usr/local/share/dotnet/packs/Microsoft.NETCore.App.Ref/8.0.14/ref/net8.0/System.ComponentModel.dll
                 Private = 'false'
             /usr/local/share/dotnet/packs/Microsoft.NETCore.App.Ref/8.0.14/ref/net8.0/System.Configuration.dll
                 Private = 'false'
             /usr/local/share/dotnet/packs/Microsoft.NETCore.App.Ref/8.0.14/ref/net8.0/System.Console.dll
                 Private = 'false'
             /usr/local/share/dotnet/packs/Microsoft.NETCore.App.Ref/8.0.14/ref/net8.0/System.Core.dll
                 Private = 'false'
             /usr/local/share/dotnet/packs/Microsoft.NETCore.App.Ref/8.0.14/ref/net8.0/System.Data.Common.dll
                 Private = 'false'
             /usr/local/share/dotnet/packs/Microsoft.NETCore.App.Ref/8.0.14/ref/net8.0/System.Data.DataSetExtensions.dll
                 Private = 'false'
             /usr/local/share/dotnet/packs/Microsoft.NETCore.App.Ref/8.0.14/ref/net8.0/System.Data.dll
                 Private = 'false'
             /usr/local/share/dotnet/packs/Microsoft.NETCore.App.Ref/8.0.14/ref/net8.0/System.Diagnostics.Contracts.dll
                 Private = 'false'
             /usr/local/share/dotnet/packs/Microsoft.NETCore.App.Ref/8.0.14/ref/net8.0/System.Diagnostics.Debug.dll
                 Private = 'false'
             /usr/local/share/dotnet/packs/Microsoft.NETCore.App.Ref/8.0.14/ref/net8.0/System.Diagnostics.DiagnosticSource.dll
                 Private = 'false'
             /usr/local/share/dotnet/packs/Microsoft.NETCore.App.Ref/8.0.14/ref/net8.0/System.Diagnostics.FileVersionInfo.dll
                 Private = 'false'
             /usr/local/share/dotnet/packs/Microsoft.NETCore.App.Ref/8.0.14/ref/net8.0/System.Diagnostics.Process.dll
                 Private = 'false'
             /usr/local/share/dotnet/packs/Microsoft.NETCore.App.Ref/8.0.14/ref/net8.0/System.Diagnostics.StackTrace.dll
                 Private = 'false'
             /usr/local/share/dotnet/packs/Microsoft.NETCore.App.Ref/8.0.14/ref/net8.0/System.Diagnostics.TextWriterTraceListener.dll
                 Private = 'false'
             /usr/local/share/dotnet/packs/Microsoft.NETCore.App.Ref/8.0.14/ref/net8.0/System.Diagnostics.Tools.dll
                 Private = 'false'
             /usr/local/share/dotnet/packs/Microsoft.NETCore.App.Ref/8.0.14/ref/net8.0/System.Diagnostics.TraceSource.dll
                 Private = 'false'
             /usr/local/share/dotnet/packs/Microsoft.NETCore.App.Ref/8.0.14/ref/net8.0/System.Diagnostics.Tracing.dll
                 Private = 'false'
             /usr/local/share/dotnet/packs/Microsoft.NETCore.App.Ref/8.0.14/ref/net8.0/System.Drawing.Primitives.dll
                 Private = 'false'
             /usr/local/share/dotnet/packs/Microsoft.NETCore.App.Ref/8.0.14/ref/net8.0/System.Drawing.dll
                 Private = 'false'
             /usr/local/share/dotnet/packs/Microsoft.NETCore.App.Ref/8.0.14/ref/net8.0/System.Dynamic.Runtime.dll
                 Private = 'false'
             /usr/local/share/dotnet/packs/Microsoft.NETCore.App.Ref/8.0.14/ref/net8.0/System.Formats.Asn1.dll
                 Private = 'false'
             /usr/local/share/dotnet/packs/Microsoft.NETCore.App.Ref/8.0.14/ref/net8.0/System.Formats.Tar.dll
                 Private = 'false'
             /usr/local/share/dotnet/packs/Microsoft.NETCore.App.Ref/8.0.14/ref/net8.0/System.Globalization.Calendars.dll
                 Private = 'false'
             /usr/local/share/dotnet/packs/Microsoft.NETCore.App.Ref/8.0.14/ref/net8.0/System.Globalization.Extensions.dll
                 Private = 'false'
             /usr/local/share/dotnet/packs/Microsoft.NETCore.App.Ref/8.0.14/ref/net8.0/System.Globalization.dll
                 Private = 'false'
             /usr/local/share/dotnet/packs/Microsoft.NETCore.App.Ref/8.0.14/ref/net8.0/System.IO.Compression.Brotli.dll
                 Private = 'false'
             /usr/local/share/dotnet/packs/Microsoft.NETCore.App.Ref/8.0.14/ref/net8.0/System.IO.Compression.FileSystem.dll
                 Private = 'false'
             /usr/local/share/dotnet/packs/Microsoft.NETCore.App.Ref/8.0.14/ref/net8.0/System.IO.Compression.ZipFile.dll
                 Private = 'false'
             /usr/local/share/dotnet/packs/Microsoft.NETCore.App.Ref/8.0.14/ref/net8.0/System.IO.Compression.dll
                 Private = 'false'
             /usr/local/share/dotnet/packs/Microsoft.NETCore.App.Ref/8.0.14/ref/net8.0/System.IO.FileSystem.AccessControl.dll
                 Private = 'false'
             /usr/local/share/dotnet/packs/Microsoft.NETCore.App.Ref/8.0.14/ref/net8.0/System.IO.FileSystem.DriveInfo.dll
                 Private = 'false'
             /usr/local/share/dotnet/packs/Microsoft.NETCore.App.Ref/8.0.14/ref/net8.0/System.IO.FileSystem.Primitives.dll
                 Private = 'false'
             /usr/local/share/dotnet/packs/Microsoft.NETCore.App.Ref/8.0.14/ref/net8.0/System.IO.FileSystem.Watcher.dll
                 Private = 'false'
             /usr/local/share/dotnet/packs/Microsoft.NETCore.App.Ref/8.0.14/ref/net8.0/System.IO.FileSystem.dll
                 Private = 'false'
             /usr/local/share/dotnet/packs/Microsoft.NETCore.App.Ref/8.0.14/ref/net8.0/System.IO.IsolatedStorage.dll
                 Private = 'false'
             /usr/local/share/dotnet/packs/Microsoft.NETCore.App.Ref/8.0.14/ref/net8.0/System.IO.MemoryMappedFiles.dll
                 Private = 'false'
             /usr/local/share/dotnet/packs/Microsoft.NETCore.App.Ref/8.0.14/ref/net8.0/System.IO.Pipes.AccessControl.dll
                 Private = 'false'
             /usr/local/share/dotnet/packs/Microsoft.NETCore.App.Ref/8.0.14/ref/net8.0/System.IO.Pipes.dll
                 Private = 'false'
             /usr/local/share/dotnet/packs/Microsoft.NETCore.App.Ref/8.0.14/ref/net8.0/System.IO.UnmanagedMemoryStream.dll
                 Private = 'false'
             /usr/local/share/dotnet/packs/Microsoft.NETCore.App.Ref/8.0.14/ref/net8.0/System.IO.dll
                 Private = 'false'
             /usr/local/share/dotnet/packs/Microsoft.NETCore.App.Ref/8.0.14/ref/net8.0/System.Linq.Expressions.dll
                 Private = 'false'
             /usr/local/share/dotnet/packs/Microsoft.NETCore.App.Ref/8.0.14/ref/net8.0/System.Linq.Parallel.dll
                 Private = 'false'
             /usr/local/share/dotnet/packs/Microsoft.NETCore.App.Ref/8.0.14/ref/net8.0/System.Linq.Queryable.dll
                 Private = 'false'
             /usr/local/share/dotnet/packs/Microsoft.NETCore.App.Ref/8.0.14/ref/net8.0/System.Linq.dll
                 Private = 'false'
             /usr/local/share/dotnet/packs/Microsoft.NETCore.App.Ref/8.0.14/ref/net8.0/System.Memory.dll
                 Private = 'false'
             /usr/local/share/dotnet/packs/Microsoft.NETCore.App.Ref/8.0.14/ref/net8.0/System.Net.Http.Json.dll
                 Private = 'false'
             /usr/local/share/dotnet/packs/Microsoft.NETCore.App.Ref/8.0.14/ref/net8.0/System.Net.Http.dll
                 Private = 'false'
             /usr/local/share/dotnet/packs/Microsoft.NETCore.App.Ref/8.0.14/ref/net8.0/System.Net.HttpListener.dll
                 Private = 'false'
             /usr/local/share/dotnet/packs/Microsoft.NETCore.App.Ref/8.0.14/ref/net8.0/System.Net.Mail.dll
                 Private = 'false'
             /usr/local/share/dotnet/packs/Microsoft.NETCore.App.Ref/8.0.14/ref/net8.0/System.Net.NameResolution.dll
                 Private = 'false'
             /usr/local/share/dotnet/packs/Microsoft.NETCore.App.Ref/8.0.14/ref/net8.0/System.Net.NetworkInformation.dll
                 Private = 'false'
             /usr/local/share/dotnet/packs/Microsoft.NETCore.App.Ref/8.0.14/ref/net8.0/System.Net.Ping.dll
                 Private = 'false'
             /usr/local/share/dotnet/packs/Microsoft.NETCore.App.Ref/8.0.14/ref/net8.0/System.Net.Primitives.dll
                 Private = 'false'
             /usr/local/share/dotnet/packs/Microsoft.NETCore.App.Ref/8.0.14/ref/net8.0/System.Net.Quic.dll
                 Private = 'false'
             /usr/local/share/dotnet/packs/Microsoft.NETCore.App.Ref/8.0.14/ref/net8.0/System.Net.Requests.dll
                 Private = 'false'
             /usr/local/share/dotnet/packs/Microsoft.NETCore.App.Ref/8.0.14/ref/net8.0/System.Net.Security.dll
                 Private = 'false'
             /usr/local/share/dotnet/packs/Microsoft.NETCore.App.Ref/8.0.14/ref/net8.0/System.Net.ServicePoint.dll
                 Private = 'false'
             /usr/local/share/dotnet/packs/Microsoft.NETCore.App.Ref/8.0.14/ref/net8.0/System.Net.Sockets.dll
                 Private = 'false'
             /usr/local/share/dotnet/packs/Microsoft.NETCore.App.Ref/8.0.14/ref/net8.0/System.Net.WebClient.dll
                 Private = 'false'
             /usr/local/share/dotnet/packs/Microsoft.NETCore.App.Ref/8.0.14/ref/net8.0/System.Net.WebHeaderCollection.dll
                 Private = 'false'
             /usr/local/share/dotnet/packs/Microsoft.NETCore.App.Ref/8.0.14/ref/net8.0/System.Net.WebProxy.dll
                 Private = 'false'
             /usr/local/share/dotnet/packs/Microsoft.NETCore.App.Ref/8.0.14/ref/net8.0/System.Net.WebSockets.Client.dll
                 Private = 'false'
             /usr/local/share/dotnet/packs/Microsoft.NETCore.App.Ref/8.0.14/ref/net8.0/System.Net.WebSockets.dll
                 Private = 'false'
             /usr/local/share/dotnet/packs/Microsoft.NETCore.App.Ref/8.0.14/ref/net8.0/System.Net.dll
                 Private = 'false'
             /usr/local/share/dotnet/packs/Microsoft.NETCore.App.Ref/8.0.14/ref/net8.0/System.Numerics.Vectors.dll
                 Private = 'false'
             /usr/local/share/dotnet/packs/Microsoft.NETCore.App.Ref/8.0.14/ref/net8.0/System.Numerics.dll
                 Private = 'false'
             /usr/local/share/dotnet/packs/Microsoft.NETCore.App.Ref/8.0.14/ref/net8.0/System.ObjectModel.dll
                 Private = 'false'
             /usr/local/share/dotnet/packs/Microsoft.NETCore.App.Ref/8.0.14/ref/net8.0/System.Reflection.DispatchProxy.dll
                 Private = 'false'
             /usr/local/share/dotnet/packs/Microsoft.NETCore.App.Ref/8.0.14/ref/net8.0/System.Reflection.Emit.ILGeneration.dll
                 Private = 'false'
             /usr/local/share/dotnet/packs/Microsoft.NETCore.App.Ref/8.0.14/ref/net8.0/System.Reflection.Emit.Lightweight.dll
                 Private = 'false'
             /usr/local/share/dotnet/packs/Microsoft.NETCore.App.Ref/8.0.14/ref/net8.0/System.Reflection.Emit.dll
                 Private = 'false'
             /usr/local/share/dotnet/packs/Microsoft.NETCore.App.Ref/8.0.14/ref/net8.0/System.Reflection.Extensions.dll
                 Private = 'false'
             /usr/local/share/dotnet/packs/Microsoft.NETCore.App.Ref/8.0.14/ref/net8.0/System.Reflection.Metadata.dll
                 Private = 'false'
             /usr/local/share/dotnet/packs/Microsoft.NETCore.App.Ref/8.0.14/ref/net8.0/System.Reflection.Primitives.dll
                 Private = 'false'
             /usr/local/share/dotnet/packs/Microsoft.NETCore.App.Ref/8.0.14/ref/net8.0/System.Reflection.TypeExtensions.dll
                 Private = 'false'
             /usr/local/share/dotnet/packs/Microsoft.NETCore.App.Ref/8.0.14/ref/net8.0/System.Reflection.dll
                 Private = 'false'
             /usr/local/share/dotnet/packs/Microsoft.NETCore.App.Ref/8.0.14/ref/net8.0/System.Resources.Reader.dll
                 Private = 'false'
             /usr/local/share/dotnet/packs/Microsoft.NETCore.App.Ref/8.0.14/ref/net8.0/System.Resources.ResourceManager.dll
                 Private = 'false'
             /usr/local/share/dotnet/packs/Microsoft.NETCore.App.Ref/8.0.14/ref/net8.0/System.Resources.Writer.dll
                 Private = 'false'
             /usr/local/share/dotnet/packs/Microsoft.NETCore.App.Ref/8.0.14/ref/net8.0/System.Runtime.CompilerServices.Unsafe.dll
                 Private = 'false'
             /usr/local/share/dotnet/packs/Microsoft.NETCore.App.Ref/8.0.14/ref/net8.0/System.Runtime.CompilerServices.VisualC.dll
                 Private = 'false'
             /usr/local/share/dotnet/packs/Microsoft.NETCore.App.Ref/8.0.14/ref/net8.0/System.Runtime.Extensions.dll
                 Private = 'false'
             /usr/local/share/dotnet/packs/Microsoft.NETCore.App.Ref/8.0.14/ref/net8.0/System.Runtime.Handles.dll
                 Private = 'false'
             /usr/local/share/dotnet/packs/Microsoft.NETCore.App.Ref/8.0.14/ref/net8.0/System.Runtime.InteropServices.JavaScript.dll
                 Private = 'false'
             /usr/local/share/dotnet/packs/Microsoft.NETCore.App.Ref/8.0.14/ref/net8.0/System.Runtime.InteropServices.RuntimeInformation.dll
                 Private = 'false'
             /usr/local/share/dotnet/packs/Microsoft.NETCore.App.Ref/8.0.14/ref/net8.0/System.Runtime.InteropServices.dll
                 Private = 'false'
             /usr/local/share/dotnet/packs/Microsoft.NETCore.App.Ref/8.0.14/ref/net8.0/System.Runtime.Intrinsics.dll
                 Private = 'false'
             /usr/local/share/dotnet/packs/Microsoft.NETCore.App.Ref/8.0.14/ref/net8.0/System.Runtime.Loader.dll
                 Private = 'false'
             /usr/local/share/dotnet/packs/Microsoft.NETCore.App.Ref/8.0.14/ref/net8.0/System.Runtime.Numerics.dll
                 Private = 'false'
             /usr/local/share/dotnet/packs/Microsoft.NETCore.App.Ref/8.0.14/ref/net8.0/System.Runtime.Serialization.Formatters.dll
                 Private = 'false'
             /usr/local/share/dotnet/packs/Microsoft.NETCore.App.Ref/8.0.14/ref/net8.0/System.Runtime.Serialization.Json.dll
                 Private = 'false'
             /usr/local/share/dotnet/packs/Microsoft.NETCore.App.Ref/8.0.14/ref/net8.0/System.Runtime.Serialization.Primitives.dll
                 Private = 'false'
             /usr/local/share/dotnet/packs/Microsoft.NETCore.App.Ref/8.0.14/ref/net8.0/System.Runtime.Serialization.Xml.dll
                 Private = 'false'
             /usr/local/share/dotnet/packs/Microsoft.NETCore.App.Ref/8.0.14/ref/net8.0/System.Runtime.Serialization.dll
                 Private = 'false'
             /usr/local/share/dotnet/packs/Microsoft.NETCore.App.Ref/8.0.14/ref/net8.0/System.Runtime.dll
                 Private = 'false'
             /usr/local/share/dotnet/packs/Microsoft.NETCore.App.Ref/8.0.14/ref/net8.0/System.Security.AccessControl.dll
                 Private = 'false'
             /usr/local/share/dotnet/packs/Microsoft.NETCore.App.Ref/8.0.14/ref/net8.0/System.Security.Claims.dll
                 Private = 'false'
             /usr/local/share/dotnet/packs/Microsoft.NETCore.App.Ref/8.0.14/ref/net8.0/System.Security.Cryptography.Algorithms.dll
                 Private = 'false'
             /usr/local/share/dotnet/packs/Microsoft.NETCore.App.Ref/8.0.14/ref/net8.0/System.Security.Cryptography.Cng.dll
                 Private = 'false'
             /usr/local/share/dotnet/packs/Microsoft.NETCore.App.Ref/8.0.14/ref/net8.0/System.Security.Cryptography.Csp.dll
                 Private = 'false'
             /usr/local/share/dotnet/packs/Microsoft.NETCore.App.Ref/8.0.14/ref/net8.0/System.Security.Cryptography.Encoding.dll
                 Private = 'false'
             /usr/local/share/dotnet/packs/Microsoft.NETCore.App.Ref/8.0.14/ref/net8.0/System.Security.Cryptography.OpenSsl.dll
                 Private = 'false'
             /usr/local/share/dotnet/packs/Microsoft.NETCore.App.Ref/8.0.14/ref/net8.0/System.Security.Cryptography.Primitives.dll
                 Private = 'false'
             /usr/local/share/dotnet/packs/Microsoft.NETCore.App.Ref/8.0.14/ref/net8.0/System.Security.Cryptography.X509Certificates.dll
                 Private = 'false'
             /usr/local/share/dotnet/packs/Microsoft.NETCore.App.Ref/8.0.14/ref/net8.0/System.Security.Cryptography.dll
                 Private = 'false'
             /usr/local/share/dotnet/packs/Microsoft.NETCore.App.Ref/8.0.14/ref/net8.0/System.Security.Principal.Windows.dll
                 Private = 'false'
             /usr/local/share/dotnet/packs/Microsoft.NETCore.App.Ref/8.0.14/ref/net8.0/System.Security.Principal.dll
                 Private = 'false'
             /usr/local/share/dotnet/packs/Microsoft.NETCore.App.Ref/8.0.14/ref/net8.0/System.Security.SecureString.dll
                 Private = 'false'
             /usr/local/share/dotnet/packs/Microsoft.NETCore.App.Ref/8.0.14/ref/net8.0/System.Security.dll
                 Private = 'false'
             /usr/local/share/dotnet/packs/Microsoft.NETCore.App.Ref/8.0.14/ref/net8.0/System.ServiceModel.Web.dll
                 Private = 'false'
             /usr/local/share/dotnet/packs/Microsoft.NETCore.App.Ref/8.0.14/ref/net8.0/System.ServiceProcess.dll
                 Private = 'false'
             /usr/local/share/dotnet/packs/Microsoft.NETCore.App.Ref/8.0.14/ref/net8.0/System.Text.Encoding.CodePages.dll
                 Private = 'false'
             /usr/local/share/dotnet/packs/Microsoft.NETCore.App.Ref/8.0.14/ref/net8.0/System.Text.Encoding.Extensions.dll
                 Private = 'false'
             /usr/local/share/dotnet/packs/Microsoft.NETCore.App.Ref/8.0.14/ref/net8.0/System.Text.Encoding.dll
                 Private = 'false'
             /usr/local/share/dotnet/packs/Microsoft.NETCore.App.Ref/8.0.14/ref/net8.0/System.Text.Encodings.Web.dll
                 Private = 'false'
             /usr/local/share/dotnet/packs/Microsoft.NETCore.App.Ref/8.0.14/ref/net8.0/System.Text.Json.dll
                 Private = 'false'
             /usr/local/share/dotnet/packs/Microsoft.NETCore.App.Ref/8.0.14/ref/net8.0/System.Text.RegularExpressions.dll
                 Private = 'false'
             /usr/local/share/dotnet/packs/Microsoft.NETCore.App.Ref/8.0.14/ref/net8.0/System.Threading.Channels.dll
                 Private = 'false'
             /usr/local/share/dotnet/packs/Microsoft.NETCore.App.Ref/8.0.14/ref/net8.0/System.Threading.Overlapped.dll
                 Private = 'false'
             /usr/local/share/dotnet/packs/Microsoft.NETCore.App.Ref/8.0.14/ref/net8.0/System.Threading.Tasks.Dataflow.dll
                 Private = 'false'
             /usr/local/share/dotnet/packs/Microsoft.NETCore.App.Ref/8.0.14/ref/net8.0/System.Threading.Tasks.Extensions.dll
                 Private = 'false'
             /usr/local/share/dotnet/packs/Microsoft.NETCore.App.Ref/8.0.14/ref/net8.0/System.Threading.Tasks.Parallel.dll
                 Private = 'false'
             /usr/local/share/dotnet/packs/Microsoft.NETCore.App.Ref/8.0.14/ref/net8.0/System.Threading.Tasks.dll
                 Private = 'false'
             /usr/local/share/dotnet/packs/Microsoft.NETCore.App.Ref/8.0.14/ref/net8.0/System.Threading.Thread.dll
                 Private = 'false'
             /usr/local/share/dotnet/packs/Microsoft.NETCore.App.Ref/8.0.14/ref/net8.0/System.Threading.ThreadPool.dll
                 Private = 'false'
             /usr/local/share/dotnet/packs/Microsoft.NETCore.App.Ref/8.0.14/ref/net8.0/System.Threading.Timer.dll
                 Private = 'false'
             /usr/local/share/dotnet/packs/Microsoft.NETCore.App.Ref/8.0.14/ref/net8.0/System.Threading.dll
                 Private = 'false'
             /usr/local/share/dotnet/packs/Microsoft.NETCore.App.Ref/8.0.14/ref/net8.0/System.Transactions.Local.dll
                 Private = 'false'
             /usr/local/share/dotnet/packs/Microsoft.NETCore.App.Ref/8.0.14/ref/net8.0/System.Transactions.dll
                 Private = 'false'
             /usr/local/share/dotnet/packs/Microsoft.NETCore.App.Ref/8.0.14/ref/net8.0/System.ValueTuple.dll
                 Private = 'false'
             /usr/local/share/dotnet/packs/Microsoft.NETCore.App.Ref/8.0.14/ref/net8.0/System.Web.HttpUtility.dll
                 Private = 'false'
             /usr/local/share/dotnet/packs/Microsoft.NETCore.App.Ref/8.0.14/ref/net8.0/System.Web.dll
                 Private = 'false'
             /usr/local/share/dotnet/packs/Microsoft.NETCore.App.Ref/8.0.14/ref/net8.0/System.Windows.dll
                 Private = 'false'
             /usr/local/share/dotnet/packs/Microsoft.NETCore.App.Ref/8.0.14/ref/net8.0/System.Xml.Linq.dll
                 Private = 'false'
             /usr/local/share/dotnet/packs/Microsoft.NETCore.App.Ref/8.0.14/ref/net8.0/System.Xml.ReaderWriter.dll
                 Private = 'false'
             /usr/local/share/dotnet/packs/Microsoft.NETCore.App.Ref/8.0.14/ref/net8.0/System.Xml.Serialization.dll
                 Private = 'false'
             /usr/local/share/dotnet/packs/Microsoft.NETCore.App.Ref/8.0.14/ref/net8.0/System.Xml.XDocument.dll
                 Private = 'false'
             /usr/local/share/dotnet/packs/Microsoft.NETCore.App.Ref/8.0.14/ref/net8.0/System.Xml.XPath.XDocument.dll
                 Private = 'false'
             /usr/local/share/dotnet/packs/Microsoft.NETCore.App.Ref/8.0.14/ref/net8.0/System.Xml.XPath.dll
                 Private = 'false'
             /usr/local/share/dotnet/packs/Microsoft.NETCore.App.Ref/8.0.14/ref/net8.0/System.Xml.XmlDocument.dll
                 Private = 'false'
             /usr/local/share/dotnet/packs/Microsoft.NETCore.App.Ref/8.0.14/ref/net8.0/System.Xml.XmlSerializer.dll
                 Private = 'false'
             /usr/local/share/dotnet/packs/Microsoft.NETCore.App.Ref/8.0.14/ref/net8.0/System.Xml.dll
                 Private = 'false'
             /usr/local/share/dotnet/packs/Microsoft.NETCore.App.Ref/8.0.14/ref/net8.0/System.dll
                 Private = 'false'
             /usr/local/share/dotnet/packs/Microsoft.NETCore.App.Ref/8.0.14/ref/net8.0/WindowsBase.dll
                 Private = 'false'
             /usr/local/share/dotnet/packs/Microsoft.NETCore.App.Ref/8.0.14/ref/net8.0/mscorlib.dll
                 Private = 'false'
             /usr/local/share/dotnet/packs/Microsoft.NETCore.App.Ref/8.0.14/ref/net8.0/netstandard.dll
                 Private = 'false'
             /usr/local/share/dotnet/packs/Microsoft.AspNetCore.App.Ref/8.0.14/ref/net8.0/Microsoft.AspNetCore.Antiforgery.dll
                 Private = 'false'
             /usr/local/share/dotnet/packs/Microsoft.AspNetCore.App.Ref/8.0.14/ref/net8.0/Microsoft.AspNetCore.Authentication.Abstractions.dll
                 Private = 'false'
             /usr/local/share/dotnet/packs/Microsoft.AspNetCore.App.Ref/8.0.14/ref/net8.0/Microsoft.AspNetCore.Authentication.BearerToken.dll
                 Private = 'false'
             /usr/local/share/dotnet/packs/Microsoft.AspNetCore.App.Ref/8.0.14/ref/net8.0/Microsoft.AspNetCore.Authentication.Cookies.dll
                 Private = 'false'
             /usr/local/share/dotnet/packs/Microsoft.AspNetCore.App.Ref/8.0.14/ref/net8.0/Microsoft.AspNetCore.Authentication.Core.dll
                 Private = 'false'
             /usr/local/share/dotnet/packs/Microsoft.AspNetCore.App.Ref/8.0.14/ref/net8.0/Microsoft.AspNetCore.Authentication.OAuth.dll
                 Private = 'false'
             /usr/local/share/dotnet/packs/Microsoft.AspNetCore.App.Ref/8.0.14/ref/net8.0/Microsoft.AspNetCore.Authentication.dll
                 Private = 'false'
             /usr/local/share/dotnet/packs/Microsoft.AspNetCore.App.Ref/8.0.14/ref/net8.0/Microsoft.AspNetCore.Authorization.Policy.dll
                 Private = 'false'
             /usr/local/share/dotnet/packs/Microsoft.AspNetCore.App.Ref/8.0.14/ref/net8.0/Microsoft.AspNetCore.Authorization.dll
                 Private = 'false'
             /usr/local/share/dotnet/packs/Microsoft.AspNetCore.App.Ref/8.0.14/ref/net8.0/Microsoft.AspNetCore.Components.Authorization.dll
                 Private = 'false'
             /usr/local/share/dotnet/packs/Microsoft.AspNetCore.App.Ref/8.0.14/ref/net8.0/Microsoft.AspNetCore.Components.Endpoints.dll
                 Private = 'false'
             /usr/local/share/dotnet/packs/Microsoft.AspNetCore.App.Ref/8.0.14/ref/net8.0/Microsoft.AspNetCore.Components.Forms.dll
                 Private = 'false'
             /usr/local/share/dotnet/packs/Microsoft.AspNetCore.App.Ref/8.0.14/ref/net8.0/Microsoft.AspNetCore.Components.Server.dll
                 Private = 'false'
             /usr/local/share/dotnet/packs/Microsoft.AspNetCore.App.Ref/8.0.14/ref/net8.0/Microsoft.AspNetCore.Components.Web.dll
                 Private = 'false'
             /usr/local/share/dotnet/packs/Microsoft.AspNetCore.App.Ref/8.0.14/ref/net8.0/Microsoft.AspNetCore.Components.dll
                 Private = 'false'
             /usr/local/share/dotnet/packs/Microsoft.AspNetCore.App.Ref/8.0.14/ref/net8.0/Microsoft.AspNetCore.Connections.Abstractions.dll
                 Private = 'false'
             /usr/local/share/dotnet/packs/Microsoft.AspNetCore.App.Ref/8.0.14/ref/net8.0/Microsoft.AspNetCore.CookiePolicy.dll
                 Private = 'false'
             /usr/local/share/dotnet/packs/Microsoft.AspNetCore.App.Ref/8.0.14/ref/net8.0/Microsoft.AspNetCore.Cors.dll
                 Private = 'false'
             /usr/local/share/dotnet/packs/Microsoft.AspNetCore.App.Ref/8.0.14/ref/net8.0/Microsoft.AspNetCore.Cryptography.Internal.dll
                 Private = 'false'
             /usr/local/share/dotnet/packs/Microsoft.AspNetCore.App.Ref/8.0.14/ref/net8.0/Microsoft.AspNetCore.Cryptography.KeyDerivation.dll
                 Private = 'false'
             /usr/local/share/dotnet/packs/Microsoft.AspNetCore.App.Ref/8.0.14/ref/net8.0/Microsoft.AspNetCore.DataProtection.Abstractions.dll
                 Private = 'false'
             /usr/local/share/dotnet/packs/Microsoft.AspNetCore.App.Ref/8.0.14/ref/net8.0/Microsoft.AspNetCore.DataProtection.Extensions.dll
                 Private = 'false'
             /usr/local/share/dotnet/packs/Microsoft.AspNetCore.App.Ref/8.0.14/ref/net8.0/Microsoft.AspNetCore.DataProtection.dll
                 Private = 'false'
             /usr/local/share/dotnet/packs/Microsoft.AspNetCore.App.Ref/8.0.14/ref/net8.0/Microsoft.AspNetCore.Diagnostics.Abstractions.dll
                 Private = 'false'
             /usr/local/share/dotnet/packs/Microsoft.AspNetCore.App.Ref/8.0.14/ref/net8.0/Microsoft.AspNetCore.Diagnostics.HealthChecks.dll
                 Private = 'false'
             /usr/local/share/dotnet/packs/Microsoft.AspNetCore.App.Ref/8.0.14/ref/net8.0/Microsoft.AspNetCore.Diagnostics.dll
                 Private = 'false'
             /usr/local/share/dotnet/packs/Microsoft.AspNetCore.App.Ref/8.0.14/ref/net8.0/Microsoft.AspNetCore.HostFiltering.dll
                 Private = 'false'
             /usr/local/share/dotnet/packs/Microsoft.AspNetCore.App.Ref/8.0.14/ref/net8.0/Microsoft.AspNetCore.Hosting.Abstractions.dll
                 Private = 'false'
             /usr/local/share/dotnet/packs/Microsoft.AspNetCore.App.Ref/8.0.14/ref/net8.0/Microsoft.AspNetCore.Hosting.Server.Abstractions.dll
                 Private = 'false'
             /usr/local/share/dotnet/packs/Microsoft.AspNetCore.App.Ref/8.0.14/ref/net8.0/Microsoft.AspNetCore.Hosting.dll
                 Private = 'false'
             /usr/local/share/dotnet/packs/Microsoft.AspNetCore.App.Ref/8.0.14/ref/net8.0/Microsoft.AspNetCore.Html.Abstractions.dll
                 Private = 'false'
             /usr/local/share/dotnet/packs/Microsoft.AspNetCore.App.Ref/8.0.14/ref/net8.0/Microsoft.AspNetCore.Http.Abstractions.dll
                 Private = 'false'
             /usr/local/share/dotnet/packs/Microsoft.AspNetCore.App.Ref/8.0.14/ref/net8.0/Microsoft.AspNetCore.Http.Connections.Common.dll
                 Private = 'false'
             /usr/local/share/dotnet/packs/Microsoft.AspNetCore.App.Ref/8.0.14/ref/net8.0/Microsoft.AspNetCore.Http.Connections.dll
                 Private = 'false'
             /usr/local/share/dotnet/packs/Microsoft.AspNetCore.App.Ref/8.0.14/ref/net8.0/Microsoft.AspNetCore.Http.Extensions.dll
                 Private = 'false'
             /usr/local/share/dotnet/packs/Microsoft.AspNetCore.App.Ref/8.0.14/ref/net8.0/Microsoft.AspNetCore.Http.Features.dll
                 Private = 'false'
             /usr/local/share/dotnet/packs/Microsoft.AspNetCore.App.Ref/8.0.14/ref/net8.0/Microsoft.AspNetCore.Http.Results.dll
                 Private = 'false'
             /usr/local/share/dotnet/packs/Microsoft.AspNetCore.App.Ref/8.0.14/ref/net8.0/Microsoft.AspNetCore.Http.dll
                 Private = 'false'
             /usr/local/share/dotnet/packs/Microsoft.AspNetCore.App.Ref/8.0.14/ref/net8.0/Microsoft.AspNetCore.HttpLogging.dll
                 Private = 'false'
             /usr/local/share/dotnet/packs/Microsoft.AspNetCore.App.Ref/8.0.14/ref/net8.0/Microsoft.AspNetCore.HttpOverrides.dll
                 Private = 'false'
             /usr/local/share/dotnet/packs/Microsoft.AspNetCore.App.Ref/8.0.14/ref/net8.0/Microsoft.AspNetCore.HttpsPolicy.dll
                 Private = 'false'
             /usr/local/share/dotnet/packs/Microsoft.AspNetCore.App.Ref/8.0.14/ref/net8.0/Microsoft.AspNetCore.Identity.dll
                 Private = 'false'
             /usr/local/share/dotnet/packs/Microsoft.AspNetCore.App.Ref/8.0.14/ref/net8.0/Microsoft.AspNetCore.Localization.Routing.dll
                 Private = 'false'
             /usr/local/share/dotnet/packs/Microsoft.AspNetCore.App.Ref/8.0.14/ref/net8.0/Microsoft.AspNetCore.Localization.dll
                 Private = 'false'
             /usr/local/share/dotnet/packs/Microsoft.AspNetCore.App.Ref/8.0.14/ref/net8.0/Microsoft.AspNetCore.Metadata.dll
                 Private = 'false'
             /usr/local/share/dotnet/packs/Microsoft.AspNetCore.App.Ref/8.0.14/ref/net8.0/Microsoft.AspNetCore.Mvc.Abstractions.dll
                 Private = 'false'
             /usr/local/share/dotnet/packs/Microsoft.AspNetCore.App.Ref/8.0.14/ref/net8.0/Microsoft.AspNetCore.Mvc.ApiExplorer.dll
                 Private = 'false'
             /usr/local/share/dotnet/packs/Microsoft.AspNetCore.App.Ref/8.0.14/ref/net8.0/Microsoft.AspNetCore.Mvc.Core.dll
                 Private = 'false'
             /usr/local/share/dotnet/packs/Microsoft.AspNetCore.App.Ref/8.0.14/ref/net8.0/Microsoft.AspNetCore.Mvc.Cors.dll
                 Private = 'false'
             /usr/local/share/dotnet/packs/Microsoft.AspNetCore.App.Ref/8.0.14/ref/net8.0/Microsoft.AspNetCore.Mvc.DataAnnotations.dll
                 Private = 'false'
             /usr/local/share/dotnet/packs/Microsoft.AspNetCore.App.Ref/8.0.14/ref/net8.0/Microsoft.AspNetCore.Mvc.Formatters.Json.dll
                 Private = 'false'
             /usr/local/share/dotnet/packs/Microsoft.AspNetCore.App.Ref/8.0.14/ref/net8.0/Microsoft.AspNetCore.Mvc.Formatters.Xml.dll
                 Private = 'false'
             /usr/local/share/dotnet/packs/Microsoft.AspNetCore.App.Ref/8.0.14/ref/net8.0/Microsoft.AspNetCore.Mvc.Localization.dll
                 Private = 'false'
             /usr/local/share/dotnet/packs/Microsoft.AspNetCore.App.Ref/8.0.14/ref/net8.0/Microsoft.AspNetCore.Mvc.Razor.dll
                 Private = 'false'
             /usr/local/share/dotnet/packs/Microsoft.AspNetCore.App.Ref/8.0.14/ref/net8.0/Microsoft.AspNetCore.Mvc.RazorPages.dll
                 Private = 'false'
             /usr/local/share/dotnet/packs/Microsoft.AspNetCore.App.Ref/8.0.14/ref/net8.0/Microsoft.AspNetCore.Mvc.TagHelpers.dll
                 Private = 'false'
             /usr/local/share/dotnet/packs/Microsoft.AspNetCore.App.Ref/8.0.14/ref/net8.0/Microsoft.AspNetCore.Mvc.ViewFeatures.dll
                 Private = 'false'
             /usr/local/share/dotnet/packs/Microsoft.AspNetCore.App.Ref/8.0.14/ref/net8.0/Microsoft.AspNetCore.Mvc.dll
                 Private = 'false'
             /usr/local/share/dotnet/packs/Microsoft.AspNetCore.App.Ref/8.0.14/ref/net8.0/Microsoft.AspNetCore.OutputCaching.dll
                 Private = 'false'
             /usr/local/share/dotnet/packs/Microsoft.AspNetCore.App.Ref/8.0.14/ref/net8.0/Microsoft.AspNetCore.RateLimiting.dll
                 Private = 'false'
             /usr/local/share/dotnet/packs/Microsoft.AspNetCore.App.Ref/8.0.14/ref/net8.0/Microsoft.AspNetCore.Razor.Runtime.dll
                 Private = 'false'
             /usr/local/share/dotnet/packs/Microsoft.AspNetCore.App.Ref/8.0.14/ref/net8.0/Microsoft.AspNetCore.Razor.dll
                 Private = 'false'
             /usr/local/share/dotnet/packs/Microsoft.AspNetCore.App.Ref/8.0.14/ref/net8.0/Microsoft.AspNetCore.RequestDecompression.dll
                 Private = 'false'
             /usr/local/share/dotnet/packs/Microsoft.AspNetCore.App.Ref/8.0.14/ref/net8.0/Microsoft.AspNetCore.ResponseCaching.Abstractions.dll
                 Private = 'false'
             /usr/local/share/dotnet/packs/Microsoft.AspNetCore.App.Ref/8.0.14/ref/net8.0/Microsoft.AspNetCore.ResponseCaching.dll
                 Private = 'false'
             /usr/local/share/dotnet/packs/Microsoft.AspNetCore.App.Ref/8.0.14/ref/net8.0/Microsoft.AspNetCore.ResponseCompression.dll
                 Private = 'false'
             /usr/local/share/dotnet/packs/Microsoft.AspNetCore.App.Ref/8.0.14/ref/net8.0/Microsoft.AspNetCore.Rewrite.dll
                 Private = 'false'
             /usr/local/share/dotnet/packs/Microsoft.AspNetCore.App.Ref/8.0.14/ref/net8.0/Microsoft.AspNetCore.Routing.Abstractions.dll
                 Private = 'false'
             /usr/local/share/dotnet/packs/Microsoft.AspNetCore.App.Ref/8.0.14/ref/net8.0/Microsoft.AspNetCore.Routing.dll
                 Private = 'false'
             /usr/local/share/dotnet/packs/Microsoft.AspNetCore.App.Ref/8.0.14/ref/net8.0/Microsoft.AspNetCore.Server.HttpSys.dll
                 Private = 'false'
             /usr/local/share/dotnet/packs/Microsoft.AspNetCore.App.Ref/8.0.14/ref/net8.0/Microsoft.AspNetCore.Server.IIS.dll
                 Private = 'false'
             /usr/local/share/dotnet/packs/Microsoft.AspNetCore.App.Ref/8.0.14/ref/net8.0/Microsoft.AspNetCore.Server.IISIntegration.dll
                 Private = 'false'
             /usr/local/share/dotnet/packs/Microsoft.AspNetCore.App.Ref/8.0.14/ref/net8.0/Microsoft.AspNetCore.Server.Kestrel.Core.dll
                 Private = 'false'
             /usr/local/share/dotnet/packs/Microsoft.AspNetCore.App.Ref/8.0.14/ref/net8.0/Microsoft.AspNetCore.Server.Kestrel.Transport.NamedPipes.dll
                 Private = 'false'
             /usr/local/share/dotnet/packs/Microsoft.AspNetCore.App.Ref/8.0.14/ref/net8.0/Microsoft.AspNetCore.Server.Kestrel.Transport.Quic.dll
                 Private = 'false'
             /usr/local/share/dotnet/packs/Microsoft.AspNetCore.App.Ref/8.0.14/ref/net8.0/Microsoft.AspNetCore.Server.Kestrel.Transport.Sockets.dll
                 Private = 'false'
             /usr/local/share/dotnet/packs/Microsoft.AspNetCore.App.Ref/8.0.14/ref/net8.0/Microsoft.AspNetCore.Server.Kestrel.dll
                 Private = 'false'
             /usr/local/share/dotnet/packs/Microsoft.AspNetCore.App.Ref/8.0.14/ref/net8.0/Microsoft.AspNetCore.Session.dll
                 Private = 'false'
             /usr/local/share/dotnet/packs/Microsoft.AspNetCore.App.Ref/8.0.14/ref/net8.0/Microsoft.AspNetCore.SignalR.Common.dll
                 Private = 'false'
             /usr/local/share/dotnet/packs/Microsoft.AspNetCore.App.Ref/8.0.14/ref/net8.0/Microsoft.AspNetCore.SignalR.Core.dll
                 Private = 'false'
             /usr/local/share/dotnet/packs/Microsoft.AspNetCore.App.Ref/8.0.14/ref/net8.0/Microsoft.AspNetCore.SignalR.Protocols.Json.dll
                 Private = 'false'
             /usr/local/share/dotnet/packs/Microsoft.AspNetCore.App.Ref/8.0.14/ref/net8.0/Microsoft.AspNetCore.SignalR.dll
                 Private = 'false'
             /usr/local/share/dotnet/packs/Microsoft.AspNetCore.App.Ref/8.0.14/ref/net8.0/Microsoft.AspNetCore.StaticFiles.dll
                 Private = 'false'
             /usr/local/share/dotnet/packs/Microsoft.AspNetCore.App.Ref/8.0.14/ref/net8.0/Microsoft.AspNetCore.WebSockets.dll
                 Private = 'false'
             /usr/local/share/dotnet/packs/Microsoft.AspNetCore.App.Ref/8.0.14/ref/net8.0/Microsoft.AspNetCore.WebUtilities.dll
                 Private = 'false'
             /usr/local/share/dotnet/packs/Microsoft.AspNetCore.App.Ref/8.0.14/ref/net8.0/Microsoft.AspNetCore.dll
                 Private = 'false'
             /usr/local/share/dotnet/packs/Microsoft.AspNetCore.App.Ref/8.0.14/ref/net8.0/Microsoft.Extensions.Caching.Abstractions.dll
                 Private = 'false'
             /usr/local/share/dotnet/packs/Microsoft.AspNetCore.App.Ref/8.0.14/ref/net8.0/Microsoft.Extensions.Caching.Memory.dll
                 Private = 'false'
             /usr/local/share/dotnet/packs/Microsoft.AspNetCore.App.Ref/8.0.14/ref/net8.0/Microsoft.Extensions.Configuration.Abstractions.dll
                 Private = 'false'
             /usr/local/share/dotnet/packs/Microsoft.AspNetCore.App.Ref/8.0.14/ref/net8.0/Microsoft.Extensions.Configuration.Binder.dll
                 Private = 'false'
             /usr/local/share/dotnet/packs/Microsoft.AspNetCore.App.Ref/8.0.14/ref/net8.0/Microsoft.Extensions.Configuration.CommandLine.dll
                 Private = 'false'
             /usr/local/share/dotnet/packs/Microsoft.AspNetCore.App.Ref/8.0.14/ref/net8.0/Microsoft.Extensions.Configuration.EnvironmentVariables.dll
                 Private = 'false'
             /usr/local/share/dotnet/packs/Microsoft.AspNetCore.App.Ref/8.0.14/ref/net8.0/Microsoft.Extensions.Configuration.FileExtensions.dll
                 Private = 'false'
             /usr/local/share/dotnet/packs/Microsoft.AspNetCore.App.Ref/8.0.14/ref/net8.0/Microsoft.Extensions.Configuration.Ini.dll
                 Private = 'false'
             /usr/local/share/dotnet/packs/Microsoft.AspNetCore.App.Ref/8.0.14/ref/net8.0/Microsoft.Extensions.Configuration.Json.dll
                 Private = 'false'
             /usr/local/share/dotnet/packs/Microsoft.AspNetCore.App.Ref/8.0.14/ref/net8.0/Microsoft.Extensions.Configuration.KeyPerFile.dll
                 Private = 'false'
             /usr/local/share/dotnet/packs/Microsoft.AspNetCore.App.Ref/8.0.14/ref/net8.0/Microsoft.Extensions.Configuration.UserSecrets.dll
                 Private = 'false'
             /usr/local/share/dotnet/packs/Microsoft.AspNetCore.App.Ref/8.0.14/ref/net8.0/Microsoft.Extensions.Configuration.Xml.dll
                 Private = 'false'
             /usr/local/share/dotnet/packs/Microsoft.AspNetCore.App.Ref/8.0.14/ref/net8.0/Microsoft.Extensions.Configuration.dll
                 Private = 'false'
             /usr/local/share/dotnet/packs/Microsoft.AspNetCore.App.Ref/8.0.14/ref/net8.0/Microsoft.Extensions.DependencyInjection.Abstractions.dll
                 Private = 'false'
             /usr/local/share/dotnet/packs/Microsoft.AspNetCore.App.Ref/8.0.14/ref/net8.0/Microsoft.Extensions.DependencyInjection.dll
                 Private = 'false'
             /usr/local/share/dotnet/packs/Microsoft.AspNetCore.App.Ref/8.0.14/ref/net8.0/Microsoft.Extensions.Diagnostics.Abstractions.dll
                 Private = 'false'
             /usr/local/share/dotnet/packs/Microsoft.AspNetCore.App.Ref/8.0.14/ref/net8.0/Microsoft.Extensions.Diagnostics.HealthChecks.Abstractions.dll
                 Private = 'false'
             /usr/local/share/dotnet/packs/Microsoft.AspNetCore.App.Ref/8.0.14/ref/net8.0/Microsoft.Extensions.Diagnostics.HealthChecks.dll
                 Private = 'false'
             /usr/local/share/dotnet/packs/Microsoft.AspNetCore.App.Ref/8.0.14/ref/net8.0/Microsoft.Extensions.Diagnostics.dll
                 Private = 'false'
             /usr/local/share/dotnet/packs/Microsoft.AspNetCore.App.Ref/8.0.14/ref/net8.0/Microsoft.Extensions.Features.dll
                 Private = 'false'
             /usr/local/share/dotnet/packs/Microsoft.AspNetCore.App.Ref/8.0.14/ref/net8.0/Microsoft.Extensions.FileProviders.Abstractions.dll
                 Private = 'false'
             /usr/local/share/dotnet/packs/Microsoft.AspNetCore.App.Ref/8.0.14/ref/net8.0/Microsoft.Extensions.FileProviders.Composite.dll
                 Private = 'false'
             /usr/local/share/dotnet/packs/Microsoft.AspNetCore.App.Ref/8.0.14/ref/net8.0/Microsoft.Extensions.FileProviders.Embedded.dll
                 Private = 'false'
             /usr/local/share/dotnet/packs/Microsoft.AspNetCore.App.Ref/8.0.14/ref/net8.0/Microsoft.Extensions.FileProviders.Physical.dll
                 Private = 'false'
             /usr/local/share/dotnet/packs/Microsoft.AspNetCore.App.Ref/8.0.14/ref/net8.0/Microsoft.Extensions.FileSystemGlobbing.dll
                 Private = 'false'
             /usr/local/share/dotnet/packs/Microsoft.AspNetCore.App.Ref/8.0.14/ref/net8.0/Microsoft.Extensions.Hosting.Abstractions.dll
                 Private = 'false'
             /usr/local/share/dotnet/packs/Microsoft.AspNetCore.App.Ref/8.0.14/ref/net8.0/Microsoft.Extensions.Hosting.dll
                 Private = 'false'
             /usr/local/share/dotnet/packs/Microsoft.AspNetCore.App.Ref/8.0.14/ref/net8.0/Microsoft.Extensions.Http.dll
                 Private = 'false'
             /usr/local/share/dotnet/packs/Microsoft.AspNetCore.App.Ref/8.0.14/ref/net8.0/Microsoft.Extensions.Identity.Core.dll
                 Private = 'false'
             /usr/local/share/dotnet/packs/Microsoft.AspNetCore.App.Ref/8.0.14/ref/net8.0/Microsoft.Extensions.Identity.Stores.dll
                 Private = 'false'
             /usr/local/share/dotnet/packs/Microsoft.AspNetCore.App.Ref/8.0.14/ref/net8.0/Microsoft.Extensions.Localization.Abstractions.dll
                 Private = 'false'
             /usr/local/share/dotnet/packs/Microsoft.AspNetCore.App.Ref/8.0.14/ref/net8.0/Microsoft.Extensions.Localization.dll
                 Private = 'false'
             /usr/local/share/dotnet/packs/Microsoft.AspNetCore.App.Ref/8.0.14/ref/net8.0/Microsoft.Extensions.Logging.Abstractions.dll
                 Private = 'false'
             /usr/local/share/dotnet/packs/Microsoft.AspNetCore.App.Ref/8.0.14/ref/net8.0/Microsoft.Extensions.Logging.Configuration.dll
                 Private = 'false'
             /usr/local/share/dotnet/packs/Microsoft.AspNetCore.App.Ref/8.0.14/ref/net8.0/Microsoft.Extensions.Logging.Console.dll
                 Private = 'false'
             /usr/local/share/dotnet/packs/Microsoft.AspNetCore.App.Ref/8.0.14/ref/net8.0/Microsoft.Extensions.Logging.Debug.dll
                 Private = 'false'
             /usr/local/share/dotnet/packs/Microsoft.AspNetCore.App.Ref/8.0.14/ref/net8.0/Microsoft.Extensions.Logging.EventLog.dll
                 Private = 'false'
             /usr/local/share/dotnet/packs/Microsoft.AspNetCore.App.Ref/8.0.14/ref/net8.0/Microsoft.Extensions.Logging.EventSource.dll
                 Private = 'false'
             /usr/local/share/dotnet/packs/Microsoft.AspNetCore.App.Ref/8.0.14/ref/net8.0/Microsoft.Extensions.Logging.TraceSource.dll
                 Private = 'false'
             /usr/local/share/dotnet/packs/Microsoft.AspNetCore.App.Ref/8.0.14/ref/net8.0/Microsoft.Extensions.Logging.dll
                 Private = 'false'
             /usr/local/share/dotnet/packs/Microsoft.AspNetCore.App.Ref/8.0.14/ref/net8.0/Microsoft.Extensions.ObjectPool.dll
                 Private = 'false'
             /usr/local/share/dotnet/packs/Microsoft.AspNetCore.App.Ref/8.0.14/ref/net8.0/Microsoft.Extensions.Options.ConfigurationExtensions.dll
                 Private = 'false'
             /usr/local/share/dotnet/packs/Microsoft.AspNetCore.App.Ref/8.0.14/ref/net8.0/Microsoft.Extensions.Options.DataAnnotations.dll
                 Private = 'false'
             /usr/local/share/dotnet/packs/Microsoft.AspNetCore.App.Ref/8.0.14/ref/net8.0/Microsoft.Extensions.Options.dll
                 Private = 'false'
             /usr/local/share/dotnet/packs/Microsoft.AspNetCore.App.Ref/8.0.14/ref/net8.0/Microsoft.Extensions.Primitives.dll
                 Private = 'false'
             /usr/local/share/dotnet/packs/Microsoft.AspNetCore.App.Ref/8.0.14/ref/net8.0/Microsoft.Extensions.WebEncoders.dll
                 Private = 'false'
             /usr/local/share/dotnet/packs/Microsoft.AspNetCore.App.Ref/8.0.14/ref/net8.0/Microsoft.JSInterop.dll
                 Private = 'false'
             /usr/local/share/dotnet/packs/Microsoft.AspNetCore.App.Ref/8.0.14/ref/net8.0/Microsoft.Net.Http.Headers.dll
                 Private = 'false'
             /usr/local/share/dotnet/packs/Microsoft.AspNetCore.App.Ref/8.0.14/ref/net8.0/System.Diagnostics.EventLog.dll
                 Private = 'false'
             /usr/local/share/dotnet/packs/Microsoft.AspNetCore.App.Ref/8.0.14/ref/net8.0/System.IO.Pipelines.dll
                 Private = 'false'
             /usr/local/share/dotnet/packs/Microsoft.AspNetCore.App.Ref/8.0.14/ref/net8.0/System.Security.Cryptography.Xml.dll
                 Private = 'false'
             /usr/local/share/dotnet/packs/Microsoft.AspNetCore.App.Ref/8.0.14/ref/net8.0/System.Threading.RateLimiting.dll
                 Private = 'false'
         AssemblyFiles:
         CandidateAssemblyFiles:
         TargetFrameworkDirectories:
             
         InstalledAssemblyTables:
         IgnoreInstalledAssemblyTable:
             False
         SearchPaths:
             {CandidateAssemblyFiles}
             {HintPathFromItem}
             {TargetFrameworkDirectory}
             {RawFileName}
         AllowedAssemblyExtensions:
             .winmd
             .dll
             .exe
         AllowedRelatedFileExtensions:
             .pdb
             .xml
             .pri
             .dll.config
             .exe.config
         AppConfigFile:
             
         AutoUnify:
             True
         CopyLocalDependenciesWhenParentReferenceInGac:
             True
         FindDependencies:
             True
         TargetProcessorArchitecture:
             msil
         StateFile:
             obj/Debug/net8.0/Cloud9.2.csproj.AssemblyReference.cache
         InstalledAssemblySubsetTables:
         IgnoreInstalledAssemblySubsetTable:
             False
         TargetFrameworkSubsets:
         FullTargetFrameworkSubsetNames:
             Full
         ProfileName:
             
         FullFrameworkFolders:
         LatestTargetFrameworkDirectories:
         ProfileTablesLocation:
         Primary reference "Azure.Core, Version=1.25.0.0, Culture=neutral, PublicKeyToken=92742159e12e44c8".
             Resolved file path is "/Users/tp/.nuget/packages/azure.core/1.25.0/lib/net5.0/Azure.Core.dll".
             Reference found at search path location "{HintPathFromItem}".
             This reference is not "CopyLocal" because at least one source item had "Private" set to "false" and no source items had "Private" set to "true".
             The ImageRuntimeVersion for this reference is "".
         Primary reference "Azure.Identity, Version=1.7.0.0, Culture=neutral, PublicKeyToken=92742159e12e44c8".
             Resolved file path is "/Users/tp/.nuget/packages/azure.identity/1.7.0/lib/netstandard2.0/Azure.Identity.dll".
             Reference found at search path location "{HintPathFromItem}".
             This reference is not "CopyLocal" because at least one source item had "Private" set to "false" and no source items had "Private" set to "true".
             The ImageRuntimeVersion for this reference is "".
         Primary reference "Humanizer, Version=2.14.0.0, Culture=neutral, PublicKeyToken=979442b78dfc278e".
             Resolved file path is "/Users/tp/.nuget/packages/humanizer.core/2.14.1/lib/net6.0/Humanizer.dll".
             Reference found at search path location "{HintPathFromItem}".
             This reference is not "CopyLocal" because at least one source item had "Private" set to "false" and no source items had "Private" set to "true".
             The ImageRuntimeVersion for this reference is "".
         Primary reference "Microsoft.AspNetCore.Identity.EntityFrameworkCore, Version=8.0.0.0, Culture=neutral, PublicKeyToken=adb9793829ddae60".
             Resolved file path is "/Users/tp/.nuget/packages/microsoft.aspnetcore.identity.entityframeworkcore/8.0.0/lib/net8.0/Microsoft.AspNetCore.Identity.EntityFrameworkCore.dll".
             Reference found at search path location "{HintPathFromItem}".
             This reference is not "CopyLocal" because at least one source item had "Private" set to "false" and no source items had "Private" set to "true".
             The ImageRuntimeVersion for this reference is "".
         Primary reference "Microsoft.AspNetCore.Identity.UI, Version=8.0.0.0, Culture=neutral, PublicKeyToken=adb9793829ddae60".
             Resolved file path is "/Users/tp/.nuget/packages/microsoft.aspnetcore.identity.ui/8.0.0/lib/net8.0/Microsoft.AspNetCore.Identity.UI.dll".
             Reference found at search path location "{HintPathFromItem}".
             This reference is not "CopyLocal" because at least one source item had "Private" set to "false" and no source items had "Private" set to "true".
             The ImageRuntimeVersion for this reference is "".
         Primary reference "Microsoft.AspNetCore.Razor.Language, Version=6.0.24.0, Culture=neutral, PublicKeyToken=adb9793829ddae60".
             Resolved file path is "/Users/tp/.nuget/packages/microsoft.aspnetcore.razor.language/6.0.24/lib/netstandard2.0/Microsoft.AspNetCore.Razor.Language.dll".
             Reference found at search path location "{HintPathFromItem}".
             This reference is not "CopyLocal" because at least one source item had "Private" set to "false" and no source items had "Private" set to "true".
             The ImageRuntimeVersion for this reference is "".
         Primary reference "Microsoft.Bcl.AsyncInterfaces, Version=7.0.0.0, Culture=neutral, PublicKeyToken=cc7b13ffcd2ddd51".
             Resolved file path is "/Users/tp/.nuget/packages/microsoft.bcl.asyncinterfaces/7.0.0/lib/netstandard2.1/Microsoft.Bcl.AsyncInterfaces.dll".
             Reference found at search path location "{HintPathFromItem}".
             This reference is not "CopyLocal" because at least one source item had "Private" set to "false" and no source items had "Private" set to "true".
             The ImageRuntimeVersion for this reference is "".
         Primary reference "Microsoft.Build, Version=15.1.0.0, Culture=neutral, PublicKeyToken=b03f5f7f11d50a3a".
             Resolved file path is "/Users/tp/.nuget/packages/microsoft.build/17.8.3/ref/net8.0/Microsoft.Build.dll".
             Reference found at search path location "{HintPathFromItem}".
             This reference is not "CopyLocal" because at least one source item had "Private" set to "false" and no source items had "Private" set to "true".
             The ImageRuntimeVersion for this reference is "".
         Primary reference "Microsoft.Build.Framework, Version=15.1.0.0, Culture=neutral, PublicKeyToken=b03f5f7f11d50a3a".
             Resolved file path is "/Users/tp/.nuget/packages/microsoft.build.framework/17.8.3/ref/net8.0/Microsoft.Build.Framework.dll".
             Reference found at search path location "{HintPathFromItem}".
             This reference is not "CopyLocal" because at least one source item had "Private" set to "false" and no source items had "Private" set to "true".
             The ImageRuntimeVersion for this reference is "".
         Primary reference "Microsoft.CodeAnalysis.AnalyzerUtilities, Version=3.3.2.30504, Culture=neutral, PublicKeyToken=31bf3856ad364e35".
             Resolved file path is "/Users/tp/.nuget/packages/microsoft.codeanalysis.analyzerutilities/3.3.0/lib/netstandard2.0/Microsoft.CodeAnalysis.AnalyzerUtilities.dll".
             Reference found at search path location "{HintPathFromItem}".
             This reference is not "CopyLocal" because at least one source item had "Private" set to "false" and no source items had "Private" set to "true".
             The ImageRuntimeVersion for this reference is "".
         Primary reference "Microsoft.CodeAnalysis, Version=4.8.0.0, Culture=neutral, PublicKeyToken=31bf3856ad364e35".
             Resolved file path is "/Users/tp/.nuget/packages/microsoft.codeanalysis.common/4.8.0/lib/net7.0/Microsoft.CodeAnalysis.dll".
             Reference found at search path location "{HintPathFromItem}".
             This reference is not "CopyLocal" because at least one source item had "Private" set to "false" and no source items had "Private" set to "true".
             The ImageRuntimeVersion for this reference is "".
         Primary reference "Microsoft.CodeAnalysis.CSharp, Version=4.8.0.0, Culture=neutral, PublicKeyToken=31bf3856ad364e35".
             Resolved file path is "/Users/tp/.nuget/packages/microsoft.codeanalysis.csharp/4.8.0/lib/net7.0/Microsoft.CodeAnalysis.CSharp.dll".
             Reference found at search path location "{HintPathFromItem}".
             This reference is not "CopyLocal" because at least one source item had "Private" set to "false" and no source items had "Private" set to "true".
             The ImageRuntimeVersion for this reference is "".
         Primary reference "Microsoft.CodeAnalysis.CSharp.Features, Version=4.8.0.0, Culture=neutral, PublicKeyToken=31bf3856ad364e35".
             Resolved file path is "/Users/tp/.nuget/packages/microsoft.codeanalysis.csharp.features/4.8.0/lib/net7.0/Microsoft.CodeAnalysis.CSharp.Features.dll".
             Reference found at search path location "{HintPathFromItem}".
             This reference is not "CopyLocal" because at least one source item had "Private" set to "false" and no source items had "Private" set to "true".
             The ImageRuntimeVersion for this reference is "".
         Primary reference "Microsoft.CodeAnalysis.CSharp.Workspaces, Version=4.8.0.0, Culture=neutral, PublicKeyToken=31bf3856ad364e35".
             Resolved file path is "/Users/tp/.nuget/packages/microsoft.codeanalysis.csharp.workspaces/4.8.0/lib/net7.0/Microsoft.CodeAnalysis.CSharp.Workspaces.dll".
             Reference found at search path location "{HintPathFromItem}".
             This reference is not "CopyLocal" because at least one source item had "Private" set to "false" and no source items had "Private" set to "true".
             The ImageRuntimeVersion for this reference is "".
         Primary reference "Microsoft.CodeAnalysis.Elfie, Version=1.0.0.0, Culture=neutral, PublicKeyToken=31bf3856ad364e35".
             Resolved file path is "/Users/tp/.nuget/packages/microsoft.codeanalysis.elfie/1.0.0/lib/netstandard2.0/Microsoft.CodeAnalysis.Elfie.dll".
             Reference found at search path location "{HintPathFromItem}".
             This reference is not "CopyLocal" because at least one source item had "Private" set to "false" and no source items had "Private" set to "true".
             The ImageRuntimeVersion for this reference is "".
         Primary reference "Microsoft.CodeAnalysis.Features, Version=4.8.0.0, Culture=neutral, PublicKeyToken=31bf3856ad364e35".
             Resolved file path is "/Users/tp/.nuget/packages/microsoft.codeanalysis.features/4.8.0/lib/net7.0/Microsoft.CodeAnalysis.Features.dll".
             Reference found at search path location "{HintPathFromItem}".
             This reference is not "CopyLocal" because at least one source item had "Private" set to "false" and no source items had "Private" set to "true".
             The ImageRuntimeVersion for this reference is "".
         Primary reference "Microsoft.CodeAnalysis.Razor, Version=6.0.24.0, Culture=neutral, PublicKeyToken=adb9793829ddae60".
             Resolved file path is "/Users/tp/.nuget/packages/microsoft.codeanalysis.razor/6.0.24/lib/netstandard2.0/Microsoft.CodeAnalysis.Razor.dll".
             Reference found at search path location "{HintPathFromItem}".
             This reference is not "CopyLocal" because at least one source item had "Private" set to "false" and no source items had "Private" set to "true".
             The ImageRuntimeVersion for this reference is "".
         Primary reference "Microsoft.CodeAnalysis.Scripting, Version=4.8.0.0, Culture=neutral, PublicKeyToken=31bf3856ad364e35".
             Resolved file path is "/Users/tp/.nuget/packages/microsoft.codeanalysis.scripting.common/4.8.0/lib/net7.0/Microsoft.CodeAnalysis.Scripting.dll".
             Reference found at search path location "{HintPathFromItem}".
             This reference is not "CopyLocal" because at least one source item had "Private" set to "false" and no source items had "Private" set to "true".
             The ImageRuntimeVersion for this reference is "".
         Primary reference "Microsoft.CodeAnalysis.Workspaces, Version=4.8.0.0, Culture=neutral, PublicKeyToken=31bf3856ad364e35".
             Resolved file path is "/Users/tp/.nuget/packages/microsoft.codeanalysis.workspaces.common/4.8.0/lib/net7.0/Microsoft.CodeAnalysis.Workspaces.dll".
             Reference found at search path location "{HintPathFromItem}".
             This reference is not "CopyLocal" because at least one source item had "Private" set to "false" and no source items had "Private" set to "true".
             The ImageRuntimeVersion for this reference is "".
         Primary reference "Microsoft.Data.SqlClient, Version=5.0.0.0, Culture=neutral, PublicKeyToken=23ec7fc2d6eaa4a5".
             Resolved file path is "/Users/tp/.nuget/packages/microsoft.data.sqlclient/5.1.1/ref/net6.0/Microsoft.Data.SqlClient.dll".
             Reference found at search path location "{HintPathFromItem}".
             This reference is not "CopyLocal" because at least one source item had "Private" set to "false" and no source items had "Private" set to "true".
             The ImageRuntimeVersion for this reference is "".
         Primary reference "Microsoft.DiaSymReader, Version=2.0.0.0, Culture=neutral, PublicKeyToken=31bf3856ad364e35".
             Resolved file path is "/Users/tp/.nuget/packages/microsoft.diasymreader/2.0.0/lib/netstandard2.0/Microsoft.DiaSymReader.dll".
             Reference found at search path location "{HintPathFromItem}".
             This reference is not "CopyLocal" because at least one source item had "Private" set to "false" and no source items had "Private" set to "true".
             The ImageRuntimeVersion for this reference is "".
         Primary reference "Microsoft.DotNet.Scaffolding.Shared, Version=8.0.4.0, Culture=neutral, PublicKeyToken=adb9793829ddae60".
             Resolved file path is "/Users/tp/.nuget/packages/microsoft.dotnet.scaffolding.shared/8.0.4/lib/netstandard2.0/Microsoft.DotNet.Scaffolding.Shared.dll".
             Reference found at search path location "{HintPathFromItem}".
             This reference is not "CopyLocal" because at least one source item had "Private" set to "false" and no source items had "Private" set to "true".
             The ImageRuntimeVersion for this reference is "".
         Primary reference "Microsoft.EntityFrameworkCore, Version=8.0.0.0, Culture=neutral, PublicKeyToken=adb9793829ddae60".
             Resolved file path is "/Users/tp/.nuget/packages/microsoft.entityframeworkcore/8.0.0/lib/net8.0/Microsoft.EntityFrameworkCore.dll".
             Reference found at search path location "{HintPathFromItem}".
             This reference is not "CopyLocal" because at least one source item had "Private" set to "false" and no source items had "Private" set to "true".
             The ImageRuntimeVersion for this reference is "".
         Primary reference "Microsoft.EntityFrameworkCore.Abstractions, Version=8.0.0.0, Culture=neutral, PublicKeyToken=adb9793829ddae60".
             Resolved file path is "/Users/tp/.nuget/packages/microsoft.entityframeworkcore.abstractions/8.0.0/lib/net8.0/Microsoft.EntityFrameworkCore.Abstractions.dll".
             Reference found at search path location "{HintPathFromItem}".
             This reference is not "CopyLocal" because at least one source item had "Private" set to "false" and no source items had "Private" set to "true".
             The ImageRuntimeVersion for this reference is "".
         Primary reference "Microsoft.EntityFrameworkCore.Relational, Version=8.0.0.0, Culture=neutral, PublicKeyToken=adb9793829ddae60".
             Resolved file path is "/Users/tp/.nuget/packages/microsoft.entityframeworkcore.relational/8.0.0/lib/net8.0/Microsoft.EntityFrameworkCore.Relational.dll".
             Reference found at search path location "{HintPathFromItem}".
             This reference is not "CopyLocal" because at least one source item had "Private" set to "false" and no source items had "Private" set to "true".
             The ImageRuntimeVersion for this reference is "".
         Primary reference "Microsoft.EntityFrameworkCore.SqlServer, Version=8.0.0.0, Culture=neutral, PublicKeyToken=adb9793829ddae60".
             Resolved file path is "/Users/tp/.nuget/packages/microsoft.entityframeworkcore.sqlserver/8.0.0/lib/net8.0/Microsoft.EntityFrameworkCore.SqlServer.dll".
             Reference found at search path location "{HintPathFromItem}".
             This reference is not "CopyLocal" because at least one source item had "Private" set to "false" and no source items had "Private" set to "true".
             The ImageRuntimeVersion for this reference is "".
         Primary reference "Microsoft.Extensions.DependencyModel, Version=8.0.0.1, Culture=neutral, PublicKeyToken=adb9793829ddae60".
             Resolved file path is "/Users/tp/.nuget/packages/microsoft.extensions.dependencymodel/8.0.1/lib/net8.0/Microsoft.Extensions.DependencyModel.dll".
             Reference found at search path location "{HintPathFromItem}".
             This reference is not "CopyLocal" because at least one source item had "Private" set to "false" and no source items had "Private" set to "true".
             The ImageRuntimeVersion for this reference is "".
         Primary reference "Microsoft.Identity.Client, Version=4.47.2.0, Culture=neutral, PublicKeyToken=0a613f4dd989e8ae".
             Resolved file path is "/Users/tp/.nuget/packages/microsoft.identity.client/4.47.2/lib/netcoreapp2.1/Microsoft.Identity.Client.dll".
             Reference found at search path location "{HintPathFromItem}".
             This reference is not "CopyLocal" because at least one source item had "Private" set to "false" and no source items had "Private" set to "true".
             The ImageRuntimeVersion for this reference is "".
         Primary reference "Microsoft.Identity.Client.Extensions.Msal, Version=2.19.3.0, Culture=neutral, PublicKeyToken=0a613f4dd989e8ae".
             Resolved file path is "/Users/tp/.nuget/packages/microsoft.identity.client.extensions.msal/2.19.3/lib/netcoreapp2.1/Microsoft.Identity.Client.Extensions.Msal.dll".
             Reference found at search path location "{HintPathFromItem}".
             This reference is not "CopyLocal" because at least one source item had "Private" set to "false" and no source items had "Private" set to "true".
             The ImageRuntimeVersion for this reference is "".
         Primary reference "Microsoft.IdentityModel.Abstractions, Version=6.24.0.0, Culture=neutral, PublicKeyToken=31bf3856ad364e35".
             Resolved file path is "/Users/tp/.nuget/packages/microsoft.identitymodel.abstractions/6.24.0/lib/net6.0/Microsoft.IdentityModel.Abstractions.dll".
             Reference found at search path location "{HintPathFromItem}".
             This reference is not "CopyLocal" because at least one source item had "Private" set to "false" and no source items had "Private" set to "true".
             The ImageRuntimeVersion for this reference is "".
         Primary reference "Microsoft.IdentityModel.JsonWebTokens, Version=6.24.0.0, Culture=neutral, PublicKeyToken=31bf3856ad364e35".
             Resolved file path is "/Users/tp/.nuget/packages/microsoft.identitymodel.jsonwebtokens/6.24.0/lib/net6.0/Microsoft.IdentityModel.JsonWebTokens.dll".
             Reference found at search path location "{HintPathFromItem}".
             This reference is not "CopyLocal" because at least one source item had "Private" set to "false" and no source items had "Private" set to "true".
             The ImageRuntimeVersion for this reference is "".
         Primary reference "Microsoft.IdentityModel.Logging, Version=6.24.0.0, Culture=neutral, PublicKeyToken=31bf3856ad364e35".
             Resolved file path is "/Users/tp/.nuget/packages/microsoft.identitymodel.logging/6.24.0/lib/net6.0/Microsoft.IdentityModel.Logging.dll".
             Reference found at search path location "{HintPathFromItem}".
             This reference is not "CopyLocal" because at least one source item had "Private" set to "false" and no source items had "Private" set to "true".
             The ImageRuntimeVersion for this reference is "".
         Primary reference "Microsoft.IdentityModel.Protocols, Version=6.24.0.0, Culture=neutral, PublicKeyToken=31bf3856ad364e35".
             Resolved file path is "/Users/tp/.nuget/packages/microsoft.identitymodel.protocols/6.24.0/lib/net6.0/Microsoft.IdentityModel.Protocols.dll".
             Reference found at search path location "{HintPathFromItem}".
             This reference is not "CopyLocal" because at least one source item had "Private" set to "false" and no source items had "Private" set to "true".
             The ImageRuntimeVersion for this reference is "".
         Primary reference "Microsoft.IdentityModel.Protocols.OpenIdConnect, Version=6.24.0.0, Culture=neutral, PublicKeyToken=31bf3856ad364e35".
             Resolved file path is "/Users/tp/.nuget/packages/microsoft.identitymodel.protocols.openidconnect/6.24.0/lib/net6.0/Microsoft.IdentityModel.Protocols.OpenIdConnect.dll".
             Reference found at search path location "{HintPathFromItem}".
             This reference is not "CopyLocal" because at least one source item had "Private" set to "false" and no source items had "Private" set to "true".
             The ImageRuntimeVersion for this reference is "".
         Primary reference "Microsoft.IdentityModel.Tokens, Version=6.24.0.0, Culture=neutral, PublicKeyToken=31bf3856ad364e35".
             Resolved file path is "/Users/tp/.nuget/packages/microsoft.identitymodel.tokens/6.24.0/lib/net6.0/Microsoft.IdentityModel.Tokens.dll".
             Reference found at search path location "{HintPathFromItem}".
             This reference is not "CopyLocal" because at least one source item had "Private" set to "false" and no source items had "Private" set to "true".
             The ImageRuntimeVersion for this reference is "".
         Primary reference "Microsoft.NET.StringTools, Version=1.0.0.0, Culture=neutral, PublicKeyToken=b03f5f7f11d50a3a".
             Resolved file path is "/Users/tp/.nuget/packages/microsoft.net.stringtools/17.8.3/ref/net8.0/Microsoft.NET.StringTools.dll".
             Reference found at search path location "{HintPathFromItem}".
             This reference is not "CopyLocal" because at least one source item had "Private" set to "false" and no source items had "Private" set to "true".
             The ImageRuntimeVersion for this reference is "".
         Primary reference "Microsoft.SqlServer.Server, Version=1.0.0.0, Culture=neutral, PublicKeyToken=23ec7fc2d6eaa4a5".
             Resolved file path is "/Users/tp/.nuget/packages/microsoft.sqlserver.server/1.0.0/lib/netstandard2.0/Microsoft.SqlServer.Server.dll".
             Reference found at search path location "{HintPathFromItem}".
             This reference is not "CopyLocal" because at least one source item had "Private" set to "false" and no source items had "Private" set to "true".
             The ImageRuntimeVersion for this reference is "".
         Primary reference "Microsoft.VisualStudio.Web.CodeGeneration, Version=8.0.4.0, Culture=neutral, PublicKeyToken=adb9793829ddae60".
             Resolved file path is "/Users/tp/.nuget/packages/microsoft.visualstudio.web.codegeneration/8.0.4/lib/net8.0/Microsoft.VisualStudio.Web.CodeGeneration.dll".
             Reference found at search path location "{HintPathFromItem}".
             This reference is not "CopyLocal" because at least one source item had "Private" set to "false" and no source items had "Private" set to "true".
             The ImageRuntimeVersion for this reference is "".
         Primary reference "Microsoft.VisualStudio.Web.CodeGeneration.Core, Version=8.0.4.0, Culture=neutral, PublicKeyToken=adb9793829ddae60".
             Resolved file path is "/Users/tp/.nuget/packages/microsoft.visualstudio.web.codegeneration.core/8.0.4/lib/net8.0/Microsoft.VisualStudio.Web.CodeGeneration.Core.dll".
             Reference found at search path location "{HintPathFromItem}".
             This reference is not "CopyLocal" because at least one source item had "Private" set to "false" and no source items had "Private" set to "true".
             The ImageRuntimeVersion for this reference is "".
         Primary reference "dotnet-aspnet-codegenerator-design, Version=8.0.4.0, Culture=neutral, PublicKeyToken=adb9793829ddae60".
             Resolved file path is "/Users/tp/.nuget/packages/microsoft.visualstudio.web.codegeneration.design/8.0.4/lib/net8.0/dotnet-aspnet-codegenerator-design.dll".
             Reference found at search path location "{HintPathFromItem}".
             This reference is not "CopyLocal" because at least one source item had "Private" set to "false" and no source items had "Private" set to "true".
             The ImageRuntimeVersion for this reference is "".
         Primary reference "Microsoft.VisualStudio.Web.CodeGeneration.EntityFrameworkCore, Version=8.0.4.0, Culture=neutral, PublicKeyToken=adb9793829ddae60".
             Resolved file path is "/Users/tp/.nuget/packages/microsoft.visualstudio.web.codegeneration.entityframeworkcore/8.0.4/lib/net8.0/Microsoft.VisualStudio.Web.CodeGeneration.EntityFrameworkCore.dll".
             Reference found at search path location "{HintPathFromItem}".
             This reference is not "CopyLocal" because at least one source item had "Private" set to "false" and no source items had "Private" set to "true".
             The ImageRuntimeVersion for this reference is "".
         Primary reference "Microsoft.VisualStudio.Web.CodeGeneration.Templating, Version=8.0.4.0, Culture=neutral, PublicKeyToken=adb9793829ddae60".
             Resolved file path is "/Users/tp/.nuget/packages/microsoft.visualstudio.web.codegeneration.templating/8.0.4/lib/net8.0/Microsoft.VisualStudio.Web.CodeGeneration.Templating.dll".
             Reference found at search path location "{HintPathFromItem}".
             This reference is not "CopyLocal" because at least one source item had "Private" set to "false" and no source items had "Private" set to "true".
             The ImageRuntimeVersion for this reference is "".
         Primary reference "Microsoft.VisualStudio.Web.CodeGeneration.Utils, Version=8.0.4.0, Culture=neutral, PublicKeyToken=adb9793829ddae60".
             Resolved file path is "/Users/tp/.nuget/packages/microsoft.visualstudio.web.codegeneration.utils/8.0.4/lib/net8.0/Microsoft.VisualStudio.Web.CodeGeneration.Utils.dll".
             Reference found at search path location "{HintPathFromItem}".
             This reference is not "CopyLocal" because at least one source item had "Private" set to "false" and no source items had "Private" set to "true".
             The ImageRuntimeVersion for this reference is "".
         Primary reference "Microsoft.VisualStudio.Web.CodeGenerators.Mvc, Version=8.0.4.0, Culture=neutral, PublicKeyToken=adb9793829ddae60".
             Resolved file path is "/Users/tp/.nuget/packages/microsoft.visualstudio.web.codegenerators.mvc/8.0.4/lib/net8.0/Microsoft.VisualStudio.Web.CodeGenerators.Mvc.dll".
             Reference found at search path location "{HintPathFromItem}".
             This reference is not "CopyLocal" because at least one source item had "Private" set to "false" and no source items had "Private" set to "true".
             The ImageRuntimeVersion for this reference is "".
         Primary reference "Microsoft.Win32.SystemEvents, Version=7.0.0.0, Culture=neutral, PublicKeyToken=cc7b13ffcd2ddd51".
             Resolved file path is "/Users/tp/.nuget/packages/microsoft.win32.systemevents/7.0.0/lib/net7.0/Microsoft.Win32.SystemEvents.dll".
             Reference found at search path location "{HintPathFromItem}".
             This reference is not "CopyLocal" because at least one source item had "Private" set to "false" and no source items had "Private" set to "true".
             The ImageRuntimeVersion for this reference is "".
         Primary reference "Mono.TextTemplating, Version=2.3.0.0, Culture=neutral, PublicKeyToken=4fa72d50da25cb30".
             Resolved file path is "/Users/tp/.nuget/packages/mono.texttemplating/2.3.1/lib/netcoreapp3.1/Mono.TextTemplating.dll".
             Reference found at search path location "{HintPathFromItem}".
             This reference is not "CopyLocal" because at least one source item had "Private" set to "false" and no source items had "Private" set to "true".
             The ImageRuntimeVersion for this reference is "".
         Primary reference "Newtonsoft.Json, Version=13.0.0.0, Culture=neutral, PublicKeyToken=30ad4fe6b2a6aeed".
             Resolved file path is "/Users/tp/.nuget/packages/newtonsoft.json/13.0.3/lib/net6.0/Newtonsoft.Json.dll".
             Reference found at search path location "{HintPathFromItem}".
             This reference is not "CopyLocal" because at least one source item had "Private" set to "false" and no source items had "Private" set to "true".
             The ImageRuntimeVersion for this reference is "".
         Primary reference "NuGet.Common, Version=6.9.1.3, Culture=neutral, PublicKeyToken=31bf3856ad364e35".
             Resolved file path is "/Users/tp/.nuget/packages/nuget.common/6.9.1/lib/netstandard2.0/NuGet.Common.dll".
             Reference found at search path location "{HintPathFromItem}".
             This reference is not "CopyLocal" because at least one source item had "Private" set to "false" and no source items had "Private" set to "true".
             The ImageRuntimeVersion for this reference is "".
         Primary reference "NuGet.Configuration, Version=6.9.1.3, Culture=neutral, PublicKeyToken=31bf3856ad364e35".
             Resolved file path is "/Users/tp/.nuget/packages/nuget.configuration/6.9.1/lib/netstandard2.0/NuGet.Configuration.dll".
             Reference found at search path location "{HintPathFromItem}".
             This reference is not "CopyLocal" because at least one source item had "Private" set to "false" and no source items had "Private" set to "true".
             The ImageRuntimeVersion for this reference is "".
         Primary reference "NuGet.DependencyResolver.Core, Version=6.9.1.3, Culture=neutral, PublicKeyToken=31bf3856ad364e35".
             Resolved file path is "/Users/tp/.nuget/packages/nuget.dependencyresolver.core/6.9.1/lib/net5.0/NuGet.DependencyResolver.Core.dll".
             Reference found at search path location "{HintPathFromItem}".
             This reference is not "CopyLocal" because at least one source item had "Private" set to "false" and no source items had "Private" set to "true".
             The ImageRuntimeVersion for this reference is "".
         Primary reference "NuGet.Frameworks, Version=6.9.1.3, Culture=neutral, PublicKeyToken=31bf3856ad364e35".
             Resolved file path is "/Users/tp/.nuget/packages/nuget.frameworks/6.9.1/lib/netstandard2.0/NuGet.Frameworks.dll".
             Reference found at search path location "{HintPathFromItem}".
             This reference is not "CopyLocal" because at least one source item had "Private" set to "false" and no source items had "Private" set to "true".
             The ImageRuntimeVersion for this reference is "".
         Primary reference "NuGet.LibraryModel, Version=6.9.1.3, Culture=neutral, PublicKeyToken=31bf3856ad364e35".
             Resolved file path is "/Users/tp/.nuget/packages/nuget.librarymodel/6.9.1/lib/netstandard2.0/NuGet.LibraryModel.dll".
             Reference found at search path location "{HintPathFromItem}".
             This reference is not "CopyLocal" because at least one source item had "Private" set to "false" and no source items had "Private" set to "true".
             The ImageRuntimeVersion for this reference is "".
         Primary reference "NuGet.Packaging, Version=6.9.1.3, Culture=neutral, PublicKeyToken=31bf3856ad364e35".
             Resolved file path is "/Users/tp/.nuget/packages/nuget.packaging/6.9.1/lib/net5.0/NuGet.Packaging.dll".
             Reference found at search path location "{HintPathFromItem}".
             This reference is not "CopyLocal" because at least one source item had "Private" set to "false" and no source items had "Private" set to "true".
             The ImageRuntimeVersion for this reference is "".
         Primary reference "NuGet.ProjectModel, Version=6.9.1.3, Culture=neutral, PublicKeyToken=31bf3856ad364e35".
             Resolved file path is "/Users/tp/.nuget/packages/nuget.projectmodel/6.9.1/lib/net5.0/NuGet.ProjectModel.dll".
             Reference found at search path location "{HintPathFromItem}".
             This reference is not "CopyLocal" because at least one source item had "Private" set to "false" and no source items had "Private" set to "true".
             The ImageRuntimeVersion for this reference is "".
         Primary reference "NuGet.Protocol, Version=6.9.1.3, Culture=neutral, PublicKeyToken=31bf3856ad364e35".
             Resolved file path is "/Users/tp/.nuget/packages/nuget.protocol/6.9.1/lib/net5.0/NuGet.Protocol.dll".
             Reference found at search path location "{HintPathFromItem}".
             This reference is not "CopyLocal" because at least one source item had "Private" set to "false" and no source items had "Private" set to "true".
             The ImageRuntimeVersion for this reference is "".
         Primary reference "NuGet.Versioning, Version=6.9.1.3, Culture=neutral, PublicKeyToken=31bf3856ad364e35".
             Resolved file path is "/Users/tp/.nuget/packages/nuget.versioning/6.9.1/lib/netstandard2.0/NuGet.Versioning.dll".
             Reference found at search path location "{HintPathFromItem}".
             This reference is not "CopyLocal" because at least one source item had "Private" set to "false" and no source items had "Private" set to "true".
             The ImageRuntimeVersion for this reference is "".
         Primary reference "QRCoder, Version=1.6.0.0, Culture=neutral, PublicKeyToken=c4ed5b9ae8358a28".
             Resolved file path is "/Users/tp/.nuget/packages/qrcoder/1.6.0/lib/net6.0/QRCoder.dll".
             Reference found at search path location "{HintPathFromItem}".
             This reference is not "CopyLocal" because at least one source item had "Private" set to "false" and no source items had "Private" set to "true".
             The ImageRuntimeVersion for this reference is "".
         Primary reference "System.CodeDom, Version=5.0.0.0, Culture=neutral, PublicKeyToken=cc7b13ffcd2ddd51".
             Resolved file path is "/Users/tp/.nuget/packages/system.codedom/5.0.0/ref/netstandard2.0/System.CodeDom.dll".
             Reference found at search path location "{HintPathFromItem}".
             This reference is not "CopyLocal" because at least one source item had "Private" set to "false" and no source items had "Private" set to "true".
             The ImageRuntimeVersion for this reference is "".
         Primary reference "System.Composition.AttributedModel, Version=7.0.0.0, Culture=neutral, PublicKeyToken=b03f5f7f11d50a3a".
             Resolved file path is "/Users/tp/.nuget/packages/system.composition.attributedmodel/7.0.0/lib/net7.0/System.Composition.AttributedModel.dll".
             Reference found at search path location "{HintPathFromItem}".
             This reference is not "CopyLocal" because at least one source item had "Private" set to "false" and no source items had "Private" set to "true".
             The ImageRuntimeVersion for this reference is "".
         Primary reference "System.Composition.Convention, Version=7.0.0.0, Culture=neutral, PublicKeyToken=b03f5f7f11d50a3a".
             Resolved file path is "/Users/tp/.nuget/packages/system.composition.convention/7.0.0/lib/net7.0/System.Composition.Convention.dll".
             Reference found at search path location "{HintPathFromItem}".
             This reference is not "CopyLocal" because at least one source item had "Private" set to "false" and no source items had "Private" set to "true".
             The ImageRuntimeVersion for this reference is "".
         Primary reference "System.Composition.Hosting, Version=7.0.0.0, Culture=neutral, PublicKeyToken=b03f5f7f11d50a3a".
             Resolved file path is "/Users/tp/.nuget/packages/system.composition.hosting/7.0.0/lib/net7.0/System.Composition.Hosting.dll".
             Reference found at search path location "{HintPathFromItem}".
             This reference is not "CopyLocal" because at least one source item had "Private" set to "false" and no source items had "Private" set to "true".
             The ImageRuntimeVersion for this reference is "".
         Primary reference "System.Composition.Runtime, Version=7.0.0.0, Culture=neutral, PublicKeyToken=b03f5f7f11d50a3a".
             Resolved file path is "/Users/tp/.nuget/packages/system.composition.runtime/7.0.0/lib/net7.0/System.Composition.Runtime.dll".
             Reference found at search path location "{HintPathFromItem}".
             This reference is not "CopyLocal" because at least one source item had "Private" set to "false" and no source items had "Private" set to "true".
             The ImageRuntimeVersion for this reference is "".
         Primary reference "System.Composition.TypedParts, Version=7.0.0.0, Culture=neutral, PublicKeyToken=b03f5f7f11d50a3a".
             Resolved file path is "/Users/tp/.nuget/packages/system.composition.typedparts/7.0.0/lib/net7.0/System.Composition.TypedParts.dll".
             Reference found at search path location "{HintPathFromItem}".
             This reference is not "CopyLocal" because at least one source item had "Private" set to "false" and no source items had "Private" set to "true".
             The ImageRuntimeVersion for this reference is "".
         Primary reference "System.Configuration.ConfigurationManager, Version=7.0.0.0, Culture=neutral, PublicKeyToken=cc7b13ffcd2ddd51".
             Resolved file path is "/Users/tp/.nuget/packages/system.configuration.configurationmanager/7.0.0/lib/net7.0/System.Configuration.ConfigurationManager.dll".
             Reference found at search path location "{HintPathFromItem}".
             This reference is not "CopyLocal" because at least one source item had "Private" set to "false" and no source items had "Private" set to "true".
             The ImageRuntimeVersion for this reference is "".
         Primary reference "System.Drawing.Common, Version=7.0.0.0, Culture=neutral, PublicKeyToken=cc7b13ffcd2ddd51".
             Resolved file path is "/Users/tp/.nuget/packages/system.drawing.common/7.0.0/lib/net7.0/System.Drawing.Common.dll".
             Reference found at search path location "{HintPathFromItem}".
             This reference is not "CopyLocal" because at least one source item had "Private" set to "false" and no source items had "Private" set to "true".
             The ImageRuntimeVersion for this reference is "".
         Primary reference "System.IdentityModel.Tokens.Jwt, Version=6.24.0.0, Culture=neutral, PublicKeyToken=31bf3856ad364e35".
             Resolved file path is "/Users/tp/.nuget/packages/system.identitymodel.tokens.jwt/6.24.0/lib/net6.0/System.IdentityModel.Tokens.Jwt.dll".
             Reference found at search path location "{HintPathFromItem}".
             This reference is not "CopyLocal" because at least one source item had "Private" set to "false" and no source items had "Private" set to "true".
             The ImageRuntimeVersion for this reference is "".
         Primary reference "System.Memory.Data, Version=1.0.2.0, Culture=neutral, PublicKeyToken=cc7b13ffcd2ddd51".
             Resolved file path is "/Users/tp/.nuget/packages/system.memory.data/1.0.2/lib/netstandard2.0/System.Memory.Data.dll".
             Reference found at search path location "{HintPathFromItem}".
             This reference is not "CopyLocal" because at least one source item had "Private" set to "false" and no source items had "Private" set to "true".
             The ImageRuntimeVersion for this reference is "".
         Primary reference "System.Net.WebSockets.WebSocketProtocol, Version=5.1.0.0, Culture=neutral, PublicKeyToken=cc7b13ffcd2ddd51".
             Resolved file path is "/Users/tp/.nuget/packages/system.net.websockets.websocketprotocol/5.1.0/lib/net6.0/System.Net.WebSockets.WebSocketProtocol.dll".
             Reference found at search path location "{HintPathFromItem}".
             This reference is not "CopyLocal" because at least one source item had "Private" set to "false" and no source items had "Private" set to "true".
             The ImageRuntimeVersion for this reference is "".
         Primary reference "System.Reflection.MetadataLoadContext, Version=7.0.0.0, Culture=neutral, PublicKeyToken=cc7b13ffcd2ddd51".
             Resolved file path is "/Users/tp/.nuget/packages/system.reflection.metadataloadcontext/7.0.0/lib/net7.0/System.Reflection.MetadataLoadContext.dll".
             Reference found at search path location "{HintPathFromItem}".
             This reference is not "CopyLocal" because at least one source item had "Private" set to "false" and no source items had "Private" set to "true".
             The ImageRuntimeVersion for this reference is "".
         Primary reference "System.Security.Cryptography.Pkcs, Version=6.0.0.0, Culture=neutral, PublicKeyToken=b03f5f7f11d50a3a".
             Resolved file path is "/Users/tp/.nuget/packages/system.security.cryptography.pkcs/6.0.4/lib/net6.0/System.Security.Cryptography.Pkcs.dll".
             Reference found at search path location "{HintPathFromItem}".
             This reference is not "CopyLocal" because at least one source item had "Private" set to "false" and no source items had "Private" set to "true".
             The ImageRuntimeVersion for this reference is "".
         Primary reference "System.Security.Cryptography.ProtectedData, Version=7.0.0.0, Culture=neutral, PublicKeyToken=b03f5f7f11d50a3a".
             Resolved file path is "/Users/tp/.nuget/packages/system.security.cryptography.protecteddata/7.0.0/lib/net7.0/System.Security.Cryptography.ProtectedData.dll".
             Reference found at search path location "{HintPathFromItem}".
             This reference is not "CopyLocal" because at least one source item had "Private" set to "false" and no source items had "Private" set to "true".
             The ImageRuntimeVersion for this reference is "".
         Primary reference "System.Security.Permissions, Version=7.0.0.0, Culture=neutral, PublicKeyToken=cc7b13ffcd2ddd51".
             Resolved file path is "/Users/tp/.nuget/packages/system.security.permissions/7.0.0/lib/net7.0/System.Security.Permissions.dll".
             Reference found at search path location "{HintPathFromItem}".
             This reference is not "CopyLocal" because at least one source item had "Private" set to "false" and no source items had "Private" set to "true".
             The ImageRuntimeVersion for this reference is "".
         Primary reference "System.Windows.Extensions, Version=7.0.0.0, Culture=neutral, PublicKeyToken=cc7b13ffcd2ddd51".
             Resolved file path is "/Users/tp/.nuget/packages/system.windows.extensions/7.0.0/lib/net7.0/System.Windows.Extensions.dll".
             Reference found at search path location "{HintPathFromItem}".
             This reference is not "CopyLocal" because at least one source item had "Private" set to "false" and no source items had "Private" set to "true".
             The ImageRuntimeVersion for this reference is "".
         Primary reference "Microsoft.CSharp, Version=8.0.0.0, Culture=neutral, PublicKeyToken=b03f5f7f11d50a3a".
             Resolved file path is "/usr/local/share/dotnet/packs/Microsoft.NETCore.App.Ref/8.0.14/ref/net8.0/Microsoft.CSharp.dll".
             Reference found at search path location "{RawFileName}".
             This reference is not "CopyLocal" because at least one source item had "Private" set to "false" and no source items had "Private" set to "true".
             The ImageRuntimeVersion for this reference is "".
         Primary reference "Microsoft.VisualBasic.Core, Version=13.0.0.0, Culture=neutral, PublicKeyToken=b03f5f7f11d50a3a".
             Resolved file path is "/usr/local/share/dotnet/packs/Microsoft.NETCore.App.Ref/8.0.14/ref/net8.0/Microsoft.VisualBasic.Core.dll".
             Reference found at search path location "{RawFileName}".
             This reference is not "CopyLocal" because at least one source item had "Private" set to "false" and no source items had "Private" set to "true".
             The ImageRuntimeVersion for this reference is "".
         Primary reference "Microsoft.VisualBasic, Version=10.0.0.0, Culture=neutral, PublicKeyToken=b03f5f7f11d50a3a".
             Resolved file path is "/usr/local/share/dotnet/packs/Microsoft.NETCore.App.Ref/8.0.14/ref/net8.0/Microsoft.VisualBasic.dll".
             Reference found at search path location "{RawFileName}".
             This reference is not "CopyLocal" because at least one source item had "Private" set to "false" and no source items had "Private" set to "true".
             The ImageRuntimeVersion for this reference is "".
         Primary reference "Microsoft.Win32.Primitives, Version=8.0.0.0, Culture=neutral, PublicKeyToken=b03f5f7f11d50a3a".
             Resolved file path is "/usr/local/share/dotnet/packs/Microsoft.NETCore.App.Ref/8.0.14/ref/net8.0/Microsoft.Win32.Primitives.dll".
             Reference found at search path location "{RawFileName}".
             This reference is not "CopyLocal" because at least one source item had "Private" set to "false" and no source items had "Private" set to "true".
             The ImageRuntimeVersion for this reference is "".
         Primary reference "Microsoft.Win32.Registry, Version=8.0.0.0, Culture=neutral, PublicKeyToken=b03f5f7f11d50a3a".
             Resolved file path is "/usr/local/share/dotnet/packs/Microsoft.NETCore.App.Ref/8.0.14/ref/net8.0/Microsoft.Win32.Registry.dll".
             Reference found at search path location "{RawFileName}".
             This reference is not "CopyLocal" because at least one source item had "Private" set to "false" and no source items had "Private" set to "true".
             The ImageRuntimeVersion for this reference is "".
         Primary reference "System.AppContext, Version=8.0.0.0, Culture=neutral, PublicKeyToken=b03f5f7f11d50a3a".
             Resolved file path is "/usr/local/share/dotnet/packs/Microsoft.NETCore.App.Ref/8.0.14/ref/net8.0/System.AppContext.dll".
             Reference found at search path location "{RawFileName}".
             This reference is not "CopyLocal" because at least one source item had "Private" set to "false" and no source items had "Private" set to "true".
             The ImageRuntimeVersion for this reference is "".
         Primary reference "System.Buffers, Version=8.0.0.0, Culture=neutral, PublicKeyToken=cc7b13ffcd2ddd51".
             Resolved file path is "/usr/local/share/dotnet/packs/Microsoft.NETCore.App.Ref/8.0.14/ref/net8.0/System.Buffers.dll".
             Reference found at search path location "{RawFileName}".
             This reference is not "CopyLocal" because at least one source item had "Private" set to "false" and no source items had "Private" set to "true".
             The ImageRuntimeVersion for this reference is "".
         Primary reference "System.Collections.Concurrent, Version=8.0.0.0, Culture=neutral, PublicKeyToken=b03f5f7f11d50a3a".
             Resolved file path is "/usr/local/share/dotnet/packs/Microsoft.NETCore.App.Ref/8.0.14/ref/net8.0/System.Collections.Concurrent.dll".
             Reference found at search path location "{RawFileName}".
             This reference is not "CopyLocal" because at least one source item had "Private" set to "false" and no source items had "Private" set to "true".
             The ImageRuntimeVersion for this reference is "".
         Primary reference "System.Collections.Immutable, Version=8.0.0.0, Culture=neutral, PublicKeyToken=b03f5f7f11d50a3a".
             Resolved file path is "/usr/local/share/dotnet/packs/Microsoft.NETCore.App.Ref/8.0.14/ref/net8.0/System.Collections.Immutable.dll".
             Reference found at search path location "{RawFileName}".
             This reference is not "CopyLocal" because at least one source item had "Private" set to "false" and no source items had "Private" set to "true".
             The ImageRuntimeVersion for this reference is "".
         Primary reference "System.Collections.NonGeneric, Version=8.0.0.0, Culture=neutral, PublicKeyToken=b03f5f7f11d50a3a".
             Resolved file path is "/usr/local/share/dotnet/packs/Microsoft.NETCore.App.Ref/8.0.14/ref/net8.0/System.Collections.NonGeneric.dll".
             Reference found at search path location "{RawFileName}".
             This reference is not "CopyLocal" because at least one source item had "Private" set to "false" and no source items had "Private" set to "true".
             The ImageRuntimeVersion for this reference is "".
         Primary reference "System.Collections.Specialized, Version=8.0.0.0, Culture=neutral, PublicKeyToken=b03f5f7f11d50a3a".
             Resolved file path is "/usr/local/share/dotnet/packs/Microsoft.NETCore.App.Ref/8.0.14/ref/net8.0/System.Collections.Specialized.dll".
             Reference found at search path location "{RawFileName}".
             This reference is not "CopyLocal" because at least one source item had "Private" set to "false" and no source items had "Private" set to "true".
             The ImageRuntimeVersion for this reference is "".
         Primary reference "System.Collections, Version=8.0.0.0, Culture=neutral, PublicKeyToken=b03f5f7f11d50a3a".
             Resolved file path is "/usr/local/share/dotnet/packs/Microsoft.NETCore.App.Ref/8.0.14/ref/net8.0/System.Collections.dll".
             Reference found at search path location "{RawFileName}".
             This reference is not "CopyLocal" because at least one source item had "Private" set to "false" and no source items had "Private" set to "true".
             The ImageRuntimeVersion for this reference is "".
         Primary reference "System.ComponentModel.Annotations, Version=8.0.0.0, Culture=neutral, PublicKeyToken=b03f5f7f11d50a3a".
             Resolved file path is "/usr/local/share/dotnet/packs/Microsoft.NETCore.App.Ref/8.0.14/ref/net8.0/System.ComponentModel.Annotations.dll".
             Reference found at search path location "{RawFileName}".
             This reference is not "CopyLocal" because at least one source item had "Private" set to "false" and no source items had "Private" set to "true".
             The ImageRuntimeVersion for this reference is "".
         Primary reference "System.ComponentModel.DataAnnotations, Version=4.0.0.0, Culture=neutral, PublicKeyToken=31bf3856ad364e35".
             Resolved file path is "/usr/local/share/dotnet/packs/Microsoft.NETCore.App.Ref/8.0.14/ref/net8.0/System.ComponentModel.DataAnnotations.dll".
             Reference found at search path location "{RawFileName}".
             This reference is not "CopyLocal" because at least one source item had "Private" set to "false" and no source items had "Private" set to "true".
             The ImageRuntimeVersion for this reference is "".
         Primary reference "System.ComponentModel.EventBasedAsync, Version=8.0.0.0, Culture=neutral, PublicKeyToken=b03f5f7f11d50a3a".
             Resolved file path is "/usr/local/share/dotnet/packs/Microsoft.NETCore.App.Ref/8.0.14/ref/net8.0/System.ComponentModel.EventBasedAsync.dll".
             Reference found at search path location "{RawFileName}".
             This reference is not "CopyLocal" because at least one source item had "Private" set to "false" and no source items had "Private" set to "true".
             The ImageRuntimeVersion for this reference is "".
         Primary reference "System.ComponentModel.Primitives, Version=8.0.0.0, Culture=neutral, PublicKeyToken=b03f5f7f11d50a3a".
             Resolved file path is "/usr/local/share/dotnet/packs/Microsoft.NETCore.App.Ref/8.0.14/ref/net8.0/System.ComponentModel.Primitives.dll".
             Reference found at search path location "{RawFileName}".
             This reference is not "CopyLocal" because at least one source item had "Private" set to "false" and no source items had "Private" set to "true".
             The ImageRuntimeVersion for this reference is "".
         Primary reference "System.ComponentModel.TypeConverter, Version=8.0.0.0, Culture=neutral, PublicKeyToken=b03f5f7f11d50a3a".
             Resolved file path is "/usr/local/share/dotnet/packs/Microsoft.NETCore.App.Ref/8.0.14/ref/net8.0/System.ComponentModel.TypeConverter.dll".
             Reference found at search path location "{RawFileName}".
             This reference is not "CopyLocal" because at least one source item had "Private" set to "false" and no source items had "Private" set to "true".
             The ImageRuntimeVersion for this reference is "".
         Primary reference "System.ComponentModel, Version=8.0.0.0, Culture=neutral, PublicKeyToken=b03f5f7f11d50a3a".
             Resolved file path is "/usr/local/share/dotnet/packs/Microsoft.NETCore.App.Ref/8.0.14/ref/net8.0/System.ComponentModel.dll".
             Reference found at search path location "{RawFileName}".
             This reference is not "CopyLocal" because at least one source item had "Private" set to "false" and no source items had "Private" set to "true".
             The ImageRuntimeVersion for this reference is "".
         Primary reference "System.Configuration, Version=4.0.0.0, Culture=neutral, PublicKeyToken=b03f5f7f11d50a3a".
             Resolved file path is "/usr/local/share/dotnet/packs/Microsoft.NETCore.App.Ref/8.0.14/ref/net8.0/System.Configuration.dll".
             Reference found at search path location "{RawFileName}".
             This reference is not "CopyLocal" because at least one source item had "Private" set to "false" and no source items had "Private" set to "true".
             The ImageRuntimeVersion for this reference is "".
         Primary reference "System.Console, Version=8.0.0.0, Culture=neutral, PublicKeyToken=b03f5f7f11d50a3a".
             Resolved file path is "/usr/local/share/dotnet/packs/Microsoft.NETCore.App.Ref/8.0.14/ref/net8.0/System.Console.dll".
             Reference found at search path location "{RawFileName}".
             This reference is not "CopyLocal" because at least one source item had "Private" set to "false" and no source items had "Private" set to "true".
             The ImageRuntimeVersion for this reference is "".
         Primary reference "System.Core, Version=4.0.0.0, Culture=neutral, PublicKeyToken=b77a5c561934e089".
             Resolved file path is "/usr/local/share/dotnet/packs/Microsoft.NETCore.App.Ref/8.0.14/ref/net8.0/System.Core.dll".
             Reference found at search path location "{RawFileName}".
             This reference is not "CopyLocal" because at least one source item had "Private" set to "false" and no source items had "Private" set to "true".
             The ImageRuntimeVersion for this reference is "".
         Primary reference "System.Data.Common, Version=8.0.0.0, Culture=neutral, PublicKeyToken=b03f5f7f11d50a3a".
             Resolved file path is "/usr/local/share/dotnet/packs/Microsoft.NETCore.App.Ref/8.0.14/ref/net8.0/System.Data.Common.dll".
             Reference found at search path location "{RawFileName}".
             This reference is not "CopyLocal" because at least one source item had "Private" set to "false" and no source items had "Private" set to "true".
             The ImageRuntimeVersion for this reference is "".
         Primary reference "System.Data.DataSetExtensions, Version=8.0.0.0, Culture=neutral, PublicKeyToken=b77a5c561934e089".
             Resolved file path is "/usr/local/share/dotnet/packs/Microsoft.NETCore.App.Ref/8.0.14/ref/net8.0/System.Data.DataSetExtensions.dll".
             Reference found at search path location "{RawFileName}".
             This reference is not "CopyLocal" because at least one source item had "Private" set to "false" and no source items had "Private" set to "true".
             The ImageRuntimeVersion for this reference is "".
         Primary reference "System.Data, Version=4.0.0.0, Culture=neutral, PublicKeyToken=b77a5c561934e089".
             Resolved file path is "/usr/local/share/dotnet/packs/Microsoft.NETCore.App.Ref/8.0.14/ref/net8.0/System.Data.dll".
             Reference found at search path location "{RawFileName}".
             This reference is not "CopyLocal" because at least one source item had "Private" set to "false" and no source items had "Private" set to "true".
             The ImageRuntimeVersion for this reference is "".
         Primary reference "System.Diagnostics.Contracts, Version=8.0.0.0, Culture=neutral, PublicKeyToken=b03f5f7f11d50a3a".
             Resolved file path is "/usr/local/share/dotnet/packs/Microsoft.NETCore.App.Ref/8.0.14/ref/net8.0/System.Diagnostics.Contracts.dll".
             Reference found at search path location "{RawFileName}".
             This reference is not "CopyLocal" because at least one source item had "Private" set to "false" and no source items had "Private" set to "true".
             The ImageRuntimeVersion for this reference is "".
         Primary reference "System.Diagnostics.Debug, Version=8.0.0.0, Culture=neutral, PublicKeyToken=b03f5f7f11d50a3a".
             Resolved file path is "/usr/local/share/dotnet/packs/Microsoft.NETCore.App.Ref/8.0.14/ref/net8.0/System.Diagnostics.Debug.dll".
             Reference found at search path location "{RawFileName}".
             This reference is not "CopyLocal" because at least one source item had "Private" set to "false" and no source items had "Private" set to "true".
             The ImageRuntimeVersion for this reference is "".
         Primary reference "System.Diagnostics.DiagnosticSource, Version=8.0.0.0, Culture=neutral, PublicKeyToken=cc7b13ffcd2ddd51".
             Resolved file path is "/usr/local/share/dotnet/packs/Microsoft.NETCore.App.Ref/8.0.14/ref/net8.0/System.Diagnostics.DiagnosticSource.dll".
             Reference found at search path location "{RawFileName}".
             This reference is not "CopyLocal" because at least one source item had "Private" set to "false" and no source items had "Private" set to "true".
             The ImageRuntimeVersion for this reference is "".
         Primary reference "System.Diagnostics.FileVersionInfo, Version=8.0.0.0, Culture=neutral, PublicKeyToken=b03f5f7f11d50a3a".
             Resolved file path is "/usr/local/share/dotnet/packs/Microsoft.NETCore.App.Ref/8.0.14/ref/net8.0/System.Diagnostics.FileVersionInfo.dll".
             Reference found at search path location "{RawFileName}".
             This reference is not "CopyLocal" because at least one source item had "Private" set to "false" and no source items had "Private" set to "true".
             The ImageRuntimeVersion for this reference is "".
         Primary reference "System.Diagnostics.Process, Version=8.0.0.0, Culture=neutral, PublicKeyToken=b03f5f7f11d50a3a".
             Resolved file path is "/usr/local/share/dotnet/packs/Microsoft.NETCore.App.Ref/8.0.14/ref/net8.0/System.Diagnostics.Process.dll".
             Reference found at search path location "{RawFileName}".
             This reference is not "CopyLocal" because at least one source item had "Private" set to "false" and no source items had "Private" set to "true".
             The ImageRuntimeVersion for this reference is "".
         Primary reference "System.Diagnostics.StackTrace, Version=8.0.0.0, Culture=neutral, PublicKeyToken=b03f5f7f11d50a3a".
             Resolved file path is "/usr/local/share/dotnet/packs/Microsoft.NETCore.App.Ref/8.0.14/ref/net8.0/System.Diagnostics.StackTrace.dll".
             Reference found at search path location "{RawFileName}".
             This reference is not "CopyLocal" because at least one source item had "Private" set to "false" and no source items had "Private" set to "true".
             The ImageRuntimeVersion for this reference is "".
         Primary reference "System.Diagnostics.TextWriterTraceListener, Version=8.0.0.0, Culture=neutral, PublicKeyToken=b03f5f7f11d50a3a".
             Resolved file path is "/usr/local/share/dotnet/packs/Microsoft.NETCore.App.Ref/8.0.14/ref/net8.0/System.Diagnostics.TextWriterTraceListener.dll".
             Reference found at search path location "{RawFileName}".
             This reference is not "CopyLocal" because at least one source item had "Private" set to "false" and no source items had "Private" set to "true".
             The ImageRuntimeVersion for this reference is "".
         Primary reference "System.Diagnostics.Tools, Version=8.0.0.0, Culture=neutral, PublicKeyToken=b03f5f7f11d50a3a".
             Resolved file path is "/usr/local/share/dotnet/packs/Microsoft.NETCore.App.Ref/8.0.14/ref/net8.0/System.Diagnostics.Tools.dll".
             Reference found at search path location "{RawFileName}".
             This reference is not "CopyLocal" because at least one source item had "Private" set to "false" and no source items had "Private" set to "true".
             The ImageRuntimeVersion for this reference is "".
         Primary reference "System.Diagnostics.TraceSource, Version=8.0.0.0, Culture=neutral, PublicKeyToken=b03f5f7f11d50a3a".
             Resolved file path is "/usr/local/share/dotnet/packs/Microsoft.NETCore.App.Ref/8.0.14/ref/net8.0/System.Diagnostics.TraceSource.dll".
             Reference found at search path location "{RawFileName}".
             This reference is not "CopyLocal" because at least one source item had "Private" set to "false" and no source items had "Private" set to "true".
             The ImageRuntimeVersion for this reference is "".
         Primary reference "System.Diagnostics.Tracing, Version=8.0.0.0, Culture=neutral, PublicKeyToken=b03f5f7f11d50a3a".
             Resolved file path is "/usr/local/share/dotnet/packs/Microsoft.NETCore.App.Ref/8.0.14/ref/net8.0/System.Diagnostics.Tracing.dll".
             Reference found at search path location "{RawFileName}".
             This reference is not "CopyLocal" because at least one source item had "Private" set to "false" and no source items had "Private" set to "true".
             The ImageRuntimeVersion for this reference is "".
         Primary reference "System.Drawing.Primitives, Version=8.0.0.0, Culture=neutral, PublicKeyToken=b03f5f7f11d50a3a".
             Resolved file path is "/usr/local/share/dotnet/packs/Microsoft.NETCore.App.Ref/8.0.14/ref/net8.0/System.Drawing.Primitives.dll".
             Reference found at search path location "{RawFileName}".
             This reference is not "CopyLocal" because at least one source item had "Private" set to "false" and no source items had "Private" set to "true".
             The ImageRuntimeVersion for this reference is "".
         Primary reference "System.Drawing, Version=4.0.0.0, Culture=neutral, PublicKeyToken=b03f5f7f11d50a3a".
             Resolved file path is "/usr/local/share/dotnet/packs/Microsoft.NETCore.App.Ref/8.0.14/ref/net8.0/System.Drawing.dll".
             Reference found at search path location "{RawFileName}".
             This reference is not "CopyLocal" because at least one source item had "Private" set to "false" and no source items had "Private" set to "true".
             The ImageRuntimeVersion for this reference is "".
         Primary reference "System.Dynamic.Runtime, Version=8.0.0.0, Culture=neutral, PublicKeyToken=b03f5f7f11d50a3a".
             Resolved file path is "/usr/local/share/dotnet/packs/Microsoft.NETCore.App.Ref/8.0.14/ref/net8.0/System.Dynamic.Runtime.dll".
             Reference found at search path location "{RawFileName}".
             This reference is not "CopyLocal" because at least one source item had "Private" set to "false" and no source items had "Private" set to "true".
             The ImageRuntimeVersion for this reference is "".
         Primary reference "System.Formats.Asn1, Version=8.0.0.0, Culture=neutral, PublicKeyToken=cc7b13ffcd2ddd51".
             Resolved file path is "/usr/local/share/dotnet/packs/Microsoft.NETCore.App.Ref/8.0.14/ref/net8.0/System.Formats.Asn1.dll".
             Reference found at search path location "{RawFileName}".
             This reference is not "CopyLocal" because at least one source item had "Private" set to "false" and no source items had "Private" set to "true".
             The ImageRuntimeVersion for this reference is "".
         Primary reference "System.Formats.Tar, Version=8.0.0.0, Culture=neutral, PublicKeyToken=cc7b13ffcd2ddd51".
             Resolved file path is "/usr/local/share/dotnet/packs/Microsoft.NETCore.App.Ref/8.0.14/ref/net8.0/System.Formats.Tar.dll".
             Reference found at search path location "{RawFileName}".
             This reference is not "CopyLocal" because at least one source item had "Private" set to "false" and no source items had "Private" set to "true".
             The ImageRuntimeVersion for this reference is "".
         Primary reference "System.Globalization.Calendars, Version=8.0.0.0, Culture=neutral, PublicKeyToken=b03f5f7f11d50a3a".
             Resolved file path is "/usr/local/share/dotnet/packs/Microsoft.NETCore.App.Ref/8.0.14/ref/net8.0/System.Globalization.Calendars.dll".
             Reference found at search path location "{RawFileName}".
             This reference is not "CopyLocal" because at least one source item had "Private" set to "false" and no source items had "Private" set to "true".
             The ImageRuntimeVersion for this reference is "".
         Primary reference "System.Globalization.Extensions, Version=8.0.0.0, Culture=neutral, PublicKeyToken=b03f5f7f11d50a3a".
             Resolved file path is "/usr/local/share/dotnet/packs/Microsoft.NETCore.App.Ref/8.0.14/ref/net8.0/System.Globalization.Extensions.dll".
             Reference found at search path location "{RawFileName}".
             This reference is not "CopyLocal" because at least one source item had "Private" set to "false" and no source items had "Private" set to "true".
             The ImageRuntimeVersion for this reference is "".
         Primary reference "System.Globalization, Version=8.0.0.0, Culture=neutral, PublicKeyToken=b03f5f7f11d50a3a".
             Resolved file path is "/usr/local/share/dotnet/packs/Microsoft.NETCore.App.Ref/8.0.14/ref/net8.0/System.Globalization.dll".
             Reference found at search path location "{RawFileName}".
             This reference is not "CopyLocal" because at least one source item had "Private" set to "false" and no source items had "Private" set to "true".
             The ImageRuntimeVersion for this reference is "".
         Primary reference "System.IO.Compression.Brotli, Version=8.0.0.0, Culture=neutral, PublicKeyToken=b77a5c561934e089".
             Resolved file path is "/usr/local/share/dotnet/packs/Microsoft.NETCore.App.Ref/8.0.14/ref/net8.0/System.IO.Compression.Brotli.dll".
             Reference found at search path location "{RawFileName}".
             This reference is not "CopyLocal" because at least one source item had "Private" set to "false" and no source items had "Private" set to "true".
             The ImageRuntimeVersion for this reference is "".
         Primary reference "System.IO.Compression.FileSystem, Version=4.0.0.0, Culture=neutral, PublicKeyToken=b77a5c561934e089".
             Resolved file path is "/usr/local/share/dotnet/packs/Microsoft.NETCore.App.Ref/8.0.14/ref/net8.0/System.IO.Compression.FileSystem.dll".
             Reference found at search path location "{RawFileName}".
             This reference is not "CopyLocal" because at least one source item had "Private" set to "false" and no source items had "Private" set to "true".
             The ImageRuntimeVersion for this reference is "".
         Primary reference "System.IO.Compression.ZipFile, Version=8.0.0.0, Culture=neutral, PublicKeyToken=b77a5c561934e089".
             Resolved file path is "/usr/local/share/dotnet/packs/Microsoft.NETCore.App.Ref/8.0.14/ref/net8.0/System.IO.Compression.ZipFile.dll".
             Reference found at search path location "{RawFileName}".
             This reference is not "CopyLocal" because at least one source item had "Private" set to "false" and no source items had "Private" set to "true".
             The ImageRuntimeVersion for this reference is "".
         Primary reference "System.IO.Compression, Version=8.0.0.0, Culture=neutral, PublicKeyToken=b77a5c561934e089".
             Resolved file path is "/usr/local/share/dotnet/packs/Microsoft.NETCore.App.Ref/8.0.14/ref/net8.0/System.IO.Compression.dll".
             Reference found at search path location "{RawFileName}".
             This reference is not "CopyLocal" because at least one source item had "Private" set to "false" and no source items had "Private" set to "true".
             The ImageRuntimeVersion for this reference is "".
         Primary reference "System.IO.FileSystem.AccessControl, Version=8.0.0.0, Culture=neutral, PublicKeyToken=b03f5f7f11d50a3a".
             Resolved file path is "/usr/local/share/dotnet/packs/Microsoft.NETCore.App.Ref/8.0.14/ref/net8.0/System.IO.FileSystem.AccessControl.dll".
             Reference found at search path location "{RawFileName}".
             This reference is not "CopyLocal" because at least one source item had "Private" set to "false" and no source items had "Private" set to "true".
             The ImageRuntimeVersion for this reference is "".
         Primary reference "System.IO.FileSystem.DriveInfo, Version=8.0.0.0, Culture=neutral, PublicKeyToken=b03f5f7f11d50a3a".
             Resolved file path is "/usr/local/share/dotnet/packs/Microsoft.NETCore.App.Ref/8.0.14/ref/net8.0/System.IO.FileSystem.DriveInfo.dll".
             Reference found at search path location "{RawFileName}".
             This reference is not "CopyLocal" because at least one source item had "Private" set to "false" and no source items had "Private" set to "true".
             The ImageRuntimeVersion for this reference is "".
         Primary reference "System.IO.FileSystem.Primitives, Version=8.0.0.0, Culture=neutral, PublicKeyToken=b03f5f7f11d50a3a".
             Resolved file path is "/usr/local/share/dotnet/packs/Microsoft.NETCore.App.Ref/8.0.14/ref/net8.0/System.IO.FileSystem.Primitives.dll".
             Reference found at search path location "{RawFileName}".
             This reference is not "CopyLocal" because at least one source item had "Private" set to "false" and no source items had "Private" set to "true".
             The ImageRuntimeVersion for this reference is "".
         Primary reference "System.IO.FileSystem.Watcher, Version=8.0.0.0, Culture=neutral, PublicKeyToken=b03f5f7f11d50a3a".
             Resolved file path is "/usr/local/share/dotnet/packs/Microsoft.NETCore.App.Ref/8.0.14/ref/net8.0/System.IO.FileSystem.Watcher.dll".
             Reference found at search path location "{RawFileName}".
             This reference is not "CopyLocal" because at least one source item had "Private" set to "false" and no source items had "Private" set to "true".
             The ImageRuntimeVersion for this reference is "".
         Primary reference "System.IO.FileSystem, Version=8.0.0.0, Culture=neutral, PublicKeyToken=b03f5f7f11d50a3a".
             Resolved file path is "/usr/local/share/dotnet/packs/Microsoft.NETCore.App.Ref/8.0.14/ref/net8.0/System.IO.FileSystem.dll".
             Reference found at search path location "{RawFileName}".
             This reference is not "CopyLocal" because at least one source item had "Private" set to "false" and no source items had "Private" set to "true".
             The ImageRuntimeVersion for this reference is "".
         Primary reference "System.IO.IsolatedStorage, Version=8.0.0.0, Culture=neutral, PublicKeyToken=b03f5f7f11d50a3a".
             Resolved file path is "/usr/local/share/dotnet/packs/Microsoft.NETCore.App.Ref/8.0.14/ref/net8.0/System.IO.IsolatedStorage.dll".
             Reference found at search path location "{RawFileName}".
             This reference is not "CopyLocal" because at least one source item had "Private" set to "false" and no source items had "Private" set to "true".
             The ImageRuntimeVersion for this reference is "".
         Primary reference "System.IO.MemoryMappedFiles, Version=8.0.0.0, Culture=neutral, PublicKeyToken=b03f5f7f11d50a3a".
             Resolved file path is "/usr/local/share/dotnet/packs/Microsoft.NETCore.App.Ref/8.0.14/ref/net8.0/System.IO.MemoryMappedFiles.dll".
             Reference found at search path location "{RawFileName}".
             This reference is not "CopyLocal" because at least one source item had "Private" set to "false" and no source items had "Private" set to "true".
             The ImageRuntimeVersion for this reference is "".
         Primary reference "System.IO.Pipes.AccessControl, Version=8.0.0.0, Culture=neutral, PublicKeyToken=b03f5f7f11d50a3a".
             Resolved file path is "/usr/local/share/dotnet/packs/Microsoft.NETCore.App.Ref/8.0.14/ref/net8.0/System.IO.Pipes.AccessControl.dll".
             Reference found at search path location "{RawFileName}".
             This reference is not "CopyLocal" because at least one source item had "Private" set to "false" and no source items had "Private" set to "true".
             The ImageRuntimeVersion for this reference is "".
         Primary reference "System.IO.Pipes, Version=8.0.0.0, Culture=neutral, PublicKeyToken=b03f5f7f11d50a3a".
             Resolved file path is "/usr/local/share/dotnet/packs/Microsoft.NETCore.App.Ref/8.0.14/ref/net8.0/System.IO.Pipes.dll".
             Reference found at search path location "{RawFileName}".
             This reference is not "CopyLocal" because at least one source item had "Private" set to "false" and no source items had "Private" set to "true".
             The ImageRuntimeVersion for this reference is "".
         Primary reference "System.IO.UnmanagedMemoryStream, Version=8.0.0.0, Culture=neutral, PublicKeyToken=b03f5f7f11d50a3a".
             Resolved file path is "/usr/local/share/dotnet/packs/Microsoft.NETCore.App.Ref/8.0.14/ref/net8.0/System.IO.UnmanagedMemoryStream.dll".
             Reference found at search path location "{RawFileName}".
             This reference is not "CopyLocal" because at least one source item had "Private" set to "false" and no source items had "Private" set to "true".
             The ImageRuntimeVersion for this reference is "".
         Primary reference "System.IO, Version=8.0.0.0, Culture=neutral, PublicKeyToken=b03f5f7f11d50a3a".
             Resolved file path is "/usr/local/share/dotnet/packs/Microsoft.NETCore.App.Ref/8.0.14/ref/net8.0/System.IO.dll".
             Reference found at search path location "{RawFileName}".
             This reference is not "CopyLocal" because at least one source item had "Private" set to "false" and no source items had "Private" set to "true".
             The ImageRuntimeVersion for this reference is "".
         Primary reference "System.Linq.Expressions, Version=8.0.0.0, Culture=neutral, PublicKeyToken=b03f5f7f11d50a3a".
             Resolved file path is "/usr/local/share/dotnet/packs/Microsoft.NETCore.App.Ref/8.0.14/ref/net8.0/System.Linq.Expressions.dll".
             Reference found at search path location "{RawFileName}".
             This reference is not "CopyLocal" because at least one source item had "Private" set to "false" and no source items had "Private" set to "true".
             The ImageRuntimeVersion for this reference is "".
         Primary reference "System.Linq.Parallel, Version=8.0.0.0, Culture=neutral, PublicKeyToken=b03f5f7f11d50a3a".
             Resolved file path is "/usr/local/share/dotnet/packs/Microsoft.NETCore.App.Ref/8.0.14/ref/net8.0/System.Linq.Parallel.dll".
             Reference found at search path location "{RawFileName}".
             This reference is not "CopyLocal" because at least one source item had "Private" set to "false" and no source items had "Private" set to "true".
             The ImageRuntimeVersion for this reference is "".
         Primary reference "System.Linq.Queryable, Version=8.0.0.0, Culture=neutral, PublicKeyToken=b03f5f7f11d50a3a".
             Resolved file path is "/usr/local/share/dotnet/packs/Microsoft.NETCore.App.Ref/8.0.14/ref/net8.0/System.Linq.Queryable.dll".
             Reference found at search path location "{RawFileName}".
             This reference is not "CopyLocal" because at least one source item had "Private" set to "false" and no source items had "Private" set to "true".
             The ImageRuntimeVersion for this reference is "".
         Primary reference "System.Linq, Version=8.0.0.0, Culture=neutral, PublicKeyToken=b03f5f7f11d50a3a".
             Resolved file path is "/usr/local/share/dotnet/packs/Microsoft.NETCore.App.Ref/8.0.14/ref/net8.0/System.Linq.dll".
             Reference found at search path location "{RawFileName}".
             This reference is not "CopyLocal" because at least one source item had "Private" set to "false" and no source items had "Private" set to "true".
             The ImageRuntimeVersion for this reference is "".
         Primary reference "System.Memory, Version=8.0.0.0, Culture=neutral, PublicKeyToken=cc7b13ffcd2ddd51".
             Resolved file path is "/usr/local/share/dotnet/packs/Microsoft.NETCore.App.Ref/8.0.14/ref/net8.0/System.Memory.dll".
             Reference found at search path location "{RawFileName}".
             This reference is not "CopyLocal" because at least one source item had "Private" set to "false" and no source items had "Private" set to "true".
             The ImageRuntimeVersion for this reference is "".
         Primary reference "System.Net.Http.Json, Version=8.0.0.0, Culture=neutral, PublicKeyToken=cc7b13ffcd2ddd51".
             Resolved file path is "/usr/local/share/dotnet/packs/Microsoft.NETCore.App.Ref/8.0.14/ref/net8.0/System.Net.Http.Json.dll".
             Reference found at search path location "{RawFileName}".
             This reference is not "CopyLocal" because at least one source item had "Private" set to "false" and no source items had "Private" set to "true".
             The ImageRuntimeVersion for this reference is "".
         Primary reference "System.Net.Http, Version=8.0.0.0, Culture=neutral, PublicKeyToken=b03f5f7f11d50a3a".
             Resolved file path is "/usr/local/share/dotnet/packs/Microsoft.NETCore.App.Ref/8.0.14/ref/net8.0/System.Net.Http.dll".
             Reference found at search path location "{RawFileName}".
             This reference is not "CopyLocal" because at least one source item had "Private" set to "false" and no source items had "Private" set to "true".
             The ImageRuntimeVersion for this reference is "".
         Primary reference "System.Net.HttpListener, Version=8.0.0.0, Culture=neutral, PublicKeyToken=cc7b13ffcd2ddd51".
             Resolved file path is "/usr/local/share/dotnet/packs/Microsoft.NETCore.App.Ref/8.0.14/ref/net8.0/System.Net.HttpListener.dll".
             Reference found at search path location "{RawFileName}".
             This reference is not "CopyLocal" because at least one source item had "Private" set to "false" and no source items had "Private" set to "true".
             The ImageRuntimeVersion for this reference is "".
         Primary reference "System.Net.Mail, Version=8.0.0.0, Culture=neutral, PublicKeyToken=cc7b13ffcd2ddd51".
             Resolved file path is "/usr/local/share/dotnet/packs/Microsoft.NETCore.App.Ref/8.0.14/ref/net8.0/System.Net.Mail.dll".
             Reference found at search path location "{RawFileName}".
             This reference is not "CopyLocal" because at least one source item had "Private" set to "false" and no source items had "Private" set to "true".
             The ImageRuntimeVersion for this reference is "".
         Primary reference "System.Net.NameResolution, Version=8.0.0.0, Culture=neutral, PublicKeyToken=b03f5f7f11d50a3a".
             Resolved file path is "/usr/local/share/dotnet/packs/Microsoft.NETCore.App.Ref/8.0.14/ref/net8.0/System.Net.NameResolution.dll".
             Reference found at search path location "{RawFileName}".
             This reference is not "CopyLocal" because at least one source item had "Private" set to "false" and no source items had "Private" set to "true".
             The ImageRuntimeVersion for this reference is "".
         Primary reference "System.Net.NetworkInformation, Version=8.0.0.0, Culture=neutral, PublicKeyToken=b03f5f7f11d50a3a".
             Resolved file path is "/usr/local/share/dotnet/packs/Microsoft.NETCore.App.Ref/8.0.14/ref/net8.0/System.Net.NetworkInformation.dll".
             Reference found at search path location "{RawFileName}".
             This reference is not "CopyLocal" because at least one source item had "Private" set to "false" and no source items had "Private" set to "true".
             The ImageRuntimeVersion for this reference is "".
         Primary reference "System.Net.Ping, Version=8.0.0.0, Culture=neutral, PublicKeyToken=b03f5f7f11d50a3a".
             Resolved file path is "/usr/local/share/dotnet/packs/Microsoft.NETCore.App.Ref/8.0.14/ref/net8.0/System.Net.Ping.dll".
             Reference found at search path location "{RawFileName}".
             This reference is not "CopyLocal" because at least one source item had "Private" set to "false" and no source items had "Private" set to "true".
             The ImageRuntimeVersion for this reference is "".
         Primary reference "System.Net.Primitives, Version=8.0.0.0, Culture=neutral, PublicKeyToken=b03f5f7f11d50a3a".
             Resolved file path is "/usr/local/share/dotnet/packs/Microsoft.NETCore.App.Ref/8.0.14/ref/net8.0/System.Net.Primitives.dll".
             Reference found at search path location "{RawFileName}".
             This reference is not "CopyLocal" because at least one source item had "Private" set to "false" and no source items had "Private" set to "true".
             The ImageRuntimeVersion for this reference is "".
         Primary reference "System.Net.Quic, Version=8.0.0.0, Culture=neutral, PublicKeyToken=b03f5f7f11d50a3a".
             Resolved file path is "/usr/local/share/dotnet/packs/Microsoft.NETCore.App.Ref/8.0.14/ref/net8.0/System.Net.Quic.dll".
             Reference found at search path location "{RawFileName}".
             This reference is not "CopyLocal" because at least one source item had "Private" set to "false" and no source items had "Private" set to "true".
             The ImageRuntimeVersion for this reference is "".
         Primary reference "System.Net.Requests, Version=8.0.0.0, Culture=neutral, PublicKeyToken=b03f5f7f11d50a3a".
             Resolved file path is "/usr/local/share/dotnet/packs/Microsoft.NETCore.App.Ref/8.0.14/ref/net8.0/System.Net.Requests.dll".
             Reference found at search path location "{RawFileName}".
             This reference is not "CopyLocal" because at least one source item had "Private" set to "false" and no source items had "Private" set to "true".
             The ImageRuntimeVersion for this reference is "".
         Primary reference "System.Net.Security, Version=8.0.0.0, Culture=neutral, PublicKeyToken=b03f5f7f11d50a3a".
             Resolved file path is "/usr/local/share/dotnet/packs/Microsoft.NETCore.App.Ref/8.0.14/ref/net8.0/System.Net.Security.dll".
             Reference found at search path location "{RawFileName}".
             This reference is not "CopyLocal" because at least one source item had "Private" set to "false" and no source items had "Private" set to "true".
             The ImageRuntimeVersion for this reference is "".
         Primary reference "System.Net.ServicePoint, Version=8.0.0.0, Culture=neutral, PublicKeyToken=cc7b13ffcd2ddd51".
             Resolved file path is "/usr/local/share/dotnet/packs/Microsoft.NETCore.App.Ref/8.0.14/ref/net8.0/System.Net.ServicePoint.dll".
             Reference found at search path location "{RawFileName}".
             This reference is not "CopyLocal" because at least one source item had "Private" set to "false" and no source items had "Private" set to "true".
             The ImageRuntimeVersion for this reference is "".
         Primary reference "System.Net.Sockets, Version=8.0.0.0, Culture=neutral, PublicKeyToken=b03f5f7f11d50a3a".
             Resolved file path is "/usr/local/share/dotnet/packs/Microsoft.NETCore.App.Ref/8.0.14/ref/net8.0/System.Net.Sockets.dll".
             Reference found at search path location "{RawFileName}".
             This reference is not "CopyLocal" because at least one source item had "Private" set to "false" and no source items had "Private" set to "true".
             The ImageRuntimeVersion for this reference is "".
         Primary reference "System.Net.WebClient, Version=8.0.0.0, Culture=neutral, PublicKeyToken=cc7b13ffcd2ddd51".
             Resolved file path is "/usr/local/share/dotnet/packs/Microsoft.NETCore.App.Ref/8.0.14/ref/net8.0/System.Net.WebClient.dll".
             Reference found at search path location "{RawFileName}".
             This reference is not "CopyLocal" because at least one source item had "Private" set to "false" and no source items had "Private" set to "true".
             The ImageRuntimeVersion for this reference is "".
         Primary reference "System.Net.WebHeaderCollection, Version=8.0.0.0, Culture=neutral, PublicKeyToken=b03f5f7f11d50a3a".
             Resolved file path is "/usr/local/share/dotnet/packs/Microsoft.NETCore.App.Ref/8.0.14/ref/net8.0/System.Net.WebHeaderCollection.dll".
             Reference found at search path location "{RawFileName}".
             This reference is not "CopyLocal" because at least one source item had "Private" set to "false" and no source items had "Private" set to "true".
             The ImageRuntimeVersion for this reference is "".
         Primary reference "System.Net.WebProxy, Version=8.0.0.0, Culture=neutral, PublicKeyToken=cc7b13ffcd2ddd51".
             Resolved file path is "/usr/local/share/dotnet/packs/Microsoft.NETCore.App.Ref/8.0.14/ref/net8.0/System.Net.WebProxy.dll".
             Reference found at search path location "{RawFileName}".
             This reference is not "CopyLocal" because at least one source item had "Private" set to "false" and no source items had "Private" set to "true".
             The ImageRuntimeVersion for this reference is "".
         Primary reference "System.Net.WebSockets.Client, Version=8.0.0.0, Culture=neutral, PublicKeyToken=b03f5f7f11d50a3a".
             Resolved file path is "/usr/local/share/dotnet/packs/Microsoft.NETCore.App.Ref/8.0.14/ref/net8.0/System.Net.WebSockets.Client.dll".
             Reference found at search path location "{RawFileName}".
             This reference is not "CopyLocal" because at least one source item had "Private" set to "false" and no source items had "Private" set to "true".
             The ImageRuntimeVersion for this reference is "".
         Primary reference "System.Net.WebSockets, Version=8.0.0.0, Culture=neutral, PublicKeyToken=b03f5f7f11d50a3a".
             Resolved file path is "/usr/local/share/dotnet/packs/Microsoft.NETCore.App.Ref/8.0.14/ref/net8.0/System.Net.WebSockets.dll".
             Reference found at search path location "{RawFileName}".
             This reference is not "CopyLocal" because at least one source item had "Private" set to "false" and no source items had "Private" set to "true".
             The ImageRuntimeVersion for this reference is "".
         Primary reference "System.Net, Version=4.0.0.0, Culture=neutral, PublicKeyToken=b03f5f7f11d50a3a".
             Resolved file path is "/usr/local/share/dotnet/packs/Microsoft.NETCore.App.Ref/8.0.14/ref/net8.0/System.Net.dll".
             Reference found at search path location "{RawFileName}".
             This reference is not "CopyLocal" because at least one source item had "Private" set to "false" and no source items had "Private" set to "true".
             The ImageRuntimeVersion for this reference is "".
         Primary reference "System.Numerics.Vectors, Version=8.0.0.0, Culture=neutral, PublicKeyToken=b03f5f7f11d50a3a".
             Resolved file path is "/usr/local/share/dotnet/packs/Microsoft.NETCore.App.Ref/8.0.14/ref/net8.0/System.Numerics.Vectors.dll".
             Reference found at search path location "{RawFileName}".
             This reference is not "CopyLocal" because at least one source item had "Private" set to "false" and no source items had "Private" set to "true".
             The ImageRuntimeVersion for this reference is "".
         Primary reference "System.Numerics, Version=4.0.0.0, Culture=neutral, PublicKeyToken=b77a5c561934e089".
             Resolved file path is "/usr/local/share/dotnet/packs/Microsoft.NETCore.App.Ref/8.0.14/ref/net8.0/System.Numerics.dll".
             Reference found at search path location "{RawFileName}".
             This reference is not "CopyLocal" because at least one source item had "Private" set to "false" and no source items had "Private" set to "true".
             The ImageRuntimeVersion for this reference is "".
         Primary reference "System.ObjectModel, Version=8.0.0.0, Culture=neutral, PublicKeyToken=b03f5f7f11d50a3a".
             Resolved file path is "/usr/local/share/dotnet/packs/Microsoft.NETCore.App.Ref/8.0.14/ref/net8.0/System.ObjectModel.dll".
             Reference found at search path location "{RawFileName}".
             This reference is not "CopyLocal" because at least one source item had "Private" set to "false" and no source items had "Private" set to "true".
             The ImageRuntimeVersion for this reference is "".
         Primary reference "System.Reflection.DispatchProxy, Version=8.0.0.0, Culture=neutral, PublicKeyToken=b03f5f7f11d50a3a".
             Resolved file path is "/usr/local/share/dotnet/packs/Microsoft.NETCore.App.Ref/8.0.14/ref/net8.0/System.Reflection.DispatchProxy.dll".
             Reference found at search path location "{RawFileName}".
             This reference is not "CopyLocal" because at least one source item had "Private" set to "false" and no source items had "Private" set to "true".
             The ImageRuntimeVersion for this reference is "".
         Primary reference "System.Reflection.Emit.ILGeneration, Version=8.0.0.0, Culture=neutral, PublicKeyToken=b03f5f7f11d50a3a".
             Resolved file path is "/usr/local/share/dotnet/packs/Microsoft.NETCore.App.Ref/8.0.14/ref/net8.0/System.Reflection.Emit.ILGeneration.dll".
             Reference found at search path location "{RawFileName}".
             This reference is not "CopyLocal" because at least one source item had "Private" set to "false" and no source items had "Private" set to "true".
             The ImageRuntimeVersion for this reference is "".
         Primary reference "System.Reflection.Emit.Lightweight, Version=8.0.0.0, Culture=neutral, PublicKeyToken=b03f5f7f11d50a3a".
             Resolved file path is "/usr/local/share/dotnet/packs/Microsoft.NETCore.App.Ref/8.0.14/ref/net8.0/System.Reflection.Emit.Lightweight.dll".
             Reference found at search path location "{RawFileName}".
             This reference is not "CopyLocal" because at least one source item had "Private" set to "false" and no source items had "Private" set to "true".
             The ImageRuntimeVersion for this reference is "".
         Primary reference "System.Reflection.Emit, Version=8.0.0.0, Culture=neutral, PublicKeyToken=b03f5f7f11d50a3a".
             Resolved file path is "/usr/local/share/dotnet/packs/Microsoft.NETCore.App.Ref/8.0.14/ref/net8.0/System.Reflection.Emit.dll".
             Reference found at search path location "{RawFileName}".
             This reference is not "CopyLocal" because at least one source item had "Private" set to "false" and no source items had "Private" set to "true".
             The ImageRuntimeVersion for this reference is "".
         Primary reference "System.Reflection.Extensions, Version=8.0.0.0, Culture=neutral, PublicKeyToken=b03f5f7f11d50a3a".
             Resolved file path is "/usr/local/share/dotnet/packs/Microsoft.NETCore.App.Ref/8.0.14/ref/net8.0/System.Reflection.Extensions.dll".
             Reference found at search path location "{RawFileName}".
             This reference is not "CopyLocal" because at least one source item had "Private" set to "false" and no source items had "Private" set to "true".
             The ImageRuntimeVersion for this reference is "".
         Primary reference "System.Reflection.Metadata, Version=8.0.0.0, Culture=neutral, PublicKeyToken=b03f5f7f11d50a3a".
             Resolved file path is "/usr/local/share/dotnet/packs/Microsoft.NETCore.App.Ref/8.0.14/ref/net8.0/System.Reflection.Metadata.dll".
             Reference found at search path location "{RawFileName}".
             This reference is not "CopyLocal" because at least one source item had "Private" set to "false" and no source items had "Private" set to "true".
             The ImageRuntimeVersion for this reference is "".
         Primary reference "System.Reflection.Primitives, Version=8.0.0.0, Culture=neutral, PublicKeyToken=b03f5f7f11d50a3a".
             Resolved file path is "/usr/local/share/dotnet/packs/Microsoft.NETCore.App.Ref/8.0.14/ref/net8.0/System.Reflection.Primitives.dll".
             Reference found at search path location "{RawFileName}".
             This reference is not "CopyLocal" because at least one source item had "Private" set to "false" and no source items had "Private" set to "true".
             The ImageRuntimeVersion for this reference is "".
         Primary reference "System.Reflection.TypeExtensions, Version=8.0.0.0, Culture=neutral, PublicKeyToken=b03f5f7f11d50a3a".
             Resolved file path is "/usr/local/share/dotnet/packs/Microsoft.NETCore.App.Ref/8.0.14/ref/net8.0/System.Reflection.TypeExtensions.dll".
             Reference found at search path location "{RawFileName}".
             This reference is not "CopyLocal" because at least one source item had "Private" set to "false" and no source items had "Private" set to "true".
             The ImageRuntimeVersion for this reference is "".
         Primary reference "System.Reflection, Version=8.0.0.0, Culture=neutral, PublicKeyToken=b03f5f7f11d50a3a".
             Resolved file path is "/usr/local/share/dotnet/packs/Microsoft.NETCore.App.Ref/8.0.14/ref/net8.0/System.Reflection.dll".
             Reference found at search path location "{RawFileName}".
             This reference is not "CopyLocal" because at least one source item had "Private" set to "false" and no source items had "Private" set to "true".
             The ImageRuntimeVersion for this reference is "".
         Primary reference "System.Resources.Reader, Version=8.0.0.0, Culture=neutral, PublicKeyToken=b03f5f7f11d50a3a".
             Resolved file path is "/usr/local/share/dotnet/packs/Microsoft.NETCore.App.Ref/8.0.14/ref/net8.0/System.Resources.Reader.dll".
             Reference found at search path location "{RawFileName}".
             This reference is not "CopyLocal" because at least one source item had "Private" set to "false" and no source items had "Private" set to "true".
             The ImageRuntimeVersion for this reference is "".
         Primary reference "System.Resources.ResourceManager, Version=8.0.0.0, Culture=neutral, PublicKeyToken=b03f5f7f11d50a3a".
             Resolved file path is "/usr/local/share/dotnet/packs/Microsoft.NETCore.App.Ref/8.0.14/ref/net8.0/System.Resources.ResourceManager.dll".
             Reference found at search path location "{RawFileName}".
             This reference is not "CopyLocal" because at least one source item had "Private" set to "false" and no source items had "Private" set to "true".
             The ImageRuntimeVersion for this reference is "".
         Primary reference "System.Resources.Writer, Version=8.0.0.0, Culture=neutral, PublicKeyToken=b03f5f7f11d50a3a".
             Resolved file path is "/usr/local/share/dotnet/packs/Microsoft.NETCore.App.Ref/8.0.14/ref/net8.0/System.Resources.Writer.dll".
             Reference found at search path location "{RawFileName}".
             This reference is not "CopyLocal" because at least one source item had "Private" set to "false" and no source items had "Private" set to "true".
             The ImageRuntimeVersion for this reference is "".
         Primary reference "System.Runtime.CompilerServices.Unsafe, Version=8.0.0.0, Culture=neutral, PublicKeyToken=b03f5f7f11d50a3a".
             Resolved file path is "/usr/local/share/dotnet/packs/Microsoft.NETCore.App.Ref/8.0.14/ref/net8.0/System.Runtime.CompilerServices.Unsafe.dll".
             Reference found at search path location "{RawFileName}".
             This reference is not "CopyLocal" because at least one source item had "Private" set to "false" and no source items had "Private" set to "true".
             The ImageRuntimeVersion for this reference is "".
         Primary reference "System.Runtime.CompilerServices.VisualC, Version=8.0.0.0, Culture=neutral, PublicKeyToken=b03f5f7f11d50a3a".
             Resolved file path is "/usr/local/share/dotnet/packs/Microsoft.NETCore.App.Ref/8.0.14/ref/net8.0/System.Runtime.CompilerServices.VisualC.dll".
             Reference found at search path location "{RawFileName}".
             This reference is not "CopyLocal" because at least one source item had "Private" set to "false" and no source items had "Private" set to "true".
             The ImageRuntimeVersion for this reference is "".
         Primary reference "System.Runtime.Extensions, Version=8.0.0.0, Culture=neutral, PublicKeyToken=b03f5f7f11d50a3a".
             Resolved file path is "/usr/local/share/dotnet/packs/Microsoft.NETCore.App.Ref/8.0.14/ref/net8.0/System.Runtime.Extensions.dll".
             Reference found at search path location "{RawFileName}".
             This reference is not "CopyLocal" because at least one source item had "Private" set to "false" and no source items had "Private" set to "true".
             The ImageRuntimeVersion for this reference is "".
         Primary reference "System.Runtime.Handles, Version=8.0.0.0, Culture=neutral, PublicKeyToken=b03f5f7f11d50a3a".
             Resolved file path is "/usr/local/share/dotnet/packs/Microsoft.NETCore.App.Ref/8.0.14/ref/net8.0/System.Runtime.Handles.dll".
             Reference found at search path location "{RawFileName}".
             This reference is not "CopyLocal" because at least one source item had "Private" set to "false" and no source items had "Private" set to "true".
             The ImageRuntimeVersion for this reference is "".
         Primary reference "System.Runtime.InteropServices.JavaScript, Version=8.0.0.0, Culture=neutral, PublicKeyToken=b03f5f7f11d50a3a".
             Resolved file path is "/usr/local/share/dotnet/packs/Microsoft.NETCore.App.Ref/8.0.14/ref/net8.0/System.Runtime.InteropServices.JavaScript.dll".
             Reference found at search path location "{RawFileName}".
             This reference is not "CopyLocal" because at least one source item had "Private" set to "false" and no source items had "Private" set to "true".
             The ImageRuntimeVersion for this reference is "".
         Primary reference "System.Runtime.InteropServices.RuntimeInformation, Version=8.0.0.0, Culture=neutral, PublicKeyToken=b03f5f7f11d50a3a".
             Resolved file path is "/usr/local/share/dotnet/packs/Microsoft.NETCore.App.Ref/8.0.14/ref/net8.0/System.Runtime.InteropServices.RuntimeInformation.dll".
             Reference found at search path location "{RawFileName}".
             This reference is not "CopyLocal" because at least one source item had "Private" set to "false" and no source items had "Private" set to "true".
             The ImageRuntimeVersion for this reference is "".
         Primary reference "System.Runtime.InteropServices, Version=8.0.0.0, Culture=neutral, PublicKeyToken=b03f5f7f11d50a3a".
             Resolved file path is "/usr/local/share/dotnet/packs/Microsoft.NETCore.App.Ref/8.0.14/ref/net8.0/System.Runtime.InteropServices.dll".
             Reference found at search path location "{RawFileName}".
             This reference is not "CopyLocal" because at least one source item had "Private" set to "false" and no source items had "Private" set to "true".
             The ImageRuntimeVersion for this reference is "".
         Primary reference "System.Runtime.Intrinsics, Version=8.0.0.0, Culture=neutral, PublicKeyToken=cc7b13ffcd2ddd51".
             Resolved file path is "/usr/local/share/dotnet/packs/Microsoft.NETCore.App.Ref/8.0.14/ref/net8.0/System.Runtime.Intrinsics.dll".
             Reference found at search path location "{RawFileName}".
             This reference is not "CopyLocal" because at least one source item had "Private" set to "false" and no source items had "Private" set to "true".
             The ImageRuntimeVersion for this reference is "".
         Primary reference "System.Runtime.Loader, Version=8.0.0.0, Culture=neutral, PublicKeyToken=b03f5f7f11d50a3a".
             Resolved file path is "/usr/local/share/dotnet/packs/Microsoft.NETCore.App.Ref/8.0.14/ref/net8.0/System.Runtime.Loader.dll".
             Reference found at search path location "{RawFileName}".
             This reference is not "CopyLocal" because at least one source item had "Private" set to "false" and no source items had "Private" set to "true".
             The ImageRuntimeVersion for this reference is "".
         Primary reference "System.Runtime.Numerics, Version=8.0.0.0, Culture=neutral, PublicKeyToken=b03f5f7f11d50a3a".
             Resolved file path is "/usr/local/share/dotnet/packs/Microsoft.NETCore.App.Ref/8.0.14/ref/net8.0/System.Runtime.Numerics.dll".
             Reference found at search path location "{RawFileName}".
             This reference is not "CopyLocal" because at least one source item had "Private" set to "false" and no source items had "Private" set to "true".
             The ImageRuntimeVersion for this reference is "".
         Primary reference "System.Runtime.Serialization.Formatters, Version=8.0.0.0, Culture=neutral, PublicKeyToken=b03f5f7f11d50a3a".
             Resolved file path is "/usr/local/share/dotnet/packs/Microsoft.NETCore.App.Ref/8.0.14/ref/net8.0/System.Runtime.Serialization.Formatters.dll".
             Reference found at search path location "{RawFileName}".
             This reference is not "CopyLocal" because at least one source item had "Private" set to "false" and no source items had "Private" set to "true".
             The ImageRuntimeVersion for this reference is "".
         Primary reference "System.Runtime.Serialization.Json, Version=8.0.0.0, Culture=neutral, PublicKeyToken=b03f5f7f11d50a3a".
             Resolved file path is "/usr/local/share/dotnet/packs/Microsoft.NETCore.App.Ref/8.0.14/ref/net8.0/System.Runtime.Serialization.Json.dll".
             Reference found at search path location "{RawFileName}".
             This reference is not "CopyLocal" because at least one source item had "Private" set to "false" and no source items had "Private" set to "true".
             The ImageRuntimeVersion for this reference is "".
         Primary reference "System.Runtime.Serialization.Primitives, Version=8.0.0.0, Culture=neutral, PublicKeyToken=b03f5f7f11d50a3a".
             Resolved file path is "/usr/local/share/dotnet/packs/Microsoft.NETCore.App.Ref/8.0.14/ref/net8.0/System.Runtime.Serialization.Primitives.dll".
             Reference found at search path location "{RawFileName}".
             This reference is not "CopyLocal" because at least one source item had "Private" set to "false" and no source items had "Private" set to "true".
             The ImageRuntimeVersion for this reference is "".
         Primary reference "System.Runtime.Serialization.Xml, Version=8.0.0.0, Culture=neutral, PublicKeyToken=b03f5f7f11d50a3a".
             Resolved file path is "/usr/local/share/dotnet/packs/Microsoft.NETCore.App.Ref/8.0.14/ref/net8.0/System.Runtime.Serialization.Xml.dll".
             Reference found at search path location "{RawFileName}".
             This reference is not "CopyLocal" because at least one source item had "Private" set to "false" and no source items had "Private" set to "true".
             The ImageRuntimeVersion for this reference is "".
         Primary reference "System.Runtime.Serialization, Version=4.0.0.0, Culture=neutral, PublicKeyToken=b77a5c561934e089".
             Resolved file path is "/usr/local/share/dotnet/packs/Microsoft.NETCore.App.Ref/8.0.14/ref/net8.0/System.Runtime.Serialization.dll".
             Reference found at search path location "{RawFileName}".
             This reference is not "CopyLocal" because at least one source item had "Private" set to "false" and no source items had "Private" set to "true".
             The ImageRuntimeVersion for this reference is "".
         Primary reference "System.Runtime, Version=8.0.0.0, Culture=neutral, PublicKeyToken=b03f5f7f11d50a3a".
             Resolved file path is "/usr/local/share/dotnet/packs/Microsoft.NETCore.App.Ref/8.0.14/ref/net8.0/System.Runtime.dll".
             Reference found at search path location "{RawFileName}".
             This reference is not "CopyLocal" because at least one source item had "Private" set to "false" and no source items had "Private" set to "true".
             The ImageRuntimeVersion for this reference is "".
         Primary reference "System.Security.AccessControl, Version=8.0.0.0, Culture=neutral, PublicKeyToken=b03f5f7f11d50a3a".
             Resolved file path is "/usr/local/share/dotnet/packs/Microsoft.NETCore.App.Ref/8.0.14/ref/net8.0/System.Security.AccessControl.dll".
             Reference found at search path location "{RawFileName}".
             This reference is not "CopyLocal" because at least one source item had "Private" set to "false" and no source items had "Private" set to "true".
             The ImageRuntimeVersion for this reference is "".
         Primary reference "System.Security.Claims, Version=8.0.0.0, Culture=neutral, PublicKeyToken=b03f5f7f11d50a3a".
             Resolved file path is "/usr/local/share/dotnet/packs/Microsoft.NETCore.App.Ref/8.0.14/ref/net8.0/System.Security.Claims.dll".
             Reference found at search path location "{RawFileName}".
             This reference is not "CopyLocal" because at least one source item had "Private" set to "false" and no source items had "Private" set to "true".
             The ImageRuntimeVersion for this reference is "".
         Primary reference "System.Security.Cryptography.Algorithms, Version=8.0.0.0, Culture=neutral, PublicKeyToken=b03f5f7f11d50a3a".
             Resolved file path is "/usr/local/share/dotnet/packs/Microsoft.NETCore.App.Ref/8.0.14/ref/net8.0/System.Security.Cryptography.Algorithms.dll".
             Reference found at search path location "{RawFileName}".
             This reference is not "CopyLocal" because at least one source item had "Private" set to "false" and no source items had "Private" set to "true".
             The ImageRuntimeVersion for this reference is "".
         Primary reference "System.Security.Cryptography.Cng, Version=8.0.0.0, Culture=neutral, PublicKeyToken=b03f5f7f11d50a3a".
             Resolved file path is "/usr/local/share/dotnet/packs/Microsoft.NETCore.App.Ref/8.0.14/ref/net8.0/System.Security.Cryptography.Cng.dll".
             Reference found at search path location "{RawFileName}".
             This reference is not "CopyLocal" because at least one source item had "Private" set to "false" and no source items had "Private" set to "true".
             The ImageRuntimeVersion for this reference is "".
         Primary reference "System.Security.Cryptography.Csp, Version=8.0.0.0, Culture=neutral, PublicKeyToken=b03f5f7f11d50a3a".
             Resolved file path is "/usr/local/share/dotnet/packs/Microsoft.NETCore.App.Ref/8.0.14/ref/net8.0/System.Security.Cryptography.Csp.dll".
             Reference found at search path location "{RawFileName}".
             This reference is not "CopyLocal" because at least one source item had "Private" set to "false" and no source items had "Private" set to "true".
             The ImageRuntimeVersion for this reference is "".
         Primary reference "System.Security.Cryptography.Encoding, Version=8.0.0.0, Culture=neutral, PublicKeyToken=b03f5f7f11d50a3a".
             Resolved file path is "/usr/local/share/dotnet/packs/Microsoft.NETCore.App.Ref/8.0.14/ref/net8.0/System.Security.Cryptography.Encoding.dll".
             Reference found at search path location "{RawFileName}".
             This reference is not "CopyLocal" because at least one source item had "Private" set to "false" and no source items had "Private" set to "true".
             The ImageRuntimeVersion for this reference is "".
         Primary reference "System.Security.Cryptography.OpenSsl, Version=8.0.0.0, Culture=neutral, PublicKeyToken=b03f5f7f11d50a3a".
             Resolved file path is "/usr/local/share/dotnet/packs/Microsoft.NETCore.App.Ref/8.0.14/ref/net8.0/System.Security.Cryptography.OpenSsl.dll".
             Reference found at search path location "{RawFileName}".
             This reference is not "CopyLocal" because at least one source item had "Private" set to "false" and no source items had "Private" set to "true".
             The ImageRuntimeVersion for this reference is "".
         Primary reference "System.Security.Cryptography.Primitives, Version=8.0.0.0, Culture=neutral, PublicKeyToken=b03f5f7f11d50a3a".
             Resolved file path is "/usr/local/share/dotnet/packs/Microsoft.NETCore.App.Ref/8.0.14/ref/net8.0/System.Security.Cryptography.Primitives.dll".
             Reference found at search path location "{RawFileName}".
             This reference is not "CopyLocal" because at least one source item had "Private" set to "false" and no source items had "Private" set to "true".
             The ImageRuntimeVersion for this reference is "".
         Primary reference "System.Security.Cryptography.X509Certificates, Version=8.0.0.0, Culture=neutral, PublicKeyToken=b03f5f7f11d50a3a".
             Resolved file path is "/usr/local/share/dotnet/packs/Microsoft.NETCore.App.Ref/8.0.14/ref/net8.0/System.Security.Cryptography.X509Certificates.dll".
             Reference found at search path location "{RawFileName}".
             This reference is not "CopyLocal" because at least one source item had "Private" set to "false" and no source items had "Private" set to "true".
             The ImageRuntimeVersion for this reference is "".
         Primary reference "System.Security.Cryptography, Version=8.0.0.0, Culture=neutral, PublicKeyToken=b03f5f7f11d50a3a".
             Resolved file path is "/usr/local/share/dotnet/packs/Microsoft.NETCore.App.Ref/8.0.14/ref/net8.0/System.Security.Cryptography.dll".
             Reference found at search path location "{RawFileName}".
             This reference is not "CopyLocal" because at least one source item had "Private" set to "false" and no source items had "Private" set to "true".
             The ImageRuntimeVersion for this reference is "".
         Primary reference "System.Security.Principal.Windows, Version=8.0.0.0, Culture=neutral, PublicKeyToken=b03f5f7f11d50a3a".
             Resolved file path is "/usr/local/share/dotnet/packs/Microsoft.NETCore.App.Ref/8.0.14/ref/net8.0/System.Security.Principal.Windows.dll".
             Reference found at search path location "{RawFileName}".
             This reference is not "CopyLocal" because at least one source item had "Private" set to "false" and no source items had "Private" set to "true".
             The ImageRuntimeVersion for this reference is "".
         Primary reference "System.Security.Principal, Version=8.0.0.0, Culture=neutral, PublicKeyToken=b03f5f7f11d50a3a".
             Resolved file path is "/usr/local/share/dotnet/packs/Microsoft.NETCore.App.Ref/8.0.14/ref/net8.0/System.Security.Principal.dll".
             Reference found at search path location "{RawFileName}".
             This reference is not "CopyLocal" because at least one source item had "Private" set to "false" and no source items had "Private" set to "true".
             The ImageRuntimeVersion for this reference is "".
         Primary reference "System.Security.SecureString, Version=8.0.0.0, Culture=neutral, PublicKeyToken=b03f5f7f11d50a3a".
             Resolved file path is "/usr/local/share/dotnet/packs/Microsoft.NETCore.App.Ref/8.0.14/ref/net8.0/System.Security.SecureString.dll".
             Reference found at search path location "{RawFileName}".
             This reference is not "CopyLocal" because at least one source item had "Private" set to "false" and no source items had "Private" set to "true".
             The ImageRuntimeVersion for this reference is "".
         Primary reference "System.Security, Version=4.0.0.0, Culture=neutral, PublicKeyToken=b03f5f7f11d50a3a".
             Resolved file path is "/usr/local/share/dotnet/packs/Microsoft.NETCore.App.Ref/8.0.14/ref/net8.0/System.Security.dll".
             Reference found at search path location "{RawFileName}".
             This reference is not "CopyLocal" because at least one source item had "Private" set to "false" and no source items had "Private" set to "true".
             The ImageRuntimeVersion for this reference is "".
         Primary reference "System.ServiceModel.Web, Version=4.0.0.0, Culture=neutral, PublicKeyToken=31bf3856ad364e35".
             Resolved file path is "/usr/local/share/dotnet/packs/Microsoft.NETCore.App.Ref/8.0.14/ref/net8.0/System.ServiceModel.Web.dll".
             Reference found at search path location "{RawFileName}".
             This reference is not "CopyLocal" because at least one source item had "Private" set to "false" and no source items had "Private" set to "true".
             The ImageRuntimeVersion for this reference is "".
         Primary reference "System.ServiceProcess, Version=4.0.0.0, Culture=neutral, PublicKeyToken=b03f5f7f11d50a3a".
             Resolved file path is "/usr/local/share/dotnet/packs/Microsoft.NETCore.App.Ref/8.0.14/ref/net8.0/System.ServiceProcess.dll".
             Reference found at search path location "{RawFileName}".
             This reference is not "CopyLocal" because at least one source item had "Private" set to "false" and no source items had "Private" set to "true".
             The ImageRuntimeVersion for this reference is "".
         Primary reference "System.Text.Encoding.CodePages, Version=8.0.0.0, Culture=neutral, PublicKeyToken=b03f5f7f11d50a3a".
             Resolved file path is "/usr/local/share/dotnet/packs/Microsoft.NETCore.App.Ref/8.0.14/ref/net8.0/System.Text.Encoding.CodePages.dll".
             Reference found at search path location "{RawFileName}".
             This reference is not "CopyLocal" because at least one source item had "Private" set to "false" and no source items had "Private" set to "true".
             The ImageRuntimeVersion for this reference is "".
         Primary reference "System.Text.Encoding.Extensions, Version=8.0.0.0, Culture=neutral, PublicKeyToken=b03f5f7f11d50a3a".
             Resolved file path is "/usr/local/share/dotnet/packs/Microsoft.NETCore.App.Ref/8.0.14/ref/net8.0/System.Text.Encoding.Extensions.dll".
             Reference found at search path location "{RawFileName}".
             This reference is not "CopyLocal" because at least one source item had "Private" set to "false" and no source items had "Private" set to "true".
             The ImageRuntimeVersion for this reference is "".
         Primary reference "System.Text.Encoding, Version=8.0.0.0, Culture=neutral, PublicKeyToken=b03f5f7f11d50a3a".
             Resolved file path is "/usr/local/share/dotnet/packs/Microsoft.NETCore.App.Ref/8.0.14/ref/net8.0/System.Text.Encoding.dll".
             Reference found at search path location "{RawFileName}".
             This reference is not "CopyLocal" because at least one source item had "Private" set to "false" and no source items had "Private" set to "true".
             The ImageRuntimeVersion for this reference is "".
         Primary reference "System.Text.Encodings.Web, Version=8.0.0.0, Culture=neutral, PublicKeyToken=cc7b13ffcd2ddd51".
             Resolved file path is "/usr/local/share/dotnet/packs/Microsoft.NETCore.App.Ref/8.0.14/ref/net8.0/System.Text.Encodings.Web.dll".
             Reference found at search path location "{RawFileName}".
             This reference is not "CopyLocal" because at least one source item had "Private" set to "false" and no source items had "Private" set to "true".
             The ImageRuntimeVersion for this reference is "".
         Primary reference "System.Text.Json, Version=8.0.0.0, Culture=neutral, PublicKeyToken=cc7b13ffcd2ddd51".
             Resolved file path is "/usr/local/share/dotnet/packs/Microsoft.NETCore.App.Ref/8.0.14/ref/net8.0/System.Text.Json.dll".
             Reference found at search path location "{RawFileName}".
             This reference is not "CopyLocal" because at least one source item had "Private" set to "false" and no source items had "Private" set to "true".
             The ImageRuntimeVersion for this reference is "".
         Primary reference "System.Text.RegularExpressions, Version=8.0.0.0, Culture=neutral, PublicKeyToken=b03f5f7f11d50a3a".
             Resolved file path is "/usr/local/share/dotnet/packs/Microsoft.NETCore.App.Ref/8.0.14/ref/net8.0/System.Text.RegularExpressions.dll".
             Reference found at search path location "{RawFileName}".
             This reference is not "CopyLocal" because at least one source item had "Private" set to "false" and no source items had "Private" set to "true".
             The ImageRuntimeVersion for this reference is "".
         Primary reference "System.Threading.Channels, Version=8.0.0.0, Culture=neutral, PublicKeyToken=cc7b13ffcd2ddd51".
             Resolved file path is "/usr/local/share/dotnet/packs/Microsoft.NETCore.App.Ref/8.0.14/ref/net8.0/System.Threading.Channels.dll".
             Reference found at search path location "{RawFileName}".
             This reference is not "CopyLocal" because at least one source item had "Private" set to "false" and no source items had "Private" set to "true".
             The ImageRuntimeVersion for this reference is "".
         Primary reference "System.Threading.Overlapped, Version=8.0.0.0, Culture=neutral, PublicKeyToken=b03f5f7f11d50a3a".
             Resolved file path is "/usr/local/share/dotnet/packs/Microsoft.NETCore.App.Ref/8.0.14/ref/net8.0/System.Threading.Overlapped.dll".
             Reference found at search path location "{RawFileName}".
             This reference is not "CopyLocal" because at least one source item had "Private" set to "false" and no source items had "Private" set to "true".
             The ImageRuntimeVersion for this reference is "".
         Primary reference "System.Threading.Tasks.Dataflow, Version=8.0.0.0, Culture=neutral, PublicKeyToken=b03f5f7f11d50a3a".
             Resolved file path is "/usr/local/share/dotnet/packs/Microsoft.NETCore.App.Ref/8.0.14/ref/net8.0/System.Threading.Tasks.Dataflow.dll".
             Reference found at search path location "{RawFileName}".
             This reference is not "CopyLocal" because at least one source item had "Private" set to "false" and no source items had "Private" set to "true".
             The ImageRuntimeVersion for this reference is "".
         Primary reference "System.Threading.Tasks.Extensions, Version=8.0.0.0, Culture=neutral, PublicKeyToken=cc7b13ffcd2ddd51".
             Resolved file path is "/usr/local/share/dotnet/packs/Microsoft.NETCore.App.Ref/8.0.14/ref/net8.0/System.Threading.Tasks.Extensions.dll".
             Reference found at search path location "{RawFileName}".
             This reference is not "CopyLocal" because at least one source item had "Private" set to "false" and no source items had "Private" set to "true".
             The ImageRuntimeVersion for this reference is "".
         Primary reference "System.Threading.Tasks.Parallel, Version=8.0.0.0, Culture=neutral, PublicKeyToken=b03f5f7f11d50a3a".
             Resolved file path is "/usr/local/share/dotnet/packs/Microsoft.NETCore.App.Ref/8.0.14/ref/net8.0/System.Threading.Tasks.Parallel.dll".
             Reference found at search path location "{RawFileName}".
             This reference is not "CopyLocal" because at least one source item had "Private" set to "false" and no source items had "Private" set to "true".
             The ImageRuntimeVersion for this reference is "".
         Primary reference "System.Threading.Tasks, Version=8.0.0.0, Culture=neutral, PublicKeyToken=b03f5f7f11d50a3a".
             Resolved file path is "/usr/local/share/dotnet/packs/Microsoft.NETCore.App.Ref/8.0.14/ref/net8.0/System.Threading.Tasks.dll".
             Reference found at search path location "{RawFileName}".
             This reference is not "CopyLocal" because at least one source item had "Private" set to "false" and no source items had "Private" set to "true".
             The ImageRuntimeVersion for this reference is "".
         Primary reference "System.Threading.Thread, Version=8.0.0.0, Culture=neutral, PublicKeyToken=b03f5f7f11d50a3a".
             Resolved file path is "/usr/local/share/dotnet/packs/Microsoft.NETCore.App.Ref/8.0.14/ref/net8.0/System.Threading.Thread.dll".
             Reference found at search path location "{RawFileName}".
             This reference is not "CopyLocal" because at least one source item had "Private" set to "false" and no source items had "Private" set to "true".
             The ImageRuntimeVersion for this reference is "".
         Primary reference "System.Threading.ThreadPool, Version=8.0.0.0, Culture=neutral, PublicKeyToken=b03f5f7f11d50a3a".
             Resolved file path is "/usr/local/share/dotnet/packs/Microsoft.NETCore.App.Ref/8.0.14/ref/net8.0/System.Threading.ThreadPool.dll".
             Reference found at search path location "{RawFileName}".
             This reference is not "CopyLocal" because at least one source item had "Private" set to "false" and no source items had "Private" set to "true".
             The ImageRuntimeVersion for this reference is "".
         Primary reference "System.Threading.Timer, Version=8.0.0.0, Culture=neutral, PublicKeyToken=b03f5f7f11d50a3a".
             Resolved file path is "/usr/local/share/dotnet/packs/Microsoft.NETCore.App.Ref/8.0.14/ref/net8.0/System.Threading.Timer.dll".
             Reference found at search path location "{RawFileName}".
             This reference is not "CopyLocal" because at least one source item had "Private" set to "false" and no source items had "Private" set to "true".
             The ImageRuntimeVersion for this reference is "".
         Primary reference "System.Threading, Version=8.0.0.0, Culture=neutral, PublicKeyToken=b03f5f7f11d50a3a".
             Resolved file path is "/usr/local/share/dotnet/packs/Microsoft.NETCore.App.Ref/8.0.14/ref/net8.0/System.Threading.dll".
             Reference found at search path location "{RawFileName}".
             This reference is not "CopyLocal" because at least one source item had "Private" set to "false" and no source items had "Private" set to "true".
             The ImageRuntimeVersion for this reference is "".
         Primary reference "System.Transactions.Local, Version=8.0.0.0, Culture=neutral, PublicKeyToken=cc7b13ffcd2ddd51".
             Resolved file path is "/usr/local/share/dotnet/packs/Microsoft.NETCore.App.Ref/8.0.14/ref/net8.0/System.Transactions.Local.dll".
             Reference found at search path location "{RawFileName}".
             This reference is not "CopyLocal" because at least one source item had "Private" set to "false" and no source items had "Private" set to "true".
             The ImageRuntimeVersion for this reference is "".
         Primary reference "System.Transactions, Version=4.0.0.0, Culture=neutral, PublicKeyToken=b77a5c561934e089".
             Resolved file path is "/usr/local/share/dotnet/packs/Microsoft.NETCore.App.Ref/8.0.14/ref/net8.0/System.Transactions.dll".
             Reference found at search path location "{RawFileName}".
             This reference is not "CopyLocal" because at least one source item had "Private" set to "false" and no source items had "Private" set to "true".
             The ImageRuntimeVersion for this reference is "".
         Primary reference "System.ValueTuple, Version=8.0.0.0, Culture=neutral, PublicKeyToken=cc7b13ffcd2ddd51".
             Resolved file path is "/usr/local/share/dotnet/packs/Microsoft.NETCore.App.Ref/8.0.14/ref/net8.0/System.ValueTuple.dll".
             Reference found at search path location "{RawFileName}".
             This reference is not "CopyLocal" because at least one source item had "Private" set to "false" and no source items had "Private" set to "true".
             The ImageRuntimeVersion for this reference is "".
         Primary reference "System.Web.HttpUtility, Version=8.0.0.0, Culture=neutral, PublicKeyToken=cc7b13ffcd2ddd51".
             Resolved file path is "/usr/local/share/dotnet/packs/Microsoft.NETCore.App.Ref/8.0.14/ref/net8.0/System.Web.HttpUtility.dll".
             Reference found at search path location "{RawFileName}".
             This reference is not "CopyLocal" because at least one source item had "Private" set to "false" and no source items had "Private" set to "true".
             The ImageRuntimeVersion for this reference is "".
         Primary reference "System.Web, Version=4.0.0.0, Culture=neutral, PublicKeyToken=b03f5f7f11d50a3a".
             Resolved file path is "/usr/local/share/dotnet/packs/Microsoft.NETCore.App.Ref/8.0.14/ref/net8.0/System.Web.dll".
             Reference found at search path location "{RawFileName}".
             This reference is not "CopyLocal" because at least one source item had "Private" set to "false" and no source items had "Private" set to "true".
             The ImageRuntimeVersion for this reference is "".
         Primary reference "System.Windows, Version=4.0.0.0, Culture=neutral, PublicKeyToken=b03f5f7f11d50a3a".
             Resolved file path is "/usr/local/share/dotnet/packs/Microsoft.NETCore.App.Ref/8.0.14/ref/net8.0/System.Windows.dll".
             Reference found at search path location "{RawFileName}".
             This reference is not "CopyLocal" because at least one source item had "Private" set to "false" and no source items had "Private" set to "true".
             The ImageRuntimeVersion for this reference is "".
         Primary reference "System.Xml.Linq, Version=4.0.0.0, Culture=neutral, PublicKeyToken=b77a5c561934e089".
             Resolved file path is "/usr/local/share/dotnet/packs/Microsoft.NETCore.App.Ref/8.0.14/ref/net8.0/System.Xml.Linq.dll".
             Reference found at search path location "{RawFileName}".
             This reference is not "CopyLocal" because at least one source item had "Private" set to "false" and no source items had "Private" set to "true".
             The ImageRuntimeVersion for this reference is "".
         Primary reference "System.Xml.ReaderWriter, Version=8.0.0.0, Culture=neutral, PublicKeyToken=b03f5f7f11d50a3a".
             Resolved file path is "/usr/local/share/dotnet/packs/Microsoft.NETCore.App.Ref/8.0.14/ref/net8.0/System.Xml.ReaderWriter.dll".
             Reference found at search path location "{RawFileName}".
             This reference is not "CopyLocal" because at least one source item had "Private" set to "false" and no source items had "Private" set to "true".
             The ImageRuntimeVersion for this reference is "".
         Primary reference "System.Xml.Serialization, Version=4.0.0.0, Culture=neutral, PublicKeyToken=b77a5c561934e089".
             Resolved file path is "/usr/local/share/dotnet/packs/Microsoft.NETCore.App.Ref/8.0.14/ref/net8.0/System.Xml.Serialization.dll".
             Reference found at search path location "{RawFileName}".
             This reference is not "CopyLocal" because at least one source item had "Private" set to "false" and no source items had "Private" set to "true".
             The ImageRuntimeVersion for this reference is "".
         Primary reference "System.Xml.XDocument, Version=8.0.0.0, Culture=neutral, PublicKeyToken=b03f5f7f11d50a3a".
             Resolved file path is "/usr/local/share/dotnet/packs/Microsoft.NETCore.App.Ref/8.0.14/ref/net8.0/System.Xml.XDocument.dll".
             Reference found at search path location "{RawFileName}".
             This reference is not "CopyLocal" because at least one source item had "Private" set to "false" and no source items had "Private" set to "true".
             The ImageRuntimeVersion for this reference is "".
         Primary reference "System.Xml.XPath.XDocument, Version=8.0.0.0, Culture=neutral, PublicKeyToken=b03f5f7f11d50a3a".
             Resolved file path is "/usr/local/share/dotnet/packs/Microsoft.NETCore.App.Ref/8.0.14/ref/net8.0/System.Xml.XPath.XDocument.dll".
             Reference found at search path location "{RawFileName}".
             This reference is not "CopyLocal" because at least one source item had "Private" set to "false" and no source items had "Private" set to "true".
             The ImageRuntimeVersion for this reference is "".
         Primary reference "System.Xml.XPath, Version=8.0.0.0, Culture=neutral, PublicKeyToken=b03f5f7f11d50a3a".
             Resolved file path is "/usr/local/share/dotnet/packs/Microsoft.NETCore.App.Ref/8.0.14/ref/net8.0/System.Xml.XPath.dll".
             Reference found at search path location "{RawFileName}".
             This reference is not "CopyLocal" because at least one source item had "Private" set to "false" and no source items had "Private" set to "true".
             The ImageRuntimeVersion for this reference is "".
         Primary reference "System.Xml.XmlDocument, Version=8.0.0.0, Culture=neutral, PublicKeyToken=b03f5f7f11d50a3a".
             Resolved file path is "/usr/local/share/dotnet/packs/Microsoft.NETCore.App.Ref/8.0.14/ref/net8.0/System.Xml.XmlDocument.dll".
             Reference found at search path location "{RawFileName}".
             This reference is not "CopyLocal" because at least one source item had "Private" set to "false" and no source items had "Private" set to "true".
             The ImageRuntimeVersion for this reference is "".
         Primary reference "System.Xml.XmlSerializer, Version=8.0.0.0, Culture=neutral, PublicKeyToken=b03f5f7f11d50a3a".
             Resolved file path is "/usr/local/share/dotnet/packs/Microsoft.NETCore.App.Ref/8.0.14/ref/net8.0/System.Xml.XmlSerializer.dll".
             Reference found at search path location "{RawFileName}".
             This reference is not "CopyLocal" because at least one source item had "Private" set to "false" and no source items had "Private" set to "true".
             The ImageRuntimeVersion for this reference is "".
         Primary reference "System.Xml, Version=4.0.0.0, Culture=neutral, PublicKeyToken=b77a5c561934e089".
             Resolved file path is "/usr/local/share/dotnet/packs/Microsoft.NETCore.App.Ref/8.0.14/ref/net8.0/System.Xml.dll".
             Reference found at search path location "{RawFileName}".
             This reference is not "CopyLocal" because at least one source item had "Private" set to "false" and no source items had "Private" set to "true".
             The ImageRuntimeVersion for this reference is "".
         Primary reference "System, Version=4.0.0.0, Culture=neutral, PublicKeyToken=b77a5c561934e089".
             Resolved file path is "/usr/local/share/dotnet/packs/Microsoft.NETCore.App.Ref/8.0.14/ref/net8.0/System.dll".
             Reference found at search path location "{RawFileName}".
             This reference is not "CopyLocal" because at least one source item had "Private" set to "false" and no source items had "Private" set to "true".
             The ImageRuntimeVersion for this reference is "".
         Primary reference "WindowsBase, Version=4.0.0.0, Culture=neutral, PublicKeyToken=31bf3856ad364e35".
             Resolved file path is "/usr/local/share/dotnet/packs/Microsoft.NETCore.App.Ref/8.0.14/ref/net8.0/WindowsBase.dll".
             Reference found at search path location "{RawFileName}".
             This reference is not "CopyLocal" because at least one source item had "Private" set to "false" and no source items had "Private" set to "true".
             The ImageRuntimeVersion for this reference is "".
         Primary reference "mscorlib, Version=4.0.0.0, Culture=neutral, PublicKeyToken=b77a5c561934e089".
             Resolved file path is "/usr/local/share/dotnet/packs/Microsoft.NETCore.App.Ref/8.0.14/ref/net8.0/mscorlib.dll".
             Reference found at search path location "{RawFileName}".
             This reference is not "CopyLocal" because at least one source item had "Private" set to "false" and no source items had "Private" set to "true".
             The ImageRuntimeVersion for this reference is "".
         Primary reference "netstandard, Version=2.1.0.0, Culture=neutral, PublicKeyToken=cc7b13ffcd2ddd51".
             Resolved file path is "/usr/local/share/dotnet/packs/Microsoft.NETCore.App.Ref/8.0.14/ref/net8.0/netstandard.dll".
             Reference found at search path location "{RawFileName}".
             This reference is not "CopyLocal" because at least one source item had "Private" set to "false" and no source items had "Private" set to "true".
             The ImageRuntimeVersion for this reference is "".
         Primary reference "Microsoft.AspNetCore.Antiforgery, Version=8.0.0.0, Culture=neutral, PublicKeyToken=adb9793829ddae60".
             Resolved file path is "/usr/local/share/dotnet/packs/Microsoft.AspNetCore.App.Ref/8.0.14/ref/net8.0/Microsoft.AspNetCore.Antiforgery.dll".
             Reference found at search path location "{RawFileName}".
             This reference is not "CopyLocal" because at least one source item had "Private" set to "false" and no source items had "Private" set to "true".
             The ImageRuntimeVersion for this reference is "".
         Primary reference "Microsoft.AspNetCore.Authentication.Abstractions, Version=8.0.0.0, Culture=neutral, PublicKeyToken=adb9793829ddae60".
             Resolved file path is "/usr/local/share/dotnet/packs/Microsoft.AspNetCore.App.Ref/8.0.14/ref/net8.0/Microsoft.AspNetCore.Authentication.Abstractions.dll".
             Reference found at search path location "{RawFileName}".
             This reference is not "CopyLocal" because at least one source item had "Private" set to "false" and no source items had "Private" set to "true".
             The ImageRuntimeVersion for this reference is "".
         Primary reference "Microsoft.AspNetCore.Authentication.BearerToken, Version=8.0.0.0, Culture=neutral, PublicKeyToken=adb9793829ddae60".
             Resolved file path is "/usr/local/share/dotnet/packs/Microsoft.AspNetCore.App.Ref/8.0.14/ref/net8.0/Microsoft.AspNetCore.Authentication.BearerToken.dll".
             Reference found at search path location "{RawFileName}".
             This reference is not "CopyLocal" because at least one source item had "Private" set to "false" and no source items had "Private" set to "true".
             The ImageRuntimeVersion for this reference is "".
         Primary reference "Microsoft.AspNetCore.Authentication.Cookies, Version=8.0.0.0, Culture=neutral, PublicKeyToken=adb9793829ddae60".
             Resolved file path is "/usr/local/share/dotnet/packs/Microsoft.AspNetCore.App.Ref/8.0.14/ref/net8.0/Microsoft.AspNetCore.Authentication.Cookies.dll".
             Reference found at search path location "{RawFileName}".
             This reference is not "CopyLocal" because at least one source item had "Private" set to "false" and no source items had "Private" set to "true".
             The ImageRuntimeVersion for this reference is "".
         Primary reference "Microsoft.AspNetCore.Authentication.Core, Version=8.0.0.0, Culture=neutral, PublicKeyToken=adb9793829ddae60".
             Resolved file path is "/usr/local/share/dotnet/packs/Microsoft.AspNetCore.App.Ref/8.0.14/ref/net8.0/Microsoft.AspNetCore.Authentication.Core.dll".
             Reference found at search path location "{RawFileName}".
             This reference is not "CopyLocal" because at least one source item had "Private" set to "false" and no source items had "Private" set to "true".
             The ImageRuntimeVersion for this reference is "".
         Primary reference "Microsoft.AspNetCore.Authentication.OAuth, Version=8.0.0.0, Culture=neutral, PublicKeyToken=adb9793829ddae60".
             Resolved file path is "/usr/local/share/dotnet/packs/Microsoft.AspNetCore.App.Ref/8.0.14/ref/net8.0/Microsoft.AspNetCore.Authentication.OAuth.dll".
             Reference found at search path location "{RawFileName}".
             This reference is not "CopyLocal" because at least one source item had "Private" set to "false" and no source items had "Private" set to "true".
             The ImageRuntimeVersion for this reference is "".
         Primary reference "Microsoft.AspNetCore.Authentication, Version=8.0.0.0, Culture=neutral, PublicKeyToken=adb9793829ddae60".
             Resolved file path is "/usr/local/share/dotnet/packs/Microsoft.AspNetCore.App.Ref/8.0.14/ref/net8.0/Microsoft.AspNetCore.Authentication.dll".
             Reference found at search path location "{RawFileName}".
             This reference is not "CopyLocal" because at least one source item had "Private" set to "false" and no source items had "Private" set to "true".
             The ImageRuntimeVersion for this reference is "".
         Primary reference "Microsoft.AspNetCore.Authorization.Policy, Version=8.0.0.0, Culture=neutral, PublicKeyToken=adb9793829ddae60".
             Resolved file path is "/usr/local/share/dotnet/packs/Microsoft.AspNetCore.App.Ref/8.0.14/ref/net8.0/Microsoft.AspNetCore.Authorization.Policy.dll".
             Reference found at search path location "{RawFileName}".
             This reference is not "CopyLocal" because at least one source item had "Private" set to "false" and no source items had "Private" set to "true".
             The ImageRuntimeVersion for this reference is "".
         Primary reference "Microsoft.AspNetCore.Authorization, Version=8.0.0.0, Culture=neutral, PublicKeyToken=adb9793829ddae60".
             Resolved file path is "/usr/local/share/dotnet/packs/Microsoft.AspNetCore.App.Ref/8.0.14/ref/net8.0/Microsoft.AspNetCore.Authorization.dll".
             Reference found at search path location "{RawFileName}".
             This reference is not "CopyLocal" because at least one source item had "Private" set to "false" and no source items had "Private" set to "true".
             The ImageRuntimeVersion for this reference is "".
         Primary reference "Microsoft.AspNetCore.Components.Authorization, Version=8.0.0.0, Culture=neutral, PublicKeyToken=adb9793829ddae60".
             Resolved file path is "/usr/local/share/dotnet/packs/Microsoft.AspNetCore.App.Ref/8.0.14/ref/net8.0/Microsoft.AspNetCore.Components.Authorization.dll".
             Reference found at search path location "{RawFileName}".
             This reference is not "CopyLocal" because at least one source item had "Private" set to "false" and no source items had "Private" set to "true".
             The ImageRuntimeVersion for this reference is "".
         Primary reference "Microsoft.AspNetCore.Components.Endpoints, Version=8.0.0.0, Culture=neutral, PublicKeyToken=adb9793829ddae60".
             Resolved file path is "/usr/local/share/dotnet/packs/Microsoft.AspNetCore.App.Ref/8.0.14/ref/net8.0/Microsoft.AspNetCore.Components.Endpoints.dll".
             Reference found at search path location "{RawFileName}".
             This reference is not "CopyLocal" because at least one source item had "Private" set to "false" and no source items had "Private" set to "true".
             The ImageRuntimeVersion for this reference is "".
         Primary reference "Microsoft.AspNetCore.Components.Forms, Version=8.0.0.0, Culture=neutral, PublicKeyToken=adb9793829ddae60".
             Resolved file path is "/usr/local/share/dotnet/packs/Microsoft.AspNetCore.App.Ref/8.0.14/ref/net8.0/Microsoft.AspNetCore.Components.Forms.dll".
             Reference found at search path location "{RawFileName}".
             This reference is not "CopyLocal" because at least one source item had "Private" set to "false" and no source items had "Private" set to "true".
             The ImageRuntimeVersion for this reference is "".
         Primary reference "Microsoft.AspNetCore.Components.Server, Version=8.0.0.0, Culture=neutral, PublicKeyToken=adb9793829ddae60".
             Resolved file path is "/usr/local/share/dotnet/packs/Microsoft.AspNetCore.App.Ref/8.0.14/ref/net8.0/Microsoft.AspNetCore.Components.Server.dll".
             Reference found at search path location "{RawFileName}".
             This reference is not "CopyLocal" because at least one source item had "Private" set to "false" and no source items had "Private" set to "true".
             The ImageRuntimeVersion for this reference is "".
         Primary reference "Microsoft.AspNetCore.Components.Web, Version=8.0.0.0, Culture=neutral, PublicKeyToken=adb9793829ddae60".
             Resolved file path is "/usr/local/share/dotnet/packs/Microsoft.AspNetCore.App.Ref/8.0.14/ref/net8.0/Microsoft.AspNetCore.Components.Web.dll".
             Reference found at search path location "{RawFileName}".
             This reference is not "CopyLocal" because at least one source item had "Private" set to "false" and no source items had "Private" set to "true".
             The ImageRuntimeVersion for this reference is "".
         Primary reference "Microsoft.AspNetCore.Components, Version=8.0.0.0, Culture=neutral, PublicKeyToken=adb9793829ddae60".
             Resolved file path is "/usr/local/share/dotnet/packs/Microsoft.AspNetCore.App.Ref/8.0.14/ref/net8.0/Microsoft.AspNetCore.Components.dll".
             Reference found at search path location "{RawFileName}".
             This reference is not "CopyLocal" because at least one source item had "Private" set to "false" and no source items had "Private" set to "true".
             The ImageRuntimeVersion for this reference is "".
         Primary reference "Microsoft.AspNetCore.Connections.Abstractions, Version=8.0.0.0, Culture=neutral, PublicKeyToken=adb9793829ddae60".
             Resolved file path is "/usr/local/share/dotnet/packs/Microsoft.AspNetCore.App.Ref/8.0.14/ref/net8.0/Microsoft.AspNetCore.Connections.Abstractions.dll".
             Reference found at search path location "{RawFileName}".
             This reference is not "CopyLocal" because at least one source item had "Private" set to "false" and no source items had "Private" set to "true".
             The ImageRuntimeVersion for this reference is "".
         Primary reference "Microsoft.AspNetCore.CookiePolicy, Version=8.0.0.0, Culture=neutral, PublicKeyToken=adb9793829ddae60".
             Resolved file path is "/usr/local/share/dotnet/packs/Microsoft.AspNetCore.App.Ref/8.0.14/ref/net8.0/Microsoft.AspNetCore.CookiePolicy.dll".
             Reference found at search path location "{RawFileName}".
             This reference is not "CopyLocal" because at least one source item had "Private" set to "false" and no source items had "Private" set to "true".
             The ImageRuntimeVersion for this reference is "".
         Primary reference "Microsoft.AspNetCore.Cors, Version=8.0.0.0, Culture=neutral, PublicKeyToken=adb9793829ddae60".
             Resolved file path is "/usr/local/share/dotnet/packs/Microsoft.AspNetCore.App.Ref/8.0.14/ref/net8.0/Microsoft.AspNetCore.Cors.dll".
             Reference found at search path location "{RawFileName}".
             This reference is not "CopyLocal" because at least one source item had "Private" set to "false" and no source items had "Private" set to "true".
             The ImageRuntimeVersion for this reference is "".
         Primary reference "Microsoft.AspNetCore.Cryptography.Internal, Version=8.0.0.0, Culture=neutral, PublicKeyToken=adb9793829ddae60".
             Resolved file path is "/usr/local/share/dotnet/packs/Microsoft.AspNetCore.App.Ref/8.0.14/ref/net8.0/Microsoft.AspNetCore.Cryptography.Internal.dll".
             Reference found at search path location "{RawFileName}".
             This reference is not "CopyLocal" because at least one source item had "Private" set to "false" and no source items had "Private" set to "true".
             The ImageRuntimeVersion for this reference is "".
         Primary reference "Microsoft.AspNetCore.Cryptography.KeyDerivation, Version=8.0.0.0, Culture=neutral, PublicKeyToken=adb9793829ddae60".
             Resolved file path is "/usr/local/share/dotnet/packs/Microsoft.AspNetCore.App.Ref/8.0.14/ref/net8.0/Microsoft.AspNetCore.Cryptography.KeyDerivation.dll".
             Reference found at search path location "{RawFileName}".
             This reference is not "CopyLocal" because at least one source item had "Private" set to "false" and no source items had "Private" set to "true".
             The ImageRuntimeVersion for this reference is "".
         Primary reference "Microsoft.AspNetCore.DataProtection.Abstractions, Version=8.0.0.0, Culture=neutral, PublicKeyToken=adb9793829ddae60".
             Resolved file path is "/usr/local/share/dotnet/packs/Microsoft.AspNetCore.App.Ref/8.0.14/ref/net8.0/Microsoft.AspNetCore.DataProtection.Abstractions.dll".
             Reference found at search path location "{RawFileName}".
             This reference is not "CopyLocal" because at least one source item had "Private" set to "false" and no source items had "Private" set to "true".
             The ImageRuntimeVersion for this reference is "".
         Primary reference "Microsoft.AspNetCore.DataProtection.Extensions, Version=8.0.0.0, Culture=neutral, PublicKeyToken=adb9793829ddae60".
             Resolved file path is "/usr/local/share/dotnet/packs/Microsoft.AspNetCore.App.Ref/8.0.14/ref/net8.0/Microsoft.AspNetCore.DataProtection.Extensions.dll".
             Reference found at search path location "{RawFileName}".
             This reference is not "CopyLocal" because at least one source item had "Private" set to "false" and no source items had "Private" set to "true".
             The ImageRuntimeVersion for this reference is "".
         Primary reference "Microsoft.AspNetCore.DataProtection, Version=8.0.0.0, Culture=neutral, PublicKeyToken=adb9793829ddae60".
             Resolved file path is "/usr/local/share/dotnet/packs/Microsoft.AspNetCore.App.Ref/8.0.14/ref/net8.0/Microsoft.AspNetCore.DataProtection.dll".
             Reference found at search path location "{RawFileName}".
             This reference is not "CopyLocal" because at least one source item had "Private" set to "false" and no source items had "Private" set to "true".
             The ImageRuntimeVersion for this reference is "".
         Primary reference "Microsoft.AspNetCore.Diagnostics.Abstractions, Version=8.0.0.0, Culture=neutral, PublicKeyToken=adb9793829ddae60".
             Resolved file path is "/usr/local/share/dotnet/packs/Microsoft.AspNetCore.App.Ref/8.0.14/ref/net8.0/Microsoft.AspNetCore.Diagnostics.Abstractions.dll".
             Reference found at search path location "{RawFileName}".
             This reference is not "CopyLocal" because at least one source item had "Private" set to "false" and no source items had "Private" set to "true".
             The ImageRuntimeVersion for this reference is "".
         Primary reference "Microsoft.AspNetCore.Diagnostics.HealthChecks, Version=8.0.0.0, Culture=neutral, PublicKeyToken=adb9793829ddae60".
             Resolved file path is "/usr/local/share/dotnet/packs/Microsoft.AspNetCore.App.Ref/8.0.14/ref/net8.0/Microsoft.AspNetCore.Diagnostics.HealthChecks.dll".
             Reference found at search path location "{RawFileName}".
             This reference is not "CopyLocal" because at least one source item had "Private" set to "false" and no source items had "Private" set to "true".
             The ImageRuntimeVersion for this reference is "".
         Primary reference "Microsoft.AspNetCore.Diagnostics, Version=8.0.0.0, Culture=neutral, PublicKeyToken=adb9793829ddae60".
             Resolved file path is "/usr/local/share/dotnet/packs/Microsoft.AspNetCore.App.Ref/8.0.14/ref/net8.0/Microsoft.AspNetCore.Diagnostics.dll".
             Reference found at search path location "{RawFileName}".
             This reference is not "CopyLocal" because at least one source item had "Private" set to "false" and no source items had "Private" set to "true".
             The ImageRuntimeVersion for this reference is "".
         Primary reference "Microsoft.AspNetCore.HostFiltering, Version=8.0.0.0, Culture=neutral, PublicKeyToken=adb9793829ddae60".
             Resolved file path is "/usr/local/share/dotnet/packs/Microsoft.AspNetCore.App.Ref/8.0.14/ref/net8.0/Microsoft.AspNetCore.HostFiltering.dll".
             Reference found at search path location "{RawFileName}".
             This reference is not "CopyLocal" because at least one source item had "Private" set to "false" and no source items had "Private" set to "true".
             The ImageRuntimeVersion for this reference is "".
         Primary reference "Microsoft.AspNetCore.Hosting.Abstractions, Version=8.0.0.0, Culture=neutral, PublicKeyToken=adb9793829ddae60".
             Resolved file path is "/usr/local/share/dotnet/packs/Microsoft.AspNetCore.App.Ref/8.0.14/ref/net8.0/Microsoft.AspNetCore.Hosting.Abstractions.dll".
             Reference found at search path location "{RawFileName}".
             This reference is not "CopyLocal" because at least one source item had "Private" set to "false" and no source items had "Private" set to "true".
             The ImageRuntimeVersion for this reference is "".
         Primary reference "Microsoft.AspNetCore.Hosting.Server.Abstractions, Version=8.0.0.0, Culture=neutral, PublicKeyToken=adb9793829ddae60".
             Resolved file path is "/usr/local/share/dotnet/packs/Microsoft.AspNetCore.App.Ref/8.0.14/ref/net8.0/Microsoft.AspNetCore.Hosting.Server.Abstractions.dll".
             Reference found at search path location "{RawFileName}".
             This reference is not "CopyLocal" because at least one source item had "Private" set to "false" and no source items had "Private" set to "true".
             The ImageRuntimeVersion for this reference is "".
         Primary reference "Microsoft.AspNetCore.Hosting, Version=8.0.0.0, Culture=neutral, PublicKeyToken=adb9793829ddae60".
             Resolved file path is "/usr/local/share/dotnet/packs/Microsoft.AspNetCore.App.Ref/8.0.14/ref/net8.0/Microsoft.AspNetCore.Hosting.dll".
             Reference found at search path location "{RawFileName}".
             This reference is not "CopyLocal" because at least one source item had "Private" set to "false" and no source items had "Private" set to "true".
             The ImageRuntimeVersion for this reference is "".
         Primary reference "Microsoft.AspNetCore.Html.Abstractions, Version=8.0.0.0, Culture=neutral, PublicKeyToken=adb9793829ddae60".
             Resolved file path is "/usr/local/share/dotnet/packs/Microsoft.AspNetCore.App.Ref/8.0.14/ref/net8.0/Microsoft.AspNetCore.Html.Abstractions.dll".
             Reference found at search path location "{RawFileName}".
             This reference is not "CopyLocal" because at least one source item had "Private" set to "false" and no source items had "Private" set to "true".
             The ImageRuntimeVersion for this reference is "".
         Primary reference "Microsoft.AspNetCore.Http.Abstractions, Version=8.0.0.0, Culture=neutral, PublicKeyToken=adb9793829ddae60".
             Resolved file path is "/usr/local/share/dotnet/packs/Microsoft.AspNetCore.App.Ref/8.0.14/ref/net8.0/Microsoft.AspNetCore.Http.Abstractions.dll".
             Reference found at search path location "{RawFileName}".
             This reference is not "CopyLocal" because at least one source item had "Private" set to "false" and no source items had "Private" set to "true".
             The ImageRuntimeVersion for this reference is "".
         Primary reference "Microsoft.AspNetCore.Http.Connections.Common, Version=8.0.0.0, Culture=neutral, PublicKeyToken=adb9793829ddae60".
             Resolved file path is "/usr/local/share/dotnet/packs/Microsoft.AspNetCore.App.Ref/8.0.14/ref/net8.0/Microsoft.AspNetCore.Http.Connections.Common.dll".
             Reference found at search path location "{RawFileName}".
             This reference is not "CopyLocal" because at least one source item had "Private" set to "false" and no source items had "Private" set to "true".
             The ImageRuntimeVersion for this reference is "".
         Primary reference "Microsoft.AspNetCore.Http.Connections, Version=8.0.0.0, Culture=neutral, PublicKeyToken=adb9793829ddae60".
             Resolved file path is "/usr/local/share/dotnet/packs/Microsoft.AspNetCore.App.Ref/8.0.14/ref/net8.0/Microsoft.AspNetCore.Http.Connections.dll".
             Reference found at search path location "{RawFileName}".
             This reference is not "CopyLocal" because at least one source item had "Private" set to "false" and no source items had "Private" set to "true".
             The ImageRuntimeVersion for this reference is "".
         Primary reference "Microsoft.AspNetCore.Http.Extensions, Version=8.0.0.0, Culture=neutral, PublicKeyToken=adb9793829ddae60".
             Resolved file path is "/usr/local/share/dotnet/packs/Microsoft.AspNetCore.App.Ref/8.0.14/ref/net8.0/Microsoft.AspNetCore.Http.Extensions.dll".
             Reference found at search path location "{RawFileName}".
             This reference is not "CopyLocal" because at least one source item had "Private" set to "false" and no source items had "Private" set to "true".
             The ImageRuntimeVersion for this reference is "".
         Primary reference "Microsoft.AspNetCore.Http.Features, Version=8.0.0.0, Culture=neutral, PublicKeyToken=adb9793829ddae60".
             Resolved file path is "/usr/local/share/dotnet/packs/Microsoft.AspNetCore.App.Ref/8.0.14/ref/net8.0/Microsoft.AspNetCore.Http.Features.dll".
             Reference found at search path location "{RawFileName}".
             This reference is not "CopyLocal" because at least one source item had "Private" set to "false" and no source items had "Private" set to "true".
             The ImageRuntimeVersion for this reference is "".
         Primary reference "Microsoft.AspNetCore.Http.Results, Version=8.0.0.0, Culture=neutral, PublicKeyToken=adb9793829ddae60".
             Resolved file path is "/usr/local/share/dotnet/packs/Microsoft.AspNetCore.App.Ref/8.0.14/ref/net8.0/Microsoft.AspNetCore.Http.Results.dll".
             Reference found at search path location "{RawFileName}".
             This reference is not "CopyLocal" because at least one source item had "Private" set to "false" and no source items had "Private" set to "true".
             The ImageRuntimeVersion for this reference is "".
         Primary reference "Microsoft.AspNetCore.Http, Version=8.0.0.0, Culture=neutral, PublicKeyToken=adb9793829ddae60".
             Resolved file path is "/usr/local/share/dotnet/packs/Microsoft.AspNetCore.App.Ref/8.0.14/ref/net8.0/Microsoft.AspNetCore.Http.dll".
             Reference found at search path location "{RawFileName}".
             This reference is not "CopyLocal" because at least one source item had "Private" set to "false" and no source items had "Private" set to "true".
             The ImageRuntimeVersion for this reference is "".
         Primary reference "Microsoft.AspNetCore.HttpLogging, Version=8.0.0.0, Culture=neutral, PublicKeyToken=adb9793829ddae60".
             Resolved file path is "/usr/local/share/dotnet/packs/Microsoft.AspNetCore.App.Ref/8.0.14/ref/net8.0/Microsoft.AspNetCore.HttpLogging.dll".
             Reference found at search path location "{RawFileName}".
             This reference is not "CopyLocal" because at least one source item had "Private" set to "false" and no source items had "Private" set to "true".
             The ImageRuntimeVersion for this reference is "".
         Primary reference "Microsoft.AspNetCore.HttpOverrides, Version=8.0.0.0, Culture=neutral, PublicKeyToken=adb9793829ddae60".
             Resolved file path is "/usr/local/share/dotnet/packs/Microsoft.AspNetCore.App.Ref/8.0.14/ref/net8.0/Microsoft.AspNetCore.HttpOverrides.dll".
             Reference found at search path location "{RawFileName}".
             This reference is not "CopyLocal" because at least one source item had "Private" set to "false" and no source items had "Private" set to "true".
             The ImageRuntimeVersion for this reference is "".
         Primary reference "Microsoft.AspNetCore.HttpsPolicy, Version=8.0.0.0, Culture=neutral, PublicKeyToken=adb9793829ddae60".
             Resolved file path is "/usr/local/share/dotnet/packs/Microsoft.AspNetCore.App.Ref/8.0.14/ref/net8.0/Microsoft.AspNetCore.HttpsPolicy.dll".
             Reference found at search path location "{RawFileName}".
             This reference is not "CopyLocal" because at least one source item had "Private" set to "false" and no source items had "Private" set to "true".
             The ImageRuntimeVersion for this reference is "".
         Primary reference "Microsoft.AspNetCore.Identity, Version=8.0.0.0, Culture=neutral, PublicKeyToken=adb9793829ddae60".
             Resolved file path is "/usr/local/share/dotnet/packs/Microsoft.AspNetCore.App.Ref/8.0.14/ref/net8.0/Microsoft.AspNetCore.Identity.dll".
             Reference found at search path location "{RawFileName}".
             This reference is not "CopyLocal" because at least one source item had "Private" set to "false" and no source items had "Private" set to "true".
             The ImageRuntimeVersion for this reference is "".
         Primary reference "Microsoft.AspNetCore.Localization.Routing, Version=8.0.0.0, Culture=neutral, PublicKeyToken=adb9793829ddae60".
             Resolved file path is "/usr/local/share/dotnet/packs/Microsoft.AspNetCore.App.Ref/8.0.14/ref/net8.0/Microsoft.AspNetCore.Localization.Routing.dll".
             Reference found at search path location "{RawFileName}".
             This reference is not "CopyLocal" because at least one source item had "Private" set to "false" and no source items had "Private" set to "true".
             The ImageRuntimeVersion for this reference is "".
         Primary reference "Microsoft.AspNetCore.Localization, Version=8.0.0.0, Culture=neutral, PublicKeyToken=adb9793829ddae60".
             Resolved file path is "/usr/local/share/dotnet/packs/Microsoft.AspNetCore.App.Ref/8.0.14/ref/net8.0/Microsoft.AspNetCore.Localization.dll".
             Reference found at search path location "{RawFileName}".
             This reference is not "CopyLocal" because at least one source item had "Private" set to "false" and no source items had "Private" set to "true".
             The ImageRuntimeVersion for this reference is "".
         Primary reference "Microsoft.AspNetCore.Metadata, Version=8.0.0.0, Culture=neutral, PublicKeyToken=adb9793829ddae60".
             Resolved file path is "/usr/local/share/dotnet/packs/Microsoft.AspNetCore.App.Ref/8.0.14/ref/net8.0/Microsoft.AspNetCore.Metadata.dll".
             Reference found at search path location "{RawFileName}".
             This reference is not "CopyLocal" because at least one source item had "Private" set to "false" and no source items had "Private" set to "true".
             The ImageRuntimeVersion for this reference is "".
         Primary reference "Microsoft.AspNetCore.Mvc.Abstractions, Version=8.0.0.0, Culture=neutral, PublicKeyToken=adb9793829ddae60".
             Resolved file path is "/usr/local/share/dotnet/packs/Microsoft.AspNetCore.App.Ref/8.0.14/ref/net8.0/Microsoft.AspNetCore.Mvc.Abstractions.dll".
             Reference found at search path location "{RawFileName}".
             This reference is not "CopyLocal" because at least one source item had "Private" set to "false" and no source items had "Private" set to "true".
             The ImageRuntimeVersion for this reference is "".
         Primary reference "Microsoft.AspNetCore.Mvc.ApiExplorer, Version=8.0.0.0, Culture=neutral, PublicKeyToken=adb9793829ddae60".
             Resolved file path is "/usr/local/share/dotnet/packs/Microsoft.AspNetCore.App.Ref/8.0.14/ref/net8.0/Microsoft.AspNetCore.Mvc.ApiExplorer.dll".
             Reference found at search path location "{RawFileName}".
             This reference is not "CopyLocal" because at least one source item had "Private" set to "false" and no source items had "Private" set to "true".
             The ImageRuntimeVersion for this reference is "".
         Primary reference "Microsoft.AspNetCore.Mvc.Core, Version=8.0.0.0, Culture=neutral, PublicKeyToken=adb9793829ddae60".
             Resolved file path is "/usr/local/share/dotnet/packs/Microsoft.AspNetCore.App.Ref/8.0.14/ref/net8.0/Microsoft.AspNetCore.Mvc.Core.dll".
             Reference found at search path location "{RawFileName}".
             This reference is not "CopyLocal" because at least one source item had "Private" set to "false" and no source items had "Private" set to "true".
             The ImageRuntimeVersion for this reference is "".
         Primary reference "Microsoft.AspNetCore.Mvc.Cors, Version=8.0.0.0, Culture=neutral, PublicKeyToken=adb9793829ddae60".
             Resolved file path is "/usr/local/share/dotnet/packs/Microsoft.AspNetCore.App.Ref/8.0.14/ref/net8.0/Microsoft.AspNetCore.Mvc.Cors.dll".
             Reference found at search path location "{RawFileName}".
             This reference is not "CopyLocal" because at least one source item had "Private" set to "false" and no source items had "Private" set to "true".
             The ImageRuntimeVersion for this reference is "".
         Primary reference "Microsoft.AspNetCore.Mvc.DataAnnotations, Version=8.0.0.0, Culture=neutral, PublicKeyToken=adb9793829ddae60".
             Resolved file path is "/usr/local/share/dotnet/packs/Microsoft.AspNetCore.App.Ref/8.0.14/ref/net8.0/Microsoft.AspNetCore.Mvc.DataAnnotations.dll".
             Reference found at search path location "{RawFileName}".
             This reference is not "CopyLocal" because at least one source item had "Private" set to "false" and no source items had "Private" set to "true".
             The ImageRuntimeVersion for this reference is "".
         Primary reference "Microsoft.AspNetCore.Mvc.Formatters.Json, Version=8.0.0.0, Culture=neutral, PublicKeyToken=adb9793829ddae60".
             Resolved file path is "/usr/local/share/dotnet/packs/Microsoft.AspNetCore.App.Ref/8.0.14/ref/net8.0/Microsoft.AspNetCore.Mvc.Formatters.Json.dll".
             Reference found at search path location "{RawFileName}".
             This reference is not "CopyLocal" because at least one source item had "Private" set to "false" and no source items had "Private" set to "true".
             The ImageRuntimeVersion for this reference is "".
         Primary reference "Microsoft.AspNetCore.Mvc.Formatters.Xml, Version=8.0.0.0, Culture=neutral, PublicKeyToken=adb9793829ddae60".
             Resolved file path is "/usr/local/share/dotnet/packs/Microsoft.AspNetCore.App.Ref/8.0.14/ref/net8.0/Microsoft.AspNetCore.Mvc.Formatters.Xml.dll".
             Reference found at search path location "{RawFileName}".
             This reference is not "CopyLocal" because at least one source item had "Private" set to "false" and no source items had "Private" set to "true".
             The ImageRuntimeVersion for this reference is "".
         Primary reference "Microsoft.AspNetCore.Mvc.Localization, Version=8.0.0.0, Culture=neutral, PublicKeyToken=adb9793829ddae60".
             Resolved file path is "/usr/local/share/dotnet/packs/Microsoft.AspNetCore.App.Ref/8.0.14/ref/net8.0/Microsoft.AspNetCore.Mvc.Localization.dll".
             Reference found at search path location "{RawFileName}".
             This reference is not "CopyLocal" because at least one source item had "Private" set to "false" and no source items had "Private" set to "true".
             The ImageRuntimeVersion for this reference is "".
         Primary reference "Microsoft.AspNetCore.Mvc.Razor, Version=8.0.0.0, Culture=neutral, PublicKeyToken=adb9793829ddae60".
             Resolved file path is "/usr/local/share/dotnet/packs/Microsoft.AspNetCore.App.Ref/8.0.14/ref/net8.0/Microsoft.AspNetCore.Mvc.Razor.dll".
             Reference found at search path location "{RawFileName}".
             This reference is not "CopyLocal" because at least one source item had "Private" set to "false" and no source items had "Private" set to "true".
             The ImageRuntimeVersion for this reference is "".
         Primary reference "Microsoft.AspNetCore.Mvc.RazorPages, Version=8.0.0.0, Culture=neutral, PublicKeyToken=adb9793829ddae60".
             Resolved file path is "/usr/local/share/dotnet/packs/Microsoft.AspNetCore.App.Ref/8.0.14/ref/net8.0/Microsoft.AspNetCore.Mvc.RazorPages.dll".
             Reference found at search path location "{RawFileName}".
             This reference is not "CopyLocal" because at least one source item had "Private" set to "false" and no source items had "Private" set to "true".
             The ImageRuntimeVersion for this reference is "".
         Primary reference "Microsoft.AspNetCore.Mvc.TagHelpers, Version=8.0.0.0, Culture=neutral, PublicKeyToken=adb9793829ddae60".
             Resolved file path is "/usr/local/share/dotnet/packs/Microsoft.AspNetCore.App.Ref/8.0.14/ref/net8.0/Microsoft.AspNetCore.Mvc.TagHelpers.dll".
             Reference found at search path location "{RawFileName}".
             This reference is not "CopyLocal" because at least one source item had "Private" set to "false" and no source items had "Private" set to "true".
             The ImageRuntimeVersion for this reference is "".
         Primary reference "Microsoft.AspNetCore.Mvc.ViewFeatures, Version=8.0.0.0, Culture=neutral, PublicKeyToken=adb9793829ddae60".
             Resolved file path is "/usr/local/share/dotnet/packs/Microsoft.AspNetCore.App.Ref/8.0.14/ref/net8.0/Microsoft.AspNetCore.Mvc.ViewFeatures.dll".
             Reference found at search path location "{RawFileName}".
             This reference is not "CopyLocal" because at least one source item had "Private" set to "false" and no source items had "Private" set to "true".
             The ImageRuntimeVersion for this reference is "".
         Primary reference "Microsoft.AspNetCore.Mvc, Version=8.0.0.0, Culture=neutral, PublicKeyToken=adb9793829ddae60".
             Resolved file path is "/usr/local/share/dotnet/packs/Microsoft.AspNetCore.App.Ref/8.0.14/ref/net8.0/Microsoft.AspNetCore.Mvc.dll".
             Reference found at search path location "{RawFileName}".
             This reference is not "CopyLocal" because at least one source item had "Private" set to "false" and no source items had "Private" set to "true".
             The ImageRuntimeVersion for this reference is "".
         Primary reference "Microsoft.AspNetCore.OutputCaching, Version=8.0.0.0, Culture=neutral, PublicKeyToken=adb9793829ddae60".
             Resolved file path is "/usr/local/share/dotnet/packs/Microsoft.AspNetCore.App.Ref/8.0.14/ref/net8.0/Microsoft.AspNetCore.OutputCaching.dll".
             Reference found at search path location "{RawFileName}".
             This reference is not "CopyLocal" because at least one source item had "Private" set to "false" and no source items had "Private" set to "true".
             The ImageRuntimeVersion for this reference is "".
         Primary reference "Microsoft.AspNetCore.RateLimiting, Version=8.0.0.0, Culture=neutral, PublicKeyToken=adb9793829ddae60".
             Resolved file path is "/usr/local/share/dotnet/packs/Microsoft.AspNetCore.App.Ref/8.0.14/ref/net8.0/Microsoft.AspNetCore.RateLimiting.dll".
             Reference found at search path location "{RawFileName}".
             This reference is not "CopyLocal" because at least one source item had "Private" set to "false" and no source items had "Private" set to "true".
             The ImageRuntimeVersion for this reference is "".
         Primary reference "Microsoft.AspNetCore.Razor.Runtime, Version=8.0.0.0, Culture=neutral, PublicKeyToken=adb9793829ddae60".
             Resolved file path is "/usr/local/share/dotnet/packs/Microsoft.AspNetCore.App.Ref/8.0.14/ref/net8.0/Microsoft.AspNetCore.Razor.Runtime.dll".
             Reference found at search path location "{RawFileName}".
             This reference is not "CopyLocal" because at least one source item had "Private" set to "false" and no source items had "Private" set to "true".
             The ImageRuntimeVersion for this reference is "".
         Primary reference "Microsoft.AspNetCore.Razor, Version=8.0.0.0, Culture=neutral, PublicKeyToken=adb9793829ddae60".
             Resolved file path is "/usr/local/share/dotnet/packs/Microsoft.AspNetCore.App.Ref/8.0.14/ref/net8.0/Microsoft.AspNetCore.Razor.dll".
             Reference found at search path location "{RawFileName}".
             This reference is not "CopyLocal" because at least one source item had "Private" set to "false" and no source items had "Private" set to "true".
             The ImageRuntimeVersion for this reference is "".
         Primary reference "Microsoft.AspNetCore.RequestDecompression, Version=8.0.0.0, Culture=neutral, PublicKeyToken=adb9793829ddae60".
             Resolved file path is "/usr/local/share/dotnet/packs/Microsoft.AspNetCore.App.Ref/8.0.14/ref/net8.0/Microsoft.AspNetCore.RequestDecompression.dll".
             Reference found at search path location "{RawFileName}".
             This reference is not "CopyLocal" because at least one source item had "Private" set to "false" and no source items had "Private" set to "true".
             The ImageRuntimeVersion for this reference is "".
         Primary reference "Microsoft.AspNetCore.ResponseCaching.Abstractions, Version=8.0.0.0, Culture=neutral, PublicKeyToken=adb9793829ddae60".
             Resolved file path is "/usr/local/share/dotnet/packs/Microsoft.AspNetCore.App.Ref/8.0.14/ref/net8.0/Microsoft.AspNetCore.ResponseCaching.Abstractions.dll".
             Reference found at search path location "{RawFileName}".
             This reference is not "CopyLocal" because at least one source item had "Private" set to "false" and no source items had "Private" set to "true".
             The ImageRuntimeVersion for this reference is "".
         Primary reference "Microsoft.AspNetCore.ResponseCaching, Version=8.0.0.0, Culture=neutral, PublicKeyToken=adb9793829ddae60".
             Resolved file path is "/usr/local/share/dotnet/packs/Microsoft.AspNetCore.App.Ref/8.0.14/ref/net8.0/Microsoft.AspNetCore.ResponseCaching.dll".
             Reference found at search path location "{RawFileName}".
             This reference is not "CopyLocal" because at least one source item had "Private" set to "false" and no source items had "Private" set to "true".
             The ImageRuntimeVersion for this reference is "".
         Primary reference "Microsoft.AspNetCore.ResponseCompression, Version=8.0.0.0, Culture=neutral, PublicKeyToken=adb9793829ddae60".
             Resolved file path is "/usr/local/share/dotnet/packs/Microsoft.AspNetCore.App.Ref/8.0.14/ref/net8.0/Microsoft.AspNetCore.ResponseCompression.dll".
             Reference found at search path location "{RawFileName}".
             This reference is not "CopyLocal" because at least one source item had "Private" set to "false" and no source items had "Private" set to "true".
             The ImageRuntimeVersion for this reference is "".
         Primary reference "Microsoft.AspNetCore.Rewrite, Version=8.0.0.0, Culture=neutral, PublicKeyToken=adb9793829ddae60".
             Resolved file path is "/usr/local/share/dotnet/packs/Microsoft.AspNetCore.App.Ref/8.0.14/ref/net8.0/Microsoft.AspNetCore.Rewrite.dll".
             Reference found at search path location "{RawFileName}".
             This reference is not "CopyLocal" because at least one source item had "Private" set to "false" and no source items had "Private" set to "true".
             The ImageRuntimeVersion for this reference is "".
         Primary reference "Microsoft.AspNetCore.Routing.Abstractions, Version=8.0.0.0, Culture=neutral, PublicKeyToken=adb9793829ddae60".
             Resolved file path is "/usr/local/share/dotnet/packs/Microsoft.AspNetCore.App.Ref/8.0.14/ref/net8.0/Microsoft.AspNetCore.Routing.Abstractions.dll".
             Reference found at search path location "{RawFileName}".
             This reference is not "CopyLocal" because at least one source item had "Private" set to "false" and no source items had "Private" set to "true".
             The ImageRuntimeVersion for this reference is "".
         Primary reference "Microsoft.AspNetCore.Routing, Version=8.0.0.0, Culture=neutral, PublicKeyToken=adb9793829ddae60".
             Resolved file path is "/usr/local/share/dotnet/packs/Microsoft.AspNetCore.App.Ref/8.0.14/ref/net8.0/Microsoft.AspNetCore.Routing.dll".
             Reference found at search path location "{RawFileName}".
             This reference is not "CopyLocal" because at least one source item had "Private" set to "false" and no source items had "Private" set to "true".
             The ImageRuntimeVersion for this reference is "".
         Primary reference "Microsoft.AspNetCore.Server.HttpSys, Version=8.0.0.0, Culture=neutral, PublicKeyToken=adb9793829ddae60".
             Resolved file path is "/usr/local/share/dotnet/packs/Microsoft.AspNetCore.App.Ref/8.0.14/ref/net8.0/Microsoft.AspNetCore.Server.HttpSys.dll".
             Reference found at search path location "{RawFileName}".
             This reference is not "CopyLocal" because at least one source item had "Private" set to "false" and no source items had "Private" set to "true".
             The ImageRuntimeVersion for this reference is "".
         Primary reference "Microsoft.AspNetCore.Server.IIS, Version=8.0.0.0, Culture=neutral, PublicKeyToken=adb9793829ddae60".
             Resolved file path is "/usr/local/share/dotnet/packs/Microsoft.AspNetCore.App.Ref/8.0.14/ref/net8.0/Microsoft.AspNetCore.Server.IIS.dll".
             Reference found at search path location "{RawFileName}".
             This reference is not "CopyLocal" because at least one source item had "Private" set to "false" and no source items had "Private" set to "true".
             The ImageRuntimeVersion for this reference is "".
         Primary reference "Microsoft.AspNetCore.Server.IISIntegration, Version=8.0.0.0, Culture=neutral, PublicKeyToken=adb9793829ddae60".
             Resolved file path is "/usr/local/share/dotnet/packs/Microsoft.AspNetCore.App.Ref/8.0.14/ref/net8.0/Microsoft.AspNetCore.Server.IISIntegration.dll".
             Reference found at search path location "{RawFileName}".
             This reference is not "CopyLocal" because at least one source item had "Private" set to "false" and no source items had "Private" set to "true".
             The ImageRuntimeVersion for this reference is "".
         Primary reference "Microsoft.AspNetCore.Server.Kestrel.Core, Version=8.0.0.0, Culture=neutral, PublicKeyToken=adb9793829ddae60".
             Resolved file path is "/usr/local/share/dotnet/packs/Microsoft.AspNetCore.App.Ref/8.0.14/ref/net8.0/Microsoft.AspNetCore.Server.Kestrel.Core.dll".
             Reference found at search path location "{RawFileName}".
             This reference is not "CopyLocal" because at least one source item had "Private" set to "false" and no source items had "Private" set to "true".
             The ImageRuntimeVersion for this reference is "".
         Primary reference "Microsoft.AspNetCore.Server.Kestrel.Transport.NamedPipes, Version=8.0.0.0, Culture=neutral, PublicKeyToken=adb9793829ddae60".
             Resolved file path is "/usr/local/share/dotnet/packs/Microsoft.AspNetCore.App.Ref/8.0.14/ref/net8.0/Microsoft.AspNetCore.Server.Kestrel.Transport.NamedPipes.dll".
             Reference found at search path location "{RawFileName}".
             This reference is not "CopyLocal" because at least one source item had "Private" set to "false" and no source items had "Private" set to "true".
             The ImageRuntimeVersion for this reference is "".
         Primary reference "Microsoft.AspNetCore.Server.Kestrel.Transport.Quic, Version=8.0.0.0, Culture=neutral, PublicKeyToken=adb9793829ddae60".
             Resolved file path is "/usr/local/share/dotnet/packs/Microsoft.AspNetCore.App.Ref/8.0.14/ref/net8.0/Microsoft.AspNetCore.Server.Kestrel.Transport.Quic.dll".
             Reference found at search path location "{RawFileName}".
             This reference is not "CopyLocal" because at least one source item had "Private" set to "false" and no source items had "Private" set to "true".
             The ImageRuntimeVersion for this reference is "".
         Primary reference "Microsoft.AspNetCore.Server.Kestrel.Transport.Sockets, Version=8.0.0.0, Culture=neutral, PublicKeyToken=adb9793829ddae60".
             Resolved file path is "/usr/local/share/dotnet/packs/Microsoft.AspNetCore.App.Ref/8.0.14/ref/net8.0/Microsoft.AspNetCore.Server.Kestrel.Transport.Sockets.dll".
             Reference found at search path location "{RawFileName}".
             This reference is not "CopyLocal" because at least one source item had "Private" set to "false" and no source items had "Private" set to "true".
             The ImageRuntimeVersion for this reference is "".
         Primary reference "Microsoft.AspNetCore.Server.Kestrel, Version=8.0.0.0, Culture=neutral, PublicKeyToken=adb9793829ddae60".
             Resolved file path is "/usr/local/share/dotnet/packs/Microsoft.AspNetCore.App.Ref/8.0.14/ref/net8.0/Microsoft.AspNetCore.Server.Kestrel.dll".
             Reference found at search path location "{RawFileName}".
             This reference is not "CopyLocal" because at least one source item had "Private" set to "false" and no source items had "Private" set to "true".
             The ImageRuntimeVersion for this reference is "".
         Primary reference "Microsoft.AspNetCore.Session, Version=8.0.0.0, Culture=neutral, PublicKeyToken=adb9793829ddae60".
             Resolved file path is "/usr/local/share/dotnet/packs/Microsoft.AspNetCore.App.Ref/8.0.14/ref/net8.0/Microsoft.AspNetCore.Session.dll".
             Reference found at search path location "{RawFileName}".
             This reference is not "CopyLocal" because at least one source item had "Private" set to "false" and no source items had "Private" set to "true".
             The ImageRuntimeVersion for this reference is "".
         Primary reference "Microsoft.AspNetCore.SignalR.Common, Version=8.0.0.0, Culture=neutral, PublicKeyToken=adb9793829ddae60".
             Resolved file path is "/usr/local/share/dotnet/packs/Microsoft.AspNetCore.App.Ref/8.0.14/ref/net8.0/Microsoft.AspNetCore.SignalR.Common.dll".
             Reference found at search path location "{RawFileName}".
             This reference is not "CopyLocal" because at least one source item had "Private" set to "false" and no source items had "Private" set to "true".
             The ImageRuntimeVersion for this reference is "".
         Primary reference "Microsoft.AspNetCore.SignalR.Core, Version=8.0.0.0, Culture=neutral, PublicKeyToken=adb9793829ddae60".
             Resolved file path is "/usr/local/share/dotnet/packs/Microsoft.AspNetCore.App.Ref/8.0.14/ref/net8.0/Microsoft.AspNetCore.SignalR.Core.dll".
             Reference found at search path location "{RawFileName}".
             This reference is not "CopyLocal" because at least one source item had "Private" set to "false" and no source items had "Private" set to "true".
             The ImageRuntimeVersion for this reference is "".
         Primary reference "Microsoft.AspNetCore.SignalR.Protocols.Json, Version=8.0.0.0, Culture=neutral, PublicKeyToken=adb9793829ddae60".
             Resolved file path is "/usr/local/share/dotnet/packs/Microsoft.AspNetCore.App.Ref/8.0.14/ref/net8.0/Microsoft.AspNetCore.SignalR.Protocols.Json.dll".
             Reference found at search path location "{RawFileName}".
             This reference is not "CopyLocal" because at least one source item had "Private" set to "false" and no source items had "Private" set to "true".
             The ImageRuntimeVersion for this reference is "".
         Primary reference "Microsoft.AspNetCore.SignalR, Version=8.0.0.0, Culture=neutral, PublicKeyToken=adb9793829ddae60".
             Resolved file path is "/usr/local/share/dotnet/packs/Microsoft.AspNetCore.App.Ref/8.0.14/ref/net8.0/Microsoft.AspNetCore.SignalR.dll".
             Reference found at search path location "{RawFileName}".
             This reference is not "CopyLocal" because at least one source item had "Private" set to "false" and no source items had "Private" set to "true".
             The ImageRuntimeVersion for this reference is "".
         Primary reference "Microsoft.AspNetCore.StaticFiles, Version=8.0.0.0, Culture=neutral, PublicKeyToken=adb9793829ddae60".
             Resolved file path is "/usr/local/share/dotnet/packs/Microsoft.AspNetCore.App.Ref/8.0.14/ref/net8.0/Microsoft.AspNetCore.StaticFiles.dll".
             Reference found at search path location "{RawFileName}".
             This reference is not "CopyLocal" because at least one source item had "Private" set to "false" and no source items had "Private" set to "true".
             The ImageRuntimeVersion for this reference is "".
         Primary reference "Microsoft.AspNetCore.WebSockets, Version=8.0.0.0, Culture=neutral, PublicKeyToken=adb9793829ddae60".
             Resolved file path is "/usr/local/share/dotnet/packs/Microsoft.AspNetCore.App.Ref/8.0.14/ref/net8.0/Microsoft.AspNetCore.WebSockets.dll".
             Reference found at search path location "{RawFileName}".
             This reference is not "CopyLocal" because at least one source item had "Private" set to "false" and no source items had "Private" set to "true".
             The ImageRuntimeVersion for this reference is "".
         Primary reference "Microsoft.AspNetCore.WebUtilities, Version=8.0.0.0, Culture=neutral, PublicKeyToken=adb9793829ddae60".
             Resolved file path is "/usr/local/share/dotnet/packs/Microsoft.AspNetCore.App.Ref/8.0.14/ref/net8.0/Microsoft.AspNetCore.WebUtilities.dll".
             Reference found at search path location "{RawFileName}".
             This reference is not "CopyLocal" because at least one source item had "Private" set to "false" and no source items had "Private" set to "true".
             The ImageRuntimeVersion for this reference is "".
         Primary reference "Microsoft.AspNetCore, Version=8.0.0.0, Culture=neutral, PublicKeyToken=adb9793829ddae60".
             Resolved file path is "/usr/local/share/dotnet/packs/Microsoft.AspNetCore.App.Ref/8.0.14/ref/net8.0/Microsoft.AspNetCore.dll".
             Reference found at search path location "{RawFileName}".
             This reference is not "CopyLocal" because at least one source item had "Private" set to "false" and no source items had "Private" set to "true".
             The ImageRuntimeVersion for this reference is "".
         Primary reference "Microsoft.Extensions.Caching.Abstractions, Version=8.0.0.0, Culture=neutral, PublicKeyToken=adb9793829ddae60".
             Resolved file path is "/usr/local/share/dotnet/packs/Microsoft.AspNetCore.App.Ref/8.0.14/ref/net8.0/Microsoft.Extensions.Caching.Abstractions.dll".
             Reference found at search path location "{RawFileName}".
             This reference is not "CopyLocal" because at least one source item had "Private" set to "false" and no source items had "Private" set to "true".
             The ImageRuntimeVersion for this reference is "".
         Primary reference "Microsoft.Extensions.Caching.Memory, Version=8.0.0.0, Culture=neutral, PublicKeyToken=adb9793829ddae60".
             Resolved file path is "/usr/local/share/dotnet/packs/Microsoft.AspNetCore.App.Ref/8.0.14/ref/net8.0/Microsoft.Extensions.Caching.Memory.dll".
             Reference found at search path location "{RawFileName}".
             This reference is not "CopyLocal" because at least one source item had "Private" set to "false" and no source items had "Private" set to "true".
             The ImageRuntimeVersion for this reference is "".
         Primary reference "Microsoft.Extensions.Configuration.Abstractions, Version=8.0.0.0, Culture=neutral, PublicKeyToken=adb9793829ddae60".
             Resolved file path is "/usr/local/share/dotnet/packs/Microsoft.AspNetCore.App.Ref/8.0.14/ref/net8.0/Microsoft.Extensions.Configuration.Abstractions.dll".
             Reference found at search path location "{RawFileName}".
             This reference is not "CopyLocal" because at least one source item had "Private" set to "false" and no source items had "Private" set to "true".
             The ImageRuntimeVersion for this reference is "".
         Primary reference "Microsoft.Extensions.Configuration.Binder, Version=8.0.0.0, Culture=neutral, PublicKeyToken=adb9793829ddae60".
             Resolved file path is "/usr/local/share/dotnet/packs/Microsoft.AspNetCore.App.Ref/8.0.14/ref/net8.0/Microsoft.Extensions.Configuration.Binder.dll".
             Reference found at search path location "{RawFileName}".
             This reference is not "CopyLocal" because at least one source item had "Private" set to "false" and no source items had "Private" set to "true".
             The ImageRuntimeVersion for this reference is "".
         Primary reference "Microsoft.Extensions.Configuration.CommandLine, Version=8.0.0.0, Culture=neutral, PublicKeyToken=adb9793829ddae60".
             Resolved file path is "/usr/local/share/dotnet/packs/Microsoft.AspNetCore.App.Ref/8.0.14/ref/net8.0/Microsoft.Extensions.Configuration.CommandLine.dll".
             Reference found at search path location "{RawFileName}".
             This reference is not "CopyLocal" because at least one source item had "Private" set to "false" and no source items had "Private" set to "true".
             The ImageRuntimeVersion for this reference is "".
         Primary reference "Microsoft.Extensions.Configuration.EnvironmentVariables, Version=8.0.0.0, Culture=neutral, PublicKeyToken=adb9793829ddae60".
             Resolved file path is "/usr/local/share/dotnet/packs/Microsoft.AspNetCore.App.Ref/8.0.14/ref/net8.0/Microsoft.Extensions.Configuration.EnvironmentVariables.dll".
             Reference found at search path location "{RawFileName}".
             This reference is not "CopyLocal" because at least one source item had "Private" set to "false" and no source items had "Private" set to "true".
             The ImageRuntimeVersion for this reference is "".
         Primary reference "Microsoft.Extensions.Configuration.FileExtensions, Version=8.0.0.0, Culture=neutral, PublicKeyToken=adb9793829ddae60".
             Resolved file path is "/usr/local/share/dotnet/packs/Microsoft.AspNetCore.App.Ref/8.0.14/ref/net8.0/Microsoft.Extensions.Configuration.FileExtensions.dll".
             Reference found at search path location "{RawFileName}".
             This reference is not "CopyLocal" because at least one source item had "Private" set to "false" and no source items had "Private" set to "true".
             The ImageRuntimeVersion for this reference is "".
         Primary reference "Microsoft.Extensions.Configuration.Ini, Version=8.0.0.0, Culture=neutral, PublicKeyToken=adb9793829ddae60".
             Resolved file path is "/usr/local/share/dotnet/packs/Microsoft.AspNetCore.App.Ref/8.0.14/ref/net8.0/Microsoft.Extensions.Configuration.Ini.dll".
             Reference found at search path location "{RawFileName}".
             This reference is not "CopyLocal" because at least one source item had "Private" set to "false" and no source items had "Private" set to "true".
             The ImageRuntimeVersion for this reference is "".
         Primary reference "Microsoft.Extensions.Configuration.Json, Version=8.0.0.0, Culture=neutral, PublicKeyToken=adb9793829ddae60".
             Resolved file path is "/usr/local/share/dotnet/packs/Microsoft.AspNetCore.App.Ref/8.0.14/ref/net8.0/Microsoft.Extensions.Configuration.Json.dll".
             Reference found at search path location "{RawFileName}".
             This reference is not "CopyLocal" because at least one source item had "Private" set to "false" and no source items had "Private" set to "true".
             The ImageRuntimeVersion for this reference is "".
         Primary reference "Microsoft.Extensions.Configuration.KeyPerFile, Version=8.0.0.0, Culture=neutral, PublicKeyToken=adb9793829ddae60".
             Resolved file path is "/usr/local/share/dotnet/packs/Microsoft.AspNetCore.App.Ref/8.0.14/ref/net8.0/Microsoft.Extensions.Configuration.KeyPerFile.dll".
             Reference found at search path location "{RawFileName}".
             This reference is not "CopyLocal" because at least one source item had "Private" set to "false" and no source items had "Private" set to "true".
             The ImageRuntimeVersion for this reference is "".
         Primary reference "Microsoft.Extensions.Configuration.UserSecrets, Version=8.0.0.0, Culture=neutral, PublicKeyToken=adb9793829ddae60".
             Resolved file path is "/usr/local/share/dotnet/packs/Microsoft.AspNetCore.App.Ref/8.0.14/ref/net8.0/Microsoft.Extensions.Configuration.UserSecrets.dll".
             Reference found at search path location "{RawFileName}".
             This reference is not "CopyLocal" because at least one source item had "Private" set to "false" and no source items had "Private" set to "true".
             The ImageRuntimeVersion for this reference is "".
         Primary reference "Microsoft.Extensions.Configuration.Xml, Version=8.0.0.0, Culture=neutral, PublicKeyToken=adb9793829ddae60".
             Resolved file path is "/usr/local/share/dotnet/packs/Microsoft.AspNetCore.App.Ref/8.0.14/ref/net8.0/Microsoft.Extensions.Configuration.Xml.dll".
             Reference found at search path location "{RawFileName}".
             This reference is not "CopyLocal" because at least one source item had "Private" set to "false" and no source items had "Private" set to "true".
             The ImageRuntimeVersion for this reference is "".
         Primary reference "Microsoft.Extensions.Configuration, Version=8.0.0.0, Culture=neutral, PublicKeyToken=adb9793829ddae60".
             Resolved file path is "/usr/local/share/dotnet/packs/Microsoft.AspNetCore.App.Ref/8.0.14/ref/net8.0/Microsoft.Extensions.Configuration.dll".
             Reference found at search path location "{RawFileName}".
             This reference is not "CopyLocal" because at least one source item had "Private" set to "false" and no source items had "Private" set to "true".
             The ImageRuntimeVersion for this reference is "".
         Primary reference "Microsoft.Extensions.DependencyInjection.Abstractions, Version=8.0.0.0, Culture=neutral, PublicKeyToken=adb9793829ddae60".
             Resolved file path is "/usr/local/share/dotnet/packs/Microsoft.AspNetCore.App.Ref/8.0.14/ref/net8.0/Microsoft.Extensions.DependencyInjection.Abstractions.dll".
             Reference found at search path location "{RawFileName}".
             This reference is not "CopyLocal" because at least one source item had "Private" set to "false" and no source items had "Private" set to "true".
             The ImageRuntimeVersion for this reference is "".
         Primary reference "Microsoft.Extensions.DependencyInjection, Version=8.0.0.0, Culture=neutral, PublicKeyToken=adb9793829ddae60".
             Resolved file path is "/usr/local/share/dotnet/packs/Microsoft.AspNetCore.App.Ref/8.0.14/ref/net8.0/Microsoft.Extensions.DependencyInjection.dll".
             Reference found at search path location "{RawFileName}".
             This reference is not "CopyLocal" because at least one source item had "Private" set to "false" and no source items had "Private" set to "true".
             The ImageRuntimeVersion for this reference is "".
         Primary reference "Microsoft.Extensions.Diagnostics.Abstractions, Version=8.0.0.0, Culture=neutral, PublicKeyToken=adb9793829ddae60".
             Resolved file path is "/usr/local/share/dotnet/packs/Microsoft.AspNetCore.App.Ref/8.0.14/ref/net8.0/Microsoft.Extensions.Diagnostics.Abstractions.dll".
             Reference found at search path location "{RawFileName}".
             This reference is not "CopyLocal" because at least one source item had "Private" set to "false" and no source items had "Private" set to "true".
             The ImageRuntimeVersion for this reference is "".
         Primary reference "Microsoft.Extensions.Diagnostics.HealthChecks.Abstractions, Version=8.0.0.0, Culture=neutral, PublicKeyToken=adb9793829ddae60".
             Resolved file path is "/usr/local/share/dotnet/packs/Microsoft.AspNetCore.App.Ref/8.0.14/ref/net8.0/Microsoft.Extensions.Diagnostics.HealthChecks.Abstractions.dll".
             Reference found at search path location "{RawFileName}".
             This reference is not "CopyLocal" because at least one source item had "Private" set to "false" and no source items had "Private" set to "true".
             The ImageRuntimeVersion for this reference is "".
         Primary reference "Microsoft.Extensions.Diagnostics.HealthChecks, Version=8.0.0.0, Culture=neutral, PublicKeyToken=adb9793829ddae60".
             Resolved file path is "/usr/local/share/dotnet/packs/Microsoft.AspNetCore.App.Ref/8.0.14/ref/net8.0/Microsoft.Extensions.Diagnostics.HealthChecks.dll".
             Reference found at search path location "{RawFileName}".
             This reference is not "CopyLocal" because at least one source item had "Private" set to "false" and no source items had "Private" set to "true".
             The ImageRuntimeVersion for this reference is "".
         Primary reference "Microsoft.Extensions.Diagnostics, Version=8.0.0.0, Culture=neutral, PublicKeyToken=adb9793829ddae60".
             Resolved file path is "/usr/local/share/dotnet/packs/Microsoft.AspNetCore.App.Ref/8.0.14/ref/net8.0/Microsoft.Extensions.Diagnostics.dll".
             Reference found at search path location "{RawFileName}".
             This reference is not "CopyLocal" because at least one source item had "Private" set to "false" and no source items had "Private" set to "true".
             The ImageRuntimeVersion for this reference is "".
         Primary reference "Microsoft.Extensions.Features, Version=8.0.0.0, Culture=neutral, PublicKeyToken=adb9793829ddae60".
             Resolved file path is "/usr/local/share/dotnet/packs/Microsoft.AspNetCore.App.Ref/8.0.14/ref/net8.0/Microsoft.Extensions.Features.dll".
             Reference found at search path location "{RawFileName}".
             This reference is not "CopyLocal" because at least one source item had "Private" set to "false" and no source items had "Private" set to "true".
             The ImageRuntimeVersion for this reference is "".
         Primary reference "Microsoft.Extensions.FileProviders.Abstractions, Version=8.0.0.0, Culture=neutral, PublicKeyToken=adb9793829ddae60".
             Resolved file path is "/usr/local/share/dotnet/packs/Microsoft.AspNetCore.App.Ref/8.0.14/ref/net8.0/Microsoft.Extensions.FileProviders.Abstractions.dll".
             Reference found at search path location "{RawFileName}".
             This reference is not "CopyLocal" because at least one source item had "Private" set to "false" and no source items had "Private" set to "true".
             The ImageRuntimeVersion for this reference is "".
         Primary reference "Microsoft.Extensions.FileProviders.Composite, Version=8.0.0.0, Culture=neutral, PublicKeyToken=adb9793829ddae60".
             Resolved file path is "/usr/local/share/dotnet/packs/Microsoft.AspNetCore.App.Ref/8.0.14/ref/net8.0/Microsoft.Extensions.FileProviders.Composite.dll".
             Reference found at search path location "{RawFileName}".
             This reference is not "CopyLocal" because at least one source item had "Private" set to "false" and no source items had "Private" set to "true".
             The ImageRuntimeVersion for this reference is "".
         Primary reference "Microsoft.Extensions.FileProviders.Embedded, Version=8.0.0.0, Culture=neutral, PublicKeyToken=adb9793829ddae60".
             Resolved file path is "/usr/local/share/dotnet/packs/Microsoft.AspNetCore.App.Ref/8.0.14/ref/net8.0/Microsoft.Extensions.FileProviders.Embedded.dll".
             Reference found at search path location "{RawFileName}".
             This reference is not "CopyLocal" because at least one source item had "Private" set to "false" and no source items had "Private" set to "true".
             The ImageRuntimeVersion for this reference is "".
         Primary reference "Microsoft.Extensions.FileProviders.Physical, Version=8.0.0.0, Culture=neutral, PublicKeyToken=adb9793829ddae60".
             Resolved file path is "/usr/local/share/dotnet/packs/Microsoft.AspNetCore.App.Ref/8.0.14/ref/net8.0/Microsoft.Extensions.FileProviders.Physical.dll".
             Reference found at search path location "{RawFileName}".
             This reference is not "CopyLocal" because at least one source item had "Private" set to "false" and no source items had "Private" set to "true".
             The ImageRuntimeVersion for this reference is "".
         Primary reference "Microsoft.Extensions.FileSystemGlobbing, Version=8.0.0.0, Culture=neutral, PublicKeyToken=adb9793829ddae60".
             Resolved file path is "/usr/local/share/dotnet/packs/Microsoft.AspNetCore.App.Ref/8.0.14/ref/net8.0/Microsoft.Extensions.FileSystemGlobbing.dll".
             Reference found at search path location "{RawFileName}".
             This reference is not "CopyLocal" because at least one source item had "Private" set to "false" and no source items had "Private" set to "true".
             The ImageRuntimeVersion for this reference is "".
         Primary reference "Microsoft.Extensions.Hosting.Abstractions, Version=8.0.0.0, Culture=neutral, PublicKeyToken=adb9793829ddae60".
             Resolved file path is "/usr/local/share/dotnet/packs/Microsoft.AspNetCore.App.Ref/8.0.14/ref/net8.0/Microsoft.Extensions.Hosting.Abstractions.dll".
             Reference found at search path location "{RawFileName}".
             This reference is not "CopyLocal" because at least one source item had "Private" set to "false" and no source items had "Private" set to "true".
             The ImageRuntimeVersion for this reference is "".
         Primary reference "Microsoft.Extensions.Hosting, Version=8.0.0.0, Culture=neutral, PublicKeyToken=adb9793829ddae60".
             Resolved file path is "/usr/local/share/dotnet/packs/Microsoft.AspNetCore.App.Ref/8.0.14/ref/net8.0/Microsoft.Extensions.Hosting.dll".
             Reference found at search path location "{RawFileName}".
             This reference is not "CopyLocal" because at least one source item had "Private" set to "false" and no source items had "Private" set to "true".
             The ImageRuntimeVersion for this reference is "".
         Primary reference "Microsoft.Extensions.Http, Version=8.0.0.0, Culture=neutral, PublicKeyToken=adb9793829ddae60".
             Resolved file path is "/usr/local/share/dotnet/packs/Microsoft.AspNetCore.App.Ref/8.0.14/ref/net8.0/Microsoft.Extensions.Http.dll".
             Reference found at search path location "{RawFileName}".
             This reference is not "CopyLocal" because at least one source item had "Private" set to "false" and no source items had "Private" set to "true".
             The ImageRuntimeVersion for this reference is "".
         Primary reference "Microsoft.Extensions.Identity.Core, Version=8.0.0.0, Culture=neutral, PublicKeyToken=adb9793829ddae60".
             Resolved file path is "/usr/local/share/dotnet/packs/Microsoft.AspNetCore.App.Ref/8.0.14/ref/net8.0/Microsoft.Extensions.Identity.Core.dll".
             Reference found at search path location "{RawFileName}".
             This reference is not "CopyLocal" because at least one source item had "Private" set to "false" and no source items had "Private" set to "true".
             The ImageRuntimeVersion for this reference is "".
         Primary reference "Microsoft.Extensions.Identity.Stores, Version=8.0.0.0, Culture=neutral, PublicKeyToken=adb9793829ddae60".
             Resolved file path is "/usr/local/share/dotnet/packs/Microsoft.AspNetCore.App.Ref/8.0.14/ref/net8.0/Microsoft.Extensions.Identity.Stores.dll".
             Reference found at search path location "{RawFileName}".
             This reference is not "CopyLocal" because at least one source item had "Private" set to "false" and no source items had "Private" set to "true".
             The ImageRuntimeVersion for this reference is "".
         Primary reference "Microsoft.Extensions.Localization.Abstractions, Version=8.0.0.0, Culture=neutral, PublicKeyToken=adb9793829ddae60".
             Resolved file path is "/usr/local/share/dotnet/packs/Microsoft.AspNetCore.App.Ref/8.0.14/ref/net8.0/Microsoft.Extensions.Localization.Abstractions.dll".
             Reference found at search path location "{RawFileName}".
             This reference is not "CopyLocal" because at least one source item had "Private" set to "false" and no source items had "Private" set to "true".
             The ImageRuntimeVersion for this reference is "".
         Primary reference "Microsoft.Extensions.Localization, Version=8.0.0.0, Culture=neutral, PublicKeyToken=adb9793829ddae60".
             Resolved file path is "/usr/local/share/dotnet/packs/Microsoft.AspNetCore.App.Ref/8.0.14/ref/net8.0/Microsoft.Extensions.Localization.dll".
             Reference found at search path location "{RawFileName}".
             This reference is not "CopyLocal" because at least one source item had "Private" set to "false" and no source items had "Private" set to "true".
             The ImageRuntimeVersion for this reference is "".
         Primary reference "Microsoft.Extensions.Logging.Abstractions, Version=8.0.0.0, Culture=neutral, PublicKeyToken=adb9793829ddae60".
             Resolved file path is "/usr/local/share/dotnet/packs/Microsoft.AspNetCore.App.Ref/8.0.14/ref/net8.0/Microsoft.Extensions.Logging.Abstractions.dll".
             Reference found at search path location "{RawFileName}".
             This reference is not "CopyLocal" because at least one source item had "Private" set to "false" and no source items had "Private" set to "true".
             The ImageRuntimeVersion for this reference is "".
         Primary reference "Microsoft.Extensions.Logging.Configuration, Version=8.0.0.0, Culture=neutral, PublicKeyToken=adb9793829ddae60".
             Resolved file path is "/usr/local/share/dotnet/packs/Microsoft.AspNetCore.App.Ref/8.0.14/ref/net8.0/Microsoft.Extensions.Logging.Configuration.dll".
             Reference found at search path location "{RawFileName}".
             This reference is not "CopyLocal" because at least one source item had "Private" set to "false" and no source items had "Private" set to "true".
             The ImageRuntimeVersion for this reference is "".
         Primary reference "Microsoft.Extensions.Logging.Console, Version=8.0.0.0, Culture=neutral, PublicKeyToken=adb9793829ddae60".
             Resolved file path is "/usr/local/share/dotnet/packs/Microsoft.AspNetCore.App.Ref/8.0.14/ref/net8.0/Microsoft.Extensions.Logging.Console.dll".
             Reference found at search path location "{RawFileName}".
             This reference is not "CopyLocal" because at least one source item had "Private" set to "false" and no source items had "Private" set to "true".
             The ImageRuntimeVersion for this reference is "".
         Primary reference "Microsoft.Extensions.Logging.Debug, Version=8.0.0.0, Culture=neutral, PublicKeyToken=adb9793829ddae60".
             Resolved file path is "/usr/local/share/dotnet/packs/Microsoft.AspNetCore.App.Ref/8.0.14/ref/net8.0/Microsoft.Extensions.Logging.Debug.dll".
             Reference found at search path location "{RawFileName}".
             This reference is not "CopyLocal" because at least one source item had "Private" set to "false" and no source items had "Private" set to "true".
             The ImageRuntimeVersion for this reference is "".
         Primary reference "Microsoft.Extensions.Logging.EventLog, Version=8.0.0.0, Culture=neutral, PublicKeyToken=adb9793829ddae60".
             Resolved file path is "/usr/local/share/dotnet/packs/Microsoft.AspNetCore.App.Ref/8.0.14/ref/net8.0/Microsoft.Extensions.Logging.EventLog.dll".
             Reference found at search path location "{RawFileName}".
             This reference is not "CopyLocal" because at least one source item had "Private" set to "false" and no source items had "Private" set to "true".
             The ImageRuntimeVersion for this reference is "".
         Primary reference "Microsoft.Extensions.Logging.EventSource, Version=8.0.0.0, Culture=neutral, PublicKeyToken=adb9793829ddae60".
             Resolved file path is "/usr/local/share/dotnet/packs/Microsoft.AspNetCore.App.Ref/8.0.14/ref/net8.0/Microsoft.Extensions.Logging.EventSource.dll".
             Reference found at search path location "{RawFileName}".
             This reference is not "CopyLocal" because at least one source item had "Private" set to "false" and no source items had "Private" set to "true".
             The ImageRuntimeVersion for this reference is "".
         Primary reference "Microsoft.Extensions.Logging.TraceSource, Version=8.0.0.0, Culture=neutral, PublicKeyToken=adb9793829ddae60".
             Resolved file path is "/usr/local/share/dotnet/packs/Microsoft.AspNetCore.App.Ref/8.0.14/ref/net8.0/Microsoft.Extensions.Logging.TraceSource.dll".
             Reference found at search path location "{RawFileName}".
             This reference is not "CopyLocal" because at least one source item had "Private" set to "false" and no source items had "Private" set to "true".
             The ImageRuntimeVersion for this reference is "".
         Primary reference "Microsoft.Extensions.Logging, Version=8.0.0.0, Culture=neutral, PublicKeyToken=adb9793829ddae60".
             Resolved file path is "/usr/local/share/dotnet/packs/Microsoft.AspNetCore.App.Ref/8.0.14/ref/net8.0/Microsoft.Extensions.Logging.dll".
             Reference found at search path location "{RawFileName}".
             This reference is not "CopyLocal" because at least one source item had "Private" set to "false" and no source items had "Private" set to "true".
             The ImageRuntimeVersion for this reference is "".
         Primary reference "Microsoft.Extensions.ObjectPool, Version=8.0.0.0, Culture=neutral, PublicKeyToken=adb9793829ddae60".
             Resolved file path is "/usr/local/share/dotnet/packs/Microsoft.AspNetCore.App.Ref/8.0.14/ref/net8.0/Microsoft.Extensions.ObjectPool.dll".
             Reference found at search path location "{RawFileName}".
             This reference is not "CopyLocal" because at least one source item had "Private" set to "false" and no source items had "Private" set to "true".
             The ImageRuntimeVersion for this reference is "".
         Primary reference "Microsoft.Extensions.Options.ConfigurationExtensions, Version=8.0.0.0, Culture=neutral, PublicKeyToken=adb9793829ddae60".
             Resolved file path is "/usr/local/share/dotnet/packs/Microsoft.AspNetCore.App.Ref/8.0.14/ref/net8.0/Microsoft.Extensions.Options.ConfigurationExtensions.dll".
             Reference found at search path location "{RawFileName}".
             This reference is not "CopyLocal" because at least one source item had "Private" set to "false" and no source items had "Private" set to "true".
             The ImageRuntimeVersion for this reference is "".
         Primary reference "Microsoft.Extensions.Options.DataAnnotations, Version=8.0.0.0, Culture=neutral, PublicKeyToken=adb9793829ddae60".
             Resolved file path is "/usr/local/share/dotnet/packs/Microsoft.AspNetCore.App.Ref/8.0.14/ref/net8.0/Microsoft.Extensions.Options.DataAnnotations.dll".
             Reference found at search path location "{RawFileName}".
             This reference is not "CopyLocal" because at least one source item had "Private" set to "false" and no source items had "Private" set to "true".
             The ImageRuntimeVersion for this reference is "".
         Primary reference "Microsoft.Extensions.Options, Version=8.0.0.0, Culture=neutral, PublicKeyToken=adb9793829ddae60".
             Resolved file path is "/usr/local/share/dotnet/packs/Microsoft.AspNetCore.App.Ref/8.0.14/ref/net8.0/Microsoft.Extensions.Options.dll".
             Reference found at search path location "{RawFileName}".
             This reference is not "CopyLocal" because at least one source item had "Private" set to "false" and no source items had "Private" set to "true".
             The ImageRuntimeVersion for this reference is "".
         Primary reference "Microsoft.Extensions.Primitives, Version=8.0.0.0, Culture=neutral, PublicKeyToken=adb9793829ddae60".
             Resolved file path is "/usr/local/share/dotnet/packs/Microsoft.AspNetCore.App.Ref/8.0.14/ref/net8.0/Microsoft.Extensions.Primitives.dll".
             Reference found at search path location "{RawFileName}".
             This reference is not "CopyLocal" because at least one source item had "Private" set to "false" and no source items had "Private" set to "true".
             The ImageRuntimeVersion for this reference is "".
         Primary reference "Microsoft.Extensions.WebEncoders, Version=8.0.0.0, Culture=neutral, PublicKeyToken=adb9793829ddae60".
             Resolved file path is "/usr/local/share/dotnet/packs/Microsoft.AspNetCore.App.Ref/8.0.14/ref/net8.0/Microsoft.Extensions.WebEncoders.dll".
             Reference found at search path location "{RawFileName}".
             This reference is not "CopyLocal" because at least one source item had "Private" set to "false" and no source items had "Private" set to "true".
             The ImageRuntimeVersion for this reference is "".
         Primary reference "Microsoft.JSInterop, Version=8.0.0.0, Culture=neutral, PublicKeyToken=adb9793829ddae60".
             Resolved file path is "/usr/local/share/dotnet/packs/Microsoft.AspNetCore.App.Ref/8.0.14/ref/net8.0/Microsoft.JSInterop.dll".
             Reference found at search path location "{RawFileName}".
             This reference is not "CopyLocal" because at least one source item had "Private" set to "false" and no source items had "Private" set to "true".
             The ImageRuntimeVersion for this reference is "".
         Primary reference "Microsoft.Net.Http.Headers, Version=8.0.0.0, Culture=neutral, PublicKeyToken=adb9793829ddae60".
             Resolved file path is "/usr/local/share/dotnet/packs/Microsoft.AspNetCore.App.Ref/8.0.14/ref/net8.0/Microsoft.Net.Http.Headers.dll".
             Reference found at search path location "{RawFileName}".
             This reference is not "CopyLocal" because at least one source item had "Private" set to "false" and no source items had "Private" set to "true".
             The ImageRuntimeVersion for this reference is "".
         Primary reference "System.Diagnostics.EventLog, Version=8.0.0.0, Culture=neutral, PublicKeyToken=cc7b13ffcd2ddd51".
             Resolved file path is "/usr/local/share/dotnet/packs/Microsoft.AspNetCore.App.Ref/8.0.14/ref/net8.0/System.Diagnostics.EventLog.dll".
             Reference found at search path location "{RawFileName}".
             This reference is not "CopyLocal" because at least one source item had "Private" set to "false" and no source items had "Private" set to "true".
             The ImageRuntimeVersion for this reference is "".
         Primary reference "System.IO.Pipelines, Version=8.0.0.0, Culture=neutral, PublicKeyToken=cc7b13ffcd2ddd51".
             Resolved file path is "/usr/local/share/dotnet/packs/Microsoft.AspNetCore.App.Ref/8.0.14/ref/net8.0/System.IO.Pipelines.dll".
             Reference found at search path location "{RawFileName}".
             This reference is not "CopyLocal" because at least one source item had "Private" set to "false" and no source items had "Private" set to "true".
             The ImageRuntimeVersion for this reference is "".
         Primary reference "System.Security.Cryptography.Xml, Version=8.0.0.0, Culture=neutral, PublicKeyToken=cc7b13ffcd2ddd51".
             Resolved file path is "/usr/local/share/dotnet/packs/Microsoft.AspNetCore.App.Ref/8.0.14/ref/net8.0/System.Security.Cryptography.Xml.dll".
             Reference found at search path location "{RawFileName}".
             This reference is not "CopyLocal" because at least one source item had "Private" set to "false" and no source items had "Private" set to "true".
             The ImageRuntimeVersion for this reference is "".
         Primary reference "System.Threading.RateLimiting, Version=8.0.0.0, Culture=neutral, PublicKeyToken=cc7b13ffcd2ddd51".
             Resolved file path is "/usr/local/share/dotnet/packs/Microsoft.AspNetCore.App.Ref/8.0.14/ref/net8.0/System.Threading.RateLimiting.dll".
             Reference found at search path location "{RawFileName}".
             This reference is not "CopyLocal" because at least one source item had "Private" set to "false" and no source items had "Private" set to "true".
             The ImageRuntimeVersion for this reference is "".
       Done executing task "ResolveAssemblyReference".
   1:7>Done building target "ResolveAssemblyReferences" in project "Cloud9.2.csproj".
       Target "GenerateBindingRedirects" skipped, due to false condition; ('$(AutoGenerateBindingRedirects)' == 'true' and '$(GenerateBindingRedirectsOutputType)' == 'true' and '@(SuggestedBindingRedirects)' != '' and '$(DesignTimeBuild)' != 'true' and '$(BuildingProject)' == 'true') was evaluated as ('' == 'true' and 'true' == 'true' and '' != '' and '' != 'true' and 'true' == 'true').
       Target "GenerateSupportedRuntime" skipped, due to false condition; ('$(GenerateSupportedRuntime)' != 'false' and '$(TargetFrameworkIdentifier)' == '.NETFramework' and '$(HasRuntimeOutput)' == 'true') was evaluated as ('' != 'false' and '.NETCoreApp' == '.NETFramework' and 'true' == 'true').
       Target "GenerateBindingRedirectsUpdateAppConfig" skipped, due to false condition; ('$(AutoGenerateBindingRedirects)' == 'true' and '$(GenerateBindingRedirectsOutputType)' == 'true') was evaluated as ('' == 'true' and 'true' == 'true').
       Target "ResolveComReferences" skipped, due to false condition; ('@(COMReference)'!='' or '@(COMFileReference)'!='') was evaluated as (''!='' or ''!='').
   1:7>Target "AfterResolveReferences" in file "/usr/local/share/dotnet/sdk/8.0.407/Microsoft.Common.CurrentVersion.targets" from project "/Users/tp/Projects/Cloud9.2/Cloud9.2.csproj" (target "ResolveReferences" depends on it):
   1:7>Done building target "AfterResolveReferences" in project "Cloud9.2.csproj".
   1:7>Target "ResolveReferences" in file "/usr/local/share/dotnet/sdk/8.0.407/Microsoft.Common.CurrentVersion.targets" from project "/Users/tp/Projects/Cloud9.2/Cloud9.2.csproj" (target "_BlockWinMDsOnUnsupportedTFMs" depends on it):
   1:7>Done building target "ResolveReferences" in project "Cloud9.2.csproj".
   1:7>Target "_BlockWinMDsOnUnsupportedTFMs" in file "/usr/local/share/dotnet/sdk/8.0.407/Sdks/Microsoft.NET.Sdk/targets/Microsoft.NET.Sdk.targets" from project "/Users/tp/Projects/Cloud9.2/Cloud9.2.csproj" (target "CoreBuild" depends on it):
       Using "CheckForUnsupportedWinMDReferences" task from assembly "/usr/local/share/dotnet/sdk/8.0.407/Sdks/Microsoft.NET.Sdk/targets/../tools/net8.0/Microsoft.NET.Build.Tasks.dll".
       Task "CheckForUnsupportedWinMDReferences"
       Done executing task "CheckForUnsupportedWinMDReferences".
       Task "NETSdkError" skipped, due to false condition; ('$(OutputType)' == 'winmdobj') was evaluated as ('Exe' == 'winmdobj').
   1:7>Done building target "_BlockWinMDsOnUnsupportedTFMs" in project "Cloud9.2.csproj".
       Target "ResolveReferences" skipped. Previously built successfully.
       Target "ResolvePackageDependenciesForBuild" skipped. Previously built successfully.
       Target "_HandlePackageFileConflicts" skipped. Previously built successfully.
   1:7>Target "CopyAdditionalFiles" in file "/usr/local/share/dotnet/sdk/8.0.407/Roslyn/Microsoft.Managed.Core.targets" from project "/Users/tp/Projects/Cloud9.2/Cloud9.2.csproj" (target "AssignTargetPaths" depends on it):
   1:7>Done building target "CopyAdditionalFiles" in project "Cloud9.2.csproj".
       Target "ResolvePackageAssets" skipped. Previously built successfully.
       Target "ResolveFrameworkReferences" skipped. Previously built successfully.
   1:7>Target "_GetAppHostPaths" in file "/usr/local/share/dotnet/sdk/8.0.407/Sdks/Microsoft.NET.Sdk/targets/Microsoft.NET.Sdk.targets" from project "/Users/tp/Projects/Cloud9.2/Cloud9.2.csproj" (target "_ChooseAppHost" depends on it):
       Task "NETSdkError" skipped, due to false condition; ('@(_NativeRestoredAppHostNETCore->Count())' > 1) was evaluated as ('0' > 1).
   1:7>Done building target "_GetAppHostPaths" in project "Cloud9.2.csproj".
   1:7>Target "_ChooseAppHost" in file "/usr/local/share/dotnet/sdk/8.0.407/Sdks/Microsoft.NET.Sdk/targets/Microsoft.NET.Sdk.targets" from project "/Users/tp/Projects/Cloud9.2/Cloud9.2.csproj" (target "_ComputeNETCoreBuildOutputFiles" depends on it):
   1:7>Done building target "_ChooseAppHost" in project "Cloud9.2.csproj".
       Target "_GetComHostPaths" skipped, due to false condition; ('$(EnableComHosting)' == 'true' and '$(_IsExecutable)' != 'true') was evaluated as ('' == 'true' and 'true' != 'true').
       Target "_GetIjwHostPaths" skipped, due to false condition; ('$(UseIJWHost)' == 'true') was evaluated as ('' == 'true').
   1:7>Target "_ComputeNETCoreBuildOutputFiles" in file "/usr/local/share/dotnet/sdk/8.0.407/Sdks/Microsoft.NET.Sdk/targets/Microsoft.NET.Sdk.targets" from project "/Users/tp/Projects/Cloud9.2/Cloud9.2.csproj" (target "AssignTargetPaths" depends on it):
   1:7>Done building target "_ComputeNETCoreBuildOutputFiles" in project "Cloud9.2.csproj".
   1:7>Target "ResolveStaticWebAssetsConfiguration" in file "/usr/local/share/dotnet/sdk/8.0.407/Sdks/Microsoft.NET.Sdk.StaticWebAssets/targets/Microsoft.NET.Sdk.StaticWebAssets.targets" from project "/Users/tp/Projects/Cloud9.2/Cloud9.2.csproj" (target "ResolveProjectStaticWebAssets" depends on it):
       Task "MakeDir" skipped, due to false condition; (!Exists('$(_StaticWebAssetsManifestBase)')) was evaluated as (!Exists('obj/Debug/net8.0/')).
       Task "MakeDir" skipped, due to false condition; (!Exists('$(_StaticWebAssetsIntermediateOutputPath)')) was evaluated as (!Exists('obj/Debug/net8.0/staticwebassets/')).
   1:7>Done building target "ResolveStaticWebAssetsConfiguration" in project "Cloud9.2.csproj".
   1:7>Target "ResolveProjectStaticWebAssets" in file "/usr/local/share/dotnet/sdk/8.0.407/Sdks/Microsoft.NET.Sdk.StaticWebAssets/targets/Microsoft.NET.Sdk.StaticWebAssets.targets" from project "/Users/tp/Projects/Cloud9.2/Cloud9.2.csproj" (target "AssignTargetPaths" depends on it):
       Using "DiscoverStaticWebAssets" task from assembly "/usr/local/share/dotnet/sdk/8.0.407/Sdks/Microsoft.NET.Sdk.StaticWebAssets/targets/../tasks/net8.0/Microsoft.NET.Sdk.StaticWebAssets.Tasks.dll".
       Task "DiscoverStaticWebAssets"
         Assembly loaded during TaskRun (Microsoft.AspNetCore.StaticWebAssets.Tasks.DiscoverStaticWebAssets): Microsoft.Extensions.FileSystemGlobbing, Version=8.0.0.0, Culture=neutral, PublicKeyToken=adb9793829ddae60 (location: /usr/local/share/dotnet/sdk/8.0.407/Sdks/Microsoft.NET.Sdk.StaticWebAssets/tasks/net8.0/Microsoft.Extensions.FileSystemGlobbing.dll, MVID: 323e76ff-b656-4dac-a245-a2c838eeed71, AssemblyLoadContext: MSBuild plugin /usr/local/share/dotnet/sdk/8.0.407/Sdks/Microsoft.NET.Sdk.StaticWebAssets/tasks/net8.0/Microsoft.NET.Sdk.StaticWebAssets.Tasks.dll)
         Accepted asset 'wwwroot/css/bootstrap-grid.css' for pattern 'wwwroot/**' with relative path 'css/bootstrap-grid.css'
         Accepted asset 'wwwroot/css/bootstrap-grid.css.map' for pattern 'wwwroot/**' with relative path 'css/bootstrap-grid.css.map'
         Accepted asset 'wwwroot/css/bootstrap-grid.min.css' for pattern 'wwwroot/**' with relative path 'css/bootstrap-grid.min.css'
         Accepted asset 'wwwroot/css/bootstrap-grid.min.css.map' for pattern 'wwwroot/**' with relative path 'css/bootstrap-grid.min.css.map'
         Accepted asset 'wwwroot/css/bootstrap-grid.rtl.css' for pattern 'wwwroot/**' with relative path 'css/bootstrap-grid.rtl.css'
         Accepted asset 'wwwroot/css/bootstrap-grid.rtl.css.map' for pattern 'wwwroot/**' with relative path 'css/bootstrap-grid.rtl.css.map'
         Accepted asset 'wwwroot/css/bootstrap-grid.rtl.min.css' for pattern 'wwwroot/**' with relative path 'css/bootstrap-grid.rtl.min.css'
         Accepted asset 'wwwroot/css/bootstrap-grid.rtl.min.css.map' for pattern 'wwwroot/**' with relative path 'css/bootstrap-grid.rtl.min.css.map'
         Accepted asset 'wwwroot/css/bootstrap-reboot.css' for pattern 'wwwroot/**' with relative path 'css/bootstrap-reboot.css'
         Accepted asset 'wwwroot/css/bootstrap-reboot.css.map' for pattern 'wwwroot/**' with relative path 'css/bootstrap-reboot.css.map'
         Accepted asset 'wwwroot/css/bootstrap-reboot.min.css' for pattern 'wwwroot/**' with relative path 'css/bootstrap-reboot.min.css'
         Accepted asset 'wwwroot/css/bootstrap-reboot.min.css.map' for pattern 'wwwroot/**' with relative path 'css/bootstrap-reboot.min.css.map'
         Accepted asset 'wwwroot/css/bootstrap-reboot.rtl.css' for pattern 'wwwroot/**' with relative path 'css/bootstrap-reboot.rtl.css'
         Accepted asset 'wwwroot/css/bootstrap-reboot.rtl.css.map' for pattern 'wwwroot/**' with relative path 'css/bootstrap-reboot.rtl.css.map'
         Accepted asset 'wwwroot/css/bootstrap-reboot.rtl.min.css' for pattern 'wwwroot/**' with relative path 'css/bootstrap-reboot.rtl.min.css'
         Accepted asset 'wwwroot/css/bootstrap-reboot.rtl.min.css.map' for pattern 'wwwroot/**' with relative path 'css/bootstrap-reboot.rtl.min.css.map'
         Accepted asset 'wwwroot/css/bootstrap-utilities.css' for pattern 'wwwroot/**' with relative path 'css/bootstrap-utilities.css'
         Accepted asset 'wwwroot/css/bootstrap-utilities.css.map' for pattern 'wwwroot/**' with relative path 'css/bootstrap-utilities.css.map'
         Accepted asset 'wwwroot/css/bootstrap-utilities.min.css' for pattern 'wwwroot/**' with relative path 'css/bootstrap-utilities.min.css'
         Accepted asset 'wwwroot/css/bootstrap-utilities.min.css.map' for pattern 'wwwroot/**' with relative path 'css/bootstrap-utilities.min.css.map'
         Accepted asset 'wwwroot/css/bootstrap-utilities.rtl.css' for pattern 'wwwroot/**' with relative path 'css/bootstrap-utilities.rtl.css'
         Accepted asset 'wwwroot/css/bootstrap-utilities.rtl.css.map' for pattern 'wwwroot/**' with relative path 'css/bootstrap-utilities.rtl.css.map'
         Accepted asset 'wwwroot/css/bootstrap-utilities.rtl.min.css' for pattern 'wwwroot/**' with relative path 'css/bootstrap-utilities.rtl.min.css'
         Accepted asset 'wwwroot/css/bootstrap-utilities.rtl.min.css.map' for pattern 'wwwroot/**' with relative path 'css/bootstrap-utilities.rtl.min.css.map'
         Accepted asset 'wwwroot/css/bootstrap.css' for pattern 'wwwroot/**' with relative path 'css/bootstrap.css'
         Accepted asset 'wwwroot/css/bootstrap.css.map' for pattern 'wwwroot/**' with relative path 'css/bootstrap.css.map'
         Accepted asset 'wwwroot/css/bootstrap.min.css' for pattern 'wwwroot/**' with relative path 'css/bootstrap.min.css'
         Accepted asset 'wwwroot/css/bootstrap.min.css.map' for pattern 'wwwroot/**' with relative path 'css/bootstrap.min.css.map'
         Accepted asset 'wwwroot/css/bootstrap.rtl.css' for pattern 'wwwroot/**' with relative path 'css/bootstrap.rtl.css'
         Accepted asset 'wwwroot/css/bootstrap.rtl.css.map' for pattern 'wwwroot/**' with relative path 'css/bootstrap.rtl.css.map'
         Accepted asset 'wwwroot/css/bootstrap.rtl.min.css' for pattern 'wwwroot/**' with relative path 'css/bootstrap.rtl.min.css'
         Accepted asset 'wwwroot/css/bootstrap.rtl.min.css.map' for pattern 'wwwroot/**' with relative path 'css/bootstrap.rtl.min.css.map'
         Accepted asset 'wwwroot/css/site.css' for pattern 'wwwroot/**' with relative path 'css/site.css'
         Accepted asset 'wwwroot/favicon.ico' for pattern 'wwwroot/**' with relative path 'favicon.ico'
         Accepted asset 'wwwroot/Images/box-arrow-right.svg' for pattern 'wwwroot/**' with relative path 'Images/box-arrow-right.svg'
         Accepted asset 'wwwroot/Images/login_pic.jpg' for pattern 'wwwroot/**' with relative path 'Images/login_pic.jpg'
         Accepted asset 'wwwroot/Images/person-fill-gear.svg' for pattern 'wwwroot/**' with relative path 'Images/person-fill-gear.svg'
         Accepted asset 'wwwroot/Images/pexels-asadphoto-3250614.jpg' for pattern 'wwwroot/**' with relative path 'Images/pexels-asadphoto-3250614.jpg'
         Accepted asset 'wwwroot/Images/pexels-brett-sayles-1431822.jpg' for pattern 'wwwroot/**' with relative path 'Images/pexels-brett-sayles-1431822.jpg'
         Accepted asset 'wwwroot/Images/pexels-eberhardgross-2310713.jpg' for pattern 'wwwroot/**' with relative path 'Images/pexels-eberhardgross-2310713.jpg'
         Accepted asset 'wwwroot/Images/pexels-rpnickson-2486168.jpg' for pattern 'wwwroot/**' with relative path 'Images/pexels-rpnickson-2486168.jpg'
         Accepted asset 'wwwroot/js/bootstrap.bundle.js' for pattern 'wwwroot/**' with relative path 'js/bootstrap.bundle.js'
         Accepted asset 'wwwroot/js/bootstrap.bundle.js.map' for pattern 'wwwroot/**' with relative path 'js/bootstrap.bundle.js.map'
         Accepted asset 'wwwroot/js/bootstrap.bundle.min.js' for pattern 'wwwroot/**' with relative path 'js/bootstrap.bundle.min.js'
         Accepted asset 'wwwroot/js/bootstrap.bundle.min.js.map' for pattern 'wwwroot/**' with relative path 'js/bootstrap.bundle.min.js.map'
         Accepted asset 'wwwroot/js/bootstrap.esm.js' for pattern 'wwwroot/**' with relative path 'js/bootstrap.esm.js'
         Accepted asset 'wwwroot/js/bootstrap.esm.js.map' for pattern 'wwwroot/**' with relative path 'js/bootstrap.esm.js.map'
         Accepted asset 'wwwroot/js/bootstrap.esm.min.js' for pattern 'wwwroot/**' with relative path 'js/bootstrap.esm.min.js'
         Accepted asset 'wwwroot/js/bootstrap.esm.min.js.map' for pattern 'wwwroot/**' with relative path 'js/bootstrap.esm.min.js.map'
         Accepted asset 'wwwroot/js/bootstrap.js' for pattern 'wwwroot/**' with relative path 'js/bootstrap.js'
         Accepted asset 'wwwroot/js/bootstrap.js.map' for pattern 'wwwroot/**' with relative path 'js/bootstrap.js.map'
         Accepted asset 'wwwroot/js/bootstrap.min.js' for pattern 'wwwroot/**' with relative path 'js/bootstrap.min.js'
         Accepted asset 'wwwroot/js/bootstrap.min.js.map' for pattern 'wwwroot/**' with relative path 'js/bootstrap.min.js.map'
         Accepted asset 'wwwroot/js/draggabilly.pkgd.min.js' for pattern 'wwwroot/**' with relative path 'js/draggabilly.pkgd.min.js'
         Accepted asset 'wwwroot/js/imagesloaded.pkgd.min.js' for pattern 'wwwroot/**' with relative path 'js/imagesloaded.pkgd.min.js'
         Accepted asset 'wwwroot/js/packery.pkgd.min.js' for pattern 'wwwroot/**' with relative path 'js/packery.pkgd.min.js'
         Accepted asset 'wwwroot/js/signalr.min.js' for pattern 'wwwroot/**' with relative path 'js/signalr.min.js'
         Accepted asset 'wwwroot/js/site.js' for pattern 'wwwroot/**' with relative path 'js/site.js'
         Accepted asset 'wwwroot/lib/bootstrap/dist/css/bootstrap-grid.css' for pattern 'wwwroot/**' with relative path 'lib/bootstrap/dist/css/bootstrap-grid.css'
         Accepted asset 'wwwroot/lib/bootstrap/dist/css/bootstrap-grid.css.map' for pattern 'wwwroot/**' with relative path 'lib/bootstrap/dist/css/bootstrap-grid.css.map'
         Accepted asset 'wwwroot/lib/bootstrap/dist/css/bootstrap-grid.min.css' for pattern 'wwwroot/**' with relative path 'lib/bootstrap/dist/css/bootstrap-grid.min.css'
         Accepted asset 'wwwroot/lib/bootstrap/dist/css/bootstrap-grid.min.css.map' for pattern 'wwwroot/**' with relative path 'lib/bootstrap/dist/css/bootstrap-grid.min.css.map'
         Accepted asset 'wwwroot/lib/bootstrap/dist/css/bootstrap-grid.rtl.css' for pattern 'wwwroot/**' with relative path 'lib/bootstrap/dist/css/bootstrap-grid.rtl.css'
         Accepted asset 'wwwroot/lib/bootstrap/dist/css/bootstrap-grid.rtl.css.map' for pattern 'wwwroot/**' with relative path 'lib/bootstrap/dist/css/bootstrap-grid.rtl.css.map'
         Accepted asset 'wwwroot/lib/bootstrap/dist/css/bootstrap-grid.rtl.min.css' for pattern 'wwwroot/**' with relative path 'lib/bootstrap/dist/css/bootstrap-grid.rtl.min.css'
         Accepted asset 'wwwroot/lib/bootstrap/dist/css/bootstrap-grid.rtl.min.css.map' for pattern 'wwwroot/**' with relative path 'lib/bootstrap/dist/css/bootstrap-grid.rtl.min.css.map'
         Accepted asset 'wwwroot/lib/bootstrap/dist/css/bootstrap-reboot.css' for pattern 'wwwroot/**' with relative path 'lib/bootstrap/dist/css/bootstrap-reboot.css'
         Accepted asset 'wwwroot/lib/bootstrap/dist/css/bootstrap-reboot.css.map' for pattern 'wwwroot/**' with relative path 'lib/bootstrap/dist/css/bootstrap-reboot.css.map'
         Accepted asset 'wwwroot/lib/bootstrap/dist/css/bootstrap-reboot.min.css' for pattern 'wwwroot/**' with relative path 'lib/bootstrap/dist/css/bootstrap-reboot.min.css'
         Accepted asset 'wwwroot/lib/bootstrap/dist/css/bootstrap-reboot.min.css.map' for pattern 'wwwroot/**' with relative path 'lib/bootstrap/dist/css/bootstrap-reboot.min.css.map'
         Accepted asset 'wwwroot/lib/bootstrap/dist/css/bootstrap-reboot.rtl.css' for pattern 'wwwroot/**' with relative path 'lib/bootstrap/dist/css/bootstrap-reboot.rtl.css'
         Accepted asset 'wwwroot/lib/bootstrap/dist/css/bootstrap-reboot.rtl.css.map' for pattern 'wwwroot/**' with relative path 'lib/bootstrap/dist/css/bootstrap-reboot.rtl.css.map'
         Accepted asset 'wwwroot/lib/bootstrap/dist/css/bootstrap-reboot.rtl.min.css' for pattern 'wwwroot/**' with relative path 'lib/bootstrap/dist/css/bootstrap-reboot.rtl.min.css'
         Accepted asset 'wwwroot/lib/bootstrap/dist/css/bootstrap-reboot.rtl.min.css.map' for pattern 'wwwroot/**' with relative path 'lib/bootstrap/dist/css/bootstrap-reboot.rtl.min.css.map'
         Accepted asset 'wwwroot/lib/bootstrap/dist/css/bootstrap-utilities.css' for pattern 'wwwroot/**' with relative path 'lib/bootstrap/dist/css/bootstrap-utilities.css'
         Accepted asset 'wwwroot/lib/bootstrap/dist/css/bootstrap-utilities.css.map' for pattern 'wwwroot/**' with relative path 'lib/bootstrap/dist/css/bootstrap-utilities.css.map'
         Accepted asset 'wwwroot/lib/bootstrap/dist/css/bootstrap-utilities.min.css' for pattern 'wwwroot/**' with relative path 'lib/bootstrap/dist/css/bootstrap-utilities.min.css'
         Accepted asset 'wwwroot/lib/bootstrap/dist/css/bootstrap-utilities.min.css.map' for pattern 'wwwroot/**' with relative path 'lib/bootstrap/dist/css/bootstrap-utilities.min.css.map'
         Accepted asset 'wwwroot/lib/bootstrap/dist/css/bootstrap-utilities.rtl.css' for pattern 'wwwroot/**' with relative path 'lib/bootstrap/dist/css/bootstrap-utilities.rtl.css'
         Accepted asset 'wwwroot/lib/bootstrap/dist/css/bootstrap-utilities.rtl.css.map' for pattern 'wwwroot/**' with relative path 'lib/bootstrap/dist/css/bootstrap-utilities.rtl.css.map'
         Accepted asset 'wwwroot/lib/bootstrap/dist/css/bootstrap-utilities.rtl.min.css' for pattern 'wwwroot/**' with relative path 'lib/bootstrap/dist/css/bootstrap-utilities.rtl.min.css'
         Accepted asset 'wwwroot/lib/bootstrap/dist/css/bootstrap-utilities.rtl.min.css.map' for pattern 'wwwroot/**' with relative path 'lib/bootstrap/dist/css/bootstrap-utilities.rtl.min.css.map'
         Accepted asset 'wwwroot/lib/bootstrap/dist/css/bootstrap.css' for pattern 'wwwroot/**' with relative path 'lib/bootstrap/dist/css/bootstrap.css'
         Accepted asset 'wwwroot/lib/bootstrap/dist/css/bootstrap.css.map' for pattern 'wwwroot/**' with relative path 'lib/bootstrap/dist/css/bootstrap.css.map'
         Accepted asset 'wwwroot/lib/bootstrap/dist/css/bootstrap.min.css' for pattern 'wwwroot/**' with relative path 'lib/bootstrap/dist/css/bootstrap.min.css'
         Accepted asset 'wwwroot/lib/bootstrap/dist/css/bootstrap.min.css.map' for pattern 'wwwroot/**' with relative path 'lib/bootstrap/dist/css/bootstrap.min.css.map'
         Accepted asset 'wwwroot/lib/bootstrap/dist/css/bootstrap.rtl.css' for pattern 'wwwroot/**' with relative path 'lib/bootstrap/dist/css/bootstrap.rtl.css'
         Accepted asset 'wwwroot/lib/bootstrap/dist/css/bootstrap.rtl.css.map' for pattern 'wwwroot/**' with relative path 'lib/bootstrap/dist/css/bootstrap.rtl.css.map'
         Accepted asset 'wwwroot/lib/bootstrap/dist/css/bootstrap.rtl.min.css' for pattern 'wwwroot/**' with relative path 'lib/bootstrap/dist/css/bootstrap.rtl.min.css'
         Accepted asset 'wwwroot/lib/bootstrap/dist/css/bootstrap.rtl.min.css.map' for pattern 'wwwroot/**' with relative path 'lib/bootstrap/dist/css/bootstrap.rtl.min.css.map'
         Accepted asset 'wwwroot/lib/bootstrap/dist/js/bootstrap.bundle.js' for pattern 'wwwroot/**' with relative path 'lib/bootstrap/dist/js/bootstrap.bundle.js'
         Accepted asset 'wwwroot/lib/bootstrap/dist/js/bootstrap.bundle.js.map' for pattern 'wwwroot/**' with relative path 'lib/bootstrap/dist/js/bootstrap.bundle.js.map'
         Accepted asset 'wwwroot/lib/bootstrap/dist/js/bootstrap.bundle.min.js' for pattern 'wwwroot/**' with relative path 'lib/bootstrap/dist/js/bootstrap.bundle.min.js'
         Accepted asset 'wwwroot/lib/bootstrap/dist/js/bootstrap.bundle.min.js.map' for pattern 'wwwroot/**' with relative path 'lib/bootstrap/dist/js/bootstrap.bundle.min.js.map'
         Accepted asset 'wwwroot/lib/bootstrap/dist/js/bootstrap.esm.js' for pattern 'wwwroot/**' with relative path 'lib/bootstrap/dist/js/bootstrap.esm.js'
         Accepted asset 'wwwroot/lib/bootstrap/dist/js/bootstrap.esm.js.map' for pattern 'wwwroot/**' with relative path 'lib/bootstrap/dist/js/bootstrap.esm.js.map'
         Accepted asset 'wwwroot/lib/bootstrap/dist/js/bootstrap.esm.min.js' for pattern 'wwwroot/**' with relative path 'lib/bootstrap/dist/js/bootstrap.esm.min.js'
         Accepted asset 'wwwroot/lib/bootstrap/dist/js/bootstrap.esm.min.js.map' for pattern 'wwwroot/**' with relative path 'lib/bootstrap/dist/js/bootstrap.esm.min.js.map'
         Accepted asset 'wwwroot/lib/bootstrap/dist/js/bootstrap.js' for pattern 'wwwroot/**' with relative path 'lib/bootstrap/dist/js/bootstrap.js'
         Accepted asset 'wwwroot/lib/bootstrap/dist/js/bootstrap.js.map' for pattern 'wwwroot/**' with relative path 'lib/bootstrap/dist/js/bootstrap.js.map'
         Accepted asset 'wwwroot/lib/bootstrap/dist/js/bootstrap.min.js' for pattern 'wwwroot/**' with relative path 'lib/bootstrap/dist/js/bootstrap.min.js'
         Accepted asset 'wwwroot/lib/bootstrap/dist/js/bootstrap.min.js.map' for pattern 'wwwroot/**' with relative path 'lib/bootstrap/dist/js/bootstrap.min.js.map'
         Accepted asset 'wwwroot/lib/bootstrap/LICENSE' for pattern 'wwwroot/**' with relative path 'lib/bootstrap/LICENSE'
         Accepted asset 'wwwroot/lib/jquery-validation-unobtrusive/jquery.validate.unobtrusive.js' for pattern 'wwwroot/**' with relative path 'lib/jquery-validation-unobtrusive/jquery.validate.unobtrusive.js'
         Accepted asset 'wwwroot/lib/jquery-validation-unobtrusive/jquery.validate.unobtrusive.min.js' for pattern 'wwwroot/**' with relative path 'lib/jquery-validation-unobtrusive/jquery.validate.unobtrusive.min.js'
         Accepted asset 'wwwroot/lib/jquery-validation-unobtrusive/LICENSE.txt' for pattern 'wwwroot/**' with relative path 'lib/jquery-validation-unobtrusive/LICENSE.txt'
         Accepted asset 'wwwroot/lib/jquery-validation/dist/additional-methods.js' for pattern 'wwwroot/**' with relative path 'lib/jquery-validation/dist/additional-methods.js'
         Accepted asset 'wwwroot/lib/jquery-validation/dist/additional-methods.min.js' for pattern 'wwwroot/**' with relative path 'lib/jquery-validation/dist/additional-methods.min.js'
         Accepted asset 'wwwroot/lib/jquery-validation/dist/jquery.validate.js' for pattern 'wwwroot/**' with relative path 'lib/jquery-validation/dist/jquery.validate.js'
         Accepted asset 'wwwroot/lib/jquery-validation/dist/jquery.validate.min.js' for pattern 'wwwroot/**' with relative path 'lib/jquery-validation/dist/jquery.validate.min.js'
         Accepted asset 'wwwroot/lib/jquery-validation/LICENSE.md' for pattern 'wwwroot/**' with relative path 'lib/jquery-validation/LICENSE.md'
         Accepted asset 'wwwroot/lib/jquery/dist/jquery.js' for pattern 'wwwroot/**' with relative path 'lib/jquery/dist/jquery.js'
         Accepted asset 'wwwroot/lib/jquery/dist/jquery.min.js' for pattern 'wwwroot/**' with relative path 'lib/jquery/dist/jquery.min.js'
         Accepted asset 'wwwroot/lib/jquery/dist/jquery.min.map' for pattern 'wwwroot/**' with relative path 'lib/jquery/dist/jquery.min.map'
         Accepted asset 'wwwroot/lib/jquery/LICENSE.txt' for pattern 'wwwroot/**' with relative path 'lib/jquery/LICENSE.txt'
         Rejected asset 'appsettings.Development.json' for pattern 'wwwroot/**'
         Rejected asset 'appsettings.json' for pattern 'wwwroot/**'
         Rejected asset 'Areas/Identity/Pages/Account/AccessDenied.cshtml' for pattern 'wwwroot/**'
         Rejected asset 'Areas/Identity/Pages/Account/ConfirmEmail.cshtml' for pattern 'wwwroot/**'
         Rejected asset 'Areas/Identity/Pages/Account/ConfirmEmailChange.cshtml' for pattern 'wwwroot/**'
         Rejected asset 'Areas/Identity/Pages/Account/ExternalLogin.cshtml' for pattern 'wwwroot/**'
         Rejected asset 'Areas/Identity/Pages/Account/ForgotPassword.cshtml' for pattern 'wwwroot/**'
         Rejected asset 'Areas/Identity/Pages/Account/ForgotPasswordConfirmation.cshtml' for pattern 'wwwroot/**'
         Rejected asset 'Areas/Identity/Pages/Account/Lockout.cshtml' for pattern 'wwwroot/**'
         Rejected asset 'Areas/Identity/Pages/Account/Login.cshtml' for pattern 'wwwroot/**'
         Rejected asset 'Areas/Identity/Pages/Account/LoginWith2fa.cshtml' for pattern 'wwwroot/**'
         Rejected asset 'Areas/Identity/Pages/Account/LoginWithRecoveryCode.cshtml' for pattern 'wwwroot/**'
         Rejected asset 'Areas/Identity/Pages/Account/Logout.cshtml' for pattern 'wwwroot/**'
         Rejected asset 'Areas/Identity/Pages/Account/Manage/ChangePassword.cshtml' for pattern 'wwwroot/**'
         Rejected asset 'Areas/Identity/Pages/Account/Manage/DeletePersonalData.cshtml' for pattern 'wwwroot/**'
         Rejected asset 'Areas/Identity/Pages/Account/Manage/Disable2fa.cshtml' for pattern 'wwwroot/**'
         Rejected asset 'Areas/Identity/Pages/Account/Manage/DownloadPersonalData.cshtml' for pattern 'wwwroot/**'
         Rejected asset 'Areas/Identity/Pages/Account/Manage/Email.cshtml' for pattern 'wwwroot/**'
         Rejected asset 'Areas/Identity/Pages/Account/Manage/EnableAuthenticator.cshtml' for pattern 'wwwroot/**'
         Rejected asset 'Areas/Identity/Pages/Account/Manage/ExternalLogins.cshtml' for pattern 'wwwroot/**'
         Rejected asset 'Areas/Identity/Pages/Account/Manage/GenerateRecoveryCodes.cshtml' for pattern 'wwwroot/**'
         Rejected asset 'Areas/Identity/Pages/Account/Manage/Index.cshtml' for pattern 'wwwroot/**'
         Rejected asset 'Areas/Identity/Pages/Account/Manage/PersonalData.cshtml' for pattern 'wwwroot/**'
         Rejected asset 'Areas/Identity/Pages/Account/Manage/ResetAuthenticator.cshtml' for pattern 'wwwroot/**'
         Rejected asset 'Areas/Identity/Pages/Account/Manage/SetPassword.cshtml' for pattern 'wwwroot/**'
         Rejected asset 'Areas/Identity/Pages/Account/Manage/ShowRecoveryCodes.cshtml' for pattern 'wwwroot/**'
         Rejected asset 'Areas/Identity/Pages/Account/Manage/TwoFactorAuthentication.cshtml' for pattern 'wwwroot/**'
         Rejected asset 'Areas/Identity/Pages/Account/Manage/_Layout.cshtml' for pattern 'wwwroot/**'
         Rejected asset 'Areas/Identity/Pages/Account/Manage/_ManageNav.cshtml' for pattern 'wwwroot/**'
         Rejected asset 'Areas/Identity/Pages/Account/Manage/_StatusMessage.cshtml' for pattern 'wwwroot/**'
         Rejected asset 'Areas/Identity/Pages/Account/Manage/_ViewImports.cshtml' for pattern 'wwwroot/**'
         Rejected asset 'Areas/Identity/Pages/Account/Register.cshtml' for pattern 'wwwroot/**'
         Rejected asset 'Areas/Identity/Pages/Account/RegisterConfirmation.cshtml' for pattern 'wwwroot/**'
         Rejected asset 'Areas/Identity/Pages/Account/ResendEmailConfirmation.cshtml' for pattern 'wwwroot/**'
         Rejected asset 'Areas/Identity/Pages/Account/ResetPassword.cshtml' for pattern 'wwwroot/**'
         Rejected asset 'Areas/Identity/Pages/Account/ResetPasswordConfirmation.cshtml' for pattern 'wwwroot/**'
         Rejected asset 'Areas/Identity/Pages/Account/SignalR.cshtml' for pattern 'wwwroot/**'
         Rejected asset 'Areas/Identity/Pages/Account/_StatusMessage.cshtml' for pattern 'wwwroot/**'
         Rejected asset 'Areas/Identity/Pages/Account/_ViewImports.cshtml' for pattern 'wwwroot/**'
         Rejected asset 'Areas/Identity/Pages/Error.cshtml' for pattern 'wwwroot/**'
         Rejected asset 'Areas/Identity/Pages/_ValidationScriptsPartial.cshtml' for pattern 'wwwroot/**'
         Rejected asset 'Areas/Identity/Pages/_ViewImports.cshtml' for pattern 'wwwroot/**'
         Rejected asset 'Areas/Identity/Pages/_ViewStart.cshtml' for pattern 'wwwroot/**'
         Rejected asset 'Pages/Admin/Permissions/Permissions.cshtml' for pattern 'wwwroot/**'
         Rejected asset 'Pages/CRM/Partners/Index.cshtml' for pattern 'wwwroot/**'
         Rejected asset 'Pages/Error.cshtml' for pattern 'wwwroot/**'
         Rejected asset 'Pages/Index.cshtml' for pattern 'wwwroot/**'
         Rejected asset 'Pages/Privacy.cshtml' for pattern 'wwwroot/**'
         Rejected asset 'Pages/Shared/_Layout.cshtml' for pattern 'wwwroot/**'
         Rejected asset 'Pages/Shared/_LayoutDashboard.cshtml' for pattern 'wwwroot/**'
         Rejected asset 'Pages/Shared/_LoginPartial.cshtml' for pattern 'wwwroot/**'
         Rejected asset 'Pages/Shared/_ValidationScriptsPartial.cshtml' for pattern 'wwwroot/**'
         Rejected asset 'Pages/_ViewImports.cshtml' for pattern 'wwwroot/**'
         Rejected asset 'Pages/_ViewStart.cshtml' for pattern 'wwwroot/**'
       Done executing task "DiscoverStaticWebAssets".
   1:7>Done building target "ResolveProjectStaticWebAssets" in project "Cloud9.2.csproj".
   1:7>Target "AssignTargetPaths" in file "/usr/local/share/dotnet/sdk/8.0.407/Microsoft.Common.CurrentVersion.targets" from project "/Users/tp/Projects/Cloud9.2/Cloud9.2.csproj" (target "PrepareResourceNames" depends on it):
       Using "AssignTargetPath" task from assembly "Microsoft.Build.Tasks.Core, Version=15.1.0.0, Culture=neutral, PublicKeyToken=b03f5f7f11d50a3a".
       Task "AssignTargetPath"
       Done executing task "AssignTargetPath".
       Task "AssignTargetPath"
       Done executing task "AssignTargetPath".
       Task "AssignTargetPath"
       Done executing task "AssignTargetPath".
       Task "AssignTargetPath"
       Done executing task "AssignTargetPath".
       Task "AssignTargetPath" skipped, due to false condition; ('@(_DeploymentBaseManifestWithTargetPath)'=='' and '%(None.Extension)'=='.manifest') was evaluated as (''=='' and '.jpg'=='.manifest').
       Task "AssignTargetPath" skipped, due to false condition; ('@(_DeploymentBaseManifestWithTargetPath)'=='' and '%(None.Extension)'=='.manifest') was evaluated as (''=='' and '.txt'=='.manifest').
       Task "AssignTargetPath" skipped, due to false condition; ('@(_DeploymentBaseManifestWithTargetPath)'=='' and '%(None.Extension)'=='.manifest') was evaluated as (''=='' and '.css'=='.manifest').
       Task "AssignTargetPath" skipped, due to false condition; ('@(_DeploymentBaseManifestWithTargetPath)'=='' and '%(None.Extension)'=='.manifest') was evaluated as (''=='' and '.json'=='.manifest').
       Task "AssignTargetPath" skipped, due to false condition; ('@(_DeploymentBaseManifestWithTargetPath)'=='' and '%(None.Extension)'=='.manifest') was evaluated as (''=='' and ''=='.manifest').
   1:7>Done building target "AssignTargetPaths" in project "Cloud9.2.csproj".
       Target "AssignTargetPaths" skipped. Previously built successfully.
   1:7>Target "SplitResourcesByCulture" in file "/usr/local/share/dotnet/sdk/8.0.407/Microsoft.Common.CurrentVersion.targets" from project "/Users/tp/Projects/Cloud9.2/Cloud9.2.csproj" (target "PrepareResourceNames" depends on it):
       Task "Warning" skipped, due to false condition; ('@(ResxWithNoCulture)'!='') was evaluated as (''!='').
       Task "Warning" skipped, due to false condition; ('@(ResxWithCulture)'!='') was evaluated as (''!='').
       Task "Warning" skipped, due to false condition; ('@(NonResxWithCulture)'!='') was evaluated as (''!='').
       Task "Warning" skipped, due to false condition; ('@(NonResxWithNoCulture)'!='') was evaluated as (''!='').
       Using "AssignCulture" task from assembly "Microsoft.Build.Tasks.Core, Version=15.1.0.0, Culture=neutral, PublicKeyToken=b03f5f7f11d50a3a".
       Task "AssignCulture"
       Done executing task "AssignCulture".
   1:7>Done building target "SplitResourcesByCulture" in project "Cloud9.2.csproj".
       Target "CreateManifestResourceNames" skipped, due to false condition; ('@(EmbeddedResource)' != '') was evaluated as ('' != '').
   1:7>Target "CreateCustomManifestResourceNames" in file "/usr/local/share/dotnet/sdk/8.0.407/Microsoft.Common.CurrentVersion.targets" from project "/Users/tp/Projects/Cloud9.2/Cloud9.2.csproj" (target "PrepareResourceNames" depends on it):
   1:7>Done building target "CreateCustomManifestResourceNames" in project "Cloud9.2.csproj".
   1:7>Target "PrepareResourceNames" in file "/usr/local/share/dotnet/sdk/8.0.407/Microsoft.Common.CurrentVersion.targets" from project "/Users/tp/Projects/Cloud9.2/Cloud9.2.csproj" (target "PrepareResources" depends on it):
   1:7>Done building target "PrepareResourceNames" in project "Cloud9.2.csproj".
       Target "ResolveAssemblyReferences" skipped. Previously built successfully.
       Target "SplitResourcesByCulture" skipped. Previously built successfully.
   1:7>Target "BeforeResGen" in file "/usr/local/share/dotnet/sdk/8.0.407/Microsoft.Common.CurrentVersion.targets" from project "/Users/tp/Projects/Cloud9.2/Cloud9.2.csproj" (target "ResGen" depends on it):
   1:7>Done building target "BeforeResGen" in project "Cloud9.2.csproj".
       Target "ResolveReferences" skipped. Previously built successfully.
   1:7>Target "FindReferenceAssembliesForReferences" in file "/usr/local/share/dotnet/sdk/8.0.407/Microsoft.Common.CurrentVersion.targets" from project "/Users/tp/Projects/Cloud9.2/Cloud9.2.csproj" (target "CoreResGen" depends on it):
   1:7>Done building target "FindReferenceAssembliesForReferences" in project "Cloud9.2.csproj".
   1:7>Target "CoreResGen" in file "/usr/local/share/dotnet/sdk/8.0.407/Microsoft.Common.CurrentVersion.targets" from project "/Users/tp/Projects/Cloud9.2/Cloud9.2.csproj" (target "ResGen" depends on it):
       Task "GenerateResource" skipped, due to false condition; ('%(EmbeddedResource.Type)' == 'Resx' and '%(EmbeddedResource.GenerateResource)' != 'false' and '$(GenerateResourceMSBuildRuntime)' != 'CLR2') was evaluated as ('' == 'Resx' and '' != 'false' and 'CurrentRuntime' != 'CLR2').
       Task "GenerateResource" skipped, due to false condition; ('%(EmbeddedResource.Type)' == 'Resx' and '%(EmbeddedResource.GenerateResource)' != 'false' and '$(GenerateResourceMSBuildRuntime)' == 'CLR2') was evaluated as ('' == 'Resx' and '' != 'false' and 'CurrentRuntime' == 'CLR2').
   1:7>Done building target "CoreResGen" in project "Cloud9.2.csproj".
   1:7>Target "AfterResGen" in file "/usr/local/share/dotnet/sdk/8.0.407/Microsoft.Common.CurrentVersion.targets" from project "/Users/tp/Projects/Cloud9.2/Cloud9.2.csproj" (target "ResGen" depends on it):
   1:7>Done building target "AfterResGen" in project "Cloud9.2.csproj".
   1:7>Target "ResGen" in file "/usr/local/share/dotnet/sdk/8.0.407/Microsoft.Common.CurrentVersion.targets" from project "/Users/tp/Projects/Cloud9.2/Cloud9.2.csproj" (target "PrepareResources" depends on it):
   1:7>Done building target "ResGen" in project "Cloud9.2.csproj".
       Target "CompileLicxFiles" skipped, due to false condition; ('@(_LicxFile)'!='') was evaluated as (''!='').
   1:7>Target "PrepareResources" in file "/usr/local/share/dotnet/sdk/8.0.407/Microsoft.Common.CurrentVersion.targets" from project "/Users/tp/Projects/Cloud9.2/Cloud9.2.csproj" (target "CoreBuild" depends on it):
   1:7>Done building target "PrepareResources" in project "Cloud9.2.csproj".
       Target "ResolveKeySource" skipped, due to false condition; ($(SignManifests) == 'true' or $(SignAssembly) == 'true') was evaluated as ( == 'true' or false == 'true').
       Target "ResolveReferences" skipped. Previously built successfully.
       Target "ResolveKeySource" skipped, due to false condition; ($(SignManifests) == 'true' or $(SignAssembly) == 'true') was evaluated as ( == 'true' or false == 'true').
       Target "ResolveComReferences" skipped, due to false condition; ('@(COMReference)'!='' or '@(COMFileReference)'!='') was evaluated as (''!='' or ''!='').
       Target "ResolveNativeReferences" skipped, due to false condition; ('@(NativeReference)'!='') was evaluated as (''!='').
       Target "_SetExternalWin32ManifestProperties" skipped, due to false condition; ('$(GenerateClickOnceManifests)'=='true' or '@(NativeReference)'!='' or '@(ResolvedIsolatedComModules)'!='') was evaluated as (''=='true' or ''!='' or ''!='').
   1:7>Target "_SetEmbeddedWin32ManifestProperties" in file "/usr/local/share/dotnet/sdk/8.0.407/Microsoft.Common.CurrentVersion.targets" from project "/Users/tp/Projects/Cloud9.2/Cloud9.2.csproj" (target "SetWin32ManifestProperties" depends on it):
       Using "GetFrameworkPath" task from assembly "Microsoft.Build.Tasks.Core, Version=15.1.0.0, Culture=neutral, PublicKeyToken=b03f5f7f11d50a3a".
       Task "GetFrameworkPath"
       Done executing task "GetFrameworkPath".
   1:7>Done building target "_SetEmbeddedWin32ManifestProperties" in project "Cloud9.2.csproj".
   1:7>Target "SetWin32ManifestProperties" in file "/usr/local/share/dotnet/sdk/8.0.407/Microsoft.Common.CurrentVersion.targets" from project "/Users/tp/Projects/Cloud9.2/Cloud9.2.csproj" (target "Compile" depends on it):
   1:7>Done building target "SetWin32ManifestProperties" in project "Cloud9.2.csproj".
       Target "_SetPreferNativeArm64Win32ManifestProperties" skipped, due to false condition; ( '$(PreferNativeArm64)'=='true' and '$(NoWin32Manifest)'!='true') was evaluated as ( ''=='true' and ''!='true').
       Target "FindReferenceAssembliesForReferences" skipped. Previously built successfully.
   1:7>Target "_GenerateCompileInputs" in file "/usr/local/share/dotnet/sdk/8.0.407/Microsoft.Common.CurrentVersion.targets" from project "/Users/tp/Projects/Cloud9.2/Cloud9.2.csproj" (target "Compile" depends on it):
       Task "Warning" skipped, due to false condition; ('@(ManifestResourceWithNoCulture)'!='' and '%(ManifestResourceWithNoCulture.EmittedForCompatibilityOnly)'=='') was evaluated as (''!='' and ''=='').
       Task "Warning" skipped, due to false condition; ('@(ManifestNonResxWithNoCultureOnDisk)'!='' and '%(ManifestNonResxWithNoCultureOnDisk.EmittedForCompatibilityOnly)'=='') was evaluated as (''!='' and ''=='').
   1:7>Done building target "_GenerateCompileInputs" in project "Cloud9.2.csproj".
       Target "PrepareForBuild" skipped. Previously built successfully.
   1:7>Target "ResolveRazorConfiguration" in file "/usr/local/share/dotnet/sdk/8.0.407/Sdks/Microsoft.NET.Sdk.Razor/targets/Sdk.Razor.CurrentVersion.targets" from project "/Users/tp/Projects/Cloud9.2/Cloud9.2.csproj" (target "PrepareForRazorGenerate" depends on it):
       Task "Warning" skipped, due to false condition; ('$(_Targeting30OrNewerRazorLangVersion)' == 'true' AND '@(ResolvedRazorConfiguration->Count())' == '0') was evaluated as ('true' == 'true' AND '1' == '0').
       Task "Warning" skipped, due to false condition; ('$(_Targeting30OrNewerRazorLangVersion)' == 'true' AND '@(ResolvedRazorConfiguration->Count())' > '1') was evaluated as ('true' == 'true' AND '1' > '1').
       Task "Warning" skipped, due to false condition; ('$(_Targeting30OrNewerRazorLangVersion)' != 'true' AND '$(_TargetingNETCoreApp30OrLater)' == 'true') was evaluated as ('true' != 'true' AND 'true' == 'true').
       Using "FindInList" task from assembly "Microsoft.Build.Tasks.Core, Version=15.1.0.0, Culture=neutral, PublicKeyToken=b03f5f7f11d50a3a".
       Task "FindInList"
         Found "MVC-3.0".
       Done executing task "FindInList".
   1:7>Done building target "ResolveRazorConfiguration" in project "Cloud9.2.csproj".
       Target "ResolveRazorGenerateInputs" skipped. Previously built successfully.
   1:7>Target "ResolveScopedCssInputs" in file "/usr/local/share/dotnet/sdk/8.0.407/Sdks/Microsoft.NET.Sdk.StaticWebAssets/targets/Microsoft.NET.Sdk.StaticWebAssets.ScopedCss.targets" from project "/Users/tp/Projects/Cloud9.2/Cloud9.2.csproj" (target "ComputeCssScope" depends on it):
       Using "DiscoverDefaultScopedCssItems" task from assembly "/usr/local/share/dotnet/sdk/8.0.407/Sdks/Microsoft.NET.Sdk.StaticWebAssets/targets/../tasks/net8.0/Microsoft.NET.Sdk.StaticWebAssets.Tasks.dll".
       Task "DiscoverDefaultScopedCssItems"
       Done executing task "DiscoverDefaultScopedCssItems".
   1:7>Done building target "ResolveScopedCssInputs" in project "Cloud9.2.csproj".
   1:7>Target "ComputeCssScope" in file "/usr/local/share/dotnet/sdk/8.0.407/Sdks/Microsoft.NET.Sdk.StaticWebAssets/targets/Microsoft.NET.Sdk.StaticWebAssets.ScopedCss.targets" from project "/Users/tp/Projects/Cloud9.2/Cloud9.2.csproj" (target "ResolveCssScopes" depends on it):
       Using "ComputeCssScope" task from assembly "/usr/local/share/dotnet/sdk/8.0.407/Sdks/Microsoft.NET.Sdk.StaticWebAssets/targets/../tasks/net8.0/Microsoft.NET.Sdk.StaticWebAssets.Tasks.dll".
       Task "ComputeCssScope"
       Done executing task "ComputeCssScope".
   1:7>Done building target "ComputeCssScope" in project "Cloud9.2.csproj".
   1:7>Target "ResolveRazorComponentInputs" in file "/usr/local/share/dotnet/sdk/8.0.407/Sdks/Microsoft.NET.Sdk.Razor/targets/Sdk.Razor.CurrentVersion.targets" from project "/Users/tp/Projects/Cloud9.2/Cloud9.2.csproj" (target "ResolveCssScopes" depends on it):
   1:7>Done building target "ResolveRazorComponentInputs" in project "Cloud9.2.csproj".
       Target "ResolveRazorGenerateInputs" skipped. Previously built successfully.
   1:7>Target "ResolveCssScopes" in file "/usr/local/share/dotnet/sdk/8.0.407/Sdks/Microsoft.NET.Sdk.Razor/targets/Sdk.Razor.CurrentVersion.targets" from project "/Users/tp/Projects/Cloud9.2/Cloud9.2.csproj" (target "AssignRazorGenerateTargetPaths" depends on it):
       Using "ApplyCssScopes" task from assembly "/usr/local/share/dotnet/sdk/8.0.407/Sdks/Microsoft.NET.Sdk.StaticWebAssets/targets/../tasks/net8.0/Microsoft.NET.Sdk.StaticWebAssets.Tasks.dll".
       Task "ApplyCssScopes"
       Done executing task "ApplyCssScopes".
   1:7>Done building target "ResolveCssScopes" in project "Cloud9.2.csproj".
   1:7>Target "AssignRazorGenerateTargetPaths" in file "/usr/local/share/dotnet/sdk/8.0.407/Sdks/Microsoft.NET.Sdk.Razor/targets/Sdk.Razor.CurrentVersion.targets" from project "/Users/tp/Projects/Cloud9.2/Cloud9.2.csproj" (target "PrepareForRazorGenerate" depends on it):
       Task "AssignTargetPath"
       Done executing task "AssignTargetPath".
   1:7>Done building target "AssignRazorGenerateTargetPaths" in project "Cloud9.2.csproj".
   1:7>Target "_ResolveGeneratedRazorCompileInputs" in file "/usr/local/share/dotnet/sdk/8.0.407/Sdks/Microsoft.NET.Sdk.Razor/targets/Sdk.Razor.CurrentVersion.targets" from project "/Users/tp/Projects/Cloud9.2/Cloud9.2.csproj" (target "PrepareForRazorGenerate" depends on it):
   1:7>Done building target "_ResolveGeneratedRazorCompileInputs" in project "Cloud9.2.csproj".
       Target "_CheckForIncorrectMvcConfiguration" skipped, due to false condition; ('@(ResolvedRazorConfiguration)' == 'Default' AND
             ('$(RazorCompileOnBuild)' == 'true' OR '$(RazorCompileOnPublish)' =='true') AND
             '@(RazorGenerate->Count())' != '0' AND
             '$(_Targeting30OrNewerRazorLangVersion)' == 'true' AND
             '$(_IsTargetingRazor2X)' != 'true') was evaluated as ('MVC-3.0' == 'Default' AND
             ('true' == 'true' OR 'true' =='true') AND
             '52' != '0' AND
             'true' == 'true' AND
             '' != 'true').
   1:7>Target "PrepareForRazorGenerate" in file "/usr/local/share/dotnet/sdk/8.0.407/Sdks/Microsoft.NET.Sdk.Razor/targets/Sdk.Razor.CurrentVersion.targets" from project "/Users/tp/Projects/Cloud9.2/Cloud9.2.csproj" (target "_PrepareRazorSourceGenerators" depends on it):
   1:7>Done building target "PrepareForRazorGenerate" in project "Cloud9.2.csproj".
       Target "ResolveRazorConfiguration" skipped. Previously built successfully.
       Target "ResolveRazorComponentInputs" skipped. Previously built successfully.
       Target "_CheckForIncorrectComponentsConfiguration" skipped, due to false condition; (('$(RazorCompileOnBuild)' == 'true' OR '$(RazorCompileOnPublish)' =='true') AND
             '@(RazorComponent->Count())' != '0' AND
             '$(_Targeting30OrNewerRazorLangVersion)' != 'true' AND
             '$(_IsTargetingRazor2X)' != 'true') was evaluated as (('true' == 'true' OR 'true' =='true') AND
             '0' != '0' AND
             'true' != 'true' AND
             '' != 'true').
       Target "AssignRazorComponentTargetPaths" skipped, due to false condition; ('@(RazorComponent)' != '') was evaluated as ('' != '').
   1:7>Target "PrepareForRazorComponentGenerate" in file "/usr/local/share/dotnet/sdk/8.0.407/Sdks/Microsoft.NET.Sdk.Razor/targets/Sdk.Razor.CurrentVersion.targets" from project "/Users/tp/Projects/Cloud9.2/Cloud9.2.csproj" (target "_PrepareRazorSourceGenerators" depends on it):
   1:7>Done building target "PrepareForRazorComponentGenerate" in project "Cloud9.2.csproj".
   1:7>Target "_PrepareRazorSourceGenerators" in file "/usr/local/share/dotnet/sdk/8.0.407/Sdks/Microsoft.NET.Sdk.Razor/targets/Microsoft.NET.Sdk.Razor.SourceGenerators.targets" from project "/Users/tp/Projects/Cloud9.2/Cloud9.2.csproj" (target "GenerateMSBuildEditorConfigFileShouldRun" depends on it):
       Using "EncodeRazorInputItem" task from assembly "/usr/local/share/dotnet/sdk/8.0.407/Sdks/Microsoft.NET.Sdk.Razor/targets/../tasks/net8.0/Microsoft.NET.Sdk.Razor.Tasks.dll".
       Task "EncodeRazorInputItem"
       Done executing task "EncodeRazorInputItem".
   1:7>Done building target "_PrepareRazorSourceGenerators" in project "Cloud9.2.csproj".
   1:7>Target "GenerateMSBuildEditorConfigFileShouldRun" in file "/usr/local/share/dotnet/sdk/8.0.407/Roslyn/Microsoft.Managed.Core.targets" from project "/Users/tp/Projects/Cloud9.2/Cloud9.2.csproj" (target "GenerateMSBuildEditorConfigFile" depends on it):
   1:7>Done building target "GenerateMSBuildEditorConfigFileShouldRun" in project "Cloud9.2.csproj".
   1:7>Target "GenerateMSBuildEditorConfigFileCore" in file "/usr/local/share/dotnet/sdk/8.0.407/Roslyn/Microsoft.Managed.Core.targets" from project "/Users/tp/Projects/Cloud9.2/Cloud9.2.csproj" (target "GenerateMSBuildEditorConfigFile" depends on it):
       Building target "GenerateMSBuildEditorConfigFileCore" completely.
       No input files were specified.
       Using "GenerateMSBuildEditorConfig" task from assembly "/usr/local/share/dotnet/sdk/8.0.407/Roslyn/Microsoft.Build.Tasks.CodeAnalysis.dll".
       Task "GenerateMSBuildEditorConfig"
       Done executing task "GenerateMSBuildEditorConfig".
   1:7>Done building target "GenerateMSBuildEditorConfigFileCore" in project "Cloud9.2.csproj".
   1:7>Target "GenerateMSBuildEditorConfigFile" in file "/usr/local/share/dotnet/sdk/8.0.407/Roslyn/Microsoft.Managed.Core.targets" from project "/Users/tp/Projects/Cloud9.2/Cloud9.2.csproj" (target "BeforeCompile" depends on it):
   1:7>Done building target "GenerateMSBuildEditorConfigFile" in project "Cloud9.2.csproj".
       Target "PrepareForBuild" skipped. Previously built successfully.
       Target "GetReferenceAssemblyPaths" skipped. Previously built successfully.
   1:7>Target "_SetTargetFrameworkMonikerAttribute" in file "/usr/local/share/dotnet/sdk/8.0.407/Microsoft.CSharp.CurrentVersion.targets" from project "/Users/tp/Projects/Cloud9.2/Cloud9.2.csproj" (target "GenerateTargetFrameworkMonikerAttribute" depends on it):
   1:7>Done building target "_SetTargetFrameworkMonikerAttribute" in project "Cloud9.2.csproj".
   1:7>Target "GenerateTargetFrameworkMonikerAttribute" in file "/usr/local/share/dotnet/sdk/8.0.407/Microsoft.Common.CurrentVersion.targets" from project "/Users/tp/Projects/Cloud9.2/Cloud9.2.csproj" (target "BeforeCompile" depends on it):
       Skipping target "GenerateTargetFrameworkMonikerAttribute" because all output files are up-to-date with respect to the input files.
       Input files: /usr/local/share/dotnet/sdk/8.0.407/Microsoft.Common.targets
       Output files: obj/Debug/net8.0/.NETCoreApp,Version=v8.0.AssemblyAttributes.cs
   1:7>Done building target "GenerateTargetFrameworkMonikerAttribute" in project "Cloud9.2.csproj".
       Target "GenerateAdditionalSources" skipped, due to false condition; ('@(AssemblyAttributes)' != '' and '$(GenerateAdditionalSources)' == 'true') was evaluated as ('' != '' and '' == 'true').
       Target "PrepareForBuild" skipped. Previously built successfully.
   1:7>Target "GetAssemblyVersion" in file "/usr/local/share/dotnet/sdk/8.0.407/Sdks/Microsoft.NET.Sdk/targets/Microsoft.NET.GenerateAssemblyInfo.targets" from project "/Users/tp/Projects/Cloud9.2/Cloud9.2.csproj" (target "GetAssemblyAttributes" depends on it):
       Using "GetAssemblyVersion" task from assembly "/usr/local/share/dotnet/sdk/8.0.407/Sdks/Microsoft.NET.Sdk/targets/../tools/net8.0/Microsoft.NET.Build.Tasks.dll".
       Task "GetAssemblyVersion"
       Done executing task "GetAssemblyVersion".
   1:7>Done building target "GetAssemblyVersion" in project "Cloud9.2.csproj".
       Target "GetAssemblyVersion" skipped. Previously built successfully.
   1:7>Target "InitializeSourceControlInformationFromSourceControlManager" in file "/usr/local/share/dotnet/sdk/8.0.407/Sdks/Microsoft.Build.Tasks.Git/build/Microsoft.Build.Tasks.Git.targets" from project "/Users/tp/Projects/Cloud9.2/Cloud9.2.csproj" (target "_InitializeSourceControlInformationFromSourceControlManager" depends on it):
       Using "Microsoft.Build.Tasks.Git.LocateRepository" task from assembly "/usr/local/share/dotnet/sdk/8.0.407/Sdks/Microsoft.Build.Tasks.Git/build/../tools/core/Microsoft.Build.Tasks.Git.dll".
       Task "Microsoft.Build.Tasks.Git.LocateRepository"
         SourceLink: Repository instance not found in cache: '*:/Users/tp/.git'
       Done executing task "Microsoft.Build.Tasks.Git.LocateRepository".
   1:7>Done building target "InitializeSourceControlInformationFromSourceControlManager" in project "Cloud9.2.csproj".
   1:7>Target "_SourceLinkHasSingleProvider" in file "/usr/local/share/dotnet/sdk/8.0.407/Sdks/Microsoft.SourceLink.Common/build/InitializeSourceControlInformation.targets" from project "/Users/tp/Projects/Cloud9.2/Cloud9.2.csproj" (target "_InitializeSourceControlInformationFromSourceControlManager" depends on it):
       Assembly loaded during TaskRun: Microsoft.SourceLink.Common, Version=8.0.9.11501, Culture=neutral, PublicKeyToken=31bf3856ad364e35 (location: /usr/local/share/dotnet/sdk/8.0.407/Sdks/Microsoft.SourceLink.Common/tools/core/Microsoft.SourceLink.Common.dll, MVID: d5b96578-81ec-438f-8487-2f5405206516, AssemblyLoadContext: MSBuild plugin /usr/local/share/dotnet/sdk/8.0.407/Sdks/Microsoft.SourceLink.Common/tools/core/Microsoft.SourceLink.Common.dll)
       Using "Microsoft.SourceLink.Common.SourceLinkHasSingleProvider" task from assembly "/usr/local/share/dotnet/sdk/8.0.407/Sdks/Microsoft.SourceLink.Common/build/../tools/core/Microsoft.SourceLink.Common.dll".
       Task "Microsoft.SourceLink.Common.SourceLinkHasSingleProvider"
       Done executing task "Microsoft.SourceLink.Common.SourceLinkHasSingleProvider".
   1:7>Done building target "_SourceLinkHasSingleProvider" in project "Cloud9.2.csproj".
   1:7>Target "TranslateGitHubUrlsInSourceControlInformation" in file "/usr/local/share/dotnet/sdk/8.0.407/Sdks/Microsoft.SourceLink.GitHub/build/Microsoft.SourceLink.GitHub.targets" from project "/Users/tp/Projects/Cloud9.2/Cloud9.2.csproj" (target "_InitializeSourceControlInformationFromSourceControlManager" depends on it):
       Assembly loaded during TaskRun: Microsoft.SourceLink.GitHub, Version=8.0.9.11501, Culture=neutral, PublicKeyToken=31bf3856ad364e35 (location: /usr/local/share/dotnet/sdk/8.0.407/Sdks/Microsoft.SourceLink.GitHub/tools/core/Microsoft.SourceLink.GitHub.dll, MVID: 1fbac130-3a2a-4cf4-9c60-b0ae73333681, AssemblyLoadContext: MSBuild plugin /usr/local/share/dotnet/sdk/8.0.407/Sdks/Microsoft.SourceLink.GitHub/tools/core/Microsoft.SourceLink.GitHub.dll)
       Using "Microsoft.SourceLink.GitHub.TranslateRepositoryUrls" task from assembly "/usr/local/share/dotnet/sdk/8.0.407/Sdks/Microsoft.SourceLink.GitHub/build/../tools/core/Microsoft.SourceLink.GitHub.dll".
       Task "Microsoft.SourceLink.GitHub.TranslateRepositoryUrls"
       Done executing task "Microsoft.SourceLink.GitHub.TranslateRepositoryUrls".
   1:7>Done building target "TranslateGitHubUrlsInSourceControlInformation" in project "Cloud9.2.csproj".
   1:7>Target "TranslateGitLabUrlsInSourceControlInformation" in file "/usr/local/share/dotnet/sdk/8.0.407/Sdks/Microsoft.SourceLink.GitLab/build/Microsoft.SourceLink.GitLab.targets" from project "/Users/tp/Projects/Cloud9.2/Cloud9.2.csproj" (target "_InitializeSourceControlInformationFromSourceControlManager" depends on it):
       Assembly loaded during TaskRun: Microsoft.SourceLink.GitLab, Version=8.0.9.11501, Culture=neutral, PublicKeyToken=31bf3856ad364e35 (location: /usr/local/share/dotnet/sdk/8.0.407/Sdks/Microsoft.SourceLink.GitLab/tools/core/Microsoft.SourceLink.GitLab.dll, MVID: 6b003cb9-36ef-4a5a-83ae-cc8fa7fbcb67, AssemblyLoadContext: MSBuild plugin /usr/local/share/dotnet/sdk/8.0.407/Sdks/Microsoft.SourceLink.GitLab/tools/core/Microsoft.SourceLink.GitLab.dll)
       Using "Microsoft.SourceLink.GitLab.TranslateRepositoryUrls" task from assembly "/usr/local/share/dotnet/sdk/8.0.407/Sdks/Microsoft.SourceLink.GitLab/build/../tools/core/Microsoft.SourceLink.GitLab.dll".
       Task "Microsoft.SourceLink.GitLab.TranslateRepositoryUrls"
       Done executing task "Microsoft.SourceLink.GitLab.TranslateRepositoryUrls".
   1:7>Done building target "TranslateGitLabUrlsInSourceControlInformation" in project "Cloud9.2.csproj".
   1:7>Target "TranslateAzureReposGitUrlsInSourceControlInformation" in file "/usr/local/share/dotnet/sdk/8.0.407/Sdks/Microsoft.SourceLink.AzureRepos.Git/build/Microsoft.SourceLink.AzureRepos.Git.targets" from project "/Users/tp/Projects/Cloud9.2/Cloud9.2.csproj" (target "_InitializeSourceControlInformationFromSourceControlManager" depends on it):
       Assembly loaded during TaskRun: Microsoft.SourceLink.AzureRepos.Git, Version=8.0.9.11501, Culture=neutral, PublicKeyToken=31bf3856ad364e35 (location: /usr/local/share/dotnet/sdk/8.0.407/Sdks/Microsoft.SourceLink.AzureRepos.Git/tools/core/Microsoft.SourceLink.AzureRepos.Git.dll, MVID: 3a082d27-0e6b-4d51-92ea-8eaf3fc3120f, AssemblyLoadContext: MSBuild plugin /usr/local/share/dotnet/sdk/8.0.407/Sdks/Microsoft.SourceLink.AzureRepos.Git/tools/core/Microsoft.SourceLink.AzureRepos.Git.dll)
       Using "Microsoft.SourceLink.AzureRepos.Git.TranslateRepositoryUrls" task from assembly "/usr/local/share/dotnet/sdk/8.0.407/Sdks/Microsoft.SourceLink.AzureRepos.Git/build/../tools/core/Microsoft.SourceLink.AzureRepos.Git.dll".
       Task "Microsoft.SourceLink.AzureRepos.Git.TranslateRepositoryUrls"
       Done executing task "Microsoft.SourceLink.AzureRepos.Git.TranslateRepositoryUrls".
   1:7>Done building target "TranslateAzureReposGitUrlsInSourceControlInformation" in project "Cloud9.2.csproj".
   1:7>Target "TranslateBitbucketGitUrlsInSourceControlInformation" in file "/usr/local/share/dotnet/sdk/8.0.407/Sdks/Microsoft.SourceLink.Bitbucket.Git/build/Microsoft.SourceLink.Bitbucket.Git.targets" from project "/Users/tp/Projects/Cloud9.2/Cloud9.2.csproj" (target "_InitializeSourceControlInformationFromSourceControlManager" depends on it):
       Assembly loaded during TaskRun: Microsoft.SourceLink.Bitbucket.Git, Version=8.0.9.11501, Culture=neutral, PublicKeyToken=31bf3856ad364e35 (location: /usr/local/share/dotnet/sdk/8.0.407/Sdks/Microsoft.SourceLink.Bitbucket.Git/tools/core/Microsoft.SourceLink.Bitbucket.Git.dll, MVID: 3994e8b0-7ae9-409e-bc2b-53baef289161, AssemblyLoadContext: MSBuild plugin /usr/local/share/dotnet/sdk/8.0.407/Sdks/Microsoft.SourceLink.Bitbucket.Git/tools/core/Microsoft.SourceLink.Bitbucket.Git.dll)
       Using "Microsoft.SourceLink.Bitbucket.Git.TranslateRepositoryUrls" task from assembly "/usr/local/share/dotnet/sdk/8.0.407/Sdks/Microsoft.SourceLink.Bitbucket.Git/build/../tools/core/Microsoft.SourceLink.Bitbucket.Git.dll".
       Task "Microsoft.SourceLink.Bitbucket.Git.TranslateRepositoryUrls"
       Done executing task "Microsoft.SourceLink.Bitbucket.Git.TranslateRepositoryUrls".
   1:7>Done building target "TranslateBitbucketGitUrlsInSourceControlInformation" in project "Cloud9.2.csproj".
   1:7>Target "SourceControlManagerPublishTranslatedUrls" in file "/usr/local/share/dotnet/sdk/8.0.407/Sdks/Microsoft.SourceLink.Common/build/InitializeSourceControlInformation.targets" from project "/Users/tp/Projects/Cloud9.2/Cloud9.2.csproj" (target "_InitializeSourceControlInformationFromSourceControlManager" depends on it):
   1:7>Done building target "SourceControlManagerPublishTranslatedUrls" in project "Cloud9.2.csproj".
   1:7>Target "_InitializeSourceControlInformationFromSourceControlManager" in file "/usr/local/share/dotnet/sdk/8.0.407/Sdks/Microsoft.SourceLink.Common/build/InitializeSourceControlInformation.targets" from project "/Users/tp/Projects/Cloud9.2/Cloud9.2.csproj" (target "InitializeSourceControlInformation" depends on it):
   1:7>Done building target "_InitializeSourceControlInformationFromSourceControlManager" in project "Cloud9.2.csproj".
   1:7>Target "InitializeSourceControlInformation" in file "/usr/local/share/dotnet/sdk/8.0.407/Microsoft.Common.CurrentVersion.targets" from project "/Users/tp/Projects/Cloud9.2/Cloud9.2.csproj" (target "AddSourceRevisionToInformationalVersion" depends on it):
   1:7>Done building target "InitializeSourceControlInformation" in project "Cloud9.2.csproj".
   1:7>Target "AddSourceRevisionToInformationalVersion" in file "/usr/local/share/dotnet/sdk/8.0.407/Sdks/Microsoft.NET.Sdk/targets/Microsoft.NET.GenerateAssemblyInfo.targets" from project "/Users/tp/Projects/Cloud9.2/Cloud9.2.csproj" (target "GetAssemblyAttributes" depends on it):
   1:7>Done building target "AddSourceRevisionToInformationalVersion" in project "Cloud9.2.csproj".
       Target "_GetUserSecretsAssemblyAttribute" skipped, due to false condition; ( '$(UserSecretsId)' != '' AND '$(GenerateUserSecretsAttribute)' != 'false' AND '$(GeneratedUserSecretsAttributeFile)' == '' ) was evaluated as ( '' != '' AND '' != 'false' AND '' == '' ).
   1:7>Target "GetAssemblyAttributes" in file "/usr/local/share/dotnet/sdk/8.0.407/Sdks/Microsoft.NET.Sdk/targets/Microsoft.NET.GenerateAssemblyInfo.targets" from project "/Users/tp/Projects/Cloud9.2/Cloud9.2.csproj" (target "CreateGeneratedAssemblyInfoInputsCacheFile" depends on it):
   1:7>Done building target "GetAssemblyAttributes" in project "Cloud9.2.csproj".
   1:7>Target "CreateGeneratedAssemblyInfoInputsCacheFile" in file "/usr/local/share/dotnet/sdk/8.0.407/Sdks/Microsoft.NET.Sdk/targets/Microsoft.NET.GenerateAssemblyInfo.targets" from project "/Users/tp/Projects/Cloud9.2/Cloud9.2.csproj" (target "CoreGenerateAssemblyInfo" depends on it):
       Using "Hash" task from assembly "Microsoft.Build.Tasks.Core, Version=15.1.0.0, Culture=neutral, PublicKeyToken=b03f5f7f11d50a3a".
       Task "Hash"
       Done executing task "Hash".
       Task "WriteLinesToFile"
         Skipping write to file "obj/Debug/net8.0/Cloud9.2.AssemblyInfoInputs.cache" because content would not change.
       Done executing task "WriteLinesToFile".
   1:7>Done building target "CreateGeneratedAssemblyInfoInputsCacheFile" in project "Cloud9.2.csproj".
   1:7>Target "CoreGenerateAssemblyInfo" in file "/usr/local/share/dotnet/sdk/8.0.407/Sdks/Microsoft.NET.Sdk/targets/Microsoft.NET.GenerateAssemblyInfo.targets" from project "/Users/tp/Projects/Cloud9.2/Cloud9.2.csproj" (target "GenerateAssemblyInfo" depends on it):
       Skipping target "CoreGenerateAssemblyInfo" because all output files are up-to-date with respect to the input files.
       Input files: obj/Debug/net8.0/Cloud9.2.AssemblyInfoInputs.cache
       Output files: obj/Debug/net8.0/Cloud9.2.AssemblyInfo.cs
   1:7>Done building target "CoreGenerateAssemblyInfo" in project "Cloud9.2.csproj".
   1:7>Target "GenerateAssemblyInfo" in file "/usr/local/share/dotnet/sdk/8.0.407/Sdks/Microsoft.NET.Sdk/targets/Microsoft.NET.GenerateAssemblyInfo.targets" from project "/Users/tp/Projects/Cloud9.2/Cloud9.2.csproj" (target "BeforeCompile" depends on it):
   1:7>Done building target "GenerateAssemblyInfo" in project "Cloud9.2.csproj".
   1:7>Target "BeforeCompile" in file "/usr/local/share/dotnet/sdk/8.0.407/Microsoft.Common.CurrentVersion.targets" from project "/Users/tp/Projects/Cloud9.2/Cloud9.2.csproj" (target "Compile" depends on it):
   1:7>Done building target "BeforeCompile" in project "Cloud9.2.csproj".
       Target "_TimeStampBeforeCompile" skipped, due to false condition; ('$(RunPostBuildEvent)'=='OnOutputUpdated' or ('$(RegisterForComInterop)'=='true' and '$(OutputType)'=='library')) was evaluated as (''=='OnOutputUpdated' or (''=='true' and 'Exe'=='library')).
       Target "ResolveAssemblyReferences" skipped. Previously built successfully.
   1:7>Target "_GenerateCompileDependencyCache" in file "/usr/local/share/dotnet/sdk/8.0.407/Microsoft.Common.CurrentVersion.targets" from project "/Users/tp/Projects/Cloud9.2/Cloud9.2.csproj" (target "Compile" depends on it):
       Task "Hash"
       Done executing task "Hash".
       Task "WriteLinesToFile"
         Skipping write to file "obj/Debug/net8.0/Cloud9.2.csproj.CoreCompileInputs.cache" because content would not change.
       Done executing task "WriteLinesToFile".
   1:7>Done building target "_GenerateCompileDependencyCache" in project "Cloud9.2.csproj".
       Target "ResolveAssemblyReferences" skipped. Previously built successfully.
   1:7>Target "_DiscoverMvcApplicationParts" in file "/usr/local/share/dotnet/sdk/8.0.407/Sdks/Microsoft.NET.Sdk.Razor/targets/Microsoft.NET.Sdk.Razor.MvcApplicationPartsDiscovery.targets" from project "/Users/tp/Projects/Cloud9.2/Cloud9.2.csproj" (target "CoreCompile" depends on it):
       Skipping target "_DiscoverMvcApplicationParts" because all output files are up-to-date with respect to the input files.
       Input files: 
           /Users/tp/Projects/Cloud9.2/obj/project.assets.json
           /Users/tp/Projects/Cloud9.2/obj/Cloud9.2.csproj.EntityFrameworkCore.targets
           /usr/local/share/dotnet/sdk/8.0.407/Current/Microsoft.Common.targets/ImportAfter/Microsoft.TestPlatform.ImportAfter.targets
       Output files: obj/Debug/net8.0/Cloud9.2.MvcApplicationPartsAssemblyInfo.cache
   1:7>Done building target "_DiscoverMvcApplicationParts" in project "Cloud9.2.csproj".
       Target "_ComputeNonExistentFileProperty" skipped, due to false condition; (('$(BuildingInsideVisualStudio)' == 'true') and ('$(BuildingOutOfProcess)' != 'true') and (('$(BuildingProject)' == 'false') or ('$(UseHostCompilerIfAvailable)' == 'true'))) was evaluated as (('' == 'true') and ('' != 'true') and (('true' == 'false') or ('true' == 'true'))).
       Target "ResolveCodeAnalysisRuleSet" skipped, due to false condition; ('$(CodeAnalysisRuleSet)' != '') was evaluated as ('' != '').
       Target "ResolveRazorGenerateInputs" skipped. Previously built successfully.
   1:7>Target "_ResolveMvcAssemblyAttributes" in file "/usr/local/share/dotnet/sdk/8.0.407/Sdks/Microsoft.NET.Sdk.Razor/targets/Microsoft.NET.Sdk.Razor.Configuration.targets" from project "/Users/tp/Projects/Cloud9.2/Cloud9.2.csproj" (target "_GenerateRazorAssemblyInfo" depends on it):
   1:7>Done building target "_ResolveMvcAssemblyAttributes" in project "Cloud9.2.csproj".
       Target "RazorGetAssemblyAttributes" skipped, due to false condition; ('$(GenerateRazorHostingAssemblyInfo)'=='true' and '$(RazorDefaultConfiguration)'!='') was evaluated as (''=='true' and 'MVC-3.0'!='').
       Target "PrepareForBuild" skipped. Previously built successfully.
   1:7>Target "_CreateRazorAssemblyInfoInputsCacheFile" in file "/usr/local/share/dotnet/sdk/8.0.407/Sdks/Microsoft.NET.Sdk.Razor/targets/Microsoft.NET.Sdk.Razor.GenerateAssemblyInfo.targets" from project "/Users/tp/Projects/Cloud9.2/Cloud9.2.csproj" (target "_CoreGenerateRazorAssemblyInfo" depends on it):
       Task "Hash"
       Done executing task "Hash".
       Task "WriteLinesToFile"
         Skipping write to file "obj/Debug/net8.0/Cloud9.2.RazorAssemblyInfo.cache" because content would not change.
       Done executing task "WriteLinesToFile".
   1:7>Done building target "_CreateRazorAssemblyInfoInputsCacheFile" in project "Cloud9.2.csproj".
   1:7>Target "_CoreGenerateRazorAssemblyInfo" in file "/usr/local/share/dotnet/sdk/8.0.407/Sdks/Microsoft.NET.Sdk.Razor/targets/Microsoft.NET.Sdk.Razor.GenerateAssemblyInfo.targets" from project "/Users/tp/Projects/Cloud9.2/Cloud9.2.csproj" (target "_GenerateRazorAssemblyInfo" depends on it):
       Skipping target "_CoreGenerateRazorAssemblyInfo" because all output files are up-to-date with respect to the input files.
       Input files: obj/Debug/net8.0/Cloud9.2.RazorAssemblyInfo.cache
       Output files: obj/Debug/net8.0/Cloud9.2.RazorAssemblyInfo.cs
   1:7>Done building target "_CoreGenerateRazorAssemblyInfo" in project "Cloud9.2.csproj".
   1:7>Target "_GenerateRazorAssemblyInfo" in file "/usr/local/share/dotnet/sdk/8.0.407/Sdks/Microsoft.NET.Sdk.Razor/targets/Microsoft.NET.Sdk.Razor.GenerateAssemblyInfo.targets" from project "/Users/tp/Projects/Cloud9.2/Cloud9.2.csproj" (target "CoreCompile" depends on it):
   1:7>Done building target "_GenerateRazorAssemblyInfo" in project "Cloud9.2.csproj".
       Target "ShimReferencePathsWhenCommonTargetsDoesNotUnderstandReferenceAssemblies" skipped, due to false condition; ('@(ReferencePathWithRefAssemblies)' == '') was evaluated as ('/Users/tp/.nuget/packages/azure.core/1.25.0/lib/net5.0/Azure.Core.dll;/Users/tp/.nuget/packages/azure.identity/1.7.0/lib/netstandard2.0/Azure.Identity.dll;/Users/tp/.nuget/packages/microsoft.visualstudio.web.codegeneration.design/8.0.4/lib/net8.0/dotnet-aspnet-codegenerator-design.dll;...' == '').
   1:7>Target "_BeforeVBCSCoreCompile" in file "/usr/local/share/dotnet/sdk/8.0.407/Roslyn/Microsoft.Managed.Core.targets" from project "/Users/tp/Projects/Cloud9.2/Cloud9.2.csproj" (target "CoreCompile" depends on it):
   1:7>Done building target "_BeforeVBCSCoreCompile" in project "Cloud9.2.csproj".
       Target "AdjustDefaultPlatformTargetForNetFrameworkExeWithNoNativeCopyLocalItems" skipped, due to false condition; ('$(_UsingDefaultPlatformTarget)' == 'true' and
                            '$(_UsingDefaultRuntimeIdentifier)' == 'true') was evaluated as ('true' == 'true' and
                            '' == 'true').
       Target "_DisableDiagnosticTracing" skipped, due to false condition; ('$(DisableDiagnosticTracing)' == 'true') was evaluated as ('' == 'true').
       Target "GenerateTargetPlatformDefineConstants" skipped, due to false condition; ( '$(DisableImplicitFrameworkDefines)' != 'true' and '$(TargetPlatformIdentifier)' != '' and '$(TargetFrameworkIdentifier)' == '.NETCoreApp' and $([MSBuild]::VersionGreaterThanOrEquals($(TargetFrameworkVersion), 5.0)) ) was evaluated as ( '' != 'true' and '' != '' and '.NETCoreApp' == '.NETCoreApp' and True ).
   1:7>Target "GenerateNETCompatibleDefineConstants" in file "/usr/local/share/dotnet/sdk/8.0.407/Sdks/Microsoft.NET.Sdk/targets/Microsoft.NET.Sdk.BeforeCommon.targets" from project "/Users/tp/Projects/Cloud9.2/Cloud9.2.csproj" (target "AddImplicitDefineConstants" depends on it):
   1:7>Done building target "GenerateNETCompatibleDefineConstants" in project "Cloud9.2.csproj".
       Target "GeneratePlatformCompatibleDefineConstants" skipped, due to false condition; ( '$(DisableImplicitFrameworkDefines)' != 'true' and '$(TargetPlatformIdentifier)' != '' and '$(TargetFrameworkIdentifier)' == '.NETCoreApp' and $([MSBuild]::VersionGreaterThanOrEquals($(TargetFrameworkVersion), 5.0)) ) was evaluated as ( '' != 'true' and '' != '' and '.NETCoreApp' == '.NETCoreApp' and True ).
       Target "_DisableDiagnosticTracing" skipped, due to false condition; ('$(DisableDiagnosticTracing)' == 'true') was evaluated as ('' == 'true').
   1:7>Target "AddImplicitDefineConstants" in file "/usr/local/share/dotnet/sdk/8.0.407/Sdks/Microsoft.NET.Sdk/targets/Microsoft.NET.Sdk.BeforeCommon.targets" from project "/Users/tp/Projects/Cloud9.2/Cloud9.2.csproj" (target "CoreCompile" depends on it):
   1:7>Done building target "AddImplicitDefineConstants" in project "Cloud9.2.csproj".
       Target "ShimReferencePathsWhenCommonTargetsDoesNotUnderstandReferenceAssemblies" skipped, due to false condition; ('@(ReferencePathWithRefAssemblies)' == '') was evaluated as ('/Users/tp/.nuget/packages/azure.core/1.25.0/lib/net5.0/Azure.Core.dll;/Users/tp/.nuget/packages/azure.identity/1.7.0/lib/netstandard2.0/Azure.Identity.dll;/Users/tp/.nuget/packages/microsoft.visualstudio.web.codegeneration.design/8.0.4/lib/net8.0/dotnet-aspnet-codegenerator-design.dll;...' == '').
   1:7>Target "_ComputeSkipAnalyzers" in file "/usr/local/share/dotnet/sdk/8.0.407/Roslyn/Microsoft.Managed.Core.targets" from project "/Users/tp/Projects/Cloud9.2/Cloud9.2.csproj" (target "CoreCompile" depends on it):
       Task "ShowMessageForImplicitlySkipAnalyzers" skipped, due to false condition; ('$(_ImplicitlySkipAnalyzers)' == 'true') was evaluated as ('' == 'true').
   1:7>Done building target "_ComputeSkipAnalyzers" in project "Cloud9.2.csproj".
       Target "_SetPathMapFromSourceRoots" skipped, due to false condition; ('$(DeterministicSourcePaths)' == 'true') was evaluated as ('' == 'true').
       Target "CreateCompilerGeneratedFilesOutputPath" skipped, due to false condition; ('$(EmitCompilerGeneratedFiles)' == 'true' and !('$(DesignTimeBuild)' == 'true' OR '$(BuildingProject)' != 'true')) was evaluated as ('false' == 'true' and !('' == 'true' OR 'true' != 'true')).
   1:7>Target "AddGlobalAnalyzerConfigForPackage_MicrosoftCodeAnalysisAnalyzers" in file "/Users/tp/.nuget/packages/microsoft.codeanalysis.analyzers/3.3.4/buildTransitive/Microsoft.CodeAnalysis.Analyzers.targets" from project "/Users/tp/Projects/Cloud9.2/Cloud9.2.csproj" (target "CoreCompile" depends on it):
   1:7>Done building target "AddGlobalAnalyzerConfigForPackage_MicrosoftCodeAnalysisAnalyzers" in project "Cloud9.2.csproj".
       Target "AddGlobalAnalyzerConfigForPackage_MicrosoftCodeAnalysisAnalyzersCorrectness" skipped, due to false condition; ('$(SkipGlobalAnalyzerConfigForPackage)' != 'true' and ('$(AnalysisLevelCorrectness)' != '' or '$(AnalysisModeCorrectness)' != '')) was evaluated as ('' != 'true' and ('' != '' or '' != '')).
       Target "AddGlobalAnalyzerConfigForPackage_MicrosoftCodeAnalysisAnalyzersLibrary" skipped, due to false condition; ('$(SkipGlobalAnalyzerConfigForPackage)' != 'true' and ('$(AnalysisLevelLibrary)' != '' or '$(AnalysisModeLibrary)' != '')) was evaluated as ('' != 'true' and ('' != '' or '' != '')).
       Target "AddGlobalAnalyzerConfigForPackage_MicrosoftCodeAnalysisAnalyzersMicrosoftCodeAnalysisCompatibility" skipped, due to false condition; ('$(SkipGlobalAnalyzerConfigForPackage)' != 'true' and ('$(AnalysisLevelMicrosoftCodeAnalysisCompatibility)' != '' or '$(AnalysisModeMicrosoftCodeAnalysisCompatibility)' != '')) was evaluated as ('' != 'true' and ('' != '' or '' != '')).
       Target "AddGlobalAnalyzerConfigForPackage_MicrosoftCodeAnalysisAnalyzersMicrosoftCodeAnalysisCorrectness" skipped, due to false condition; ('$(SkipGlobalAnalyzerConfigForPackage)' != 'true' and ('$(AnalysisLevelMicrosoftCodeAnalysisCorrectness)' != '' or '$(AnalysisModeMicrosoftCodeAnalysisCorrectness)' != '')) was evaluated as ('' != 'true' and ('' != '' or '' != '')).
       Target "AddGlobalAnalyzerConfigForPackage_MicrosoftCodeAnalysisAnalyzersMicrosoftCodeAnalysisDesign" skipped, due to false condition; ('$(SkipGlobalAnalyzerConfigForPackage)' != 'true' and ('$(AnalysisLevelMicrosoftCodeAnalysisDesign)' != '' or '$(AnalysisModeMicrosoftCodeAnalysisDesign)' != '')) was evaluated as ('' != 'true' and ('' != '' or '' != '')).
       Target "AddGlobalAnalyzerConfigForPackage_MicrosoftCodeAnalysisAnalyzersMicrosoftCodeAnalysisDocumentation" skipped, due to false condition; ('$(SkipGlobalAnalyzerConfigForPackage)' != 'true' and ('$(AnalysisLevelMicrosoftCodeAnalysisDocumentation)' != '' or '$(AnalysisModeMicrosoftCodeAnalysisDocumentation)' != '')) was evaluated as ('' != 'true' and ('' != '' or '' != '')).
       Target "AddGlobalAnalyzerConfigForPackage_MicrosoftCodeAnalysisAnalyzersMicrosoftCodeAnalysisLocalization" skipped, due to false condition; ('$(SkipGlobalAnalyzerConfigForPackage)' != 'true' and ('$(AnalysisLevelMicrosoftCodeAnalysisLocalization)' != '' or '$(AnalysisModeMicrosoftCodeAnalysisLocalization)' != '')) was evaluated as ('' != 'true' and ('' != '' or '' != '')).
       Target "AddGlobalAnalyzerConfigForPackage_MicrosoftCodeAnalysisAnalyzersMicrosoftCodeAnalysisPerformance" skipped, due to false condition; ('$(SkipGlobalAnalyzerConfigForPackage)' != 'true' and ('$(AnalysisLevelMicrosoftCodeAnalysisPerformance)' != '' or '$(AnalysisModeMicrosoftCodeAnalysisPerformance)' != '')) was evaluated as ('' != 'true' and ('' != '' or '' != '')).
       Target "AddGlobalAnalyzerConfigForPackage_MicrosoftCodeAnalysisAnalyzersMicrosoftCodeAnalysisReleaseTracking" skipped, due to false condition; ('$(SkipGlobalAnalyzerConfigForPackage)' != 'true' and ('$(AnalysisLevelMicrosoftCodeAnalysisReleaseTracking)' != '' or '$(AnalysisModeMicrosoftCodeAnalysisReleaseTracking)' != '')) was evaluated as ('' != 'true' and ('' != '' or '' != '')).
       Target "AddAllResxFilesAsAdditionalFiles" skipped, due to false condition; ('@(EmbeddedResource)' != '' AND '$(SkipAddAllResxFilesAsAdditionalFiles)' != 'true') was evaluated as ('' != '' AND '' != 'true').
       Target "BeforeCompile" skipped. Previously built successfully.
       Target "InitializeSourceControlInformationFromSourceControlManager" skipped. Previously built successfully.
   1:7>Target "SetEmbeddedFilesFromSourceControlManagerUntrackedFiles" in file "/usr/local/share/dotnet/sdk/8.0.407/Sdks/Microsoft.Build.Tasks.Git/build/Microsoft.Build.Tasks.Git.targets" from project "/Users/tp/Projects/Cloud9.2/Cloud9.2.csproj" (target "_SetEmbeddedFilesFromSourceControlManagerUntrackedFiles" depends on it):
       Using "Microsoft.Build.Tasks.Git.GetUntrackedFiles" task from assembly "/usr/local/share/dotnet/sdk/8.0.407/Sdks/Microsoft.Build.Tasks.Git/build/../tools/core/Microsoft.Build.Tasks.Git.dll".
       Task "Microsoft.Build.Tasks.Git.GetUntrackedFiles"
         SourceLink: Reusing cached git repository information.
       Done executing task "Microsoft.Build.Tasks.Git.GetUntrackedFiles".
   1:7>Done building target "SetEmbeddedFilesFromSourceControlManagerUntrackedFiles" in project "Cloud9.2.csproj".
   1:7>Target "_SetEmbeddedFilesFromSourceControlManagerUntrackedFiles" in file "/usr/local/share/dotnet/sdk/8.0.407/Sdks/Microsoft.SourceLink.Common/build/Microsoft.SourceLink.Common.targets" from project "/Users/tp/Projects/Cloud9.2/Cloud9.2.csproj" (target "CoreCompile" depends on it):
   1:7>Done building target "_SetEmbeddedFilesFromSourceControlManagerUntrackedFiles" in project "Cloud9.2.csproj".
       Target "InitializeSourceControlInformation" skipped. Previously built successfully.
   1:7>Target "_SetSourceLinkFilePath" in file "/usr/local/share/dotnet/sdk/8.0.407/Sdks/Microsoft.SourceLink.Common/build/Microsoft.SourceLink.Common.targets" from project "/Users/tp/Projects/Cloud9.2/Cloud9.2.csproj" (target "_GenerateSourceLinkFile" depends on it):
   1:7>Done building target "_SetSourceLinkFilePath" in project "Cloud9.2.csproj".
       Target "InitializeSourceControlInformation" skipped. Previously built successfully.
   1:7>Target "_InitializeSourceRootMappedPathsFromSourceControl" in file "/usr/local/share/dotnet/sdk/8.0.407/Roslyn/Microsoft.Managed.Core.targets" from project "/Users/tp/Projects/Cloud9.2/Cloud9.2.csproj" (target "InitializeSourceRootMappedPaths" depends on it):
   1:7>Done building target "_InitializeSourceRootMappedPathsFromSourceControl" in project "Cloud9.2.csproj".
   1:7>Target "InitializeSourceRootMappedPaths" in file "/usr/local/share/dotnet/sdk/8.0.407/Roslyn/Microsoft.Managed.Core.targets" from project "/Users/tp/Projects/Cloud9.2/Cloud9.2.csproj" (target "_InitializeSourceRootMappedPathsOpt" depends on it):
       Using "Microsoft.CodeAnalysis.BuildTasks.MapSourceRoots" task from assembly "/usr/local/share/dotnet/sdk/8.0.407/Roslyn/Microsoft.Build.Tasks.CodeAnalysis.dll".
       Task "Microsoft.CodeAnalysis.BuildTasks.MapSourceRoots"
       Done executing task "Microsoft.CodeAnalysis.BuildTasks.MapSourceRoots".
   1:7>Done building target "InitializeSourceRootMappedPaths" in project "Cloud9.2.csproj".
   1:7>Target "_InitializeSourceRootMappedPathsOpt" in file "/usr/local/share/dotnet/sdk/8.0.407/Sdks/Microsoft.SourceLink.Common/build/Microsoft.SourceLink.Common.targets" from project "/Users/tp/Projects/Cloud9.2/Cloud9.2.csproj" (target "_GenerateSourceLinkFile" depends on it):
   1:7>Done building target "_InitializeSourceRootMappedPathsOpt" in project "Cloud9.2.csproj".
   1:7>Target "_InitializeGitHubSourceLinkUrl" in file "/usr/local/share/dotnet/sdk/8.0.407/Sdks/Microsoft.SourceLink.GitHub/build/Microsoft.SourceLink.GitHub.targets" from project "/Users/tp/Projects/Cloud9.2/Cloud9.2.csproj" (target "_GenerateSourceLinkFile" depends on it):
       Building target "_InitializeGitHubSourceLinkUrl" completely.
       No input files were specified.
       Using "Microsoft.SourceLink.GitHub.GetSourceLinkUrl" task from assembly "/usr/local/share/dotnet/sdk/8.0.407/Sdks/Microsoft.SourceLink.GitHub/build/../tools/core/Microsoft.SourceLink.GitHub.dll".
       Task "Microsoft.SourceLink.GitHub.GetSourceLinkUrl"
       Done executing task "Microsoft.SourceLink.GitHub.GetSourceLinkUrl".
   1:7>Done building target "_InitializeGitHubSourceLinkUrl" in project "Cloud9.2.csproj".
   1:7>Target "_InitializeGitHubSourceLinkUrl" in file "/usr/local/share/dotnet/sdk/8.0.407/Sdks/Microsoft.SourceLink.GitHub/build/Microsoft.SourceLink.GitHub.targets" from project "/Users/tp/Projects/Cloud9.2/Cloud9.2.csproj" (target "_GenerateSourceLinkFile" depends on it):
       Building target "_InitializeGitHubSourceLinkUrl" completely.
       No input files were specified.
       Task "Microsoft.SourceLink.GitHub.GetSourceLinkUrl"
       Done executing task "Microsoft.SourceLink.GitHub.GetSourceLinkUrl".
   1:7>Done building target "_InitializeGitHubSourceLinkUrl" in project "Cloud9.2.csproj".
   1:7>Target "_InitializeGitLabSourceLinkUrl" in file "/usr/local/share/dotnet/sdk/8.0.407/Sdks/Microsoft.SourceLink.GitLab/build/Microsoft.SourceLink.GitLab.targets" from project "/Users/tp/Projects/Cloud9.2/Cloud9.2.csproj" (target "_GenerateSourceLinkFile" depends on it):
       Building target "_InitializeGitLabSourceLinkUrl" completely.
       No input files were specified.
       Using "Microsoft.SourceLink.GitLab.GetSourceLinkUrl" task from assembly "/usr/local/share/dotnet/sdk/8.0.407/Sdks/Microsoft.SourceLink.GitLab/build/../tools/core/Microsoft.SourceLink.GitLab.dll".
       Task "Microsoft.SourceLink.GitLab.GetSourceLinkUrl"
       Done executing task "Microsoft.SourceLink.GitLab.GetSourceLinkUrl".
   1:7>Done building target "_InitializeGitLabSourceLinkUrl" in project "Cloud9.2.csproj".
   1:7>Target "_InitializeGitLabSourceLinkUrl" in file "/usr/local/share/dotnet/sdk/8.0.407/Sdks/Microsoft.SourceLink.GitLab/build/Microsoft.SourceLink.GitLab.targets" from project "/Users/tp/Projects/Cloud9.2/Cloud9.2.csproj" (target "_GenerateSourceLinkFile" depends on it):
       Building target "_InitializeGitLabSourceLinkUrl" completely.
       No input files were specified.
       Task "Microsoft.SourceLink.GitLab.GetSourceLinkUrl"
       Done executing task "Microsoft.SourceLink.GitLab.GetSourceLinkUrl".
   1:7>Done building target "_InitializeGitLabSourceLinkUrl" in project "Cloud9.2.csproj".
   1:7>Target "_InitializeAzureReposGitSourceLinkUrl" in file "/usr/local/share/dotnet/sdk/8.0.407/Sdks/Microsoft.SourceLink.AzureRepos.Git/build/Microsoft.SourceLink.AzureRepos.Git.targets" from project "/Users/tp/Projects/Cloud9.2/Cloud9.2.csproj" (target "_GenerateSourceLinkFile" depends on it):
       Building target "_InitializeAzureReposGitSourceLinkUrl" completely.
       No input files were specified.
       Using "Microsoft.SourceLink.AzureRepos.Git.GetSourceLinkUrl" task from assembly "/usr/local/share/dotnet/sdk/8.0.407/Sdks/Microsoft.SourceLink.AzureRepos.Git/build/../tools/core/Microsoft.SourceLink.AzureRepos.Git.dll".
       Task "Microsoft.SourceLink.AzureRepos.Git.GetSourceLinkUrl"
       Done executing task "Microsoft.SourceLink.AzureRepos.Git.GetSourceLinkUrl".
   1:7>Done building target "_InitializeAzureReposGitSourceLinkUrl" in project "Cloud9.2.csproj".
   1:7>Target "_InitializeAzureReposGitSourceLinkUrl" in file "/usr/local/share/dotnet/sdk/8.0.407/Sdks/Microsoft.SourceLink.AzureRepos.Git/build/Microsoft.SourceLink.AzureRepos.Git.targets" from project "/Users/tp/Projects/Cloud9.2/Cloud9.2.csproj" (target "_GenerateSourceLinkFile" depends on it):
       Building target "_InitializeAzureReposGitSourceLinkUrl" completely.
       No input files were specified.
       Task "Microsoft.SourceLink.AzureRepos.Git.GetSourceLinkUrl"
       Done executing task "Microsoft.SourceLink.AzureRepos.Git.GetSourceLinkUrl".
   1:7>Done building target "_InitializeAzureReposGitSourceLinkUrl" in project "Cloud9.2.csproj".
   1:7>Target "_InitializeBitbucketGitSourceLinkUrl" in file "/usr/local/share/dotnet/sdk/8.0.407/Sdks/Microsoft.SourceLink.Bitbucket.Git/build/Microsoft.SourceLink.Bitbucket.Git.targets" from project "/Users/tp/Projects/Cloud9.2/Cloud9.2.csproj" (target "_GenerateSourceLinkFile" depends on it):
       Building target "_InitializeBitbucketGitSourceLinkUrl" completely.
       No input files were specified.
       Using "Microsoft.SourceLink.Bitbucket.Git.GetSourceLinkUrl" task from assembly "/usr/local/share/dotnet/sdk/8.0.407/Sdks/Microsoft.SourceLink.Bitbucket.Git/build/../tools/core/Microsoft.SourceLink.Bitbucket.Git.dll".
       Task "Microsoft.SourceLink.Bitbucket.Git.GetSourceLinkUrl"
       Done executing task "Microsoft.SourceLink.Bitbucket.Git.GetSourceLinkUrl".
   1:7>Done building target "_InitializeBitbucketGitSourceLinkUrl" in project "Cloud9.2.csproj".
   1:7>Target "_InitializeBitbucketGitSourceLinkUrl" in file "/usr/local/share/dotnet/sdk/8.0.407/Sdks/Microsoft.SourceLink.Bitbucket.Git/build/Microsoft.SourceLink.Bitbucket.Git.targets" from project "/Users/tp/Projects/Cloud9.2/Cloud9.2.csproj" (target "_GenerateSourceLinkFile" depends on it):
       Building target "_InitializeBitbucketGitSourceLinkUrl" completely.
       No input files were specified.
       Task "Microsoft.SourceLink.Bitbucket.Git.GetSourceLinkUrl"
       Done executing task "Microsoft.SourceLink.Bitbucket.Git.GetSourceLinkUrl".
   1:7>Done building target "_InitializeBitbucketGitSourceLinkUrl" in project "Cloud9.2.csproj".
   1:7>Target "_GenerateSourceLinkFile" in file "/usr/local/share/dotnet/sdk/8.0.407/Sdks/Microsoft.SourceLink.Common/build/Microsoft.SourceLink.Common.targets" from project "/Users/tp/Projects/Cloud9.2/Cloud9.2.csproj" (target "GenerateSourceLinkFile" depends on it):
       Building target "_GenerateSourceLinkFile" completely.
       No input files were specified.
       Using "Microsoft.SourceLink.Common.GenerateSourceLinkFile" task from assembly "/usr/local/share/dotnet/sdk/8.0.407/Sdks/Microsoft.SourceLink.Common/build/../tools/core/Microsoft.SourceLink.Common.dll".
       Task "Microsoft.SourceLink.Common.GenerateSourceLinkFile"
         Source Link file 'obj/Debug/net8.0/Cloud9.2.sourcelink.json' is up-to-date.
       Done executing task "Microsoft.SourceLink.Common.GenerateSourceLinkFile".
   1:7>Done building target "_GenerateSourceLinkFile" in project "Cloud9.2.csproj".
   1:7>Target "GenerateSourceLinkFile" in file "/usr/local/share/dotnet/sdk/8.0.407/Sdks/Microsoft.SourceLink.Common/build/Microsoft.SourceLink.Common.targets" from project "/Users/tp/Projects/Cloud9.2/Cloud9.2.csproj" (target "CoreCompile" depends on it):
   1:7>Done building target "GenerateSourceLinkFile" in project "Cloud9.2.csproj".
   1:7>Target "AddGlobalAnalyzerConfigForPackage_MicrosoftCodeAnalysisNetAnalyzers" in file "/usr/local/share/dotnet/sdk/8.0.407/Sdks/Microsoft.NET.Sdk/analyzers/build/Microsoft.CodeAnalysis.NetAnalyzers.targets" from project "/Users/tp/Projects/Cloud9.2/Cloud9.2.csproj" (target "CoreCompile" depends on it):
   1:7>Done building target "AddGlobalAnalyzerConfigForPackage_MicrosoftCodeAnalysisNetAnalyzers" in project "Cloud9.2.csproj".
       Target "AddGlobalAnalyzerConfigForPackage_MicrosoftCodeAnalysisNetAnalyzersDesign" skipped, due to false condition; ('$(SkipGlobalAnalyzerConfigForPackage)' != 'true' and ('$(AnalysisLevelDesign)' != '' or '$(AnalysisModeDesign)' != '')) was evaluated as ('' != 'true' and ('' != '' or '' != '')).
       Target "AddGlobalAnalyzerConfigForPackage_MicrosoftCodeAnalysisNetAnalyzersDocumentation" skipped, due to false condition; ('$(SkipGlobalAnalyzerConfigForPackage)' != 'true' and ('$(AnalysisLevelDocumentation)' != '' or '$(AnalysisModeDocumentation)' != '')) was evaluated as ('' != 'true' and ('' != '' or '' != '')).
       Target "AddGlobalAnalyzerConfigForPackage_MicrosoftCodeAnalysisNetAnalyzersGlobalization" skipped, due to false condition; ('$(SkipGlobalAnalyzerConfigForPackage)' != 'true' and ('$(AnalysisLevelGlobalization)' != '' or '$(AnalysisModeGlobalization)' != '')) was evaluated as ('' != 'true' and ('' != '' or '' != '')).
       Target "AddGlobalAnalyzerConfigForPackage_MicrosoftCodeAnalysisNetAnalyzersInteroperability" skipped, due to false condition; ('$(SkipGlobalAnalyzerConfigForPackage)' != 'true' and ('$(AnalysisLevelInteroperability)' != '' or '$(AnalysisModeInteroperability)' != '')) was evaluated as ('' != 'true' and ('' != '' or '' != '')).
       Target "AddGlobalAnalyzerConfigForPackage_MicrosoftCodeAnalysisNetAnalyzersMaintainability" skipped, due to false condition; ('$(SkipGlobalAnalyzerConfigForPackage)' != 'true' and ('$(AnalysisLevelMaintainability)' != '' or '$(AnalysisModeMaintainability)' != '')) was evaluated as ('' != 'true' and ('' != '' or '' != '')).
       Target "AddGlobalAnalyzerConfigForPackage_MicrosoftCodeAnalysisNetAnalyzersNaming" skipped, due to false condition; ('$(SkipGlobalAnalyzerConfigForPackage)' != 'true' and ('$(AnalysisLevelNaming)' != '' or '$(AnalysisModeNaming)' != '')) was evaluated as ('' != 'true' and ('' != '' or '' != '')).
       Target "AddGlobalAnalyzerConfigForPackage_MicrosoftCodeAnalysisNetAnalyzersPerformance" skipped, due to false condition; ('$(SkipGlobalAnalyzerConfigForPackage)' != 'true' and ('$(AnalysisLevelPerformance)' != '' or '$(AnalysisModePerformance)' != '')) was evaluated as ('' != 'true' and ('' != '' or '' != '')).
       Target "AddGlobalAnalyzerConfigForPackage_MicrosoftCodeAnalysisNetAnalyzersReliability" skipped, due to false condition; ('$(SkipGlobalAnalyzerConfigForPackage)' != 'true' and ('$(AnalysisLevelReliability)' != '' or '$(AnalysisModeReliability)' != '')) was evaluated as ('' != 'true' and ('' != '' or '' != '')).
       Target "AddGlobalAnalyzerConfigForPackage_MicrosoftCodeAnalysisNetAnalyzersSecurity" skipped, due to false condition; ('$(SkipGlobalAnalyzerConfigForPackage)' != 'true' and ('$(AnalysisLevelSecurity)' != '' or '$(AnalysisModeSecurity)' != '')) was evaluated as ('' != 'true' and ('' != '' or '' != '')).
       Target "AddGlobalAnalyzerConfigForPackage_MicrosoftCodeAnalysisNetAnalyzersUsage" skipped, due to false condition; ('$(SkipGlobalAnalyzerConfigForPackage)' != 'true' and ('$(AnalysisLevelUsage)' != '' or '$(AnalysisModeUsage)' != '')) was evaluated as ('' != 'true' and ('' != '' or '' != '')).
       Target "_CodeAnalysisTreatWarningsAsErrors" skipped, due to false condition; ('$(DesignTimeBuild)' == 'true' OR '$(BuildingProject)' != 'true') was evaluated as ('' == 'true' OR 'true' != 'true').
   1:7>Target "_ReportUpgradeNetAnalyzersNuGetWarning" in file "/usr/local/share/dotnet/sdk/8.0.407/Sdks/Microsoft.NET.Sdk/analyzers/build/Microsoft.CodeAnalysis.NetAnalyzers.targets" from project "/Users/tp/Projects/Cloud9.2/Cloud9.2.csproj" (target "CoreCompile" depends on it):
       Task "Warning" skipped, due to false condition; ('$(_NETAnalyzersNuGetAssemblyVersion)' != '' AND
                                '$(_NETAnalyzersSDKAssemblyVersion)' != '' AND
                                 $(_NETAnalyzersNuGetAssemblyVersion) < $(_NETAnalyzersSDKAssemblyVersion)) was evaluated as ('' != '' AND
                                '8.0.0' != '' AND
                                  < 8.0.0).
   1:7>Done building target "_ReportUpgradeNetAnalyzersNuGetWarning" in project "Cloud9.2.csproj".
   1:7>Target "CoreCompile" in file "/usr/local/share/dotnet/sdk/8.0.407/Roslyn/Microsoft.CSharp.Core.targets" from project "/Users/tp/Projects/Cloud9.2/Cloud9.2.csproj" (target "Compile" depends on it):
       Building target "CoreCompile" completely.
       Input file "Program.cs" is newer than output file "obj/Debug/net8.0/Cloud9.2.pdb".
       Using "Csc" task from assembly "/usr/local/share/dotnet/sdk/8.0.407/Roslyn/Microsoft.Build.Tasks.CodeAnalysis.dll".
       Task "Csc"
         /usr/local/share/dotnet/dotnet exec "/usr/local/share/dotnet/sdk/8.0.407/Roslyn/bincore/csc.dll" /noconfig /unsafe- /checked- /nowarn:1701,1702,1701,1702 /fullpaths /nostdlib+ /errorreport:prompt /warn:8 /define:TRACE;DEBUG;NET;NET8_0;NETCOREAPP;NET5_0_OR_GREATER;NET6_0_OR_GREATER;NET7_0_OR_GREATER;NET8_0_OR_GREATER;NETCOREAPP1_0_OR_GREATER;NETCOREAPP1_1_OR_GREATER;NETCOREAPP2_0_OR_GREATER;NETCOREAPP2_1_OR_GREATER;NETCOREAPP2_2_OR_GREATER;NETCOREAPP3_0_OR_GREATER;NETCOREAPP3_1_OR_GREATER /highentropyva+ /nullable:enable /reference:/Users/tp/.nuget/packages/azure.core/1.25.0/lib/net5.0/Azure.Core.dll /reference:/Users/tp/.nuget/packages/azure.identity/1.7.0/lib/netstandard2.0/Azure.Identity.dll /reference:/Users/tp/.nuget/packages/microsoft.visualstudio.web.codegeneration.design/8.0.4/lib/net8.0/dotnet-aspnet-codegenerator-design.dll /reference:/Users/tp/.nuget/packages/humanizer.core/2.14.1/lib/net6.0/Humanizer.dll /reference:/usr/local/share/dotnet/packs/Microsoft.AspNetCore.App.Ref/8.0.14/ref/net8.0/Microsoft.AspNetCore.Antiforgery.dll /reference:/usr/local/share/dotnet/packs/Microsoft.AspNetCore.App.Ref/8.0.14/ref/net8.0/Microsoft.AspNetCore.Authentication.Abstractions.dll /reference:/usr/local/share/dotnet/packs/Microsoft.AspNetCore.App.Ref/8.0.14/ref/net8.0/Microsoft.AspNetCore.Authentication.BearerToken.dll /reference:/usr/local/share/dotnet/packs/Microsoft.AspNetCore.App.Ref/8.0.14/ref/net8.0/Microsoft.AspNetCore.Authentication.Cookies.dll /reference:/usr/local/share/dotnet/packs/Microsoft.AspNetCore.App.Ref/8.0.14/ref/net8.0/Microsoft.AspNetCore.Authentication.Core.dll /reference:/usr/local/share/dotnet/packs/Microsoft.AspNetCore.App.Ref/8.0.14/ref/net8.0/Microsoft.AspNetCore.Authentication.dll /reference:/usr/local/share/dotnet/packs/Microsoft.AspNetCore.App.Ref/8.0.14/ref/net8.0/Microsoft.AspNetCore.Authentication.OAuth.dll /reference:/usr/local/share/dotnet/packs/Microsoft.AspNetCore.App.Ref/8.0.14/ref/net8.0/Microsoft.AspNetCore.Authorization.dll /reference:/usr/local/share/dotnet/packs/Microsoft.AspNetCore.App.Ref/8.0.14/ref/net8.0/Microsoft.AspNetCore.Authorization.Policy.dll /reference:/usr/local/share/dotnet/packs/Microsoft.AspNetCore.App.Ref/8.0.14/ref/net8.0/Microsoft.AspNetCore.Components.Authorization.dll /reference:/usr/local/share/dotnet/packs/Microsoft.AspNetCore.App.Ref/8.0.14/ref/net8.0/Microsoft.AspNetCore.Components.dll /reference:/usr/local/share/dotnet/packs/Microsoft.AspNetCore.App.Ref/8.0.14/ref/net8.0/Microsoft.AspNetCore.Components.Endpoints.dll /reference:/usr/local/share/dotnet/packs/Microsoft.AspNetCore.App.Ref/8.0.14/ref/net8.0/Microsoft.AspNetCore.Components.Forms.dll /reference:/usr/local/share/dotnet/packs/Microsoft.AspNetCore.App.Ref/8.0.14/ref/net8.0/Microsoft.AspNetCore.Components.Server.dll /reference:/usr/local/share/dotnet/packs/Microsoft.AspNetCore.App.Ref/8.0.14/ref/net8.0/Microsoft.AspNetCore.Components.Web.dll /reference:/usr/local/share/dotnet/packs/Microsoft.AspNetCore.App.Ref/8.0.14/ref/net8.0/Microsoft.AspNetCore.Connections.Abstractions.dll /reference:/usr/local/share/dotnet/packs/Microsoft.AspNetCore.App.Ref/8.0.14/ref/net8.0/Microsoft.AspNetCore.CookiePolicy.dll /reference:/usr/local/share/dotnet/packs/Microsoft.AspNetCore.App.Ref/8.0.14/ref/net8.0/Microsoft.AspNetCore.Cors.dll /reference:/usr/local/share/dotnet/packs/Microsoft.AspNetCore.App.Ref/8.0.14/ref/net8.0/Microsoft.AspNetCore.Cryptography.Internal.dll /reference:/usr/local/share/dotnet/packs/Microsoft.AspNetCore.App.Ref/8.0.14/ref/net8.0/Microsoft.AspNetCore.Cryptography.KeyDerivation.dll /reference:/usr/local/share/dotnet/packs/Microsoft.AspNetCore.App.Ref/8.0.14/ref/net8.0/Microsoft.AspNetCore.DataProtection.Abstractions.dll /reference:/usr/local/share/dotnet/packs/Microsoft.AspNetCore.App.Ref/8.0.14/ref/net8.0/Microsoft.AspNetCore.DataProtection.dll /reference:/usr/local/share/dotnet/packs/Microsoft.AspNetCore.App.Ref/8.0.14/ref/net8.0/Microsoft.AspNetCore.DataProtection.Extensions.dll /reference:/usr/local/share/dotnet/packs/Microsoft.AspNetCore.App.Ref/8.0.14/ref/net8.0/Microsoft.AspNetCore.Diagnostics.Abstractions.dll /reference:/usr/local/share/dotnet/packs/Microsoft.AspNetCore.App.Ref/8.0.14/ref/net8.0/Microsoft.AspNetCore.Diagnostics.dll /reference:/usr/local/share/dotnet/packs/Microsoft.AspNetCore.App.Ref/8.0.14/ref/net8.0/Microsoft.AspNetCore.Diagnostics.HealthChecks.dll /reference:/usr/local/share/dotnet/packs/Microsoft.AspNetCore.App.Ref/8.0.14/ref/net8.0/Microsoft.AspNetCore.dll /reference:/usr/local/share/dotnet/packs/Microsoft.AspNetCore.App.Ref/8.0.14/ref/net8.0/Microsoft.AspNetCore.HostFiltering.dll /reference:/usr/local/share/dotnet/packs/Microsoft.AspNetCore.App.Ref/8.0.14/ref/net8.0/Microsoft.AspNetCore.Hosting.Abstractions.dll /reference:/usr/local/share/dotnet/packs/Microsoft.AspNetCore.App.Ref/8.0.14/ref/net8.0/Microsoft.AspNetCore.Hosting.dll /reference:/usr/local/share/dotnet/packs/Microsoft.AspNetCore.App.Ref/8.0.14/ref/net8.0/Microsoft.AspNetCore.Hosting.Server.Abstractions.dll /reference:/usr/local/share/dotnet/packs/Microsoft.AspNetCore.App.Ref/8.0.14/ref/net8.0/Microsoft.AspNetCore.Html.Abstractions.dll /reference:/usr/local/share/dotnet/packs/Microsoft.AspNetCore.App.Ref/8.0.14/ref/net8.0/Microsoft.AspNetCore.Http.Abstractions.dll /reference:/usr/local/share/dotnet/packs/Microsoft.AspNetCore.App.Ref/8.0.14/ref/net8.0/Microsoft.AspNetCore.Http.Connections.Common.dll /reference:/usr/local/share/dotnet/packs/Microsoft.AspNetCore.App.Ref/8.0.14/ref/net8.0/Microsoft.AspNetCore.Http.Connections.dll /reference:/usr/local/share/dotnet/packs/Microsoft.AspNetCore.App.Ref/8.0.14/ref/net8.0/Microsoft.AspNetCore.Http.dll /reference:/usr/local/share/dotnet/packs/Microsoft.AspNetCore.App.Ref/8.0.14/ref/net8.0/Microsoft.AspNetCore.Http.Extensions.dll /reference:/usr/local/share/dotnet/packs/Microsoft.AspNetCore.App.Ref/8.0.14/ref/net8.0/Microsoft.AspNetCore.Http.Features.dll /reference:/usr/local/share/dotnet/packs/Microsoft.AspNetCore.App.Ref/8.0.14/ref/net8.0/Microsoft.AspNetCore.Http.Results.dll /reference:/usr/local/share/dotnet/packs/Microsoft.AspNetCore.App.Ref/8.0.14/ref/net8.0/Microsoft.AspNetCore.HttpLogging.dll /reference:/usr/local/share/dotnet/packs/Microsoft.AspNetCore.App.Ref/8.0.14/ref/net8.0/Microsoft.AspNetCore.HttpOverrides.dll /reference:/usr/local/share/dotnet/packs/Microsoft.AspNetCore.App.Ref/8.0.14/ref/net8.0/Microsoft.AspNetCore.HttpsPolicy.dll /reference:/usr/local/share/dotnet/packs/Microsoft.AspNetCore.App.Ref/8.0.14/ref/net8.0/Microsoft.AspNetCore.Identity.dll /reference:/Users/tp/.nuget/packages/microsoft.aspnetcore.identity.entityframeworkcore/8.0.0/lib/net8.0/Microsoft.AspNetCore.Identity.EntityFrameworkCore.dll /reference:/Users/tp/.nuget/packages/microsoft.aspnetcore.identity.ui/8.0.0/lib/net8.0/Microsoft.AspNetCore.Identity.UI.dll /reference:/usr/local/share/dotnet/packs/Microsoft.AspNetCore.App.Ref/8.0.14/ref/net8.0/Microsoft.AspNetCore.Localization.dll /reference:/usr/local/share/dotnet/packs/Microsoft.AspNetCore.App.Ref/8.0.14/ref/net8.0/Microsoft.AspNetCore.Localization.Routing.dll /reference:/usr/local/share/dotnet/packs/Microsoft.AspNetCore.App.Ref/8.0.14/ref/net8.0/Microsoft.AspNetCore.Metadata.dll /reference:/usr/local/share/dotnet/packs/Microsoft.AspNetCore.App.Ref/8.0.14/ref/net8.0/Microsoft.AspNetCore.Mvc.Abstractions.dll /reference:/usr/local/share/dotnet/packs/Microsoft.AspNetCore.App.Ref/8.0.14/ref/net8.0/Microsoft.AspNetCore.Mvc.ApiExplorer.dll /reference:/usr/local/share/dotnet/packs/Microsoft.AspNetCore.App.Ref/8.0.14/ref/net8.0/Microsoft.AspNetCore.Mvc.Core.dll /reference:/usr/local/share/dotnet/packs/Microsoft.AspNetCore.App.Ref/8.0.14/ref/net8.0/Microsoft.AspNetCore.Mvc.Cors.dll /reference:/usr/local/share/dotnet/packs/Microsoft.AspNetCore.App.Ref/8.0.14/ref/net8.0/Microsoft.AspNetCore.Mvc.DataAnnotations.dll /reference:/usr/local/share/dotnet/packs/Microsoft.AspNetCore.App.Ref/8.0.14/ref/net8.0/Microsoft.AspNetCore.Mvc.dll /reference:/usr/local/share/dotnet/packs/Microsoft.AspNetCore.App.Ref/8.0.14/ref/net8.0/Microsoft.AspNetCore.Mvc.Formatters.Json.dll /reference:/usr/local/share/dotnet/packs/Microsoft.AspNetCore.App.Ref/8.0.14/ref/net8.0/Microsoft.AspNetCore.Mvc.Formatters.Xml.dll /reference:/usr/local/share/dotnet/packs/Microsoft.AspNetCore.App.Ref/8.0.14/ref/net8.0/Microsoft.AspNetCore.Mvc.Localization.dll /reference:/usr/local/share/dotnet/packs/Microsoft.AspNetCore.App.Ref/8.0.14/ref/net8.0/Microsoft.AspNetCore.Mvc.Razor.dll /reference:/usr/local/share/dotnet/packs/Microsoft.AspNetCore.App.Ref/8.0.14/ref/net8.0/Microsoft.AspNetCore.Mvc.RazorPages.dll /reference:/usr/local/share/dotnet/packs/Microsoft.AspNetCore.App.Ref/8.0.14/ref/net8.0/Microsoft.AspNetCore.Mvc.TagHelpers.dll /reference:/usr/local/share/dotnet/packs/Microsoft.AspNetCore.App.Ref/8.0.14/ref/net8.0/Microsoft.AspNetCore.Mvc.ViewFeatures.dll /reference:/usr/local/share/dotnet/packs/Microsoft.AspNetCore.App.Ref/8.0.14/ref/net8.0/Microsoft.AspNetCore.OutputCaching.dll /reference:/usr/local/share/dotnet/packs/Microsoft.AspNetCore.App.Ref/8.0.14/ref/net8.0/Microsoft.AspNetCore.RateLimiting.dll /reference:/usr/local/share/dotnet/packs/Microsoft.AspNetCore.App.Ref/8.0.14/ref/net8.0/Microsoft.AspNetCore.Razor.dll /reference:/Users/tp/.nuget/packages/microsoft.aspnetcore.razor.language/6.0.24/lib/netstandard2.0/Microsoft.AspNetCore.Razor.Language.dll /reference:/usr/local/share/dotnet/packs/Microsoft.AspNetCore.App.Ref/8.0.14/ref/net8.0/Microsoft.AspNetCore.Razor.Runtime.dll /reference:/usr/local/share/dotnet/packs/Microsoft.AspNetCore.App.Ref/8.0.14/ref/net8.0/Microsoft.AspNetCore.RequestDecompression.dll /reference:/usr/local/share/dotnet/packs/Microsoft.AspNetCore.App.Ref/8.0.14/ref/net8.0/Microsoft.AspNetCore.ResponseCaching.Abstractions.dll /reference:/usr/local/share/dotnet/packs/Microsoft.AspNetCore.App.Ref/8.0.14/ref/net8.0/Microsoft.AspNetCore.ResponseCaching.dll /reference:/usr/local/share/dotnet/packs/Microsoft.AspNetCore.App.Ref/8.0.14/ref/net8.0/Microsoft.AspNetCore.ResponseCompression.dll /reference:/usr/local/share/dotnet/packs/Microsoft.AspNetCore.App.Ref/8.0.14/ref/net8.0/Microsoft.AspNetCore.Rewrite.dll /reference:/usr/local/share/dotnet/packs/Microsoft.AspNetCore.App.Ref/8.0.14/ref/net8.0/Microsoft.AspNetCore.Routing.Abstractions.dll /reference:/usr/local/share/dotnet/packs/Microsoft.AspNetCore.App.Ref/8.0.14/ref/net8.0/Microsoft.AspNetCore.Routing.dll /reference:/usr/local/share/dotnet/packs/Microsoft.AspNetCore.App.Ref/8.0.14/ref/net8.0/Microsoft.AspNetCore.Server.HttpSys.dll /reference:/usr/local/share/dotnet/packs/Microsoft.AspNetCore.App.Ref/8.0.14/ref/net8.0/Microsoft.AspNetCore.Server.IIS.dll /reference:/usr/local/share/dotnet/packs/Microsoft.AspNetCore.App.Ref/8.0.14/ref/net8.0/Microsoft.AspNetCore.Server.IISIntegration.dll /reference:/usr/local/share/dotnet/packs/Microsoft.AspNetCore.App.Ref/8.0.14/ref/net8.0/Microsoft.AspNetCore.Server.Kestrel.Core.dll /reference:/usr/local/share/dotnet/packs/Microsoft.AspNetCore.App.Ref/8.0.14/ref/net8.0/Microsoft.AspNetCore.Server.Kestrel.dll /reference:/usr/local/share/dotnet/packs/Microsoft.AspNetCore.App.Ref/8.0.14/ref/net8.0/Microsoft.AspNetCore.Server.Kestrel.Transport.NamedPipes.dll /reference:/usr/local/share/dotnet/packs/Microsoft.AspNetCore.App.Ref/8.0.14/ref/net8.0/Microsoft.AspNetCore.Server.Kestrel.Transport.Quic.dll /reference:/usr/local/share/dotnet/packs/Microsoft.AspNetCore.App.Ref/8.0.14/ref/net8.0/Microsoft.AspNetCore.Server.Kestrel.Transport.Sockets.dll /reference:/usr/local/share/dotnet/packs/Microsoft.AspNetCore.App.Ref/8.0.14/ref/net8.0/Microsoft.AspNetCore.Session.dll /reference:/usr/local/share/dotnet/packs/Microsoft.AspNetCore.App.Ref/8.0.14/ref/net8.0/Microsoft.AspNetCore.SignalR.Common.dll /reference:/usr/local/share/dotnet/packs/Microsoft.AspNetCore.App.Ref/8.0.14/ref/net8.0/Microsoft.AspNetCore.SignalR.Core.dll /reference:/usr/local/share/dotnet/packs/Microsoft.AspNetCore.App.Ref/8.0.14/ref/net8.0/Microsoft.AspNetCore.SignalR.dll /reference:/usr/local/share/dotnet/packs/Microsoft.AspNetCore.App.Ref/8.0.14/ref/net8.0/Microsoft.AspNetCore.SignalR.Protocols.Json.dll /reference:/usr/local/share/dotnet/packs/Microsoft.AspNetCore.App.Ref/8.0.14/ref/net8.0/Microsoft.AspNetCore.StaticFiles.dll /reference:/usr/local/share/dotnet/packs/Microsoft.AspNetCore.App.Ref/8.0.14/ref/net8.0/Microsoft.AspNetCore.WebSockets.dll /reference:/usr/local/share/dotnet/packs/Microsoft.AspNetCore.App.Ref/8.0.14/ref/net8.0/Microsoft.AspNetCore.WebUtilities.dll /reference:/Users/tp/.nuget/packages/microsoft.bcl.asyncinterfaces/7.0.0/lib/netstandard2.1/Microsoft.Bcl.AsyncInterfaces.dll /reference:/Users/tp/.nuget/packages/microsoft.build/17.8.3/ref/net8.0/Microsoft.Build.dll /reference:/Users/tp/.nuget/packages/microsoft.build.framework/17.8.3/ref/net8.0/Microsoft.Build.Framework.dll /reference:/Users/tp/.nuget/packages/microsoft.codeanalysis.analyzerutilities/3.3.0/lib/netstandard2.0/Microsoft.CodeAnalysis.AnalyzerUtilities.dll /reference:/Users/tp/.nuget/packages/microsoft.codeanalysis.csharp/4.8.0/lib/net7.0/Microsoft.CodeAnalysis.CSharp.dll /reference:/Users/tp/.nuget/packages/microsoft.codeanalysis.csharp.features/4.8.0/lib/net7.0/Microsoft.CodeAnalysis.CSharp.Features.dll /reference:/Users/tp/.nuget/packages/microsoft.codeanalysis.csharp.workspaces/4.8.0/lib/net7.0/Microsoft.CodeAnalysis.CSharp.Workspaces.dll /reference:/Users/tp/.nuget/packages/microsoft.codeanalysis.common/4.8.0/lib/net7.0/Microsoft.CodeAnalysis.dll /reference:/Users/tp/.nuget/packages/microsoft.codeanalysis.elfie/1.0.0/lib/netstandard2.0/Microsoft.CodeAnalysis.Elfie.dll /reference:/Users/tp/.nuget/packages/microsoft.codeanalysis.features/4.8.0/lib/net7.0/Microsoft.CodeAnalysis.Features.dll /reference:/Users/tp/.nuget/packages/microsoft.codeanalysis.razor/6.0.24/lib/netstandard2.0/Microsoft.CodeAnalysis.Razor.dll /reference:/Users/tp/.nuget/packages/microsoft.codeanalysis.scripting.common/4.8.0/lib/net7.0/Microsoft.CodeAnalysis.Scripting.dll /reference:/Users/tp/.nuget/packages/microsoft.codeanalysis.workspaces.common/4.8.0/lib/net7.0/Microsoft.CodeAnalysis.Workspaces.dll /reference:/usr/local/share/dotnet/packs/Microsoft.NETCore.App.Ref/8.0.14/ref/net8.0/Microsoft.CSharp.dll /reference:/Users/tp/.nuget/packages/microsoft.data.sqlclient/5.1.1/ref/net6.0/Microsoft.Data.SqlClient.dll /reference:/Users/tp/.nuget/packages/microsoft.diasymreader/2.0.0/lib/netstandard2.0/Microsoft.DiaSymReader.dll /reference:/Users/tp/.nuget/packages/microsoft.dotnet.scaffolding.shared/8.0.4/lib/netstandard2.0/Microsoft.DotNet.Scaffolding.Shared.dll /reference:/Users/tp/.nuget/packages/microsoft.entityframeworkcore.abstractions/8.0.0/lib/net8.0/Microsoft.EntityFrameworkCore.Abstractions.dll /reference:/Users/tp/.nuget/packages/microsoft.entityframeworkcore/8.0.0/lib/net8.0/Microsoft.EntityFrameworkCore.dll /reference:/Users/tp/.nuget/packages/microsoft.entityframeworkcore.relational/8.0.0/lib/net8.0/Microsoft.EntityFrameworkCore.Relational.dll /reference:/Users/tp/.nuget/packages/microsoft.entityframeworkcore.sqlserver/8.0.0/lib/net8.0/Microsoft.EntityFrameworkCore.SqlServer.dll /reference:/usr/local/share/dotnet/packs/Microsoft.AspNetCore.App.Ref/8.0.14/ref/net8.0/Microsoft.Extensions.Caching.Abstractions.dll /reference:/usr/local/share/dotnet/packs/Microsoft.AspNetCore.App.Ref/8.0.14/ref/net8.0/Microsoft.Extensions.Caching.Memory.dll /reference:/usr/local/share/dotnet/packs/Microsoft.AspNetCore.App.Ref/8.0.14/ref/net8.0/Microsoft.Extensions.Configuration.Abstractions.dll /reference:/usr/local/share/dotnet/packs/Microsoft.AspNetCore.App.Ref/8.0.14/ref/net8.0/Microsoft.Extensions.Configuration.Binder.dll /reference:/usr/local/share/dotnet/packs/Microsoft.AspNetCore.App.Ref/8.0.14/ref/net8.0/Microsoft.Extensions.Configuration.CommandLine.dll /reference:/usr/local/share/dotnet/packs/Microsoft.AspNetCore.App.Ref/8.0.14/ref/net8.0/Microsoft.Extensions.Configuration.dll /reference:/usr/local/share/dotnet/packs/Microsoft.AspNetCore.App.Ref/8.0.14/ref/net8.0/Microsoft.Extensions.Configuration.EnvironmentVariables.dll /reference:/usr/local/share/dotnet/packs/Microsoft.AspNetCore.App.Ref/8.0.14/ref/net8.0/Microsoft.Extensions.Configuration.FileExtensions.dll /reference:/usr/local/share/dotnet/packs/Microsoft.AspNetCore.App.Ref/8.0.14/ref/net8.0/Microsoft.Extensions.Configuration.Ini.dll /reference:/usr/local/share/dotnet/packs/Microsoft.AspNetCore.App.Ref/8.0.14/ref/net8.0/Microsoft.Extensions.Configuration.Json.dll /reference:/usr/local/share/dotnet/packs/Microsoft.AspNetCore.App.Ref/8.0.14/ref/net8.0/Microsoft.Extensions.Configuration.KeyPerFile.dll /reference:/usr/local/share/dotnet/packs/Microsoft.AspNetCore.App.Ref/8.0.14/ref/net8.0/Microsoft.Extensions.Configuration.UserSecrets.dll /reference:/usr/local/share/dotnet/packs/Microsoft.AspNetCore.App.Ref/8.0.14/ref/net8.0/Microsoft.Extensions.Configuration.Xml.dll /reference:/usr/local/share/dotnet/packs/Microsoft.AspNetCore.App.Ref/8.0.14/ref/net8.0/Microsoft.Extensions.DependencyInjection.Abstractions.dll /reference:/usr/local/share/dotnet/packs/Microsoft.AspNetCore.App.Ref/8.0.14/ref/net8.0/Microsoft.Extensions.DependencyInjection.dll /reference:/Users/tp/.nuget/packages/microsoft.extensions.dependencymodel/8.0.1/lib/net8.0/Microsoft.Extensions.DependencyModel.dll /reference:/usr/local/share/dotnet/packs/Microsoft.AspNetCore.App.Ref/8.0.14/ref/net8.0/Microsoft.Extensions.Diagnostics.Abstractions.dll /reference:/usr/local/share/dotnet/packs/Microsoft.AspNetCore.App.Ref/8.0.14/ref/net8.0/Microsoft.Extensions.Diagnostics.dll /reference:/usr/local/share/dotnet/packs/Microsoft.AspNetCore.App.Ref/8.0.14/ref/net8.0/Microsoft.Extensions.Diagnostics.HealthChecks.Abstractions.dll /reference:/usr/local/share/dotnet/packs/Microsoft.AspNetCore.App.Ref/8.0.14/ref/net8.0/Microsoft.Extensions.Diagnostics.HealthChecks.dll /reference:/usr/local/share/dotnet/packs/Microsoft.AspNetCore.App.Ref/8.0.14/ref/net8.0/Microsoft.Extensions.Features.dll /reference:/usr/local/share/dotnet/packs/Microsoft.AspNetCore.App.Ref/8.0.14/ref/net8.0/Microsoft.Extensions.FileProviders.Abstractions.dll /reference:/usr/local/share/dotnet/packs/Microsoft.AspNetCore.App.Ref/8.0.14/ref/net8.0/Microsoft.Extensions.FileProviders.Composite.dll /reference:/usr/local/share/dotnet/packs/Microsoft.AspNetCore.App.Ref/8.0.14/ref/net8.0/Microsoft.Extensions.FileProviders.Embedded.dll /reference:/usr/local/share/dotnet/packs/Microsoft.AspNetCore.App.Ref/8.0.14/ref/net8.0/Microsoft.Extensions.FileProviders.Physical.dll /reference:/usr/local/share/dotnet/packs/Microsoft.AspNetCore.App.Ref/8.0.14/ref/net8.0/Microsoft.Extensions.FileSystemGlobbing.dll /reference:/usr/local/share/dotnet/packs/Microsoft.AspNetCore.App.Ref/8.0.14/ref/net8.0/Microsoft.Extensions.Hosting.Abstractions.dll /reference:/usr/local/share/dotnet/packs/Microsoft.AspNetCore.App.Ref/8.0.14/ref/net8.0/Microsoft.Extensions.Hosting.dll /reference:/usr/local/share/dotnet/packs/Microsoft.AspNetCore.App.Ref/8.0.14/ref/net8.0/Microsoft.Extensions.Http.dll /reference:/usr/local/share/dotnet/packs/Microsoft.AspNetCore.App.Ref/8.0.14/ref/net8.0/Microsoft.Extensions.Identity.Core.dll /reference:/usr/local/share/dotnet/packs/Microsoft.AspNetCore.App.Ref/8.0.14/ref/net8.0/Microsoft.Extensions.Identity.Stores.dll /reference:/usr/local/share/dotnet/packs/Microsoft.AspNetCore.App.Ref/8.0.14/ref/net8.0/Microsoft.Extensions.Localization.Abstractions.dll /reference:/usr/local/share/dotnet/packs/Microsoft.AspNetCore.App.Ref/8.0.14/ref/net8.0/Microsoft.Extensions.Localization.dll /reference:/usr/local/share/dotnet/packs/Microsoft.AspNetCore.App.Ref/8.0.14/ref/net8.0/Microsoft.Extensions.Logging.Abstractions.dll /reference:/usr/local/share/dotnet/packs/Microsoft.AspNetCore.App.Ref/8.0.14/ref/net8.0/Microsoft.Extensions.Logging.Configuration.dll /reference:/usr/local/share/dotnet/packs/Microsoft.AspNetCore.App.Ref/8.0.14/ref/net8.0/Microsoft.Extensions.Logging.Console.dll /reference:/usr/local/share/dotnet/packs/Microsoft.AspNetCore.App.Ref/8.0.14/ref/net8.0/Microsoft.Extensions.Logging.Debug.dll /reference:/usr/local/share/dotnet/packs/Microsoft.AspNetCore.App.Ref/8.0.14/ref/net8.0/Microsoft.Extensions.Logging.dll /reference:/usr/local/share/dotnet/packs/Microsoft.AspNetCore.App.Ref/8.0.14/ref/net8.0/Microsoft.Extensions.Logging.EventLog.dll /reference:/usr/local/share/dotnet/packs/Microsoft.AspNetCore.App.Ref/8.0.14/ref/net8.0/Microsoft.Extensions.Logging.EventSource.dll /reference:/usr/local/share/dotnet/packs/Microsoft.AspNetCore.App.Ref/8.0.14/ref/net8.0/Microsoft.Extensions.Logging.TraceSource.dll /reference:/usr/local/share/dotnet/packs/Microsoft.AspNetCore.App.Ref/8.0.14/ref/net8.0/Microsoft.Extensions.ObjectPool.dll /reference:/usr/local/share/dotnet/packs/Microsoft.AspNetCore.App.Ref/8.0.14/ref/net8.0/Microsoft.Extensions.Options.ConfigurationExtensions.dll /reference:/usr/local/share/dotnet/packs/Microsoft.AspNetCore.App.Ref/8.0.14/ref/net8.0/Microsoft.Extensions.Options.DataAnnotations.dll /reference:/usr/local/share/dotnet/packs/Microsoft.AspNetCore.App.Ref/8.0.14/ref/net8.0/Microsoft.Extensions.Options.dll /reference:/usr/local/share/dotnet/packs/Microsoft.AspNetCore.App.Ref/8.0.14/ref/net8.0/Microsoft.Extensions.Primitives.dll /reference:/usr/local/share/dotnet/packs/Microsoft.AspNetCore.App.Ref/8.0.14/ref/net8.0/Microsoft.Extensions.WebEncoders.dll /reference:/Users/tp/.nuget/packages/microsoft.identity.client/4.47.2/lib/netcoreapp2.1/Microsoft.Identity.Client.dll /reference:/Users/tp/.nuget/packages/microsoft.identity.client.extensions.msal/2.19.3/lib/netcoreapp2.1/Microsoft.Identity.Client.Extensions.Msal.dll /reference:/Users/tp/.nuget/packages/microsoft.identitymodel.abstractions/6.24.0/lib/net6.0/Microsoft.IdentityModel.Abstractions.dll /reference:/Users/tp/.nuget/packages/microsoft.identitymodel.jsonwebtokens/6.24.0/lib/net6.0/Microsoft.IdentityModel.JsonWebTokens.dll /reference:/Users/tp/.nuget/packages/microsoft.identitymodel.logging/6.24.0/lib/net6.0/Microsoft.IdentityModel.Logging.dll /reference:/Users/tp/.nuget/packages/microsoft.identitymodel.protocols/6.24.0/lib/net6.0/Microsoft.IdentityModel.Protocols.dll /reference:/Users/tp/.nuget/packages/microsoft.identitymodel.protocols.openidconnect/6.24.0/lib/net6.0/Microsoft.IdentityModel.Protocols.OpenIdConnect.dll /reference:/Users/tp/.nuget/packages/microsoft.identitymodel.tokens/6.24.0/lib/net6.0/Microsoft.IdentityModel.Tokens.dll /reference:/usr/local/share/dotnet/packs/Microsoft.AspNetCore.App.Ref/8.0.14/ref/net8.0/Microsoft.JSInterop.dll /reference:/usr/local/share/dotnet/packs/Microsoft.AspNetCore.App.Ref/8.0.14/ref/net8.0/Microsoft.Net.Http.Headers.dll /reference:/Users/tp/.nuget/packages/microsoft.net.stringtools/17.8.3/ref/net8.0/Microsoft.NET.StringTools.dll /reference:/Users/tp/.nuget/packages/microsoft.sqlserver.server/1.0.0/lib/netstandard2.0/Microsoft.SqlServer.Server.dll /reference:/usr/local/share/dotnet/packs/Microsoft.NETCore.App.Ref/8.0.14/ref/net8.0/Microsoft.VisualBasic.Core.dll /reference:/usr/local/share/dotnet/packs/Microsoft.NETCore.App.Ref/8.0.14/ref/net8.0/Microsoft.VisualBasic.dll /reference:/Users/tp/.nuget/packages/microsoft.visualstudio.web.codegeneration.core/8.0.4/lib/net8.0/Microsoft.VisualStudio.Web.CodeGeneration.Core.dll /reference:/Users/tp/.nuget/packages/microsoft.visualstudio.web.codegeneration/8.0.4/lib/net8.0/Microsoft.VisualStudio.Web.CodeGeneration.dll /reference:/Users/tp/.nuget/packages/microsoft.visualstudio.web.codegeneration.entityframeworkcore/8.0.4/lib/net8.0/Microsoft.VisualStudio.Web.CodeGeneration.EntityFrameworkCore.dll /reference:/Users/tp/.nuget/packages/microsoft.visualstudio.web.codegeneration.templating/8.0.4/lib/net8.0/Microsoft.VisualStudio.Web.CodeGeneration.Templating.dll /reference:/Users/tp/.nuget/packages/microsoft.visualstudio.web.codegeneration.utils/8.0.4/lib/net8.0/Microsoft.VisualStudio.Web.CodeGeneration.Utils.dll /reference:/Users/tp/.nuget/packages/microsoft.visualstudio.web.codegenerators.mvc/8.0.4/lib/net8.0/Microsoft.VisualStudio.Web.CodeGenerators.Mvc.dll /reference:/usr/local/share/dotnet/packs/Microsoft.NETCore.App.Ref/8.0.14/ref/net8.0/Microsoft.Win32.Primitives.dll /reference:/usr/local/share/dotnet/packs/Microsoft.NETCore.App.Ref/8.0.14/ref/net8.0/Microsoft.Win32.Registry.dll /reference:/Users/tp/.nuget/packages/microsoft.win32.systemevents/7.0.0/lib/net7.0/Microsoft.Win32.SystemEvents.dll /reference:/Users/tp/.nuget/packages/mono.texttemplating/2.3.1/lib/netcoreapp3.1/Mono.TextTemplating.dll /reference:/usr/local/share/dotnet/packs/Microsoft.NETCore.App.Ref/8.0.14/ref/net8.0/mscorlib.dll /reference:/usr/local/share/dotnet/packs/Microsoft.NETCore.App.Ref/8.0.14/ref/net8.0/netstandard.dll /reference:/Users/tp/.nuget/packages/newtonsoft.json/13.0.3/lib/net6.0/Newtonsoft.Json.dll /reference:/Users/tp/.nuget/packages/nuget.common/6.9.1/lib/netstandard2.0/NuGet.Common.dll /reference:/Users/tp/.nuget/packages/nuget.configuration/6.9.1/lib/netstandard2.0/NuGet.Configuration.dll /reference:/Users/tp/.nuget/packages/nuget.dependencyresolver.core/6.9.1/lib/net5.0/NuGet.DependencyResolver.Core.dll /reference:/Users/tp/.nuget/packages/nuget.frameworks/6.9.1/lib/netstandard2.0/NuGet.Frameworks.dll /reference:/Users/tp/.nuget/packages/nuget.librarymodel/6.9.1/lib/netstandard2.0/NuGet.LibraryModel.dll /reference:/Users/tp/.nuget/packages/nuget.packaging/6.9.1/lib/net5.0/NuGet.Packaging.dll /reference:/Users/tp/.nuget/packages/nuget.projectmodel/6.9.1/lib/net5.0/NuGet.ProjectModel.dll /reference:/Users/tp/.nuget/packages/nuget.protocol/6.9.1/lib/net5.0/NuGet.Protocol.dll /reference:/Users/tp/.nuget/packages/nuget.versioning/6.9.1/lib/netstandard2.0/NuGet.Versioning.dll /reference:/Users/tp/.nuget/packages/qrcoder/1.6.0/lib/net6.0/QRCoder.dll /reference:/usr/local/share/dotnet/packs/Microsoft.NETCore.App.Ref/8.0.14/ref/net8.0/System.AppContext.dll /reference:/usr/local/share/dotnet/packs/Microsoft.NETCore.App.Ref/8.0.14/ref/net8.0/System.Buffers.dll /reference:/Users/tp/.nuget/packages/system.codedom/5.0.0/ref/netstandard2.0/System.CodeDom.dll /reference:/usr/local/share/dotnet/packs/Microsoft.NETCore.App.Ref/8.0.14/ref/net8.0/System.Collections.Concurrent.dll /reference:/usr/local/share/dotnet/packs/Microsoft.NETCore.App.Ref/8.0.14/ref/net8.0/System.Collections.dll /reference:/usr/local/share/dotnet/packs/Microsoft.NETCore.App.Ref/8.0.14/ref/net8.0/System.Collections.Immutable.dll /reference:/usr/local/share/dotnet/packs/Microsoft.NETCore.App.Ref/8.0.14/ref/net8.0/System.Collections.NonGeneric.dll /reference:/usr/local/share/dotnet/packs/Microsoft.NETCore.App.Ref/8.0.14/ref/net8.0/System.Collections.Specialized.dll /reference:/usr/local/share/dotnet/packs/Microsoft.NETCore.App.Ref/8.0.14/ref/net8.0/System.ComponentModel.Annotations.dll /reference:/usr/local/share/dotnet/packs/Microsoft.NETCore.App.Ref/8.0.14/ref/net8.0/System.ComponentModel.DataAnnotations.dll /reference:/usr/local/share/dotnet/packs/Microsoft.NETCore.App.Ref/8.0.14/ref/net8.0/System.ComponentModel.dll /reference:/usr/local/share/dotnet/packs/Microsoft.NETCore.App.Ref/8.0.14/ref/net8.0/System.ComponentModel.EventBasedAsync.dll /reference:/usr/local/share/dotnet/packs/Microsoft.NETCore.App.Ref/8.0.14/ref/net8.0/System.ComponentModel.Primitives.dll /reference:/usr/local/share/dotnet/packs/Microsoft.NETCore.App.Ref/8.0.14/ref/net8.0/System.ComponentModel.TypeConverter.dll /reference:/Users/tp/.nuget/packages/system.composition.attributedmodel/7.0.0/lib/net7.0/System.Composition.AttributedModel.dll /reference:/Users/tp/.nuget/packages/system.composition.convention/7.0.0/lib/net7.0/System.Composition.Convention.dll /reference:/Users/tp/.nuget/packages/system.composition.hosting/7.0.0/lib/net7.0/System.Composition.Hosting.dll /reference:/Users/tp/.nuget/packages/system.composition.runtime/7.0.0/lib/net7.0/System.Composition.Runtime.dll /reference:/Users/tp/.nuget/packages/system.composition.typedparts/7.0.0/lib/net7.0/System.Composition.TypedParts.dll /reference:/Users/tp/.nuget/packages/system.configuration.configurationmanager/7.0.0/lib/net7.0/System.Configuration.ConfigurationManager.dll /reference:/usr/local/share/dotnet/packs/Microsoft.NETCore.App.Ref/8.0.14/ref/net8.0/System.Configuration.dll /reference:/usr/local/share/dotnet/packs/Microsoft.NETCore.App.Ref/8.0.14/ref/net8.0/System.Console.dll /reference:/usr/local/share/dotnet/packs/Microsoft.NETCore.App.Ref/8.0.14/ref/net8.0/System.Core.dll /reference:/usr/local/share/dotnet/packs/Microsoft.NETCore.App.Ref/8.0.14/ref/net8.0/System.Data.Common.dll /reference:/usr/local/share/dotnet/packs/Microsoft.NETCore.App.Ref/8.0.14/ref/net8.0/System.Data.DataSetExtensions.dll /reference:/usr/local/share/dotnet/packs/Microsoft.NETCore.App.Ref/8.0.14/ref/net8.0/System.Data.dll /reference:/usr/local/share/dotnet/packs/Microsoft.NETCore.App.Ref/8.0.14/ref/net8.0/System.Diagnostics.Contracts.dll /reference:/usr/local/share/dotnet/packs/Microsoft.NETCore.App.Ref/8.0.14/ref/net8.0/System.Diagnostics.Debug.dll /reference:/usr/local/share/dotnet/packs/Microsoft.NETCore.App.Ref/8.0.14/ref/net8.0/System.Diagnostics.DiagnosticSource.dll /reference:/usr/local/share/dotnet/packs/Microsoft.AspNetCore.App.Ref/8.0.14/ref/net8.0/System.Diagnostics.EventLog.dll /reference:/usr/local/share/dotnet/packs/Microsoft.NETCore.App.Ref/8.0.14/ref/net8.0/System.Diagnostics.FileVersionInfo.dll /reference:/usr/local/share/dotnet/packs/Microsoft.NETCore.App.Ref/8.0.14/ref/net8.0/System.Diagnostics.Process.dll /reference:/usr/local/share/dotnet/packs/Microsoft.NETCore.App.Ref/8.0.14/ref/net8.0/System.Diagnostics.StackTrace.dll /reference:/usr/local/share/dotnet/packs/Microsoft.NETCore.App.Ref/8.0.14/ref/net8.0/System.Diagnostics.TextWriterTraceListener.dll /reference:/usr/local/share/dotnet/packs/Microsoft.NETCore.App.Ref/8.0.14/ref/net8.0/System.Diagnostics.Tools.dll /reference:/usr/local/share/dotnet/packs/Microsoft.NETCore.App.Ref/8.0.14/ref/net8.0/System.Diagnostics.TraceSource.dll /reference:/usr/local/share/dotnet/packs/Microsoft.NETCore.App.Ref/8.0.14/ref/net8.0/System.Diagnostics.Tracing.dll /reference:/usr/local/share/dotnet/packs/Microsoft.NETCore.App.Ref/8.0.14/ref/net8.0/System.dll /reference:/Users/tp/.nuget/packages/system.drawing.common/7.0.0/lib/net7.0/System.Drawing.Common.dll /reference:/usr/local/share/dotnet/packs/Microsoft.NETCore.App.Ref/8.0.14/ref/net8.0/System.Drawing.dll /reference:/usr/local/share/dotnet/packs/Microsoft.NETCore.App.Ref/8.0.14/ref/net8.0/System.Drawing.Primitives.dll /reference:/usr/local/share/dotnet/packs/Microsoft.NETCore.App.Ref/8.0.14/ref/net8.0/System.Dynamic.Runtime.dll /reference:/usr/local/share/dotnet/packs/Microsoft.NETCore.App.Ref/8.0.14/ref/net8.0/System.Formats.Asn1.dll /reference:/usr/local/share/dotnet/packs/Microsoft.NETCore.App.Ref/8.0.14/ref/net8.0/System.Formats.Tar.dll /reference:/usr/local/share/dotnet/packs/Microsoft.NETCore.App.Ref/8.0.14/ref/net8.0/System.Globalization.Calendars.dll /reference:/usr/local/share/dotnet/packs/Microsoft.NETCore.App.Ref/8.0.14/ref/net8.0/System.Globalization.dll /reference:/usr/local/share/dotnet/packs/Microsoft.NETCore.App.Ref/8.0.14/ref/net8.0/System.Globalization.Extensions.dll /reference:/Users/tp/.nuget/packages/system.identitymodel.tokens.jwt/6.24.0/lib/net6.0/System.IdentityModel.Tokens.Jwt.dll /reference:/usr/local/share/dotnet/packs/Microsoft.NETCore.App.Ref/8.0.14/ref/net8.0/System.IO.Compression.Brotli.dll /reference:/usr/local/share/dotnet/packs/Microsoft.NETCore.App.Ref/8.0.14/ref/net8.0/System.IO.Compression.dll /reference:/usr/local/share/dotnet/packs/Microsoft.NETCore.App.Ref/8.0.14/ref/net8.0/System.IO.Compression.FileSystem.dll /reference:/usr/local/share/dotnet/packs/Microsoft.NETCore.App.Ref/8.0.14/ref/net8.0/System.IO.Compression.ZipFile.dll /reference:/usr/local/share/dotnet/packs/Microsoft.NETCore.App.Ref/8.0.14/ref/net8.0/System.IO.dll /reference:/usr/local/share/dotnet/packs/Microsoft.NETCore.App.Ref/8.0.14/ref/net8.0/System.IO.FileSystem.AccessControl.dll /reference:/usr/local/share/dotnet/packs/Microsoft.NETCore.App.Ref/8.0.14/ref/net8.0/System.IO.FileSystem.dll /reference:/usr/local/share/dotnet/packs/Microsoft.NETCore.App.Ref/8.0.14/ref/net8.0/System.IO.FileSystem.DriveInfo.dll /reference:/usr/local/share/dotnet/packs/Microsoft.NETCore.App.Ref/8.0.14/ref/net8.0/System.IO.FileSystem.Primitives.dll /reference:/usr/local/share/dotnet/packs/Microsoft.NETCore.App.Ref/8.0.14/ref/net8.0/System.IO.FileSystem.Watcher.dll /reference:/usr/local/share/dotnet/packs/Microsoft.NETCore.App.Ref/8.0.14/ref/net8.0/System.IO.IsolatedStorage.dll /reference:/usr/local/share/dotnet/packs/Microsoft.NETCore.App.Ref/8.0.14/ref/net8.0/System.IO.MemoryMappedFiles.dll /reference:/usr/local/share/dotnet/packs/Microsoft.AspNetCore.App.Ref/8.0.14/ref/net8.0/System.IO.Pipelines.dll /reference:/usr/local/share/dotnet/packs/Microsoft.NETCore.App.Ref/8.0.14/ref/net8.0/System.IO.Pipes.AccessControl.dll /reference:/usr/local/share/dotnet/packs/Microsoft.NETCore.App.Ref/8.0.14/ref/net8.0/System.IO.Pipes.dll /reference:/usr/local/share/dotnet/packs/Microsoft.NETCore.App.Ref/8.0.14/ref/net8.0/System.IO.UnmanagedMemoryStream.dll /reference:/usr/local/share/dotnet/packs/Microsoft.NETCore.App.Ref/8.0.14/ref/net8.0/System.Linq.dll /reference:/usr/local/share/dotnet/packs/Microsoft.NETCore.App.Ref/8.0.14/ref/net8.0/System.Linq.Expressions.dll /reference:/usr/local/share/dotnet/packs/Microsoft.NETCore.App.Ref/8.0.14/ref/net8.0/System.Linq.Parallel.dll /reference:/usr/local/share/dotnet/packs/Microsoft.NETCore.App.Ref/8.0.14/ref/net8.0/System.Linq.Queryable.dll /reference:/Users/tp/.nuget/packages/system.memory.data/1.0.2/lib/netstandard2.0/System.Memory.Data.dll /reference:/usr/local/share/dotnet/packs/Microsoft.NETCore.App.Ref/8.0.14/ref/net8.0/System.Memory.dll /reference:/usr/local/share/dotnet/packs/Microsoft.NETCore.App.Ref/8.0.14/ref/net8.0/System.Net.dll /reference:/usr/local/share/dotnet/packs/Microsoft.NETCore.App.Ref/8.0.14/ref/net8.0/System.Net.Http.dll /reference:/usr/local/share/dotnet/packs/Microsoft.NETCore.App.Ref/8.0.14/ref/net8.0/System.Net.Http.Json.dll /reference:/usr/local/share/dotnet/packs/Microsoft.NETCore.App.Ref/8.0.14/ref/net8.0/System.Net.HttpListener.dll /reference:/usr/local/share/dotnet/packs/Microsoft.NETCore.App.Ref/8.0.14/ref/net8.0/System.Net.Mail.dll /reference:/usr/local/share/dotnet/packs/Microsoft.NETCore.App.Ref/8.0.14/ref/net8.0/System.Net.NameResolution.dll /reference:/usr/local/share/dotnet/packs/Microsoft.NETCore.App.Ref/8.0.14/ref/net8.0/System.Net.NetworkInformation.dll /reference:/usr/local/share/dotnet/packs/Microsoft.NETCore.App.Ref/8.0.14/ref/net8.0/System.Net.Ping.dll /reference:/usr/local/share/dotnet/packs/Microsoft.NETCore.App.Ref/8.0.14/ref/net8.0/System.Net.Primitives.dll /reference:/usr/local/share/dotnet/packs/Microsoft.NETCore.App.Ref/8.0.14/ref/net8.0/System.Net.Quic.dll /reference:/usr/local/share/dotnet/packs/Microsoft.NETCore.App.Ref/8.0.14/ref/net8.0/System.Net.Requests.dll /reference:/usr/local/share/dotnet/packs/Microsoft.NETCore.App.Ref/8.0.14/ref/net8.0/System.Net.Security.dll /reference:/usr/local/share/dotnet/packs/Microsoft.NETCore.App.Ref/8.0.14/ref/net8.0/System.Net.ServicePoint.dll /reference:/usr/local/share/dotnet/packs/Microsoft.NETCore.App.Ref/8.0.14/ref/net8.0/System.Net.Sockets.dll /reference:/usr/local/share/dotnet/packs/Microsoft.NETCore.App.Ref/8.0.14/ref/net8.0/System.Net.WebClient.dll /reference:/usr/local/share/dotnet/packs/Microsoft.NETCore.App.Ref/8.0.14/ref/net8.0/System.Net.WebHeaderCollection.dll /reference:/usr/local/share/dotnet/packs/Microsoft.NETCore.App.Ref/8.0.14/ref/net8.0/System.Net.WebProxy.dll /reference:/usr/local/share/dotnet/packs/Microsoft.NETCore.App.Ref/8.0.14/ref/net8.0/System.Net.WebSockets.Client.dll /reference:/usr/local/share/dotnet/packs/Microsoft.NETCore.App.Ref/8.0.14/ref/net8.0/System.Net.WebSockets.dll /reference:/Users/tp/.nuget/packages/system.net.websockets.websocketprotocol/5.1.0/lib/net6.0/System.Net.WebSockets.WebSocketProtocol.dll /reference:/usr/local/share/dotnet/packs/Microsoft.NETCore.App.Ref/8.0.14/ref/net8.0/System.Numerics.dll /reference:/usr/local/share/dotnet/packs/Microsoft.NETCore.App.Ref/8.0.14/ref/net8.0/System.Numerics.Vectors.dll /reference:/usr/local/share/dotnet/packs/Microsoft.NETCore.App.Ref/8.0.14/ref/net8.0/System.ObjectModel.dll /reference:/usr/local/share/dotnet/packs/Microsoft.NETCore.App.Ref/8.0.14/ref/net8.0/System.Reflection.DispatchProxy.dll /reference:/usr/local/share/dotnet/packs/Microsoft.NETCore.App.Ref/8.0.14/ref/net8.0/System.Reflection.dll /reference:/usr/local/share/dotnet/packs/Microsoft.NETCore.App.Ref/8.0.14/ref/net8.0/System.Reflection.Emit.dll /reference:/usr/local/share/dotnet/packs/Microsoft.NETCore.App.Ref/8.0.14/ref/net8.0/System.Reflection.Emit.ILGeneration.dll /reference:/usr/local/share/dotnet/packs/Microsoft.NETCore.App.Ref/8.0.14/ref/net8.0/System.Reflection.Emit.Lightweight.dll /reference:/usr/local/share/dotnet/packs/Microsoft.NETCore.App.Ref/8.0.14/ref/net8.0/System.Reflection.Extensions.dll /reference:/usr/local/share/dotnet/packs/Microsoft.NETCore.App.Ref/8.0.14/ref/net8.0/System.Reflection.Metadata.dll /reference:/Users/tp/.nuget/packages/system.reflection.metadataloadcontext/7.0.0/lib/net7.0/System.Reflection.MetadataLoadContext.dll /reference:/usr/local/share/dotnet/packs/Microsoft.NETCore.App.Ref/8.0.14/ref/net8.0/System.Reflection.Primitives.dll /reference:/usr/local/share/dotnet/packs/Microsoft.NETCore.App.Ref/8.0.14/ref/net8.0/System.Reflection.TypeExtensions.dll /reference:/usr/local/share/dotnet/packs/Microsoft.NETCore.App.Ref/8.0.14/ref/net8.0/System.Resources.Reader.dll /reference:/usr/local/share/dotnet/packs/Microsoft.NETCore.App.Ref/8.0.14/ref/net8.0/System.Resources.ResourceManager.dll /reference:/usr/local/share/dotnet/packs/Microsoft.NETCore.App.Ref/8.0.14/ref/net8.0/System.Resources.Writer.dll /reference:/usr/local/share/dotnet/packs/Microsoft.NETCore.App.Ref/8.0.14/ref/net8.0/System.Runtime.CompilerServices.Unsafe.dll /reference:/usr/local/share/dotnet/packs/Microsoft.NETCore.App.Ref/8.0.14/ref/net8.0/System.Runtime.CompilerServices.VisualC.dll /reference:/usr/local/share/dotnet/packs/Microsoft.NETCore.App.Ref/8.0.14/ref/net8.0/System.Runtime.dll /reference:/usr/local/share/dotnet/packs/Microsoft.NETCore.App.Ref/8.0.14/ref/net8.0/System.Runtime.Extensions.dll /reference:/usr/local/share/dotnet/packs/Microsoft.NETCore.App.Ref/8.0.14/ref/net8.0/System.Runtime.Handles.dll /reference:/usr/local/share/dotnet/packs/Microsoft.NETCore.App.Ref/8.0.14/ref/net8.0/System.Runtime.InteropServices.dll /reference:/usr/local/share/dotnet/packs/Microsoft.NETCore.App.Ref/8.0.14/ref/net8.0/System.Runtime.InteropServices.JavaScript.dll /reference:/usr/local/share/dotnet/packs/Microsoft.NETCore.App.Ref/8.0.14/ref/net8.0/System.Runtime.InteropServices.RuntimeInformation.dll /reference:/usr/local/share/dotnet/packs/Microsoft.NETCore.App.Ref/8.0.14/ref/net8.0/System.Runtime.Intrinsics.dll /reference:/usr/local/share/dotnet/packs/Microsoft.NETCore.App.Ref/8.0.14/ref/net8.0/System.Runtime.Loader.dll /reference:/usr/local/share/dotnet/packs/Microsoft.NETCore.App.Ref/8.0.14/ref/net8.0/System.Runtime.Numerics.dll /reference:/usr/local/share/dotnet/packs/Microsoft.NETCore.App.Ref/8.0.14/ref/net8.0/System.Runtime.Serialization.dll /reference:/usr/local/share/dotnet/packs/Microsoft.NETCore.App.Ref/8.0.14/ref/net8.0/System.Runtime.Serialization.Formatters.dll /reference:/usr/local/share/dotnet/packs/Microsoft.NETCore.App.Ref/8.0.14/ref/net8.0/System.Runtime.Serialization.Json.dll /reference:/usr/local/share/dotnet/packs/Microsoft.NETCore.App.Ref/8.0.14/ref/net8.0/System.Runtime.Serialization.Primitives.dll /reference:/usr/local/share/dotnet/packs/Microsoft.NETCore.App.Ref/8.0.14/ref/net8.0/System.Runtime.Serialization.Xml.dll /reference:/usr/local/share/dotnet/packs/Microsoft.NETCore.App.Ref/8.0.14/ref/net8.0/System.Security.AccessControl.dll /reference:/usr/local/share/dotnet/packs/Microsoft.NETCore.App.Ref/8.0.14/ref/net8.0/System.Security.Claims.dll /reference:/usr/local/share/dotnet/packs/Microsoft.NETCore.App.Ref/8.0.14/ref/net8.0/System.Security.Cryptography.Algorithms.dll /reference:/usr/local/share/dotnet/packs/Microsoft.NETCore.App.Ref/8.0.14/ref/net8.0/System.Security.Cryptography.Cng.dll /reference:/usr/local/share/dotnet/packs/Microsoft.NETCore.App.Ref/8.0.14/ref/net8.0/System.Security.Cryptography.Csp.dll /reference:/usr/local/share/dotnet/packs/Microsoft.NETCore.App.Ref/8.0.14/ref/net8.0/System.Security.Cryptography.dll /reference:/usr/local/share/dotnet/packs/Microsoft.NETCore.App.Ref/8.0.14/ref/net8.0/System.Security.Cryptography.Encoding.dll /reference:/usr/local/share/dotnet/packs/Microsoft.NETCore.App.Ref/8.0.14/ref/net8.0/System.Security.Cryptography.OpenSsl.dll /reference:/Users/tp/.nuget/packages/system.security.cryptography.pkcs/6.0.4/lib/net6.0/System.Security.Cryptography.Pkcs.dll /reference:/usr/local/share/dotnet/packs/Microsoft.NETCore.App.Ref/8.0.14/ref/net8.0/System.Security.Cryptography.Primitives.dll /reference:/Users/tp/.nuget/packages/system.security.cryptography.protecteddata/7.0.0/lib/net7.0/System.Security.Cryptography.ProtectedData.dll /reference:/usr/local/share/dotnet/packs/Microsoft.NETCore.App.Ref/8.0.14/ref/net8.0/System.Security.Cryptography.X509Certificates.dll /reference:/usr/local/share/dotnet/packs/Microsoft.AspNetCore.App.Ref/8.0.14/ref/net8.0/System.Security.Cryptography.Xml.dll /reference:/usr/local/share/dotnet/packs/Microsoft.NETCore.App.Ref/8.0.14/ref/net8.0/System.Security.dll /reference:/Users/tp/.nuget/packages/system.security.permissions/7.0.0/lib/net7.0/System.Security.Permissions.dll /reference:/usr/local/share/dotnet/packs/Microsoft.NETCore.App.Ref/8.0.14/ref/net8.0/System.Security.Principal.dll /reference:/usr/local/share/dotnet/packs/Microsoft.NETCore.App.Ref/8.0.14/ref/net8.0/System.Security.Principal.Windows.dll /reference:/usr/local/share/dotnet/packs/Microsoft.NETCore.App.Ref/8.0.14/ref/net8.0/System.Security.SecureString.dll /reference:/usr/local/share/dotnet/packs/Microsoft.NETCore.App.Ref/8.0.14/ref/net8.0/System.ServiceModel.Web.dll /reference:/usr/local/share/dotnet/packs/Microsoft.NETCore.App.Ref/8.0.14/ref/net8.0/System.ServiceProcess.dll /reference:/usr/local/share/dotnet/packs/Microsoft.NETCore.App.Ref/8.0.14/ref/net8.0/System.Text.Encoding.CodePages.dll /reference:/usr/local/share/dotnet/packs/Microsoft.NETCore.App.Ref/8.0.14/ref/net8.0/System.Text.Encoding.dll /reference:/usr/local/share/dotnet/packs/Microsoft.NETCore.App.Ref/8.0.14/ref/net8.0/System.Text.Encoding.Extensions.dll /reference:/usr/local/share/dotnet/packs/Microsoft.NETCore.App.Ref/8.0.14/ref/net8.0/System.Text.Encodings.Web.dll /reference:/usr/local/share/dotnet/packs/Microsoft.NETCore.App.Ref/8.0.14/ref/net8.0/System.Text.Json.dll /reference:/usr/local/share/dotnet/packs/Microsoft.NETCore.App.Ref/8.0.14/ref/net8.0/System.Text.RegularExpressions.dll /reference:/usr/local/share/dotnet/packs/Microsoft.NETCore.App.Ref/8.0.14/ref/net8.0/System.Threading.Channels.dll /reference:/usr/local/share/dotnet/packs/Microsoft.NETCore.App.Ref/8.0.14/ref/net8.0/System.Threading.dll /reference:/usr/local/share/dotnet/packs/Microsoft.NETCore.App.Ref/8.0.14/ref/net8.0/System.Threading.Overlapped.dll /reference:/usr/local/share/dotnet/packs/Microsoft.AspNetCore.App.Ref/8.0.14/ref/net8.0/System.Threading.RateLimiting.dll /reference:/usr/local/share/dotnet/packs/Microsoft.NETCore.App.Ref/8.0.14/ref/net8.0/System.Threading.Tasks.Dataflow.dll /reference:/usr/local/share/dotnet/packs/Microsoft.NETCore.App.Ref/8.0.14/ref/net8.0/System.Threading.Tasks.dll /reference:/usr/local/share/dotnet/packs/Microsoft.NETCore.App.Ref/8.0.14/ref/net8.0/System.Threading.Tasks.Extensions.dll /reference:/usr/local/share/dotnet/packs/Microsoft.NETCore.App.Ref/8.0.14/ref/net8.0/System.Threading.Tasks.Parallel.dll /reference:/usr/local/share/dotnet/packs/Microsoft.NETCore.App.Ref/8.0.14/ref/net8.0/System.Threading.Thread.dll /reference:/usr/local/share/dotnet/packs/Microsoft.NETCore.App.Ref/8.0.14/ref/net8.0/System.Threading.ThreadPool.dll /reference:/usr/local/share/dotnet/packs/Microsoft.NETCore.App.Ref/8.0.14/ref/net8.0/System.Threading.Timer.dll /reference:/usr/local/share/dotnet/packs/Microsoft.NETCore.App.Ref/8.0.14/ref/net8.0/System.Transactions.dll /reference:/usr/local/share/dotnet/packs/Microsoft.NETCore.App.Ref/8.0.14/ref/net8.0/System.Transactions.Local.dll /reference:/usr/local/share/dotnet/packs/Microsoft.NETCore.App.Ref/8.0.14/ref/net8.0/System.ValueTuple.dll /reference:/usr/local/share/dotnet/packs/Microsoft.NETCore.App.Ref/8.0.14/ref/net8.0/System.Web.dll /reference:/usr/local/share/dotnet/packs/Microsoft.NETCore.App.Ref/8.0.14/ref/net8.0/System.Web.HttpUtility.dll /reference:/usr/local/share/dotnet/packs/Microsoft.NETCore.App.Ref/8.0.14/ref/net8.0/System.Windows.dll /reference:/Users/tp/.nuget/packages/system.windows.extensions/7.0.0/lib/net7.0/System.Windows.Extensions.dll /reference:/usr/local/share/dotnet/packs/Microsoft.NETCore.App.Ref/8.0.14/ref/net8.0/System.Xml.dll /reference:/usr/local/share/dotnet/packs/Microsoft.NETCore.App.Ref/8.0.14/ref/net8.0/System.Xml.Linq.dll /reference:/usr/local/share/dotnet/packs/Microsoft.NETCore.App.Ref/8.0.14/ref/net8.0/System.Xml.ReaderWriter.dll /reference:/usr/local/share/dotnet/packs/Microsoft.NETCore.App.Ref/8.0.14/ref/net8.0/System.Xml.Serialization.dll /reference:/usr/local/share/dotnet/packs/Microsoft.NETCore.App.Ref/8.0.14/ref/net8.0/System.Xml.XDocument.dll /reference:/usr/local/share/dotnet/packs/Microsoft.NETCore.App.Ref/8.0.14/ref/net8.0/System.Xml.XmlDocument.dll /reference:/usr/local/share/dotnet/packs/Microsoft.NETCore.App.Ref/8.0.14/ref/net8.0/System.Xml.XmlSerializer.dll /reference:/usr/local/share/dotnet/packs/Microsoft.NETCore.App.Ref/8.0.14/ref/net8.0/System.Xml.XPath.dll /reference:/usr/local/share/dotnet/packs/Microsoft.NETCore.App.Ref/8.0.14/ref/net8.0/System.Xml.XPath.XDocument.dll /reference:/usr/local/share/dotnet/packs/Microsoft.NETCore.App.Ref/8.0.14/ref/net8.0/WindowsBase.dll /debug+ /debug:portable /filealign:512 /optimize- /out:obj/Debug/net8.0/Cloud9.2.dll /refout:obj/Debug/net8.0/refint/Cloud9.2.dll /target:exe /warnaserror- /utf8output /deterministic+ /sourcelink:obj/Debug/net8.0/Cloud9.2.sourcelink.json /langversion:12.0 /analyzerconfig:obj/Debug/net8.0/Cloud9.2.GeneratedMSBuildEditorConfig.editorconfig /analyzerconfig:/usr/local/share/dotnet/sdk/8.0.407/Sdks/Microsoft.NET.Sdk/analyzers/build/config/analysislevel_8_default.globalconfig /analyzer:/usr/local/share/dotnet/sdk/8.0.407/Sdks/Microsoft.NET.Sdk.Web/analyzers/cs/Microsoft.AspNetCore.Analyzers.dll /analyzer:/usr/local/share/dotnet/sdk/8.0.407/Sdks/Microsoft.NET.Sdk.Web/analyzers/cs/Microsoft.AspNetCore.Mvc.Analyzers.dll /analyzer:/usr/local/share/dotnet/sdk/8.0.407/Sdks/Microsoft.NET.Sdk/targets/../analyzers/Microsoft.CodeAnalysis.CSharp.NetAnalyzers.dll /analyzer:/usr/local/share/dotnet/sdk/8.0.407/Sdks/Microsoft.NET.Sdk/targets/../analyzers/Microsoft.CodeAnalysis.NetAnalyzers.dll /analyzer:/Users/tp/.nuget/packages/microsoft.codeanalysis.analyzers/3.3.4/analyzers/dotnet/cs/Microsoft.CodeAnalysis.Analyzers.dll /analyzer:/Users/tp/.nuget/packages/microsoft.codeanalysis.analyzers/3.3.4/analyzers/dotnet/cs/Microsoft.CodeAnalysis.CSharp.Analyzers.dll /analyzer:/Users/tp/.nuget/packages/microsoft.entityframeworkcore.analyzers/8.0.0/analyzers/dotnet/cs/Microsoft.EntityFrameworkCore.Analyzers.dll /analyzer:/usr/local/share/dotnet/packs/Microsoft.NETCore.App.Ref/8.0.14/analyzers/dotnet/cs/Microsoft.Interop.ComInterfaceGenerator.dll /analyzer:/usr/local/share/dotnet/packs/Microsoft.NETCore.App.Ref/8.0.14/analyzers/dotnet/cs/Microsoft.Interop.JavaScript.JSImportGenerator.dll /analyzer:/usr/local/share/dotnet/packs/Microsoft.NETCore.App.Ref/8.0.14/analyzers/dotnet/cs/Microsoft.Interop.LibraryImportGenerator.dll /analyzer:/usr/local/share/dotnet/packs/Microsoft.NETCore.App.Ref/8.0.14/analyzers/dotnet/cs/Microsoft.Interop.SourceGeneration.dll /analyzer:/usr/local/share/dotnet/packs/Microsoft.NETCore.App.Ref/8.0.14/analyzers/dotnet/cs/System.Text.Json.SourceGeneration.dll /analyzer:/usr/local/share/dotnet/packs/Microsoft.NETCore.App.Ref/8.0.14/analyzers/dotnet/cs/System.Text.RegularExpressions.Generator.dll /analyzer:/usr/local/share/dotnet/packs/Microsoft.AspNetCore.App.Ref/8.0.14/analyzers/dotnet/cs/Microsoft.AspNetCore.App.Analyzers.dll /analyzer:/usr/local/share/dotnet/packs/Microsoft.AspNetCore.App.Ref/8.0.14/analyzers/dotnet/cs/Microsoft.AspNetCore.App.CodeFixes.dll /analyzer:/usr/local/share/dotnet/packs/Microsoft.AspNetCore.App.Ref/8.0.14/analyzers/dotnet/cs/Microsoft.AspNetCore.Components.Analyzers.dll /analyzer:/usr/local/share/dotnet/packs/Microsoft.AspNetCore.App.Ref/8.0.14/analyzers/dotnet/roslyn4.4/cs/Microsoft.Extensions.Logging.Generators.dll /analyzer:/usr/local/share/dotnet/packs/Microsoft.AspNetCore.App.Ref/8.0.14/analyzers/dotnet/roslyn4.4/cs/Microsoft.Extensions.Options.SourceGeneration.dll /analyzer:/usr/local/share/dotnet/sdk/8.0.407/Sdks/Microsoft.NET.Sdk.Razor/targets/../source-generators/Microsoft.AspNetCore.Razor.Utilities.Shared.dll /analyzer:/usr/local/share/dotnet/sdk/8.0.407/Sdks/Microsoft.NET.Sdk.Razor/targets/../source-generators/Microsoft.CodeAnalysis.Razor.Compiler.dll /analyzer:/usr/local/share/dotnet/sdk/8.0.407/Sdks/Microsoft.NET.Sdk.Razor/targets/../source-generators/Microsoft.Extensions.ObjectPool.dll /analyzer:/usr/local/share/dotnet/sdk/8.0.407/Sdks/Microsoft.NET.Sdk.Razor/targets/../source-generators/System.Collections.Immutable.dll /additionalfile:Areas/Identity/Pages/Account/AccessDenied.cshtml /additionalfile:Areas/Identity/Pages/Account/ConfirmEmail.cshtml /additionalfile:Areas/Identity/Pages/Account/ConfirmEmailChange.cshtml /additionalfile:Areas/Identity/Pages/Account/ExternalLogin.cshtml /additionalfile:Areas/Identity/Pages/Account/ForgotPassword.cshtml /additionalfile:Areas/Identity/Pages/Account/ForgotPasswordConfirmation.cshtml /additionalfile:Areas/Identity/Pages/Account/Lockout.cshtml /additionalfile:Areas/Identity/Pages/Account/Login.cshtml /additionalfile:Areas/Identity/Pages/Account/LoginWith2fa.cshtml /additionalfile:Areas/Identity/Pages/Account/LoginWithRecoveryCode.cshtml /additionalfile:Areas/Identity/Pages/Account/Logout.cshtml /additionalfile:Areas/Identity/Pages/Account/Manage/ChangePassword.cshtml /additionalfile:Areas/Identity/Pages/Account/Manage/DeletePersonalData.cshtml /additionalfile:Areas/Identity/Pages/Account/Manage/Disable2fa.cshtml /additionalfile:Areas/Identity/Pages/Account/Manage/DownloadPersonalData.cshtml /additionalfile:Areas/Identity/Pages/Account/Manage/Email.cshtml /additionalfile:Areas/Identity/Pages/Account/Manage/EnableAuthenticator.cshtml /additionalfile:Areas/Identity/Pages/Account/Manage/ExternalLogins.cshtml /additionalfile:Areas/Identity/Pages/Account/Manage/GenerateRecoveryCodes.cshtml /additionalfile:Areas/Identity/Pages/Account/Manage/Index.cshtml /additionalfile:Areas/Identity/Pages/Account/Manage/PersonalData.cshtml /additionalfile:Areas/Identity/Pages/Account/Manage/ResetAuthenticator.cshtml /additionalfile:Areas/Identity/Pages/Account/Manage/SetPassword.cshtml /additionalfile:Areas/Identity/Pages/Account/Manage/ShowRecoveryCodes.cshtml /additionalfile:Areas/Identity/Pages/Account/Manage/TwoFactorAuthentication.cshtml /additionalfile:Areas/Identity/Pages/Account/Manage/_Layout.cshtml /additionalfile:Areas/Identity/Pages/Account/Manage/_ManageNav.cshtml /additionalfile:Areas/Identity/Pages/Account/Manage/_StatusMessage.cshtml /additionalfile:Areas/Identity/Pages/Account/Manage/_ViewImports.cshtml /additionalfile:Areas/Identity/Pages/Account/Register.cshtml /additionalfile:Areas/Identity/Pages/Account/RegisterConfirmation.cshtml /additionalfile:Areas/Identity/Pages/Account/ResendEmailConfirmation.cshtml /additionalfile:Areas/Identity/Pages/Account/ResetPassword.cshtml /additionalfile:Areas/Identity/Pages/Account/ResetPasswordConfirmation.cshtml /additionalfile:Areas/Identity/Pages/Account/SignalR.cshtml /additionalfile:Areas/Identity/Pages/Account/_StatusMessage.cshtml /additionalfile:Areas/Identity/Pages/Account/_ViewImports.cshtml /additionalfile:Areas/Identity/Pages/Error.cshtml /additionalfile:Areas/Identity/Pages/_ValidationScriptsPartial.cshtml /additionalfile:Areas/Identity/Pages/_ViewImports.cshtml /additionalfile:Areas/Identity/Pages/_ViewStart.cshtml /additionalfile:Pages/Admin/Permissions/Permissions.cshtml /additionalfile:Pages/CRM/Partners/Index.cshtml /additionalfile:Pages/Error.cshtml /additionalfile:Pages/Index.cshtml /additionalfile:Pages/Privacy.cshtml /additionalfile:Pages/Shared/_LayoutDashboard.cshtml /additionalfile:Pages/Shared/_LoginPartial.cshtml /additionalfile:Pages/Shared/_ValidationScriptsPartial.cshtml /additionalfile:Pages/_ViewImports.cshtml /additionalfile:Pages/_ViewStart.cshtml /additionalfile:Pages/Shared/_Layout.cshtml Areas/Identity/Pages/Account/AccessDenied.cshtml.cs Areas/Identity/Pages/Account/ConfirmEmail.cshtml.cs Areas/Identity/Pages/Account/ConfirmEmailChange.cshtml.cs Areas/Identity/Pages/Account/ExternalLogin.cshtml.cs Areas/Identity/Pages/Account/ForgotPassword.cshtml.cs Areas/Identity/Pages/Account/ForgotPasswordConfirmation.cshtml.cs Areas/Identity/Pages/Account/Lockout.cshtml.cs Areas/Identity/Pages/Account/Login.cshtml.cs Areas/Identity/Pages/Account/LoginWith2fa.cshtml.cs Areas/Identity/Pages/Account/LoginWithRecoveryCode.cshtml.cs Areas/Identity/Pages/Account/Logout.cshtml.cs Areas/Identity/Pages/Account/Manage/ChangePassword.cshtml.cs Areas/Identity/Pages/Account/Manage/DeletePersonalData.cshtml.cs Areas/Identity/Pages/Account/Manage/Disable2fa.cshtml.cs Areas/Identity/Pages/Account/Manage/DownloadPersonalData.cshtml.cs Areas/Identity/Pages/Account/Manage/Email.cshtml.cs Areas/Identity/Pages/Account/Manage/EnableAuthenticator.cshtml.cs Areas/Identity/Pages/Account/Manage/ExternalLogins.cshtml.cs Areas/Identity/Pages/Account/Manage/GenerateRecoveryCodes.cshtml.cs Areas/Identity/Pages/Account/Manage/Index.cshtml.cs Areas/Identity/Pages/Account/Manage/ManageNavPages.cs Areas/Identity/Pages/Account/Manage/PersonalData.cshtml.cs Areas/Identity/Pages/Account/Manage/ResetAuthenticator.cshtml.cs Areas/Identity/Pages/Account/Manage/SetPassword.cshtml.cs Areas/Identity/Pages/Account/Manage/ShowRecoveryCodes.cshtml.cs Areas/Identity/Pages/Account/Manage/TwoFactorAuthentication.cshtml.cs Areas/Identity/Pages/Account/Register.cshtml.cs Areas/Identity/Pages/Account/RegisterConfirmation.cshtml.cs Areas/Identity/Pages/Account/ResendEmailConfirmation.cshtml.cs Areas/Identity/Pages/Account/ResetPassword.cshtml.cs Areas/Identity/Pages/Account/ResetPasswordConfirmation.cshtml.cs Areas/Identity/Pages/Error.cshtml.cs Data/ApplicationDbContext.cs Hub/ReportHub.cs Migrations/20250326113046_InitialCreate.cs Migrations/20250326113046_InitialCreate.Designer.cs Migrations/20250326113522_UpdateToAccessPermissions.cs Migrations/20250326113522_UpdateToAccessPermissions.Designer.cs Migrations/20250326114014_UpdateToAccessPermissions1.cs Migrations/20250326114014_UpdateToAccessPermissions1.Designer.cs Migrations/ApplicationDbContextModelSnapshot.cs Model/AccessPermission.cs Model/Contact.cs Model/Currency.cs Model/Document.cs Model/LeadSource.cs Model/Partner.cs Model/PartnerType.cs Model/Site.cs Pages/Admin/Permissions/Permissions.cs Pages/CRM/Partners/Index.cs Pages/Error.cshtml.cs Pages/Index.cshtml.cs Pages/Privacy.cshtml.cs Program.cs obj/Debug/net8.0/Cloud9.2.GlobalUsings.g.cs "obj/Debug/net8.0/.NETCoreApp,Version=v8.0.AssemblyAttributes.cs" obj/Debug/net8.0/Cloud9.2.AssemblyInfo.cs obj/Debug/net8.0/Cloud9.2.MvcApplicationPartsAssemblyInfo.cs obj/Debug/net8.0/Cloud9.2.RazorAssemblyInfo.cs /warnaserror+:NU1605,SYSLIB0011
         Assembly loaded during TaskRun (Microsoft.CodeAnalysis.BuildTasks.Csc): System.Security.Principal.Windows, Version=8.0.0.0, Culture=neutral, PublicKeyToken=b03f5f7f11d50a3a (location: /usr/local/share/dotnet/shared/Microsoft.NETCore.App/8.0.14/System.Security.Principal.Windows.dll, MVID: 60e5af95-da53-4be7-982e-32481077198f, AssemblyLoadContext: Default)
         Assembly loaded during TaskRun (Microsoft.CodeAnalysis.BuildTasks.Csc): System.Security.Claims, Version=8.0.0.0, Culture=neutral, PublicKeyToken=b03f5f7f11d50a3a (location: /usr/local/share/dotnet/shared/Microsoft.NETCore.App/8.0.14/System.Security.Claims.dll, MVID: 06dc33e3-c563-4d25-869b-9f9ddbd838ae, AssemblyLoadContext: Default)
         Assembly loaded during TaskRun (Microsoft.CodeAnalysis.BuildTasks.Csc): System.IO.Pipes, Version=8.0.0.0, Culture=neutral, PublicKeyToken=b03f5f7f11d50a3a (location: /usr/local/share/dotnet/shared/Microsoft.NETCore.App/8.0.14/System.IO.Pipes.dll, MVID: 6fbe8af3-8bf7-4021-9739-55dac2c77a9e, AssemblyLoadContext: Default)
         Microsoft (R) Visual C# Compiler version 4.11.0-3.24554.2 (bc1c3011)
         Copyright (C) Microsoft Corporation. All rights reserved.
         /Users/tp/Projects/Cloud9.2/Data/ApplicationDbContext.cs(10,16): info SP0001: Diagnostic 'CS8618: Non-nullable property 'Partners' must contain a non-null value when exiting constructor. Consider adding the 'required' modifier or declaring the property as nullable.' was programmatically suppressed by a DiagnosticSuppressor with suppression ID 'EFSPR1001' and justification 'DbSet properties on DbContext subclasses are automatically populated by the DbContext constructor.'
         /Users/tp/Projects/Cloud9.2/Data/ApplicationDbContext.cs(10,16): info SP0001: Diagnostic 'CS8618: Non-nullable property 'Sites' must contain a non-null value when exiting constructor. Consider adding the 'required' modifier or declaring the property as nullable.' was programmatically suppressed by a DiagnosticSuppressor with suppression ID 'EFSPR1001' and justification 'DbSet properties on DbContext subclasses are automatically populated by the DbContext constructor.'
         /Users/tp/Projects/Cloud9.2/Data/ApplicationDbContext.cs(10,16): info SP0001: Diagnostic 'CS8618: Non-nullable property 'Contacts' must contain a non-null value when exiting constructor. Consider adding the 'required' modifier or declaring the property as nullable.' was programmatically suppressed by a DiagnosticSuppressor with suppression ID 'EFSPR1001' and justification 'DbSet properties on DbContext subclasses are automatically populated by the DbContext constructor.'
         /Users/tp/Projects/Cloud9.2/Data/ApplicationDbContext.cs(10,16): info SP0001: Diagnostic 'CS8618: Non-nullable property 'Documents' must contain a non-null value when exiting constructor. Consider adding the 'required' modifier or declaring the property as nullable.' was programmatically suppressed by a DiagnosticSuppressor with suppression ID 'EFSPR1001' and justification 'DbSet properties on DbContext subclasses are automatically populated by the DbContext constructor.'
         /Users/tp/Projects/Cloud9.2/Data/ApplicationDbContext.cs(10,16): info SP0001: Diagnostic 'CS8618: Non-nullable property 'PartnerTypes' must contain a non-null value when exiting constructor. Consider adding the 'required' modifier or declaring the property as nullable.' was programmatically suppressed by a DiagnosticSuppressor with suppression ID 'EFSPR1001' and justification 'DbSet properties on DbContext subclasses are automatically populated by the DbContext constructor.'
         /Users/tp/Projects/Cloud9.2/Data/ApplicationDbContext.cs(10,16): info SP0001: Diagnostic 'CS8618: Non-nullable property 'Currencies' must contain a non-null value when exiting constructor. Consider adding the 'required' modifier or declaring the property as nullable.' was programmatically suppressed by a DiagnosticSuppressor with suppression ID 'EFSPR1001' and justification 'DbSet properties on DbContext subclasses are automatically populated by the DbContext constructor.'
         /Users/tp/Projects/Cloud9.2/Data/ApplicationDbContext.cs(10,16): info SP0001: Diagnostic 'CS8618: Non-nullable property 'AccessPermissions' must contain a non-null value when exiting constructor. Consider adding the 'required' modifier or declaring the property as nullable.' was programmatically suppressed by a DiagnosticSuppressor with suppression ID 'EFSPR1001' and justification 'DbSet properties on DbContext subclasses are automatically populated by the DbContext constructor.'
   1:7>/Users/tp/Projects/Cloud9.2/Model/Site.cs(8,23): warning CS8618: Non-nullable property 'SiteName' must contain a non-null value when exiting constructor. Consider adding the 'required' modifier or declaring the property as nullable. [/Users/tp/Projects/Cloud9.2/Cloud9.2.csproj]
   1:7>/Users/tp/Projects/Cloud9.2/Model/Site.cs(9,23): warning CS8618: Non-nullable property 'AddressLine1' must contain a non-null value when exiting constructor. Consider adding the 'required' modifier or declaring the property as nullable. [/Users/tp/Projects/Cloud9.2/Cloud9.2.csproj]
   1:7>/Users/tp/Projects/Cloud9.2/Model/Site.cs(10,23): warning CS8618: Non-nullable property 'AddressLine2' must contain a non-null value when exiting constructor. Consider adding the 'required' modifier or declaring the property as nullable. [/Users/tp/Projects/Cloud9.2/Cloud9.2.csproj]
   1:7>/Users/tp/Projects/Cloud9.2/Model/Site.cs(11,23): warning CS8618: Non-nullable property 'City' must contain a non-null value when exiting constructor. Consider adding the 'required' modifier or declaring the property as nullable. [/Users/tp/Projects/Cloud9.2/Cloud9.2.csproj]
   1:7>/Users/tp/Projects/Cloud9.2/Model/Site.cs(12,23): warning CS8618: Non-nullable property 'State' must contain a non-null value when exiting constructor. Consider adding the 'required' modifier or declaring the property as nullable. [/Users/tp/Projects/Cloud9.2/Cloud9.2.csproj]
   1:7>/Users/tp/Projects/Cloud9.2/Model/Site.cs(13,23): warning CS8618: Non-nullable property 'PostalCode' must contain a non-null value when exiting constructor. Consider adding the 'required' modifier or declaring the property as nullable. [/Users/tp/Projects/Cloud9.2/Cloud9.2.csproj]
   1:7>/Users/tp/Projects/Cloud9.2/Model/Site.cs(14,23): warning CS8618: Non-nullable property 'Country' must contain a non-null value when exiting constructor. Consider adding the 'required' modifier or declaring the property as nullable. [/Users/tp/Projects/Cloud9.2/Cloud9.2.csproj]
   1:7>/Users/tp/Projects/Cloud9.2/Model/Site.cs(19,24): warning CS8618: Non-nullable property 'Partner' must contain a non-null value when exiting constructor. Consider adding the 'required' modifier or declaring the property as nullable. [/Users/tp/Projects/Cloud9.2/Cloud9.2.csproj]
   1:7>/Users/tp/Projects/Cloud9.2/Model/PartnerType.cs(8,23): warning CS8618: Non-nullable property 'PartnerTypeName' must contain a non-null value when exiting constructor. Consider adding the 'required' modifier or declaring the property as nullable. [/Users/tp/Projects/Cloud9.2/Cloud9.2.csproj]
   1:7>/Users/tp/Projects/Cloud9.2/Model/PartnerType.cs(12,24): warning CS8618: Non-nullable property 'Partner' must contain a non-null value when exiting constructor. Consider adding the 'required' modifier or declaring the property as nullable. [/Users/tp/Projects/Cloud9.2/Cloud9.2.csproj]
   1:7>/Users/tp/Projects/Cloud9.2/Model/Partner.cs(119,16): warning CS8618: Non-nullable property 'Name' must contain a non-null value when exiting constructor. Consider adding the 'required' modifier or declaring the property as nullable. [/Users/tp/Projects/Cloud9.2/Cloud9.2.csproj]
   1:7>/Users/tp/Projects/Cloud9.2/Model/LeadSource.cs(8,23): warning CS8618: Non-nullable property 'LeadSourceName' must contain a non-null value when exiting constructor. Consider adding the 'required' modifier or declaring the property as nullable. [/Users/tp/Projects/Cloud9.2/Cloud9.2.csproj]
   1:7>/Users/tp/Projects/Cloud9.2/Model/LeadSource.cs(12,24): warning CS8618: Non-nullable property 'Partner' must contain a non-null value when exiting constructor. Consider adding the 'required' modifier or declaring the property as nullable. [/Users/tp/Projects/Cloud9.2/Cloud9.2.csproj]
   1:7>/Users/tp/Projects/Cloud9.2/Model/Document.cs(8,23): warning CS8618: Non-nullable property 'FileName' must contain a non-null value when exiting constructor. Consider adding the 'required' modifier or declaring the property as nullable. [/Users/tp/Projects/Cloud9.2/Cloud9.2.csproj]
   1:7>/Users/tp/Projects/Cloud9.2/Model/Document.cs(9,23): warning CS8618: Non-nullable property 'FilePath' must contain a non-null value when exiting constructor. Consider adding the 'required' modifier or declaring the property as nullable. [/Users/tp/Projects/Cloud9.2/Cloud9.2.csproj]
   1:7>/Users/tp/Projects/Cloud9.2/Model/Document.cs(10,23): warning CS8618: Non-nullable property 'DocumentType' must contain a non-null value when exiting constructor. Consider adding the 'required' modifier or declaring the property as nullable. [/Users/tp/Projects/Cloud9.2/Cloud9.2.csproj]
   1:7>/Users/tp/Projects/Cloud9.2/Model/Document.cs(12,23): warning CS8618: Non-nullable property 'UploadedBy' must contain a non-null value when exiting constructor. Consider adding the 'required' modifier or declaring the property as nullable. [/Users/tp/Projects/Cloud9.2/Cloud9.2.csproj]
   1:7>/Users/tp/Projects/Cloud9.2/Model/Document.cs(16,24): warning CS8618: Non-nullable property 'Partner' must contain a non-null value when exiting constructor. Consider adding the 'required' modifier or declaring the property as nullable. [/Users/tp/Projects/Cloud9.2/Cloud9.2.csproj]
   1:7>/Users/tp/Projects/Cloud9.2/Model/Currency.cs(8,23): warning CS8618: Non-nullable property 'CurrencyName' must contain a non-null value when exiting constructor. Consider adding the 'required' modifier or declaring the property as nullable. [/Users/tp/Projects/Cloud9.2/Cloud9.2.csproj]
   1:7>/Users/tp/Projects/Cloud9.2/Model/Contact.cs(8,23): warning CS8618: Non-nullable property 'FirstName' must contain a non-null value when exiting constructor. Consider adding the 'required' modifier or declaring the property as nullable. [/Users/tp/Projects/Cloud9.2/Cloud9.2.csproj]
   1:7>/Users/tp/Projects/Cloud9.2/Model/Contact.cs(9,23): warning CS8618: Non-nullable property 'LastName' must contain a non-null value when exiting constructor. Consider adding the 'required' modifier or declaring the property as nullable. [/Users/tp/Projects/Cloud9.2/Cloud9.2.csproj]
   1:7>/Users/tp/Projects/Cloud9.2/Model/Contact.cs(10,23): warning CS8618: Non-nullable property 'Email' must contain a non-null value when exiting constructor. Consider adding the 'required' modifier or declaring the property as nullable. [/Users/tp/Projects/Cloud9.2/Cloud9.2.csproj]
   1:7>/Users/tp/Projects/Cloud9.2/Model/Contact.cs(11,23): warning CS8618: Non-nullable property 'PhoneNumber' must contain a non-null value when exiting constructor. Consider adding the 'required' modifier or declaring the property as nullable. [/Users/tp/Projects/Cloud9.2/Cloud9.2.csproj]
   1:7>/Users/tp/Projects/Cloud9.2/Model/Contact.cs(12,23): warning CS8618: Non-nullable property 'JobTitle' must contain a non-null value when exiting constructor. Consider adding the 'required' modifier or declaring the property as nullable. [/Users/tp/Projects/Cloud9.2/Cloud9.2.csproj]
   1:7>/Users/tp/Projects/Cloud9.2/Model/Contact.cs(17,24): warning CS8618: Non-nullable property 'Partner' must contain a non-null value when exiting constructor. Consider adding the 'required' modifier or declaring the property as nullable. [/Users/tp/Projects/Cloud9.2/Cloud9.2.csproj]
   1:7>/Users/tp/Projects/Cloud9.2/Model/AccessPermission.cs(11,23): warning CS8618: Non-nullable property 'RoleId' must contain a non-null value when exiting constructor. Consider adding the 'required' modifier or declaring the property as nullable. [/Users/tp/Projects/Cloud9.2/Cloud9.2.csproj]
   1:7>/Users/tp/Projects/Cloud9.2/Model/AccessPermission.cs(14,23): warning CS8618: Non-nullable property 'PagePath' must contain a non-null value when exiting constructor. Consider adding the 'required' modifier or declaring the property as nullable. [/Users/tp/Projects/Cloud9.2/Cloud9.2.csproj]
   1:7>/Users/tp/Projects/Cloud9.2/Pages/Index.cshtml(46,22): warning CS8602: Dereference of a possibly null reference. [/Users/tp/Projects/Cloud9.2/Cloud9.2.csproj]
   1:7>/Users/tp/Projects/Cloud9.2/Pages/CRM/Partners/Index.cs(42,44): warning CS8604: Possible null reference argument for parameter 'item' in 'bool ICollection<string>.Contains(string item)'. [/Users/tp/Projects/Cloud9.2/Cloud9.2.csproj]
         CompilerServer: server - server processed compilation - Cloud9.2 (net8.0)
       Done executing task "Csc".
       Task "CallTarget" skipped, due to false condition; ('$(TargetsTriggeredByCompilation)' != '') was evaluated as ('' != '').
   1:7>Done building target "CoreCompile" in project "Cloud9.2.csproj".
       Target "_TouchLastBuildWithSkipAnalyzers" skipped, due to false condition; ('$(_SkipAnalyzers)' == 'true') was evaluated as ('' == 'true').
       Target "_TimeStampAfterCompile" skipped, due to false condition; ('$(RunPostBuildEvent)'=='OnOutputUpdated' or ('$(RegisterForComInterop)'=='true' and '$(OutputType)'=='library')) was evaluated as (''=='OnOutputUpdated' or (''=='true' and 'Exe'=='library')).
   1:7>Target "AfterCompile" in file "/usr/local/share/dotnet/sdk/8.0.407/Microsoft.Common.CurrentVersion.targets" from project "/Users/tp/Projects/Cloud9.2/Cloud9.2.csproj" (target "Compile" depends on it):
   1:7>Done building target "AfterCompile" in project "Cloud9.2.csproj".
       Target "_ChooseAppHost" skipped. Previously built successfully.
       Target "CoreCompile" skipped. Previously built successfully.
   1:7>Target "_CreateAppHost" in file "/usr/local/share/dotnet/sdk/8.0.407/Sdks/Microsoft.NET.Sdk/targets/Microsoft.NET.Sdk.targets" from project "/Users/tp/Projects/Cloud9.2/Cloud9.2.csproj" (target "Compile" depends on it):
       Building target "_CreateAppHost" completely.
       Input file "obj/Debug/net8.0/Cloud9.2.dll" is newer than output file "/Users/tp/Projects/Cloud9.2/obj/Debug/net8.0/apphost".
       Using "CreateAppHost" task from assembly "/usr/local/share/dotnet/sdk/8.0.407/Sdks/Microsoft.NET.Sdk/targets/../tools/net8.0/Microsoft.NET.Build.Tasks.dll".
       Task "CreateAppHost"
       Done executing task "CreateAppHost".
   1:7>Done building target "_CreateAppHost" in project "Cloud9.2.csproj".
       Target "_CreateComHost" skipped, due to false condition; ('$(ComputeNETCoreBuildOutputFiles)' == 'true' and
                            '$(ComHostIntermediatePath)' != '' and
                            Exists('@(IntermediateAssembly)') and
                            Exists('$(ComHostSourcePath)')) was evaluated as ('true' == 'true' and
                            '' != '' and
                            Exists('obj/Debug/net8.0/Cloud9.2.dll') and
                            Exists('/usr/local/share/dotnet/packs/Microsoft.NETCore.App.Host.osx-arm64/8.0.14/runtimes/osx-arm64/native/comhost.dll')).
       Target "_GetIjwHostPaths" skipped, due to false condition; ('$(UseIJWHost)' == 'true') was evaluated as ('' == 'true').
   1:7>Target "Compile" in file "/usr/local/share/dotnet/sdk/8.0.407/Microsoft.Common.CurrentVersion.targets" from project "/Users/tp/Projects/Cloud9.2/Cloud9.2.csproj" (target "CoreBuild" depends on it):
   1:7>Done building target "Compile" in project "Cloud9.2.csproj".
       Target "ExportWindowsMDFile" skipped, due to false condition; ('$(ExportWinMDFile)' == 'true') was evaluated as ('' == 'true').
       Target "UnmanagedUnregistration" skipped, due to false condition; ((('$(_AssemblyTimestampBeforeCompile)' != '$(_AssemblyTimestampAfterCompile)' or '$(RegisterForComInterop)' != 'true' or '$(OutputType)' != 'library') or
                           ('$(_AssemblyTimestampBeforeCompile)' == '')) and
                          Exists('@(_UnmanagedRegistrationCache)')) was evaluated as ((('' != '' or '' != 'true' or 'Exe' != 'library') or
                           ('' == '')) and
                          Exists('/Users/tp/Projects/Cloud9.2/obj/Cloud9.2.csproj.UnmanagedRegistration.cache')).
       Target "GenerateSerializationAssemblies" skipped, due to false condition; ('$(_SGenGenerateSerializationAssembliesConfig)' == 'On' or ('@(WebReferenceUrl)'!='' and '$(_SGenGenerateSerializationAssembliesConfig)' == 'Auto')) was evaluated as ('Off' == 'On' or (''!='' and 'Off' == 'Auto')).
   1:7>Target "_GenerateSatelliteAssemblyInputs" in file "/usr/local/share/dotnet/sdk/8.0.407/Microsoft.Common.CurrentVersion.targets" from project "/Users/tp/Projects/Cloud9.2/Cloud9.2.csproj" (target "CreateSatelliteAssemblies" depends on it):
       Task "Warning" skipped, due to false condition; ('@(ManifestResourceWithCulture)'!='' and '%(ManifestResourceWithCulture.EmittedForCompatibilityOnly)'=='') was evaluated as (''!='' and ''=='').
       Task "Warning" skipped, due to false condition; ('@(ManifestNonResxWithCultureOnDisk)'!='' and '%(ManifestNonResxWithCultureOnDisk.EmittedForCompatibilityOnly)'=='') was evaluated as (''!='' and ''=='').
   1:7>Done building target "_GenerateSatelliteAssemblyInputs" in project "Cloud9.2.csproj".
       Target "ComputeIntermediateSatelliteAssemblies" skipped, due to false condition; (@(EmbeddedResource->'%(WithCulture)') != '') was evaluated as ( != '').
       Target "GenerateSatelliteAssemblies" skipped, due to false condition; ('@(_SatelliteAssemblyResourceInputs)' != '' and '$(GenerateSatelliteAssembliesForCore)' != 'true') was evaluated as ('' != '' and 'true' != 'true').
       Target "CoreGenerateSatelliteAssemblies" skipped, due to false condition; ('@(_SatelliteAssemblyResourceInputs)' != ''  and '$(GenerateSatelliteAssembliesForCore)' == 'true' ) was evaluated as ('' != ''  and 'true' == 'true' ).
   1:7>Target "CreateSatelliteAssemblies" in file "/usr/local/share/dotnet/sdk/8.0.407/Microsoft.Common.CurrentVersion.targets" from project "/Users/tp/Projects/Cloud9.2/Cloud9.2.csproj" (target "CoreBuild" depends on it):
   1:7>Done building target "CreateSatelliteAssemblies" in project "Cloud9.2.csproj".
       Target "GenerateManifests" skipped, due to false condition; ('$(GenerateClickOnceManifests)'=='true' or '@(NativeReference)'!='' or '@(ResolvedIsolatedComModules)'!='' or '$(GenerateAppxManifest)' == 'true') was evaluated as (''=='true' or ''!='' or ''!='' or '' == 'true').
   1:7>Target "GetTargetPathWithTargetPlatformMoniker" in file "/usr/local/share/dotnet/sdk/8.0.407/Microsoft.Common.CurrentVersion.targets" from project "/Users/tp/Projects/Cloud9.2/Cloud9.2.csproj" (target "GetTargetPath" depends on it):
   1:7>Done building target "GetTargetPathWithTargetPlatformMoniker" in project "Cloud9.2.csproj".
   1:7>Target "GetTargetPath" in file "/usr/local/share/dotnet/sdk/8.0.407/Microsoft.Common.CurrentVersion.targets" from project "/Users/tp/Projects/Cloud9.2/Cloud9.2.csproj" (target "CoreBuild" depends on it):
   1:7>Done building target "GetTargetPath" in project "Cloud9.2.csproj".
   1:7>Target "RazorCompile" in file "/usr/local/share/dotnet/sdk/8.0.407/Sdks/Microsoft.NET.Sdk.Razor/targets/Sdk.Razor.CurrentVersion.targets" from project "/Users/tp/Projects/Cloud9.2/Cloud9.2.csproj" (target "_RazorPrepareForRun" depends on it):
   1:7>Done building target "RazorCompile" in project "Cloud9.2.csproj".
   1:7>Target "_RazorPrepareForRun" in file "/usr/local/share/dotnet/sdk/8.0.407/Sdks/Microsoft.NET.Sdk.Razor/targets/Sdk.Razor.CurrentVersion.targets" from project "/Users/tp/Projects/Cloud9.2/Cloud9.2.csproj" (target "PrepareForRun" depends on it):
   1:7>Done building target "_RazorPrepareForRun" in project "Cloud9.2.csproj".
   1:7>Target "UpdateExistingPackageStaticWebAssets" in file "/usr/local/share/dotnet/sdk/8.0.407/Sdks/Microsoft.NET.Sdk.StaticWebAssets/targets/Microsoft.NET.Sdk.StaticWebAssets.targets" from project "/Users/tp/Projects/Cloud9.2/Cloud9.2.csproj" (target "ResolveStaticWebAssetsInputs" depends on it):
       Using "UpdatePackageStaticWebAssets" task from assembly "/usr/local/share/dotnet/sdk/8.0.407/Sdks/Microsoft.NET.Sdk.StaticWebAssets/targets/../tasks/net8.0/Microsoft.NET.Sdk.StaticWebAssets.Tasks.dll".
       Task "UpdatePackageStaticWebAssets"
       Done executing task "UpdatePackageStaticWebAssets".
   1:7>Done building target "UpdateExistingPackageStaticWebAssets" in project "Cloud9.2.csproj".
       Target "ResolveProjectStaticWebAssets" skipped. Previously built successfully.
       Target "ResolveStaticWebAssetsCrossTargetingConfiguration" skipped, due to false condition; ('$(TargetFrameworks)' != '' And '@(StaticWebAssetsEmbeddedConfiguration)' != '') was evaluated as ('' != '' And '' != '').
   1:7>Target "ResolveEmbeddedProjectsStaticWebAssets" in file "/usr/local/share/dotnet/sdk/8.0.407/Sdks/Microsoft.NET.Sdk.StaticWebAssets/targets/Microsoft.NET.Sdk.StaticWebAssets.EmbeddedAssets.targets" from project "/Users/tp/Projects/Cloud9.2/Cloud9.2.csproj" (target "ResolveStaticWebAssetsInputs" depends on it):
       Task "MSBuild" skipped, due to false condition; ('@(_StaticWebAssetsEmbeddedProjectAssetConfigurations)' != '' and %(_StaticWebAssetsEmbeddedProjectAssetConfigurations.TargetFramework) != '$(TargetFramework)') was evaluated as ('' != '' and  != 'net8.0').
   1:7>Done building target "ResolveEmbeddedProjectsStaticWebAssets" in project "Cloud9.2.csproj".
       Target "ResolveStaticWebAssetsConfiguration" skipped. Previously built successfully.
       Target "PrepareProjectReferences" skipped. Previously built successfully.
   1:7>Target "ResolveReferencedProjectsStaticWebAssetsConfiguration" in file "/usr/local/share/dotnet/sdk/8.0.407/Sdks/Microsoft.NET.Sdk.StaticWebAssets/targets/Microsoft.NET.Sdk.StaticWebAssets.References.targets" from project "/Users/tp/Projects/Cloud9.2/Cloud9.2.csproj" (target "ResolveReferencedProjectsStaticWebAssets" depends on it):
       Task "MSBuild" skipped, due to false condition; ('@(_StaticWebAssetProjectReference)' != '') was evaluated as ('' != '').
       Using "MergeConfigurationProperties" task from assembly "/usr/local/share/dotnet/sdk/8.0.407/Sdks/Microsoft.NET.Sdk.StaticWebAssets/targets/../tasks/net8.0/Microsoft.NET.Sdk.StaticWebAssets.Tasks.dll".
       Task "MergeConfigurationProperties"
       Done executing task "MergeConfigurationProperties".
   1:7>Done building target "ResolveReferencedProjectsStaticWebAssetsConfiguration" in project "Cloud9.2.csproj".
   1:7>Target "ResolveReferencedProjectsStaticWebAssets" in file "/usr/local/share/dotnet/sdk/8.0.407/Sdks/Microsoft.NET.Sdk.StaticWebAssets/targets/Microsoft.NET.Sdk.StaticWebAssets.References.targets" from project "/Users/tp/Projects/Cloud9.2/Cloud9.2.csproj" (target "ResolveStaticWebAssetsInputs" depends on it):
       Task "MSBuild" skipped, due to false condition; ('@(StaticWebAssetProjectConfiguration)' != '') was evaluated as ('' != '').
   1:7>Done building target "ResolveReferencedProjectsStaticWebAssets" in project "Cloud9.2.csproj".
       Target "UpdateExistingPackageStaticWebAssets" skipped. Previously built successfully.
   1:7>Target "UpdateLegacyPackageScopedCssBundles" in file "/usr/local/share/dotnet/sdk/8.0.407/Sdks/Microsoft.NET.Sdk.StaticWebAssets/targets/Microsoft.NET.Sdk.StaticWebAssets.ScopedCss.targets" from project "/Users/tp/Projects/Cloud9.2/Cloud9.2.csproj" (target "ResolveStaticWebAssetsInputs" depends on it):
       Using "DefineStaticWebAssets" task from assembly "/usr/local/share/dotnet/sdk/8.0.407/Sdks/Microsoft.NET.Sdk.StaticWebAssets/targets/../tasks/net8.0/Microsoft.NET.Sdk.StaticWebAssets.Tasks.dll".
       Task "DefineStaticWebAssets"
         RelativePath 'css/site.css' normalized to 'css/site.css' found for candidate '/Users/tp/.nuget/packages/microsoft.aspnetcore.identity.ui/8.0.0/staticwebassets/V5/css/site.css' and will be used for matching.
         Skipping '/Users/tp/.nuget/packages/microsoft.aspnetcore.identity.ui/8.0.0/staticwebassets/V5/css/site.css' because the relative path 'css/site.css' did not match the filter '**/*.bundle.scp.css'.
         RelativePath 'favicon.ico' normalized to 'favicon.ico' found for candidate '/Users/tp/.nuget/packages/microsoft.aspnetcore.identity.ui/8.0.0/staticwebassets/V5/favicon.ico' and will be used for matching.
         Skipping '/Users/tp/.nuget/packages/microsoft.aspnetcore.identity.ui/8.0.0/staticwebassets/V5/favicon.ico' because the relative path 'favicon.ico' did not match the filter '**/*.bundle.scp.css'.
         RelativePath 'js/site.js' normalized to 'js/site.js' found for candidate '/Users/tp/.nuget/packages/microsoft.aspnetcore.identity.ui/8.0.0/staticwebassets/V5/js/site.js' and will be used for matching.
         Skipping '/Users/tp/.nuget/packages/microsoft.aspnetcore.identity.ui/8.0.0/staticwebassets/V5/js/site.js' because the relative path 'js/site.js' did not match the filter '**/*.bundle.scp.css'.
         RelativePath 'lib/bootstrap/dist/css/bootstrap-grid.css' normalized to 'lib/bootstrap/dist/css/bootstrap-grid.css' found for candidate '/Users/tp/.nuget/packages/microsoft.aspnetcore.identity.ui/8.0.0/staticwebassets/V5/lib/bootstrap/dist/css/bootstrap-grid.css' and will be used for matching.
         Skipping '/Users/tp/.nuget/packages/microsoft.aspnetcore.identity.ui/8.0.0/staticwebassets/V5/lib/bootstrap/dist/css/bootstrap-grid.css' because the relative path 'lib/bootstrap/dist/css/bootstrap-grid.css' did not match the filter '**/*.bundle.scp.css'.
         RelativePath 'lib/bootstrap/dist/css/bootstrap-grid.css.map' normalized to 'lib/bootstrap/dist/css/bootstrap-grid.css.map' found for candidate '/Users/tp/.nuget/packages/microsoft.aspnetcore.identity.ui/8.0.0/staticwebassets/V5/lib/bootstrap/dist/css/bootstrap-grid.css.map' and will be used for matching.
         Skipping '/Users/tp/.nuget/packages/microsoft.aspnetcore.identity.ui/8.0.0/staticwebassets/V5/lib/bootstrap/dist/css/bootstrap-grid.css.map' because the relative path 'lib/bootstrap/dist/css/bootstrap-grid.css.map' did not match the filter '**/*.bundle.scp.css'.
         RelativePath 'lib/bootstrap/dist/css/bootstrap-grid.min.css' normalized to 'lib/bootstrap/dist/css/bootstrap-grid.min.css' found for candidate '/Users/tp/.nuget/packages/microsoft.aspnetcore.identity.ui/8.0.0/staticwebassets/V5/lib/bootstrap/dist/css/bootstrap-grid.min.css' and will be used for matching.
         Skipping '/Users/tp/.nuget/packages/microsoft.aspnetcore.identity.ui/8.0.0/staticwebassets/V5/lib/bootstrap/dist/css/bootstrap-grid.min.css' because the relative path 'lib/bootstrap/dist/css/bootstrap-grid.min.css' did not match the filter '**/*.bundle.scp.css'.
         RelativePath 'lib/bootstrap/dist/css/bootstrap-grid.min.css.map' normalized to 'lib/bootstrap/dist/css/bootstrap-grid.min.css.map' found for candidate '/Users/tp/.nuget/packages/microsoft.aspnetcore.identity.ui/8.0.0/staticwebassets/V5/lib/bootstrap/dist/css/bootstrap-grid.min.css.map' and will be used for matching.
         Skipping '/Users/tp/.nuget/packages/microsoft.aspnetcore.identity.ui/8.0.0/staticwebassets/V5/lib/bootstrap/dist/css/bootstrap-grid.min.css.map' because the relative path 'lib/bootstrap/dist/css/bootstrap-grid.min.css.map' did not match the filter '**/*.bundle.scp.css'.
         RelativePath 'lib/bootstrap/dist/css/bootstrap-grid.rtl.css' normalized to 'lib/bootstrap/dist/css/bootstrap-grid.rtl.css' found for candidate '/Users/tp/.nuget/packages/microsoft.aspnetcore.identity.ui/8.0.0/staticwebassets/V5/lib/bootstrap/dist/css/bootstrap-grid.rtl.css' and will be used for matching.
         Skipping '/Users/tp/.nuget/packages/microsoft.aspnetcore.identity.ui/8.0.0/staticwebassets/V5/lib/bootstrap/dist/css/bootstrap-grid.rtl.css' because the relative path 'lib/bootstrap/dist/css/bootstrap-grid.rtl.css' did not match the filter '**/*.bundle.scp.css'.
         RelativePath 'lib/bootstrap/dist/css/bootstrap-grid.rtl.css.map' normalized to 'lib/bootstrap/dist/css/bootstrap-grid.rtl.css.map' found for candidate '/Users/tp/.nuget/packages/microsoft.aspnetcore.identity.ui/8.0.0/staticwebassets/V5/lib/bootstrap/dist/css/bootstrap-grid.rtl.css.map' and will be used for matching.
         Skipping '/Users/tp/.nuget/packages/microsoft.aspnetcore.identity.ui/8.0.0/staticwebassets/V5/lib/bootstrap/dist/css/bootstrap-grid.rtl.css.map' because the relative path 'lib/bootstrap/dist/css/bootstrap-grid.rtl.css.map' did not match the filter '**/*.bundle.scp.css'.
         RelativePath 'lib/bootstrap/dist/css/bootstrap-grid.rtl.min.css' normalized to 'lib/bootstrap/dist/css/bootstrap-grid.rtl.min.css' found for candidate '/Users/tp/.nuget/packages/microsoft.aspnetcore.identity.ui/8.0.0/staticwebassets/V5/lib/bootstrap/dist/css/bootstrap-grid.rtl.min.css' and will be used for matching.
         Skipping '/Users/tp/.nuget/packages/microsoft.aspnetcore.identity.ui/8.0.0/staticwebassets/V5/lib/bootstrap/dist/css/bootstrap-grid.rtl.min.css' because the relative path 'lib/bootstrap/dist/css/bootstrap-grid.rtl.min.css' did not match the filter '**/*.bundle.scp.css'.
         RelativePath 'lib/bootstrap/dist/css/bootstrap-grid.rtl.min.css.map' normalized to 'lib/bootstrap/dist/css/bootstrap-grid.rtl.min.css.map' found for candidate '/Users/tp/.nuget/packages/microsoft.aspnetcore.identity.ui/8.0.0/staticwebassets/V5/lib/bootstrap/dist/css/bootstrap-grid.rtl.min.css.map' and will be used for matching.
         Skipping '/Users/tp/.nuget/packages/microsoft.aspnetcore.identity.ui/8.0.0/staticwebassets/V5/lib/bootstrap/dist/css/bootstrap-grid.rtl.min.css.map' because the relative path 'lib/bootstrap/dist/css/bootstrap-grid.rtl.min.css.map' did not match the filter '**/*.bundle.scp.css'.
         RelativePath 'lib/bootstrap/dist/css/bootstrap-reboot.css' normalized to 'lib/bootstrap/dist/css/bootstrap-reboot.css' found for candidate '/Users/tp/.nuget/packages/microsoft.aspnetcore.identity.ui/8.0.0/staticwebassets/V5/lib/bootstrap/dist/css/bootstrap-reboot.css' and will be used for matching.
         Skipping '/Users/tp/.nuget/packages/microsoft.aspnetcore.identity.ui/8.0.0/staticwebassets/V5/lib/bootstrap/dist/css/bootstrap-reboot.css' because the relative path 'lib/bootstrap/dist/css/bootstrap-reboot.css' did not match the filter '**/*.bundle.scp.css'.
         RelativePath 'lib/bootstrap/dist/css/bootstrap-reboot.css.map' normalized to 'lib/bootstrap/dist/css/bootstrap-reboot.css.map' found for candidate '/Users/tp/.nuget/packages/microsoft.aspnetcore.identity.ui/8.0.0/staticwebassets/V5/lib/bootstrap/dist/css/bootstrap-reboot.css.map' and will be used for matching.
         Skipping '/Users/tp/.nuget/packages/microsoft.aspnetcore.identity.ui/8.0.0/staticwebassets/V5/lib/bootstrap/dist/css/bootstrap-reboot.css.map' because the relative path 'lib/bootstrap/dist/css/bootstrap-reboot.css.map' did not match the filter '**/*.bundle.scp.css'.
         RelativePath 'lib/bootstrap/dist/css/bootstrap-reboot.min.css' normalized to 'lib/bootstrap/dist/css/bootstrap-reboot.min.css' found for candidate '/Users/tp/.nuget/packages/microsoft.aspnetcore.identity.ui/8.0.0/staticwebassets/V5/lib/bootstrap/dist/css/bootstrap-reboot.min.css' and will be used for matching.
         Skipping '/Users/tp/.nuget/packages/microsoft.aspnetcore.identity.ui/8.0.0/staticwebassets/V5/lib/bootstrap/dist/css/bootstrap-reboot.min.css' because the relative path 'lib/bootstrap/dist/css/bootstrap-reboot.min.css' did not match the filter '**/*.bundle.scp.css'.
         RelativePath 'lib/bootstrap/dist/css/bootstrap-reboot.min.css.map' normalized to 'lib/bootstrap/dist/css/bootstrap-reboot.min.css.map' found for candidate '/Users/tp/.nuget/packages/microsoft.aspnetcore.identity.ui/8.0.0/staticwebassets/V5/lib/bootstrap/dist/css/bootstrap-reboot.min.css.map' and will be used for matching.
         Skipping '/Users/tp/.nuget/packages/microsoft.aspnetcore.identity.ui/8.0.0/staticwebassets/V5/lib/bootstrap/dist/css/bootstrap-reboot.min.css.map' because the relative path 'lib/bootstrap/dist/css/bootstrap-reboot.min.css.map' did not match the filter '**/*.bundle.scp.css'.
         RelativePath 'lib/bootstrap/dist/css/bootstrap-reboot.rtl.css' normalized to 'lib/bootstrap/dist/css/bootstrap-reboot.rtl.css' found for candidate '/Users/tp/.nuget/packages/microsoft.aspnetcore.identity.ui/8.0.0/staticwebassets/V5/lib/bootstrap/dist/css/bootstrap-reboot.rtl.css' and will be used for matching.
         Skipping '/Users/tp/.nuget/packages/microsoft.aspnetcore.identity.ui/8.0.0/staticwebassets/V5/lib/bootstrap/dist/css/bootstrap-reboot.rtl.css' because the relative path 'lib/bootstrap/dist/css/bootstrap-reboot.rtl.css' did not match the filter '**/*.bundle.scp.css'.
         RelativePath 'lib/bootstrap/dist/css/bootstrap-reboot.rtl.css.map' normalized to 'lib/bootstrap/dist/css/bootstrap-reboot.rtl.css.map' found for candidate '/Users/tp/.nuget/packages/microsoft.aspnetcore.identity.ui/8.0.0/staticwebassets/V5/lib/bootstrap/dist/css/bootstrap-reboot.rtl.css.map' and will be used for matching.
         Skipping '/Users/tp/.nuget/packages/microsoft.aspnetcore.identity.ui/8.0.0/staticwebassets/V5/lib/bootstrap/dist/css/bootstrap-reboot.rtl.css.map' because the relative path 'lib/bootstrap/dist/css/bootstrap-reboot.rtl.css.map' did not match the filter '**/*.bundle.scp.css'.
         RelativePath 'lib/bootstrap/dist/css/bootstrap-reboot.rtl.min.css' normalized to 'lib/bootstrap/dist/css/bootstrap-reboot.rtl.min.css' found for candidate '/Users/tp/.nuget/packages/microsoft.aspnetcore.identity.ui/8.0.0/staticwebassets/V5/lib/bootstrap/dist/css/bootstrap-reboot.rtl.min.css' and will be used for matching.
         Skipping '/Users/tp/.nuget/packages/microsoft.aspnetcore.identity.ui/8.0.0/staticwebassets/V5/lib/bootstrap/dist/css/bootstrap-reboot.rtl.min.css' because the relative path 'lib/bootstrap/dist/css/bootstrap-reboot.rtl.min.css' did not match the filter '**/*.bundle.scp.css'.
         RelativePath 'lib/bootstrap/dist/css/bootstrap-reboot.rtl.min.css.map' normalized to 'lib/bootstrap/dist/css/bootstrap-reboot.rtl.min.css.map' found for candidate '/Users/tp/.nuget/packages/microsoft.aspnetcore.identity.ui/8.0.0/staticwebassets/V5/lib/bootstrap/dist/css/bootstrap-reboot.rtl.min.css.map' and will be used for matching.
         Skipping '/Users/tp/.nuget/packages/microsoft.aspnetcore.identity.ui/8.0.0/staticwebassets/V5/lib/bootstrap/dist/css/bootstrap-reboot.rtl.min.css.map' because the relative path 'lib/bootstrap/dist/css/bootstrap-reboot.rtl.min.css.map' did not match the filter '**/*.bundle.scp.css'.
         RelativePath 'lib/bootstrap/dist/css/bootstrap-utilities.css' normalized to 'lib/bootstrap/dist/css/bootstrap-utilities.css' found for candidate '/Users/tp/.nuget/packages/microsoft.aspnetcore.identity.ui/8.0.0/staticwebassets/V5/lib/bootstrap/dist/css/bootstrap-utilities.css' and will be used for matching.
         Skipping '/Users/tp/.nuget/packages/microsoft.aspnetcore.identity.ui/8.0.0/staticwebassets/V5/lib/bootstrap/dist/css/bootstrap-utilities.css' because the relative path 'lib/bootstrap/dist/css/bootstrap-utilities.css' did not match the filter '**/*.bundle.scp.css'.
         RelativePath 'lib/bootstrap/dist/css/bootstrap-utilities.css.map' normalized to 'lib/bootstrap/dist/css/bootstrap-utilities.css.map' found for candidate '/Users/tp/.nuget/packages/microsoft.aspnetcore.identity.ui/8.0.0/staticwebassets/V5/lib/bootstrap/dist/css/bootstrap-utilities.css.map' and will be used for matching.
         Skipping '/Users/tp/.nuget/packages/microsoft.aspnetcore.identity.ui/8.0.0/staticwebassets/V5/lib/bootstrap/dist/css/bootstrap-utilities.css.map' because the relative path 'lib/bootstrap/dist/css/bootstrap-utilities.css.map' did not match the filter '**/*.bundle.scp.css'.
         RelativePath 'lib/bootstrap/dist/css/bootstrap-utilities.min.css' normalized to 'lib/bootstrap/dist/css/bootstrap-utilities.min.css' found for candidate '/Users/tp/.nuget/packages/microsoft.aspnetcore.identity.ui/8.0.0/staticwebassets/V5/lib/bootstrap/dist/css/bootstrap-utilities.min.css' and will be used for matching.
         Skipping '/Users/tp/.nuget/packages/microsoft.aspnetcore.identity.ui/8.0.0/staticwebassets/V5/lib/bootstrap/dist/css/bootstrap-utilities.min.css' because the relative path 'lib/bootstrap/dist/css/bootstrap-utilities.min.css' did not match the filter '**/*.bundle.scp.css'.
         RelativePath 'lib/bootstrap/dist/css/bootstrap-utilities.min.css.map' normalized to 'lib/bootstrap/dist/css/bootstrap-utilities.min.css.map' found for candidate '/Users/tp/.nuget/packages/microsoft.aspnetcore.identity.ui/8.0.0/staticwebassets/V5/lib/bootstrap/dist/css/bootstrap-utilities.min.css.map' and will be used for matching.
         Skipping '/Users/tp/.nuget/packages/microsoft.aspnetcore.identity.ui/8.0.0/staticwebassets/V5/lib/bootstrap/dist/css/bootstrap-utilities.min.css.map' because the relative path 'lib/bootstrap/dist/css/bootstrap-utilities.min.css.map' did not match the filter '**/*.bundle.scp.css'.
         RelativePath 'lib/bootstrap/dist/css/bootstrap-utilities.rtl.css' normalized to 'lib/bootstrap/dist/css/bootstrap-utilities.rtl.css' found for candidate '/Users/tp/.nuget/packages/microsoft.aspnetcore.identity.ui/8.0.0/staticwebassets/V5/lib/bootstrap/dist/css/bootstrap-utilities.rtl.css' and will be used for matching.
         Skipping '/Users/tp/.nuget/packages/microsoft.aspnetcore.identity.ui/8.0.0/staticwebassets/V5/lib/bootstrap/dist/css/bootstrap-utilities.rtl.css' because the relative path 'lib/bootstrap/dist/css/bootstrap-utilities.rtl.css' did not match the filter '**/*.bundle.scp.css'.
         RelativePath 'lib/bootstrap/dist/css/bootstrap-utilities.rtl.css.map' normalized to 'lib/bootstrap/dist/css/bootstrap-utilities.rtl.css.map' found for candidate '/Users/tp/.nuget/packages/microsoft.aspnetcore.identity.ui/8.0.0/staticwebassets/V5/lib/bootstrap/dist/css/bootstrap-utilities.rtl.css.map' and will be used for matching.
         Skipping '/Users/tp/.nuget/packages/microsoft.aspnetcore.identity.ui/8.0.0/staticwebassets/V5/lib/bootstrap/dist/css/bootstrap-utilities.rtl.css.map' because the relative path 'lib/bootstrap/dist/css/bootstrap-utilities.rtl.css.map' did not match the filter '**/*.bundle.scp.css'.
         RelativePath 'lib/bootstrap/dist/css/bootstrap-utilities.rtl.min.css' normalized to 'lib/bootstrap/dist/css/bootstrap-utilities.rtl.min.css' found for candidate '/Users/tp/.nuget/packages/microsoft.aspnetcore.identity.ui/8.0.0/staticwebassets/V5/lib/bootstrap/dist/css/bootstrap-utilities.rtl.min.css' and will be used for matching.
         Skipping '/Users/tp/.nuget/packages/microsoft.aspnetcore.identity.ui/8.0.0/staticwebassets/V5/lib/bootstrap/dist/css/bootstrap-utilities.rtl.min.css' because the relative path 'lib/bootstrap/dist/css/bootstrap-utilities.rtl.min.css' did not match the filter '**/*.bundle.scp.css'.
         RelativePath 'lib/bootstrap/dist/css/bootstrap-utilities.rtl.min.css.map' normalized to 'lib/bootstrap/dist/css/bootstrap-utilities.rtl.min.css.map' found for candidate '/Users/tp/.nuget/packages/microsoft.aspnetcore.identity.ui/8.0.0/staticwebassets/V5/lib/bootstrap/dist/css/bootstrap-utilities.rtl.min.css.map' and will be used for matching.
         Skipping '/Users/tp/.nuget/packages/microsoft.aspnetcore.identity.ui/8.0.0/staticwebassets/V5/lib/bootstrap/dist/css/bootstrap-utilities.rtl.min.css.map' because the relative path 'lib/bootstrap/dist/css/bootstrap-utilities.rtl.min.css.map' did not match the filter '**/*.bundle.scp.css'.
         RelativePath 'lib/bootstrap/dist/css/bootstrap.css' normalized to 'lib/bootstrap/dist/css/bootstrap.css' found for candidate '/Users/tp/.nuget/packages/microsoft.aspnetcore.identity.ui/8.0.0/staticwebassets/V5/lib/bootstrap/dist/css/bootstrap.css' and will be used for matching.
         Skipping '/Users/tp/.nuget/packages/microsoft.aspnetcore.identity.ui/8.0.0/staticwebassets/V5/lib/bootstrap/dist/css/bootstrap.css' because the relative path 'lib/bootstrap/dist/css/bootstrap.css' did not match the filter '**/*.bundle.scp.css'.
         RelativePath 'lib/bootstrap/dist/css/bootstrap.css.map' normalized to 'lib/bootstrap/dist/css/bootstrap.css.map' found for candidate '/Users/tp/.nuget/packages/microsoft.aspnetcore.identity.ui/8.0.0/staticwebassets/V5/lib/bootstrap/dist/css/bootstrap.css.map' and will be used for matching.
         Skipping '/Users/tp/.nuget/packages/microsoft.aspnetcore.identity.ui/8.0.0/staticwebassets/V5/lib/bootstrap/dist/css/bootstrap.css.map' because the relative path 'lib/bootstrap/dist/css/bootstrap.css.map' did not match the filter '**/*.bundle.scp.css'.
         RelativePath 'lib/bootstrap/dist/css/bootstrap.min.css' normalized to 'lib/bootstrap/dist/css/bootstrap.min.css' found for candidate '/Users/tp/.nuget/packages/microsoft.aspnetcore.identity.ui/8.0.0/staticwebassets/V5/lib/bootstrap/dist/css/bootstrap.min.css' and will be used for matching.
         Skipping '/Users/tp/.nuget/packages/microsoft.aspnetcore.identity.ui/8.0.0/staticwebassets/V5/lib/bootstrap/dist/css/bootstrap.min.css' because the relative path 'lib/bootstrap/dist/css/bootstrap.min.css' did not match the filter '**/*.bundle.scp.css'.
         RelativePath 'lib/bootstrap/dist/css/bootstrap.min.css.map' normalized to 'lib/bootstrap/dist/css/bootstrap.min.css.map' found for candidate '/Users/tp/.nuget/packages/microsoft.aspnetcore.identity.ui/8.0.0/staticwebassets/V5/lib/bootstrap/dist/css/bootstrap.min.css.map' and will be used for matching.
         Skipping '/Users/tp/.nuget/packages/microsoft.aspnetcore.identity.ui/8.0.0/staticwebassets/V5/lib/bootstrap/dist/css/bootstrap.min.css.map' because the relative path 'lib/bootstrap/dist/css/bootstrap.min.css.map' did not match the filter '**/*.bundle.scp.css'.
         RelativePath 'lib/bootstrap/dist/css/bootstrap.rtl.css' normalized to 'lib/bootstrap/dist/css/bootstrap.rtl.css' found for candidate '/Users/tp/.nuget/packages/microsoft.aspnetcore.identity.ui/8.0.0/staticwebassets/V5/lib/bootstrap/dist/css/bootstrap.rtl.css' and will be used for matching.
         Skipping '/Users/tp/.nuget/packages/microsoft.aspnetcore.identity.ui/8.0.0/staticwebassets/V5/lib/bootstrap/dist/css/bootstrap.rtl.css' because the relative path 'lib/bootstrap/dist/css/bootstrap.rtl.css' did not match the filter '**/*.bundle.scp.css'.
         RelativePath 'lib/bootstrap/dist/css/bootstrap.rtl.css.map' normalized to 'lib/bootstrap/dist/css/bootstrap.rtl.css.map' found for candidate '/Users/tp/.nuget/packages/microsoft.aspnetcore.identity.ui/8.0.0/staticwebassets/V5/lib/bootstrap/dist/css/bootstrap.rtl.css.map' and will be used for matching.
         Skipping '/Users/tp/.nuget/packages/microsoft.aspnetcore.identity.ui/8.0.0/staticwebassets/V5/lib/bootstrap/dist/css/bootstrap.rtl.css.map' because the relative path 'lib/bootstrap/dist/css/bootstrap.rtl.css.map' did not match the filter '**/*.bundle.scp.css'.
         RelativePath 'lib/bootstrap/dist/css/bootstrap.rtl.min.css' normalized to 'lib/bootstrap/dist/css/bootstrap.rtl.min.css' found for candidate '/Users/tp/.nuget/packages/microsoft.aspnetcore.identity.ui/8.0.0/staticwebassets/V5/lib/bootstrap/dist/css/bootstrap.rtl.min.css' and will be used for matching.
         Skipping '/Users/tp/.nuget/packages/microsoft.aspnetcore.identity.ui/8.0.0/staticwebassets/V5/lib/bootstrap/dist/css/bootstrap.rtl.min.css' because the relative path 'lib/bootstrap/dist/css/bootstrap.rtl.min.css' did not match the filter '**/*.bundle.scp.css'.
         RelativePath 'lib/bootstrap/dist/css/bootstrap.rtl.min.css.map' normalized to 'lib/bootstrap/dist/css/bootstrap.rtl.min.css.map' found for candidate '/Users/tp/.nuget/packages/microsoft.aspnetcore.identity.ui/8.0.0/staticwebassets/V5/lib/bootstrap/dist/css/bootstrap.rtl.min.css.map' and will be used for matching.
         Skipping '/Users/tp/.nuget/packages/microsoft.aspnetcore.identity.ui/8.0.0/staticwebassets/V5/lib/bootstrap/dist/css/bootstrap.rtl.min.css.map' because the relative path 'lib/bootstrap/dist/css/bootstrap.rtl.min.css.map' did not match the filter '**/*.bundle.scp.css'.
         RelativePath 'lib/bootstrap/dist/js/bootstrap.bundle.js' normalized to 'lib/bootstrap/dist/js/bootstrap.bundle.js' found for candidate '/Users/tp/.nuget/packages/microsoft.aspnetcore.identity.ui/8.0.0/staticwebassets/V5/lib/bootstrap/dist/js/bootstrap.bundle.js' and will be used for matching.
         Skipping '/Users/tp/.nuget/packages/microsoft.aspnetcore.identity.ui/8.0.0/staticwebassets/V5/lib/bootstrap/dist/js/bootstrap.bundle.js' because the relative path 'lib/bootstrap/dist/js/bootstrap.bundle.js' did not match the filter '**/*.bundle.scp.css'.
         RelativePath 'lib/bootstrap/dist/js/bootstrap.bundle.js.map' normalized to 'lib/bootstrap/dist/js/bootstrap.bundle.js.map' found for candidate '/Users/tp/.nuget/packages/microsoft.aspnetcore.identity.ui/8.0.0/staticwebassets/V5/lib/bootstrap/dist/js/bootstrap.bundle.js.map' and will be used for matching.
         Skipping '/Users/tp/.nuget/packages/microsoft.aspnetcore.identity.ui/8.0.0/staticwebassets/V5/lib/bootstrap/dist/js/bootstrap.bundle.js.map' because the relative path 'lib/bootstrap/dist/js/bootstrap.bundle.js.map' did not match the filter '**/*.bundle.scp.css'.
         RelativePath 'lib/bootstrap/dist/js/bootstrap.bundle.min.js' normalized to 'lib/bootstrap/dist/js/bootstrap.bundle.min.js' found for candidate '/Users/tp/.nuget/packages/microsoft.aspnetcore.identity.ui/8.0.0/staticwebassets/V5/lib/bootstrap/dist/js/bootstrap.bundle.min.js' and will be used for matching.
         Skipping '/Users/tp/.nuget/packages/microsoft.aspnetcore.identity.ui/8.0.0/staticwebassets/V5/lib/bootstrap/dist/js/bootstrap.bundle.min.js' because the relative path 'lib/bootstrap/dist/js/bootstrap.bundle.min.js' did not match the filter '**/*.bundle.scp.css'.
         RelativePath 'lib/bootstrap/dist/js/bootstrap.bundle.min.js.map' normalized to 'lib/bootstrap/dist/js/bootstrap.bundle.min.js.map' found for candidate '/Users/tp/.nuget/packages/microsoft.aspnetcore.identity.ui/8.0.0/staticwebassets/V5/lib/bootstrap/dist/js/bootstrap.bundle.min.js.map' and will be used for matching.
         Skipping '/Users/tp/.nuget/packages/microsoft.aspnetcore.identity.ui/8.0.0/staticwebassets/V5/lib/bootstrap/dist/js/bootstrap.bundle.min.js.map' because the relative path 'lib/bootstrap/dist/js/bootstrap.bundle.min.js.map' did not match the filter '**/*.bundle.scp.css'.
         RelativePath 'lib/bootstrap/dist/js/bootstrap.esm.js' normalized to 'lib/bootstrap/dist/js/bootstrap.esm.js' found for candidate '/Users/tp/.nuget/packages/microsoft.aspnetcore.identity.ui/8.0.0/staticwebassets/V5/lib/bootstrap/dist/js/bootstrap.esm.js' and will be used for matching.
         Skipping '/Users/tp/.nuget/packages/microsoft.aspnetcore.identity.ui/8.0.0/staticwebassets/V5/lib/bootstrap/dist/js/bootstrap.esm.js' because the relative path 'lib/bootstrap/dist/js/bootstrap.esm.js' did not match the filter '**/*.bundle.scp.css'.
         RelativePath 'lib/bootstrap/dist/js/bootstrap.esm.js.map' normalized to 'lib/bootstrap/dist/js/bootstrap.esm.js.map' found for candidate '/Users/tp/.nuget/packages/microsoft.aspnetcore.identity.ui/8.0.0/staticwebassets/V5/lib/bootstrap/dist/js/bootstrap.esm.js.map' and will be used for matching.
         Skipping '/Users/tp/.nuget/packages/microsoft.aspnetcore.identity.ui/8.0.0/staticwebassets/V5/lib/bootstrap/dist/js/bootstrap.esm.js.map' because the relative path 'lib/bootstrap/dist/js/bootstrap.esm.js.map' did not match the filter '**/*.bundle.scp.css'.
         RelativePath 'lib/bootstrap/dist/js/bootstrap.esm.min.js' normalized to 'lib/bootstrap/dist/js/bootstrap.esm.min.js' found for candidate '/Users/tp/.nuget/packages/microsoft.aspnetcore.identity.ui/8.0.0/staticwebassets/V5/lib/bootstrap/dist/js/bootstrap.esm.min.js' and will be used for matching.
         Skipping '/Users/tp/.nuget/packages/microsoft.aspnetcore.identity.ui/8.0.0/staticwebassets/V5/lib/bootstrap/dist/js/bootstrap.esm.min.js' because the relative path 'lib/bootstrap/dist/js/bootstrap.esm.min.js' did not match the filter '**/*.bundle.scp.css'.
         RelativePath 'lib/bootstrap/dist/js/bootstrap.esm.min.js.map' normalized to 'lib/bootstrap/dist/js/bootstrap.esm.min.js.map' found for candidate '/Users/tp/.nuget/packages/microsoft.aspnetcore.identity.ui/8.0.0/staticwebassets/V5/lib/bootstrap/dist/js/bootstrap.esm.min.js.map' and will be used for matching.
         Skipping '/Users/tp/.nuget/packages/microsoft.aspnetcore.identity.ui/8.0.0/staticwebassets/V5/lib/bootstrap/dist/js/bootstrap.esm.min.js.map' because the relative path 'lib/bootstrap/dist/js/bootstrap.esm.min.js.map' did not match the filter '**/*.bundle.scp.css'.
         RelativePath 'lib/bootstrap/dist/js/bootstrap.js' normalized to 'lib/bootstrap/dist/js/bootstrap.js' found for candidate '/Users/tp/.nuget/packages/microsoft.aspnetcore.identity.ui/8.0.0/staticwebassets/V5/lib/bootstrap/dist/js/bootstrap.js' and will be used for matching.
         Skipping '/Users/tp/.nuget/packages/microsoft.aspnetcore.identity.ui/8.0.0/staticwebassets/V5/lib/bootstrap/dist/js/bootstrap.js' because the relative path 'lib/bootstrap/dist/js/bootstrap.js' did not match the filter '**/*.bundle.scp.css'.
         RelativePath 'lib/bootstrap/dist/js/bootstrap.js.map' normalized to 'lib/bootstrap/dist/js/bootstrap.js.map' found for candidate '/Users/tp/.nuget/packages/microsoft.aspnetcore.identity.ui/8.0.0/staticwebassets/V5/lib/bootstrap/dist/js/bootstrap.js.map' and will be used for matching.
         Skipping '/Users/tp/.nuget/packages/microsoft.aspnetcore.identity.ui/8.0.0/staticwebassets/V5/lib/bootstrap/dist/js/bootstrap.js.map' because the relative path 'lib/bootstrap/dist/js/bootstrap.js.map' did not match the filter '**/*.bundle.scp.css'.
         RelativePath 'lib/bootstrap/dist/js/bootstrap.min.js' normalized to 'lib/bootstrap/dist/js/bootstrap.min.js' found for candidate '/Users/tp/.nuget/packages/microsoft.aspnetcore.identity.ui/8.0.0/staticwebassets/V5/lib/bootstrap/dist/js/bootstrap.min.js' and will be used for matching.
         Skipping '/Users/tp/.nuget/packages/microsoft.aspnetcore.identity.ui/8.0.0/staticwebassets/V5/lib/bootstrap/dist/js/bootstrap.min.js' because the relative path 'lib/bootstrap/dist/js/bootstrap.min.js' did not match the filter '**/*.bundle.scp.css'.
         RelativePath 'lib/bootstrap/dist/js/bootstrap.min.js.map' normalized to 'lib/bootstrap/dist/js/bootstrap.min.js.map' found for candidate '/Users/tp/.nuget/packages/microsoft.aspnetcore.identity.ui/8.0.0/staticwebassets/V5/lib/bootstrap/dist/js/bootstrap.min.js.map' and will be used for matching.
         Skipping '/Users/tp/.nuget/packages/microsoft.aspnetcore.identity.ui/8.0.0/staticwebassets/V5/lib/bootstrap/dist/js/bootstrap.min.js.map' because the relative path 'lib/bootstrap/dist/js/bootstrap.min.js.map' did not match the filter '**/*.bundle.scp.css'.
         RelativePath 'lib/bootstrap/LICENSE' normalized to 'lib/bootstrap/LICENSE' found for candidate '/Users/tp/.nuget/packages/microsoft.aspnetcore.identity.ui/8.0.0/staticwebassets/V5/lib/bootstrap/LICENSE' and will be used for matching.
         Skipping '/Users/tp/.nuget/packages/microsoft.aspnetcore.identity.ui/8.0.0/staticwebassets/V5/lib/bootstrap/LICENSE' because the relative path 'lib/bootstrap/LICENSE' did not match the filter '**/*.bundle.scp.css'.
         RelativePath 'lib/jquery-validation-unobtrusive/jquery.validate.unobtrusive.js' normalized to 'lib/jquery-validation-unobtrusive/jquery.validate.unobtrusive.js' found for candidate '/Users/tp/.nuget/packages/microsoft.aspnetcore.identity.ui/8.0.0/staticwebassets/V5/lib/jquery-validation-unobtrusive/jquery.validate.unobtrusive.js' and will be used for matching.
         Skipping '/Users/tp/.nuget/packages/microsoft.aspnetcore.identity.ui/8.0.0/staticwebassets/V5/lib/jquery-validation-unobtrusive/jquery.validate.unobtrusive.js' because the relative path 'lib/jquery-validation-unobtrusive/jquery.validate.unobtrusive.js' did not match the filter '**/*.bundle.scp.css'.
         RelativePath 'lib/jquery-validation-unobtrusive/jquery.validate.unobtrusive.min.js' normalized to 'lib/jquery-validation-unobtrusive/jquery.validate.unobtrusive.min.js' found for candidate '/Users/tp/.nuget/packages/microsoft.aspnetcore.identity.ui/8.0.0/staticwebassets/V5/lib/jquery-validation-unobtrusive/jquery.validate.unobtrusive.min.js' and will be used for matching.
         Skipping '/Users/tp/.nuget/packages/microsoft.aspnetcore.identity.ui/8.0.0/staticwebassets/V5/lib/jquery-validation-unobtrusive/jquery.validate.unobtrusive.min.js' because the relative path 'lib/jquery-validation-unobtrusive/jquery.validate.unobtrusive.min.js' did not match the filter '**/*.bundle.scp.css'.
         RelativePath 'lib/jquery-validation-unobtrusive/LICENSE.txt' normalized to 'lib/jquery-validation-unobtrusive/LICENSE.txt' found for candidate '/Users/tp/.nuget/packages/microsoft.aspnetcore.identity.ui/8.0.0/staticwebassets/V5/lib/jquery-validation-unobtrusive/LICENSE.txt' and will be used for matching.
         Skipping '/Users/tp/.nuget/packages/microsoft.aspnetcore.identity.ui/8.0.0/staticwebassets/V5/lib/jquery-validation-unobtrusive/LICENSE.txt' because the relative path 'lib/jquery-validation-unobtrusive/LICENSE.txt' did not match the filter '**/*.bundle.scp.css'.
         RelativePath 'lib/jquery-validation/dist/additional-methods.js' normalized to 'lib/jquery-validation/dist/additional-methods.js' found for candidate '/Users/tp/.nuget/packages/microsoft.aspnetcore.identity.ui/8.0.0/staticwebassets/V5/lib/jquery-validation/dist/additional-methods.js' and will be used for matching.
         Skipping '/Users/tp/.nuget/packages/microsoft.aspnetcore.identity.ui/8.0.0/staticwebassets/V5/lib/jquery-validation/dist/additional-methods.js' because the relative path 'lib/jquery-validation/dist/additional-methods.js' did not match the filter '**/*.bundle.scp.css'.
         RelativePath 'lib/jquery-validation/dist/additional-methods.min.js' normalized to 'lib/jquery-validation/dist/additional-methods.min.js' found for candidate '/Users/tp/.nuget/packages/microsoft.aspnetcore.identity.ui/8.0.0/staticwebassets/V5/lib/jquery-validation/dist/additional-methods.min.js' and will be used for matching.
         Skipping '/Users/tp/.nuget/packages/microsoft.aspnetcore.identity.ui/8.0.0/staticwebassets/V5/lib/jquery-validation/dist/additional-methods.min.js' because the relative path 'lib/jquery-validation/dist/additional-methods.min.js' did not match the filter '**/*.bundle.scp.css'.
         RelativePath 'lib/jquery-validation/dist/jquery.validate.js' normalized to 'lib/jquery-validation/dist/jquery.validate.js' found for candidate '/Users/tp/.nuget/packages/microsoft.aspnetcore.identity.ui/8.0.0/staticwebassets/V5/lib/jquery-validation/dist/jquery.validate.js' and will be used for matching.
         Skipping '/Users/tp/.nuget/packages/microsoft.aspnetcore.identity.ui/8.0.0/staticwebassets/V5/lib/jquery-validation/dist/jquery.validate.js' because the relative path 'lib/jquery-validation/dist/jquery.validate.js' did not match the filter '**/*.bundle.scp.css'.
         RelativePath 'lib/jquery-validation/dist/jquery.validate.min.js' normalized to 'lib/jquery-validation/dist/jquery.validate.min.js' found for candidate '/Users/tp/.nuget/packages/microsoft.aspnetcore.identity.ui/8.0.0/staticwebassets/V5/lib/jquery-validation/dist/jquery.validate.min.js' and will be used for matching.
         Skipping '/Users/tp/.nuget/packages/microsoft.aspnetcore.identity.ui/8.0.0/staticwebassets/V5/lib/jquery-validation/dist/jquery.validate.min.js' because the relative path 'lib/jquery-validation/dist/jquery.validate.min.js' did not match the filter '**/*.bundle.scp.css'.
         RelativePath 'lib/jquery-validation/LICENSE.md' normalized to 'lib/jquery-validation/LICENSE.md' found for candidate '/Users/tp/.nuget/packages/microsoft.aspnetcore.identity.ui/8.0.0/staticwebassets/V5/lib/jquery-validation/LICENSE.md' and will be used for matching.
         Skipping '/Users/tp/.nuget/packages/microsoft.aspnetcore.identity.ui/8.0.0/staticwebassets/V5/lib/jquery-validation/LICENSE.md' because the relative path 'lib/jquery-validation/LICENSE.md' did not match the filter '**/*.bundle.scp.css'.
         RelativePath 'lib/jquery/dist/jquery.js' normalized to 'lib/jquery/dist/jquery.js' found for candidate '/Users/tp/.nuget/packages/microsoft.aspnetcore.identity.ui/8.0.0/staticwebassets/V5/lib/jquery/dist/jquery.js' and will be used for matching.
         Skipping '/Users/tp/.nuget/packages/microsoft.aspnetcore.identity.ui/8.0.0/staticwebassets/V5/lib/jquery/dist/jquery.js' because the relative path 'lib/jquery/dist/jquery.js' did not match the filter '**/*.bundle.scp.css'.
         RelativePath 'lib/jquery/dist/jquery.min.js' normalized to 'lib/jquery/dist/jquery.min.js' found for candidate '/Users/tp/.nuget/packages/microsoft.aspnetcore.identity.ui/8.0.0/staticwebassets/V5/lib/jquery/dist/jquery.min.js' and will be used for matching.
         Skipping '/Users/tp/.nuget/packages/microsoft.aspnetcore.identity.ui/8.0.0/staticwebassets/V5/lib/jquery/dist/jquery.min.js' because the relative path 'lib/jquery/dist/jquery.min.js' did not match the filter '**/*.bundle.scp.css'.
         RelativePath 'lib/jquery/dist/jquery.min.map' normalized to 'lib/jquery/dist/jquery.min.map' found for candidate '/Users/tp/.nuget/packages/microsoft.aspnetcore.identity.ui/8.0.0/staticwebassets/V5/lib/jquery/dist/jquery.min.map' and will be used for matching.
         Skipping '/Users/tp/.nuget/packages/microsoft.aspnetcore.identity.ui/8.0.0/staticwebassets/V5/lib/jquery/dist/jquery.min.map' because the relative path 'lib/jquery/dist/jquery.min.map' did not match the filter '**/*.bundle.scp.css'.
         RelativePath 'lib/jquery/LICENSE.txt' normalized to 'lib/jquery/LICENSE.txt' found for candidate '/Users/tp/.nuget/packages/microsoft.aspnetcore.identity.ui/8.0.0/staticwebassets/V5/lib/jquery/LICENSE.txt' and will be used for matching.
         Skipping '/Users/tp/.nuget/packages/microsoft.aspnetcore.identity.ui/8.0.0/staticwebassets/V5/lib/jquery/LICENSE.txt' because the relative path 'lib/jquery/LICENSE.txt' did not match the filter '**/*.bundle.scp.css'.
       Done executing task "DefineStaticWebAssets".
       Task "DefineStaticWebAssets"
         RelativePath 'css/site.css' normalized to 'css/site.css' found for candidate '/Users/tp/.nuget/packages/microsoft.aspnetcore.identity.ui/8.0.0/staticwebassets/V5/css/site.css' and will be used for matching.
         Skipping '/Users/tp/.nuget/packages/microsoft.aspnetcore.identity.ui/8.0.0/staticwebassets/V5/css/site.css' because the relative path 'css/site.css' did not match the filter '**/*.styles.css'.
         RelativePath 'favicon.ico' normalized to 'favicon.ico' found for candidate '/Users/tp/.nuget/packages/microsoft.aspnetcore.identity.ui/8.0.0/staticwebassets/V5/favicon.ico' and will be used for matching.
         Skipping '/Users/tp/.nuget/packages/microsoft.aspnetcore.identity.ui/8.0.0/staticwebassets/V5/favicon.ico' because the relative path 'favicon.ico' did not match the filter '**/*.styles.css'.
         RelativePath 'js/site.js' normalized to 'js/site.js' found for candidate '/Users/tp/.nuget/packages/microsoft.aspnetcore.identity.ui/8.0.0/staticwebassets/V5/js/site.js' and will be used for matching.
         Skipping '/Users/tp/.nuget/packages/microsoft.aspnetcore.identity.ui/8.0.0/staticwebassets/V5/js/site.js' because the relative path 'js/site.js' did not match the filter '**/*.styles.css'.
         RelativePath 'lib/bootstrap/dist/css/bootstrap-grid.css' normalized to 'lib/bootstrap/dist/css/bootstrap-grid.css' found for candidate '/Users/tp/.nuget/packages/microsoft.aspnetcore.identity.ui/8.0.0/staticwebassets/V5/lib/bootstrap/dist/css/bootstrap-grid.css' and will be used for matching.
         Skipping '/Users/tp/.nuget/packages/microsoft.aspnetcore.identity.ui/8.0.0/staticwebassets/V5/lib/bootstrap/dist/css/bootstrap-grid.css' because the relative path 'lib/bootstrap/dist/css/bootstrap-grid.css' did not match the filter '**/*.styles.css'.
         RelativePath 'lib/bootstrap/dist/css/bootstrap-grid.css.map' normalized to 'lib/bootstrap/dist/css/bootstrap-grid.css.map' found for candidate '/Users/tp/.nuget/packages/microsoft.aspnetcore.identity.ui/8.0.0/staticwebassets/V5/lib/bootstrap/dist/css/bootstrap-grid.css.map' and will be used for matching.
         Skipping '/Users/tp/.nuget/packages/microsoft.aspnetcore.identity.ui/8.0.0/staticwebassets/V5/lib/bootstrap/dist/css/bootstrap-grid.css.map' because the relative path 'lib/bootstrap/dist/css/bootstrap-grid.css.map' did not match the filter '**/*.styles.css'.
         RelativePath 'lib/bootstrap/dist/css/bootstrap-grid.min.css' normalized to 'lib/bootstrap/dist/css/bootstrap-grid.min.css' found for candidate '/Users/tp/.nuget/packages/microsoft.aspnetcore.identity.ui/8.0.0/staticwebassets/V5/lib/bootstrap/dist/css/bootstrap-grid.min.css' and will be used for matching.
         Skipping '/Users/tp/.nuget/packages/microsoft.aspnetcore.identity.ui/8.0.0/staticwebassets/V5/lib/bootstrap/dist/css/bootstrap-grid.min.css' because the relative path 'lib/bootstrap/dist/css/bootstrap-grid.min.css' did not match the filter '**/*.styles.css'.
         RelativePath 'lib/bootstrap/dist/css/bootstrap-grid.min.css.map' normalized to 'lib/bootstrap/dist/css/bootstrap-grid.min.css.map' found for candidate '/Users/tp/.nuget/packages/microsoft.aspnetcore.identity.ui/8.0.0/staticwebassets/V5/lib/bootstrap/dist/css/bootstrap-grid.min.css.map' and will be used for matching.
         Skipping '/Users/tp/.nuget/packages/microsoft.aspnetcore.identity.ui/8.0.0/staticwebassets/V5/lib/bootstrap/dist/css/bootstrap-grid.min.css.map' because the relative path 'lib/bootstrap/dist/css/bootstrap-grid.min.css.map' did not match the filter '**/*.styles.css'.
         RelativePath 'lib/bootstrap/dist/css/bootstrap-grid.rtl.css' normalized to 'lib/bootstrap/dist/css/bootstrap-grid.rtl.css' found for candidate '/Users/tp/.nuget/packages/microsoft.aspnetcore.identity.ui/8.0.0/staticwebassets/V5/lib/bootstrap/dist/css/bootstrap-grid.rtl.css' and will be used for matching.
         Skipping '/Users/tp/.nuget/packages/microsoft.aspnetcore.identity.ui/8.0.0/staticwebassets/V5/lib/bootstrap/dist/css/bootstrap-grid.rtl.css' because the relative path 'lib/bootstrap/dist/css/bootstrap-grid.rtl.css' did not match the filter '**/*.styles.css'.
         RelativePath 'lib/bootstrap/dist/css/bootstrap-grid.rtl.css.map' normalized to 'lib/bootstrap/dist/css/bootstrap-grid.rtl.css.map' found for candidate '/Users/tp/.nuget/packages/microsoft.aspnetcore.identity.ui/8.0.0/staticwebassets/V5/lib/bootstrap/dist/css/bootstrap-grid.rtl.css.map' and will be used for matching.
         Skipping '/Users/tp/.nuget/packages/microsoft.aspnetcore.identity.ui/8.0.0/staticwebassets/V5/lib/bootstrap/dist/css/bootstrap-grid.rtl.css.map' because the relative path 'lib/bootstrap/dist/css/bootstrap-grid.rtl.css.map' did not match the filter '**/*.styles.css'.
         RelativePath 'lib/bootstrap/dist/css/bootstrap-grid.rtl.min.css' normalized to 'lib/bootstrap/dist/css/bootstrap-grid.rtl.min.css' found for candidate '/Users/tp/.nuget/packages/microsoft.aspnetcore.identity.ui/8.0.0/staticwebassets/V5/lib/bootstrap/dist/css/bootstrap-grid.rtl.min.css' and will be used for matching.
         Skipping '/Users/tp/.nuget/packages/microsoft.aspnetcore.identity.ui/8.0.0/staticwebassets/V5/lib/bootstrap/dist/css/bootstrap-grid.rtl.min.css' because the relative path 'lib/bootstrap/dist/css/bootstrap-grid.rtl.min.css' did not match the filter '**/*.styles.css'.
         RelativePath 'lib/bootstrap/dist/css/bootstrap-grid.rtl.min.css.map' normalized to 'lib/bootstrap/dist/css/bootstrap-grid.rtl.min.css.map' found for candidate '/Users/tp/.nuget/packages/microsoft.aspnetcore.identity.ui/8.0.0/staticwebassets/V5/lib/bootstrap/dist/css/bootstrap-grid.rtl.min.css.map' and will be used for matching.
         Skipping '/Users/tp/.nuget/packages/microsoft.aspnetcore.identity.ui/8.0.0/staticwebassets/V5/lib/bootstrap/dist/css/bootstrap-grid.rtl.min.css.map' because the relative path 'lib/bootstrap/dist/css/bootstrap-grid.rtl.min.css.map' did not match the filter '**/*.styles.css'.
         RelativePath 'lib/bootstrap/dist/css/bootstrap-reboot.css' normalized to 'lib/bootstrap/dist/css/bootstrap-reboot.css' found for candidate '/Users/tp/.nuget/packages/microsoft.aspnetcore.identity.ui/8.0.0/staticwebassets/V5/lib/bootstrap/dist/css/bootstrap-reboot.css' and will be used for matching.
         Skipping '/Users/tp/.nuget/packages/microsoft.aspnetcore.identity.ui/8.0.0/staticwebassets/V5/lib/bootstrap/dist/css/bootstrap-reboot.css' because the relative path 'lib/bootstrap/dist/css/bootstrap-reboot.css' did not match the filter '**/*.styles.css'.
         RelativePath 'lib/bootstrap/dist/css/bootstrap-reboot.css.map' normalized to 'lib/bootstrap/dist/css/bootstrap-reboot.css.map' found for candidate '/Users/tp/.nuget/packages/microsoft.aspnetcore.identity.ui/8.0.0/staticwebassets/V5/lib/bootstrap/dist/css/bootstrap-reboot.css.map' and will be used for matching.
         Skipping '/Users/tp/.nuget/packages/microsoft.aspnetcore.identity.ui/8.0.0/staticwebassets/V5/lib/bootstrap/dist/css/bootstrap-reboot.css.map' because the relative path 'lib/bootstrap/dist/css/bootstrap-reboot.css.map' did not match the filter '**/*.styles.css'.
         RelativePath 'lib/bootstrap/dist/css/bootstrap-reboot.min.css' normalized to 'lib/bootstrap/dist/css/bootstrap-reboot.min.css' found for candidate '/Users/tp/.nuget/packages/microsoft.aspnetcore.identity.ui/8.0.0/staticwebassets/V5/lib/bootstrap/dist/css/bootstrap-reboot.min.css' and will be used for matching.
         Skipping '/Users/tp/.nuget/packages/microsoft.aspnetcore.identity.ui/8.0.0/staticwebassets/V5/lib/bootstrap/dist/css/bootstrap-reboot.min.css' because the relative path 'lib/bootstrap/dist/css/bootstrap-reboot.min.css' did not match the filter '**/*.styles.css'.
         RelativePath 'lib/bootstrap/dist/css/bootstrap-reboot.min.css.map' normalized to 'lib/bootstrap/dist/css/bootstrap-reboot.min.css.map' found for candidate '/Users/tp/.nuget/packages/microsoft.aspnetcore.identity.ui/8.0.0/staticwebassets/V5/lib/bootstrap/dist/css/bootstrap-reboot.min.css.map' and will be used for matching.
         Skipping '/Users/tp/.nuget/packages/microsoft.aspnetcore.identity.ui/8.0.0/staticwebassets/V5/lib/bootstrap/dist/css/bootstrap-reboot.min.css.map' because the relative path 'lib/bootstrap/dist/css/bootstrap-reboot.min.css.map' did not match the filter '**/*.styles.css'.
         RelativePath 'lib/bootstrap/dist/css/bootstrap-reboot.rtl.css' normalized to 'lib/bootstrap/dist/css/bootstrap-reboot.rtl.css' found for candidate '/Users/tp/.nuget/packages/microsoft.aspnetcore.identity.ui/8.0.0/staticwebassets/V5/lib/bootstrap/dist/css/bootstrap-reboot.rtl.css' and will be used for matching.
         Skipping '/Users/tp/.nuget/packages/microsoft.aspnetcore.identity.ui/8.0.0/staticwebassets/V5/lib/bootstrap/dist/css/bootstrap-reboot.rtl.css' because the relative path 'lib/bootstrap/dist/css/bootstrap-reboot.rtl.css' did not match the filter '**/*.styles.css'.
         RelativePath 'lib/bootstrap/dist/css/bootstrap-reboot.rtl.css.map' normalized to 'lib/bootstrap/dist/css/bootstrap-reboot.rtl.css.map' found for candidate '/Users/tp/.nuget/packages/microsoft.aspnetcore.identity.ui/8.0.0/staticwebassets/V5/lib/bootstrap/dist/css/bootstrap-reboot.rtl.css.map' and will be used for matching.
         Skipping '/Users/tp/.nuget/packages/microsoft.aspnetcore.identity.ui/8.0.0/staticwebassets/V5/lib/bootstrap/dist/css/bootstrap-reboot.rtl.css.map' because the relative path 'lib/bootstrap/dist/css/bootstrap-reboot.rtl.css.map' did not match the filter '**/*.styles.css'.
         RelativePath 'lib/bootstrap/dist/css/bootstrap-reboot.rtl.min.css' normalized to 'lib/bootstrap/dist/css/bootstrap-reboot.rtl.min.css' found for candidate '/Users/tp/.nuget/packages/microsoft.aspnetcore.identity.ui/8.0.0/staticwebassets/V5/lib/bootstrap/dist/css/bootstrap-reboot.rtl.min.css' and will be used for matching.
         Skipping '/Users/tp/.nuget/packages/microsoft.aspnetcore.identity.ui/8.0.0/staticwebassets/V5/lib/bootstrap/dist/css/bootstrap-reboot.rtl.min.css' because the relative path 'lib/bootstrap/dist/css/bootstrap-reboot.rtl.min.css' did not match the filter '**/*.styles.css'.
         RelativePath 'lib/bootstrap/dist/css/bootstrap-reboot.rtl.min.css.map' normalized to 'lib/bootstrap/dist/css/bootstrap-reboot.rtl.min.css.map' found for candidate '/Users/tp/.nuget/packages/microsoft.aspnetcore.identity.ui/8.0.0/staticwebassets/V5/lib/bootstrap/dist/css/bootstrap-reboot.rtl.min.css.map' and will be used for matching.
         Skipping '/Users/tp/.nuget/packages/microsoft.aspnetcore.identity.ui/8.0.0/staticwebassets/V5/lib/bootstrap/dist/css/bootstrap-reboot.rtl.min.css.map' because the relative path 'lib/bootstrap/dist/css/bootstrap-reboot.rtl.min.css.map' did not match the filter '**/*.styles.css'.
         RelativePath 'lib/bootstrap/dist/css/bootstrap-utilities.css' normalized to 'lib/bootstrap/dist/css/bootstrap-utilities.css' found for candidate '/Users/tp/.nuget/packages/microsoft.aspnetcore.identity.ui/8.0.0/staticwebassets/V5/lib/bootstrap/dist/css/bootstrap-utilities.css' and will be used for matching.
         Skipping '/Users/tp/.nuget/packages/microsoft.aspnetcore.identity.ui/8.0.0/staticwebassets/V5/lib/bootstrap/dist/css/bootstrap-utilities.css' because the relative path 'lib/bootstrap/dist/css/bootstrap-utilities.css' did not match the filter '**/*.styles.css'.
         RelativePath 'lib/bootstrap/dist/css/bootstrap-utilities.css.map' normalized to 'lib/bootstrap/dist/css/bootstrap-utilities.css.map' found for candidate '/Users/tp/.nuget/packages/microsoft.aspnetcore.identity.ui/8.0.0/staticwebassets/V5/lib/bootstrap/dist/css/bootstrap-utilities.css.map' and will be used for matching.
         Skipping '/Users/tp/.nuget/packages/microsoft.aspnetcore.identity.ui/8.0.0/staticwebassets/V5/lib/bootstrap/dist/css/bootstrap-utilities.css.map' because the relative path 'lib/bootstrap/dist/css/bootstrap-utilities.css.map' did not match the filter '**/*.styles.css'.
         RelativePath 'lib/bootstrap/dist/css/bootstrap-utilities.min.css' normalized to 'lib/bootstrap/dist/css/bootstrap-utilities.min.css' found for candidate '/Users/tp/.nuget/packages/microsoft.aspnetcore.identity.ui/8.0.0/staticwebassets/V5/lib/bootstrap/dist/css/bootstrap-utilities.min.css' and will be used for matching.
         Skipping '/Users/tp/.nuget/packages/microsoft.aspnetcore.identity.ui/8.0.0/staticwebassets/V5/lib/bootstrap/dist/css/bootstrap-utilities.min.css' because the relative path 'lib/bootstrap/dist/css/bootstrap-utilities.min.css' did not match the filter '**/*.styles.css'.
         RelativePath 'lib/bootstrap/dist/css/bootstrap-utilities.min.css.map' normalized to 'lib/bootstrap/dist/css/bootstrap-utilities.min.css.map' found for candidate '/Users/tp/.nuget/packages/microsoft.aspnetcore.identity.ui/8.0.0/staticwebassets/V5/lib/bootstrap/dist/css/bootstrap-utilities.min.css.map' and will be used for matching.
         Skipping '/Users/tp/.nuget/packages/microsoft.aspnetcore.identity.ui/8.0.0/staticwebassets/V5/lib/bootstrap/dist/css/bootstrap-utilities.min.css.map' because the relative path 'lib/bootstrap/dist/css/bootstrap-utilities.min.css.map' did not match the filter '**/*.styles.css'.
         RelativePath 'lib/bootstrap/dist/css/bootstrap-utilities.rtl.css' normalized to 'lib/bootstrap/dist/css/bootstrap-utilities.rtl.css' found for candidate '/Users/tp/.nuget/packages/microsoft.aspnetcore.identity.ui/8.0.0/staticwebassets/V5/lib/bootstrap/dist/css/bootstrap-utilities.rtl.css' and will be used for matching.
         Skipping '/Users/tp/.nuget/packages/microsoft.aspnetcore.identity.ui/8.0.0/staticwebassets/V5/lib/bootstrap/dist/css/bootstrap-utilities.rtl.css' because the relative path 'lib/bootstrap/dist/css/bootstrap-utilities.rtl.css' did not match the filter '**/*.styles.css'.
         RelativePath 'lib/bootstrap/dist/css/bootstrap-utilities.rtl.css.map' normalized to 'lib/bootstrap/dist/css/bootstrap-utilities.rtl.css.map' found for candidate '/Users/tp/.nuget/packages/microsoft.aspnetcore.identity.ui/8.0.0/staticwebassets/V5/lib/bootstrap/dist/css/bootstrap-utilities.rtl.css.map' and will be used for matching.
         Skipping '/Users/tp/.nuget/packages/microsoft.aspnetcore.identity.ui/8.0.0/staticwebassets/V5/lib/bootstrap/dist/css/bootstrap-utilities.rtl.css.map' because the relative path 'lib/bootstrap/dist/css/bootstrap-utilities.rtl.css.map' did not match the filter '**/*.styles.css'.
         RelativePath 'lib/bootstrap/dist/css/bootstrap-utilities.rtl.min.css' normalized to 'lib/bootstrap/dist/css/bootstrap-utilities.rtl.min.css' found for candidate '/Users/tp/.nuget/packages/microsoft.aspnetcore.identity.ui/8.0.0/staticwebassets/V5/lib/bootstrap/dist/css/bootstrap-utilities.rtl.min.css' and will be used for matching.
         Skipping '/Users/tp/.nuget/packages/microsoft.aspnetcore.identity.ui/8.0.0/staticwebassets/V5/lib/bootstrap/dist/css/bootstrap-utilities.rtl.min.css' because the relative path 'lib/bootstrap/dist/css/bootstrap-utilities.rtl.min.css' did not match the filter '**/*.styles.css'.
         RelativePath 'lib/bootstrap/dist/css/bootstrap-utilities.rtl.min.css.map' normalized to 'lib/bootstrap/dist/css/bootstrap-utilities.rtl.min.css.map' found for candidate '/Users/tp/.nuget/packages/microsoft.aspnetcore.identity.ui/8.0.0/staticwebassets/V5/lib/bootstrap/dist/css/bootstrap-utilities.rtl.min.css.map' and will be used for matching.
         Skipping '/Users/tp/.nuget/packages/microsoft.aspnetcore.identity.ui/8.0.0/staticwebassets/V5/lib/bootstrap/dist/css/bootstrap-utilities.rtl.min.css.map' because the relative path 'lib/bootstrap/dist/css/bootstrap-utilities.rtl.min.css.map' did not match the filter '**/*.styles.css'.
         RelativePath 'lib/bootstrap/dist/css/bootstrap.css' normalized to 'lib/bootstrap/dist/css/bootstrap.css' found for candidate '/Users/tp/.nuget/packages/microsoft.aspnetcore.identity.ui/8.0.0/staticwebassets/V5/lib/bootstrap/dist/css/bootstrap.css' and will be used for matching.
         Skipping '/Users/tp/.nuget/packages/microsoft.aspnetcore.identity.ui/8.0.0/staticwebassets/V5/lib/bootstrap/dist/css/bootstrap.css' because the relative path 'lib/bootstrap/dist/css/bootstrap.css' did not match the filter '**/*.styles.css'.
         RelativePath 'lib/bootstrap/dist/css/bootstrap.css.map' normalized to 'lib/bootstrap/dist/css/bootstrap.css.map' found for candidate '/Users/tp/.nuget/packages/microsoft.aspnetcore.identity.ui/8.0.0/staticwebassets/V5/lib/bootstrap/dist/css/bootstrap.css.map' and will be used for matching.
         Skipping '/Users/tp/.nuget/packages/microsoft.aspnetcore.identity.ui/8.0.0/staticwebassets/V5/lib/bootstrap/dist/css/bootstrap.css.map' because the relative path 'lib/bootstrap/dist/css/bootstrap.css.map' did not match the filter '**/*.styles.css'.
         RelativePath 'lib/bootstrap/dist/css/bootstrap.min.css' normalized to 'lib/bootstrap/dist/css/bootstrap.min.css' found for candidate '/Users/tp/.nuget/packages/microsoft.aspnetcore.identity.ui/8.0.0/staticwebassets/V5/lib/bootstrap/dist/css/bootstrap.min.css' and will be used for matching.
         Skipping '/Users/tp/.nuget/packages/microsoft.aspnetcore.identity.ui/8.0.0/staticwebassets/V5/lib/bootstrap/dist/css/bootstrap.min.css' because the relative path 'lib/bootstrap/dist/css/bootstrap.min.css' did not match the filter '**/*.styles.css'.
         RelativePath 'lib/bootstrap/dist/css/bootstrap.min.css.map' normalized to 'lib/bootstrap/dist/css/bootstrap.min.css.map' found for candidate '/Users/tp/.nuget/packages/microsoft.aspnetcore.identity.ui/8.0.0/staticwebassets/V5/lib/bootstrap/dist/css/bootstrap.min.css.map' and will be used for matching.
         Skipping '/Users/tp/.nuget/packages/microsoft.aspnetcore.identity.ui/8.0.0/staticwebassets/V5/lib/bootstrap/dist/css/bootstrap.min.css.map' because the relative path 'lib/bootstrap/dist/css/bootstrap.min.css.map' did not match the filter '**/*.styles.css'.
         RelativePath 'lib/bootstrap/dist/css/bootstrap.rtl.css' normalized to 'lib/bootstrap/dist/css/bootstrap.rtl.css' found for candidate '/Users/tp/.nuget/packages/microsoft.aspnetcore.identity.ui/8.0.0/staticwebassets/V5/lib/bootstrap/dist/css/bootstrap.rtl.css' and will be used for matching.
         Skipping '/Users/tp/.nuget/packages/microsoft.aspnetcore.identity.ui/8.0.0/staticwebassets/V5/lib/bootstrap/dist/css/bootstrap.rtl.css' because the relative path 'lib/bootstrap/dist/css/bootstrap.rtl.css' did not match the filter '**/*.styles.css'.
         RelativePath 'lib/bootstrap/dist/css/bootstrap.rtl.css.map' normalized to 'lib/bootstrap/dist/css/bootstrap.rtl.css.map' found for candidate '/Users/tp/.nuget/packages/microsoft.aspnetcore.identity.ui/8.0.0/staticwebassets/V5/lib/bootstrap/dist/css/bootstrap.rtl.css.map' and will be used for matching.
         Skipping '/Users/tp/.nuget/packages/microsoft.aspnetcore.identity.ui/8.0.0/staticwebassets/V5/lib/bootstrap/dist/css/bootstrap.rtl.css.map' because the relative path 'lib/bootstrap/dist/css/bootstrap.rtl.css.map' did not match the filter '**/*.styles.css'.
         RelativePath 'lib/bootstrap/dist/css/bootstrap.rtl.min.css' normalized to 'lib/bootstrap/dist/css/bootstrap.rtl.min.css' found for candidate '/Users/tp/.nuget/packages/microsoft.aspnetcore.identity.ui/8.0.0/staticwebassets/V5/lib/bootstrap/dist/css/bootstrap.rtl.min.css' and will be used for matching.
         Skipping '/Users/tp/.nuget/packages/microsoft.aspnetcore.identity.ui/8.0.0/staticwebassets/V5/lib/bootstrap/dist/css/bootstrap.rtl.min.css' because the relative path 'lib/bootstrap/dist/css/bootstrap.rtl.min.css' did not match the filter '**/*.styles.css'.
         RelativePath 'lib/bootstrap/dist/css/bootstrap.rtl.min.css.map' normalized to 'lib/bootstrap/dist/css/bootstrap.rtl.min.css.map' found for candidate '/Users/tp/.nuget/packages/microsoft.aspnetcore.identity.ui/8.0.0/staticwebassets/V5/lib/bootstrap/dist/css/bootstrap.rtl.min.css.map' and will be used for matching.
         Skipping '/Users/tp/.nuget/packages/microsoft.aspnetcore.identity.ui/8.0.0/staticwebassets/V5/lib/bootstrap/dist/css/bootstrap.rtl.min.css.map' because the relative path 'lib/bootstrap/dist/css/bootstrap.rtl.min.css.map' did not match the filter '**/*.styles.css'.
         RelativePath 'lib/bootstrap/dist/js/bootstrap.bundle.js' normalized to 'lib/bootstrap/dist/js/bootstrap.bundle.js' found for candidate '/Users/tp/.nuget/packages/microsoft.aspnetcore.identity.ui/8.0.0/staticwebassets/V5/lib/bootstrap/dist/js/bootstrap.bundle.js' and will be used for matching.
         Skipping '/Users/tp/.nuget/packages/microsoft.aspnetcore.identity.ui/8.0.0/staticwebassets/V5/lib/bootstrap/dist/js/bootstrap.bundle.js' because the relative path 'lib/bootstrap/dist/js/bootstrap.bundle.js' did not match the filter '**/*.styles.css'.
         RelativePath 'lib/bootstrap/dist/js/bootstrap.bundle.js.map' normalized to 'lib/bootstrap/dist/js/bootstrap.bundle.js.map' found for candidate '/Users/tp/.nuget/packages/microsoft.aspnetcore.identity.ui/8.0.0/staticwebassets/V5/lib/bootstrap/dist/js/bootstrap.bundle.js.map' and will be used for matching.
         Skipping '/Users/tp/.nuget/packages/microsoft.aspnetcore.identity.ui/8.0.0/staticwebassets/V5/lib/bootstrap/dist/js/bootstrap.bundle.js.map' because the relative path 'lib/bootstrap/dist/js/bootstrap.bundle.js.map' did not match the filter '**/*.styles.css'.
         RelativePath 'lib/bootstrap/dist/js/bootstrap.bundle.min.js' normalized to 'lib/bootstrap/dist/js/bootstrap.bundle.min.js' found for candidate '/Users/tp/.nuget/packages/microsoft.aspnetcore.identity.ui/8.0.0/staticwebassets/V5/lib/bootstrap/dist/js/bootstrap.bundle.min.js' and will be used for matching.
         Skipping '/Users/tp/.nuget/packages/microsoft.aspnetcore.identity.ui/8.0.0/staticwebassets/V5/lib/bootstrap/dist/js/bootstrap.bundle.min.js' because the relative path 'lib/bootstrap/dist/js/bootstrap.bundle.min.js' did not match the filter '**/*.styles.css'.
         RelativePath 'lib/bootstrap/dist/js/bootstrap.bundle.min.js.map' normalized to 'lib/bootstrap/dist/js/bootstrap.bundle.min.js.map' found for candidate '/Users/tp/.nuget/packages/microsoft.aspnetcore.identity.ui/8.0.0/staticwebassets/V5/lib/bootstrap/dist/js/bootstrap.bundle.min.js.map' and will be used for matching.
         Skipping '/Users/tp/.nuget/packages/microsoft.aspnetcore.identity.ui/8.0.0/staticwebassets/V5/lib/bootstrap/dist/js/bootstrap.bundle.min.js.map' because the relative path 'lib/bootstrap/dist/js/bootstrap.bundle.min.js.map' did not match the filter '**/*.styles.css'.
         RelativePath 'lib/bootstrap/dist/js/bootstrap.esm.js' normalized to 'lib/bootstrap/dist/js/bootstrap.esm.js' found for candidate '/Users/tp/.nuget/packages/microsoft.aspnetcore.identity.ui/8.0.0/staticwebassets/V5/lib/bootstrap/dist/js/bootstrap.esm.js' and will be used for matching.
         Skipping '/Users/tp/.nuget/packages/microsoft.aspnetcore.identity.ui/8.0.0/staticwebassets/V5/lib/bootstrap/dist/js/bootstrap.esm.js' because the relative path 'lib/bootstrap/dist/js/bootstrap.esm.js' did not match the filter '**/*.styles.css'.
         RelativePath 'lib/bootstrap/dist/js/bootstrap.esm.js.map' normalized to 'lib/bootstrap/dist/js/bootstrap.esm.js.map' found for candidate '/Users/tp/.nuget/packages/microsoft.aspnetcore.identity.ui/8.0.0/staticwebassets/V5/lib/bootstrap/dist/js/bootstrap.esm.js.map' and will be used for matching.
         Skipping '/Users/tp/.nuget/packages/microsoft.aspnetcore.identity.ui/8.0.0/staticwebassets/V5/lib/bootstrap/dist/js/bootstrap.esm.js.map' because the relative path 'lib/bootstrap/dist/js/bootstrap.esm.js.map' did not match the filter '**/*.styles.css'.
         RelativePath 'lib/bootstrap/dist/js/bootstrap.esm.min.js' normalized to 'lib/bootstrap/dist/js/bootstrap.esm.min.js' found for candidate '/Users/tp/.nuget/packages/microsoft.aspnetcore.identity.ui/8.0.0/staticwebassets/V5/lib/bootstrap/dist/js/bootstrap.esm.min.js' and will be used for matching.
         Skipping '/Users/tp/.nuget/packages/microsoft.aspnetcore.identity.ui/8.0.0/staticwebassets/V5/lib/bootstrap/dist/js/bootstrap.esm.min.js' because the relative path 'lib/bootstrap/dist/js/bootstrap.esm.min.js' did not match the filter '**/*.styles.css'.
         RelativePath 'lib/bootstrap/dist/js/bootstrap.esm.min.js.map' normalized to 'lib/bootstrap/dist/js/bootstrap.esm.min.js.map' found for candidate '/Users/tp/.nuget/packages/microsoft.aspnetcore.identity.ui/8.0.0/staticwebassets/V5/lib/bootstrap/dist/js/bootstrap.esm.min.js.map' and will be used for matching.
         Skipping '/Users/tp/.nuget/packages/microsoft.aspnetcore.identity.ui/8.0.0/staticwebassets/V5/lib/bootstrap/dist/js/bootstrap.esm.min.js.map' because the relative path 'lib/bootstrap/dist/js/bootstrap.esm.min.js.map' did not match the filter '**/*.styles.css'.
         RelativePath 'lib/bootstrap/dist/js/bootstrap.js' normalized to 'lib/bootstrap/dist/js/bootstrap.js' found for candidate '/Users/tp/.nuget/packages/microsoft.aspnetcore.identity.ui/8.0.0/staticwebassets/V5/lib/bootstrap/dist/js/bootstrap.js' and will be used for matching.
         Skipping '/Users/tp/.nuget/packages/microsoft.aspnetcore.identity.ui/8.0.0/staticwebassets/V5/lib/bootstrap/dist/js/bootstrap.js' because the relative path 'lib/bootstrap/dist/js/bootstrap.js' did not match the filter '**/*.styles.css'.
         RelativePath 'lib/bootstrap/dist/js/bootstrap.js.map' normalized to 'lib/bootstrap/dist/js/bootstrap.js.map' found for candidate '/Users/tp/.nuget/packages/microsoft.aspnetcore.identity.ui/8.0.0/staticwebassets/V5/lib/bootstrap/dist/js/bootstrap.js.map' and will be used for matching.
         Skipping '/Users/tp/.nuget/packages/microsoft.aspnetcore.identity.ui/8.0.0/staticwebassets/V5/lib/bootstrap/dist/js/bootstrap.js.map' because the relative path 'lib/bootstrap/dist/js/bootstrap.js.map' did not match the filter '**/*.styles.css'.
         RelativePath 'lib/bootstrap/dist/js/bootstrap.min.js' normalized to 'lib/bootstrap/dist/js/bootstrap.min.js' found for candidate '/Users/tp/.nuget/packages/microsoft.aspnetcore.identity.ui/8.0.0/staticwebassets/V5/lib/bootstrap/dist/js/bootstrap.min.js' and will be used for matching.
         Skipping '/Users/tp/.nuget/packages/microsoft.aspnetcore.identity.ui/8.0.0/staticwebassets/V5/lib/bootstrap/dist/js/bootstrap.min.js' because the relative path 'lib/bootstrap/dist/js/bootstrap.min.js' did not match the filter '**/*.styles.css'.
         RelativePath 'lib/bootstrap/dist/js/bootstrap.min.js.map' normalized to 'lib/bootstrap/dist/js/bootstrap.min.js.map' found for candidate '/Users/tp/.nuget/packages/microsoft.aspnetcore.identity.ui/8.0.0/staticwebassets/V5/lib/bootstrap/dist/js/bootstrap.min.js.map' and will be used for matching.
         Skipping '/Users/tp/.nuget/packages/microsoft.aspnetcore.identity.ui/8.0.0/staticwebassets/V5/lib/bootstrap/dist/js/bootstrap.min.js.map' because the relative path 'lib/bootstrap/dist/js/bootstrap.min.js.map' did not match the filter '**/*.styles.css'.
         RelativePath 'lib/bootstrap/LICENSE' normalized to 'lib/bootstrap/LICENSE' found for candidate '/Users/tp/.nuget/packages/microsoft.aspnetcore.identity.ui/8.0.0/staticwebassets/V5/lib/bootstrap/LICENSE' and will be used for matching.
         Skipping '/Users/tp/.nuget/packages/microsoft.aspnetcore.identity.ui/8.0.0/staticwebassets/V5/lib/bootstrap/LICENSE' because the relative path 'lib/bootstrap/LICENSE' did not match the filter '**/*.styles.css'.
         RelativePath 'lib/jquery-validation-unobtrusive/jquery.validate.unobtrusive.js' normalized to 'lib/jquery-validation-unobtrusive/jquery.validate.unobtrusive.js' found for candidate '/Users/tp/.nuget/packages/microsoft.aspnetcore.identity.ui/8.0.0/staticwebassets/V5/lib/jquery-validation-unobtrusive/jquery.validate.unobtrusive.js' and will be used for matching.
         Skipping '/Users/tp/.nuget/packages/microsoft.aspnetcore.identity.ui/8.0.0/staticwebassets/V5/lib/jquery-validation-unobtrusive/jquery.validate.unobtrusive.js' because the relative path 'lib/jquery-validation-unobtrusive/jquery.validate.unobtrusive.js' did not match the filter '**/*.styles.css'.
         RelativePath 'lib/jquery-validation-unobtrusive/jquery.validate.unobtrusive.min.js' normalized to 'lib/jquery-validation-unobtrusive/jquery.validate.unobtrusive.min.js' found for candidate '/Users/tp/.nuget/packages/microsoft.aspnetcore.identity.ui/8.0.0/staticwebassets/V5/lib/jquery-validation-unobtrusive/jquery.validate.unobtrusive.min.js' and will be used for matching.
         Skipping '/Users/tp/.nuget/packages/microsoft.aspnetcore.identity.ui/8.0.0/staticwebassets/V5/lib/jquery-validation-unobtrusive/jquery.validate.unobtrusive.min.js' because the relative path 'lib/jquery-validation-unobtrusive/jquery.validate.unobtrusive.min.js' did not match the filter '**/*.styles.css'.
         RelativePath 'lib/jquery-validation-unobtrusive/LICENSE.txt' normalized to 'lib/jquery-validation-unobtrusive/LICENSE.txt' found for candidate '/Users/tp/.nuget/packages/microsoft.aspnetcore.identity.ui/8.0.0/staticwebassets/V5/lib/jquery-validation-unobtrusive/LICENSE.txt' and will be used for matching.
         Skipping '/Users/tp/.nuget/packages/microsoft.aspnetcore.identity.ui/8.0.0/staticwebassets/V5/lib/jquery-validation-unobtrusive/LICENSE.txt' because the relative path 'lib/jquery-validation-unobtrusive/LICENSE.txt' did not match the filter '**/*.styles.css'.
         RelativePath 'lib/jquery-validation/dist/additional-methods.js' normalized to 'lib/jquery-validation/dist/additional-methods.js' found for candidate '/Users/tp/.nuget/packages/microsoft.aspnetcore.identity.ui/8.0.0/staticwebassets/V5/lib/jquery-validation/dist/additional-methods.js' and will be used for matching.
         Skipping '/Users/tp/.nuget/packages/microsoft.aspnetcore.identity.ui/8.0.0/staticwebassets/V5/lib/jquery-validation/dist/additional-methods.js' because the relative path 'lib/jquery-validation/dist/additional-methods.js' did not match the filter '**/*.styles.css'.
         RelativePath 'lib/jquery-validation/dist/additional-methods.min.js' normalized to 'lib/jquery-validation/dist/additional-methods.min.js' found for candidate '/Users/tp/.nuget/packages/microsoft.aspnetcore.identity.ui/8.0.0/staticwebassets/V5/lib/jquery-validation/dist/additional-methods.min.js' and will be used for matching.
         Skipping '/Users/tp/.nuget/packages/microsoft.aspnetcore.identity.ui/8.0.0/staticwebassets/V5/lib/jquery-validation/dist/additional-methods.min.js' because the relative path 'lib/jquery-validation/dist/additional-methods.min.js' did not match the filter '**/*.styles.css'.
         RelativePath 'lib/jquery-validation/dist/jquery.validate.js' normalized to 'lib/jquery-validation/dist/jquery.validate.js' found for candidate '/Users/tp/.nuget/packages/microsoft.aspnetcore.identity.ui/8.0.0/staticwebassets/V5/lib/jquery-validation/dist/jquery.validate.js' and will be used for matching.
         Skipping '/Users/tp/.nuget/packages/microsoft.aspnetcore.identity.ui/8.0.0/staticwebassets/V5/lib/jquery-validation/dist/jquery.validate.js' because the relative path 'lib/jquery-validation/dist/jquery.validate.js' did not match the filter '**/*.styles.css'.
         RelativePath 'lib/jquery-validation/dist/jquery.validate.min.js' normalized to 'lib/jquery-validation/dist/jquery.validate.min.js' found for candidate '/Users/tp/.nuget/packages/microsoft.aspnetcore.identity.ui/8.0.0/staticwebassets/V5/lib/jquery-validation/dist/jquery.validate.min.js' and will be used for matching.
         Skipping '/Users/tp/.nuget/packages/microsoft.aspnetcore.identity.ui/8.0.0/staticwebassets/V5/lib/jquery-validation/dist/jquery.validate.min.js' because the relative path 'lib/jquery-validation/dist/jquery.validate.min.js' did not match the filter '**/*.styles.css'.
         RelativePath 'lib/jquery-validation/LICENSE.md' normalized to 'lib/jquery-validation/LICENSE.md' found for candidate '/Users/tp/.nuget/packages/microsoft.aspnetcore.identity.ui/8.0.0/staticwebassets/V5/lib/jquery-validation/LICENSE.md' and will be used for matching.
         Skipping '/Users/tp/.nuget/packages/microsoft.aspnetcore.identity.ui/8.0.0/staticwebassets/V5/lib/jquery-validation/LICENSE.md' because the relative path 'lib/jquery-validation/LICENSE.md' did not match the filter '**/*.styles.css'.
         RelativePath 'lib/jquery/dist/jquery.js' normalized to 'lib/jquery/dist/jquery.js' found for candidate '/Users/tp/.nuget/packages/microsoft.aspnetcore.identity.ui/8.0.0/staticwebassets/V5/lib/jquery/dist/jquery.js' and will be used for matching.
         Skipping '/Users/tp/.nuget/packages/microsoft.aspnetcore.identity.ui/8.0.0/staticwebassets/V5/lib/jquery/dist/jquery.js' because the relative path 'lib/jquery/dist/jquery.js' did not match the filter '**/*.styles.css'.
         RelativePath 'lib/jquery/dist/jquery.min.js' normalized to 'lib/jquery/dist/jquery.min.js' found for candidate '/Users/tp/.nuget/packages/microsoft.aspnetcore.identity.ui/8.0.0/staticwebassets/V5/lib/jquery/dist/jquery.min.js' and will be used for matching.
         Skipping '/Users/tp/.nuget/packages/microsoft.aspnetcore.identity.ui/8.0.0/staticwebassets/V5/lib/jquery/dist/jquery.min.js' because the relative path 'lib/jquery/dist/jquery.min.js' did not match the filter '**/*.styles.css'.
         RelativePath 'lib/jquery/dist/jquery.min.map' normalized to 'lib/jquery/dist/jquery.min.map' found for candidate '/Users/tp/.nuget/packages/microsoft.aspnetcore.identity.ui/8.0.0/staticwebassets/V5/lib/jquery/dist/jquery.min.map' and will be used for matching.
         Skipping '/Users/tp/.nuget/packages/microsoft.aspnetcore.identity.ui/8.0.0/staticwebassets/V5/lib/jquery/dist/jquery.min.map' because the relative path 'lib/jquery/dist/jquery.min.map' did not match the filter '**/*.styles.css'.
         RelativePath 'lib/jquery/LICENSE.txt' normalized to 'lib/jquery/LICENSE.txt' found for candidate '/Users/tp/.nuget/packages/microsoft.aspnetcore.identity.ui/8.0.0/staticwebassets/V5/lib/jquery/LICENSE.txt' and will be used for matching.
         Skipping '/Users/tp/.nuget/packages/microsoft.aspnetcore.identity.ui/8.0.0/staticwebassets/V5/lib/jquery/LICENSE.txt' because the relative path 'lib/jquery/LICENSE.txt' did not match the filter '**/*.styles.css'.
       Done executing task "DefineStaticWebAssets".
   1:7>Done building target "UpdateLegacyPackageScopedCssBundles" in project "Cloud9.2.csproj".
       Target "ResolveStaticWebAssetsConfiguration" skipped. Previously built successfully.
   1:7>Target "_ResolveBundlingConfiguration" in file "/usr/local/share/dotnet/sdk/8.0.407/Sdks/Microsoft.NET.Sdk.StaticWebAssets/targets/Microsoft.NET.Sdk.StaticWebAssets.ScopedCss.targets" from project "/Users/tp/Projects/Cloud9.2/Cloud9.2.csproj" (target "_AddScopedCssBundles" depends on it):
   1:7>Done building target "_ResolveBundlingConfiguration" in project "Cloud9.2.csproj".
       Target "ResolveCssScopes" skipped. Previously built successfully.
   1:7>Target "ResolveScopedCssOutputs" in file "/usr/local/share/dotnet/sdk/8.0.407/Sdks/Microsoft.NET.Sdk.StaticWebAssets/targets/Microsoft.NET.Sdk.StaticWebAssets.ScopedCss.targets" from project "/Users/tp/Projects/Cloud9.2/Cloud9.2.csproj" (target "_ComputeScopedCssStaticWebAssets" depends on it):
   1:7>Done building target "ResolveScopedCssOutputs" in project "Cloud9.2.csproj".
       Target "ResolveStaticWebAssetsConfiguration" skipped. Previously built successfully.
   1:7>Target "_ComputeScopedCssStaticWebAssets" in file "/usr/local/share/dotnet/sdk/8.0.407/Sdks/Microsoft.NET.Sdk.StaticWebAssets/targets/Microsoft.NET.Sdk.StaticWebAssets.ScopedCss.targets" from project "/Users/tp/Projects/Cloud9.2/Cloud9.2.csproj" (target "_CollectAllScopedCssAssets" depends on it):
       Task "DefineStaticWebAssets"
         RelativePath 'Pages/Shared/_Layout.cshtml.rz.scp.css' normalized to 'Pages/Shared/_Layout.cshtml.rz.scp.css' found for candidate '/Users/tp/Projects/Cloud9.2/obj/Debug/net8.0/scopedcss/Pages/Shared/_Layout.cshtml.rz.scp.css' and will be used for matching.
         Identity for candidate '/Users/tp/Projects/Cloud9.2/obj/Debug/net8.0/scopedcss/Pages/Shared/_Layout.cshtml.rz.scp.css' is '/Users/tp/Projects/Cloud9.2/obj/Debug/net8.0/scopedcss/Pages/Shared/_Layout.cshtml.rz.scp.css' because it starts with content root '/Users/tp/Projects/Cloud9.2/obj/Debug/net8.0/scopedcss/'.
       Done executing task "DefineStaticWebAssets".
   1:7>Done building target "_ComputeScopedCssStaticWebAssets" in project "Cloud9.2.csproj".
   1:7>Target "_CollectAllScopedCssAssets" in file "/usr/local/share/dotnet/sdk/8.0.407/Sdks/Microsoft.NET.Sdk.StaticWebAssets/targets/Microsoft.NET.Sdk.StaticWebAssets.ScopedCss.targets" from project "/Users/tp/Projects/Cloud9.2/Cloud9.2.csproj" (target "_AddScopedCssBundles" depends on it):
       Using "ResolveAllScopedCssAssets" task from assembly "/usr/local/share/dotnet/sdk/8.0.407/Sdks/Microsoft.NET.Sdk.StaticWebAssets/targets/../tasks/net8.0/Microsoft.NET.Sdk.StaticWebAssets.Tasks.dll".
       Task "ResolveAllScopedCssAssets"
       Done executing task "ResolveAllScopedCssAssets".
   1:7>Done building target "_CollectAllScopedCssAssets" in project "Cloud9.2.csproj".
   1:7>Target "_AddScopedCssBundles" in file "/usr/local/share/dotnet/sdk/8.0.407/Sdks/Microsoft.NET.Sdk.StaticWebAssets/targets/Microsoft.NET.Sdk.StaticWebAssets.ScopedCss.targets" from project "/Users/tp/Projects/Cloud9.2/Cloud9.2.csproj" (target "ResolveStaticWebAssetsInputs" depends on it):
       Task "DefineStaticWebAssets"
         RelativePath 'Cloud9.2.styles.css' normalized to 'Cloud9.2.styles.css' found for candidate '/Users/tp/Projects/Cloud9.2/obj/Debug/net8.0/scopedcss/bundle/Cloud9.2.styles.css' and will be used for matching.
         Identity for candidate '/Users/tp/Projects/Cloud9.2/obj/Debug/net8.0/scopedcss/bundle/Cloud9.2.styles.css' is '/Users/tp/Projects/Cloud9.2/obj/Debug/net8.0/scopedcss/bundle/Cloud9.2.styles.css' because it starts with content root '/Users/tp/Projects/Cloud9.2/obj/Debug/net8.0/scopedcss/bundle/'.
       Done executing task "DefineStaticWebAssets".
       Task "DefineStaticWebAssets"
         RelativePath 'Cloud9.2.bundle.scp.css' normalized to 'Cloud9.2.bundle.scp.css' found for candidate '/Users/tp/Projects/Cloud9.2/obj/Debug/net8.0/scopedcss/projectbundle/Cloud9.2.bundle.scp.css' and will be used for matching.
         Identity for candidate '/Users/tp/Projects/Cloud9.2/obj/Debug/net8.0/scopedcss/projectbundle/Cloud9.2.bundle.scp.css' is '/Users/tp/Projects/Cloud9.2/obj/Debug/net8.0/scopedcss/projectbundle/Cloud9.2.bundle.scp.css' because it starts with content root '/Users/tp/Projects/Cloud9.2/obj/Debug/net8.0/scopedcss/projectbundle/'.
       Done executing task "DefineStaticWebAssets".
   1:7>Done building target "_AddScopedCssBundles" in project "Cloud9.2.csproj".
       Target "ResolveProjectStaticWebAssets" skipped. Previously built successfully.
   1:7>Target "_ResolveJsModuleInputs" in file "/usr/local/share/dotnet/sdk/8.0.407/Sdks/Microsoft.NET.Sdk.StaticWebAssets/targets/Microsoft.NET.Sdk.StaticWebAssets.JSModules.targets" from project "/Users/tp/Projects/Cloud9.2/Cloud9.2.csproj" (target "_AddJsModulesToStaticWebAssets" depends on it):
       Task "DefineStaticWebAssets"
         RelativePath 'css/bootstrap-grid.css' normalized to 'css/bootstrap-grid.css' found for candidate '/Users/tp/Projects/Cloud9.2/wwwroot/css/bootstrap-grid.css' and will be used for matching.
         Skipping '/Users/tp/Projects/Cloud9.2/wwwroot/css/bootstrap-grid.css' because the relative path 'css/bootstrap-grid.css' did not match the filter '**/Cloud9.2.lib.module.js'.
         RelativePath 'css/bootstrap-grid.css.map' normalized to 'css/bootstrap-grid.css.map' found for candidate '/Users/tp/Projects/Cloud9.2/wwwroot/css/bootstrap-grid.css.map' and will be used for matching.
         Skipping '/Users/tp/Projects/Cloud9.2/wwwroot/css/bootstrap-grid.css.map' because the relative path 'css/bootstrap-grid.css.map' did not match the filter '**/Cloud9.2.lib.module.js'.
         RelativePath 'css/bootstrap-grid.min.css' normalized to 'css/bootstrap-grid.min.css' found for candidate '/Users/tp/Projects/Cloud9.2/wwwroot/css/bootstrap-grid.min.css' and will be used for matching.
         Skipping '/Users/tp/Projects/Cloud9.2/wwwroot/css/bootstrap-grid.min.css' because the relative path 'css/bootstrap-grid.min.css' did not match the filter '**/Cloud9.2.lib.module.js'.
         RelativePath 'css/bootstrap-grid.min.css.map' normalized to 'css/bootstrap-grid.min.css.map' found for candidate '/Users/tp/Projects/Cloud9.2/wwwroot/css/bootstrap-grid.min.css.map' and will be used for matching.
         Skipping '/Users/tp/Projects/Cloud9.2/wwwroot/css/bootstrap-grid.min.css.map' because the relative path 'css/bootstrap-grid.min.css.map' did not match the filter '**/Cloud9.2.lib.module.js'.
         RelativePath 'css/bootstrap-grid.rtl.css' normalized to 'css/bootstrap-grid.rtl.css' found for candidate '/Users/tp/Projects/Cloud9.2/wwwroot/css/bootstrap-grid.rtl.css' and will be used for matching.
         Skipping '/Users/tp/Projects/Cloud9.2/wwwroot/css/bootstrap-grid.rtl.css' because the relative path 'css/bootstrap-grid.rtl.css' did not match the filter '**/Cloud9.2.lib.module.js'.
         RelativePath 'css/bootstrap-grid.rtl.css.map' normalized to 'css/bootstrap-grid.rtl.css.map' found for candidate '/Users/tp/Projects/Cloud9.2/wwwroot/css/bootstrap-grid.rtl.css.map' and will be used for matching.
         Skipping '/Users/tp/Projects/Cloud9.2/wwwroot/css/bootstrap-grid.rtl.css.map' because the relative path 'css/bootstrap-grid.rtl.css.map' did not match the filter '**/Cloud9.2.lib.module.js'.
         RelativePath 'css/bootstrap-grid.rtl.min.css' normalized to 'css/bootstrap-grid.rtl.min.css' found for candidate '/Users/tp/Projects/Cloud9.2/wwwroot/css/bootstrap-grid.rtl.min.css' and will be used for matching.
         Skipping '/Users/tp/Projects/Cloud9.2/wwwroot/css/bootstrap-grid.rtl.min.css' because the relative path 'css/bootstrap-grid.rtl.min.css' did not match the filter '**/Cloud9.2.lib.module.js'.
         RelativePath 'css/bootstrap-grid.rtl.min.css.map' normalized to 'css/bootstrap-grid.rtl.min.css.map' found for candidate '/Users/tp/Projects/Cloud9.2/wwwroot/css/bootstrap-grid.rtl.min.css.map' and will be used for matching.
         Skipping '/Users/tp/Projects/Cloud9.2/wwwroot/css/bootstrap-grid.rtl.min.css.map' because the relative path 'css/bootstrap-grid.rtl.min.css.map' did not match the filter '**/Cloud9.2.lib.module.js'.
         RelativePath 'css/bootstrap-reboot.css' normalized to 'css/bootstrap-reboot.css' found for candidate '/Users/tp/Projects/Cloud9.2/wwwroot/css/bootstrap-reboot.css' and will be used for matching.
         Skipping '/Users/tp/Projects/Cloud9.2/wwwroot/css/bootstrap-reboot.css' because the relative path 'css/bootstrap-reboot.css' did not match the filter '**/Cloud9.2.lib.module.js'.
         RelativePath 'css/bootstrap-reboot.css.map' normalized to 'css/bootstrap-reboot.css.map' found for candidate '/Users/tp/Projects/Cloud9.2/wwwroot/css/bootstrap-reboot.css.map' and will be used for matching.
         Skipping '/Users/tp/Projects/Cloud9.2/wwwroot/css/bootstrap-reboot.css.map' because the relative path 'css/bootstrap-reboot.css.map' did not match the filter '**/Cloud9.2.lib.module.js'.
         RelativePath 'css/bootstrap-reboot.min.css' normalized to 'css/bootstrap-reboot.min.css' found for candidate '/Users/tp/Projects/Cloud9.2/wwwroot/css/bootstrap-reboot.min.css' and will be used for matching.
         Skipping '/Users/tp/Projects/Cloud9.2/wwwroot/css/bootstrap-reboot.min.css' because the relative path 'css/bootstrap-reboot.min.css' did not match the filter '**/Cloud9.2.lib.module.js'.
         RelativePath 'css/bootstrap-reboot.min.css.map' normalized to 'css/bootstrap-reboot.min.css.map' found for candidate '/Users/tp/Projects/Cloud9.2/wwwroot/css/bootstrap-reboot.min.css.map' and will be used for matching.
         Skipping '/Users/tp/Projects/Cloud9.2/wwwroot/css/bootstrap-reboot.min.css.map' because the relative path 'css/bootstrap-reboot.min.css.map' did not match the filter '**/Cloud9.2.lib.module.js'.
         RelativePath 'css/bootstrap-reboot.rtl.css' normalized to 'css/bootstrap-reboot.rtl.css' found for candidate '/Users/tp/Projects/Cloud9.2/wwwroot/css/bootstrap-reboot.rtl.css' and will be used for matching.
         Skipping '/Users/tp/Projects/Cloud9.2/wwwroot/css/bootstrap-reboot.rtl.css' because the relative path 'css/bootstrap-reboot.rtl.css' did not match the filter '**/Cloud9.2.lib.module.js'.
         RelativePath 'css/bootstrap-reboot.rtl.css.map' normalized to 'css/bootstrap-reboot.rtl.css.map' found for candidate '/Users/tp/Projects/Cloud9.2/wwwroot/css/bootstrap-reboot.rtl.css.map' and will be used for matching.
         Skipping '/Users/tp/Projects/Cloud9.2/wwwroot/css/bootstrap-reboot.rtl.css.map' because the relative path 'css/bootstrap-reboot.rtl.css.map' did not match the filter '**/Cloud9.2.lib.module.js'.
         RelativePath 'css/bootstrap-reboot.rtl.min.css' normalized to 'css/bootstrap-reboot.rtl.min.css' found for candidate '/Users/tp/Projects/Cloud9.2/wwwroot/css/bootstrap-reboot.rtl.min.css' and will be used for matching.
         Skipping '/Users/tp/Projects/Cloud9.2/wwwroot/css/bootstrap-reboot.rtl.min.css' because the relative path 'css/bootstrap-reboot.rtl.min.css' did not match the filter '**/Cloud9.2.lib.module.js'.
         RelativePath 'css/bootstrap-reboot.rtl.min.css.map' normalized to 'css/bootstrap-reboot.rtl.min.css.map' found for candidate '/Users/tp/Projects/Cloud9.2/wwwroot/css/bootstrap-reboot.rtl.min.css.map' and will be used for matching.
         Skipping '/Users/tp/Projects/Cloud9.2/wwwroot/css/bootstrap-reboot.rtl.min.css.map' because the relative path 'css/bootstrap-reboot.rtl.min.css.map' did not match the filter '**/Cloud9.2.lib.module.js'.
         RelativePath 'css/bootstrap-utilities.css' normalized to 'css/bootstrap-utilities.css' found for candidate '/Users/tp/Projects/Cloud9.2/wwwroot/css/bootstrap-utilities.css' and will be used for matching.
         Skipping '/Users/tp/Projects/Cloud9.2/wwwroot/css/bootstrap-utilities.css' because the relative path 'css/bootstrap-utilities.css' did not match the filter '**/Cloud9.2.lib.module.js'.
         RelativePath 'css/bootstrap-utilities.css.map' normalized to 'css/bootstrap-utilities.css.map' found for candidate '/Users/tp/Projects/Cloud9.2/wwwroot/css/bootstrap-utilities.css.map' and will be used for matching.
         Skipping '/Users/tp/Projects/Cloud9.2/wwwroot/css/bootstrap-utilities.css.map' because the relative path 'css/bootstrap-utilities.css.map' did not match the filter '**/Cloud9.2.lib.module.js'.
         RelativePath 'css/bootstrap-utilities.min.css' normalized to 'css/bootstrap-utilities.min.css' found for candidate '/Users/tp/Projects/Cloud9.2/wwwroot/css/bootstrap-utilities.min.css' and will be used for matching.
         Skipping '/Users/tp/Projects/Cloud9.2/wwwroot/css/bootstrap-utilities.min.css' because the relative path 'css/bootstrap-utilities.min.css' did not match the filter '**/Cloud9.2.lib.module.js'.
         RelativePath 'css/bootstrap-utilities.min.css.map' normalized to 'css/bootstrap-utilities.min.css.map' found for candidate '/Users/tp/Projects/Cloud9.2/wwwroot/css/bootstrap-utilities.min.css.map' and will be used for matching.
         Skipping '/Users/tp/Projects/Cloud9.2/wwwroot/css/bootstrap-utilities.min.css.map' because the relative path 'css/bootstrap-utilities.min.css.map' did not match the filter '**/Cloud9.2.lib.module.js'.
         RelativePath 'css/bootstrap-utilities.rtl.css' normalized to 'css/bootstrap-utilities.rtl.css' found for candidate '/Users/tp/Projects/Cloud9.2/wwwroot/css/bootstrap-utilities.rtl.css' and will be used for matching.
         Skipping '/Users/tp/Projects/Cloud9.2/wwwroot/css/bootstrap-utilities.rtl.css' because the relative path 'css/bootstrap-utilities.rtl.css' did not match the filter '**/Cloud9.2.lib.module.js'.
         RelativePath 'css/bootstrap-utilities.rtl.css.map' normalized to 'css/bootstrap-utilities.rtl.css.map' found for candidate '/Users/tp/Projects/Cloud9.2/wwwroot/css/bootstrap-utilities.rtl.css.map' and will be used for matching.
         Skipping '/Users/tp/Projects/Cloud9.2/wwwroot/css/bootstrap-utilities.rtl.css.map' because the relative path 'css/bootstrap-utilities.rtl.css.map' did not match the filter '**/Cloud9.2.lib.module.js'.
         RelativePath 'css/bootstrap-utilities.rtl.min.css' normalized to 'css/bootstrap-utilities.rtl.min.css' found for candidate '/Users/tp/Projects/Cloud9.2/wwwroot/css/bootstrap-utilities.rtl.min.css' and will be used for matching.
         Skipping '/Users/tp/Projects/Cloud9.2/wwwroot/css/bootstrap-utilities.rtl.min.css' because the relative path 'css/bootstrap-utilities.rtl.min.css' did not match the filter '**/Cloud9.2.lib.module.js'.
         RelativePath 'css/bootstrap-utilities.rtl.min.css.map' normalized to 'css/bootstrap-utilities.rtl.min.css.map' found for candidate '/Users/tp/Projects/Cloud9.2/wwwroot/css/bootstrap-utilities.rtl.min.css.map' and will be used for matching.
         Skipping '/Users/tp/Projects/Cloud9.2/wwwroot/css/bootstrap-utilities.rtl.min.css.map' because the relative path 'css/bootstrap-utilities.rtl.min.css.map' did not match the filter '**/Cloud9.2.lib.module.js'.
         RelativePath 'css/bootstrap.css' normalized to 'css/bootstrap.css' found for candidate '/Users/tp/Projects/Cloud9.2/wwwroot/css/bootstrap.css' and will be used for matching.
         Skipping '/Users/tp/Projects/Cloud9.2/wwwroot/css/bootstrap.css' because the relative path 'css/bootstrap.css' did not match the filter '**/Cloud9.2.lib.module.js'.
         RelativePath 'css/bootstrap.css.map' normalized to 'css/bootstrap.css.map' found for candidate '/Users/tp/Projects/Cloud9.2/wwwroot/css/bootstrap.css.map' and will be used for matching.
         Skipping '/Users/tp/Projects/Cloud9.2/wwwroot/css/bootstrap.css.map' because the relative path 'css/bootstrap.css.map' did not match the filter '**/Cloud9.2.lib.module.js'.
         RelativePath 'css/bootstrap.min.css' normalized to 'css/bootstrap.min.css' found for candidate '/Users/tp/Projects/Cloud9.2/wwwroot/css/bootstrap.min.css' and will be used for matching.
         Skipping '/Users/tp/Projects/Cloud9.2/wwwroot/css/bootstrap.min.css' because the relative path 'css/bootstrap.min.css' did not match the filter '**/Cloud9.2.lib.module.js'.
         RelativePath 'css/bootstrap.min.css.map' normalized to 'css/bootstrap.min.css.map' found for candidate '/Users/tp/Projects/Cloud9.2/wwwroot/css/bootstrap.min.css.map' and will be used for matching.
         Skipping '/Users/tp/Projects/Cloud9.2/wwwroot/css/bootstrap.min.css.map' because the relative path 'css/bootstrap.min.css.map' did not match the filter '**/Cloud9.2.lib.module.js'.
         RelativePath 'css/bootstrap.rtl.css' normalized to 'css/bootstrap.rtl.css' found for candidate '/Users/tp/Projects/Cloud9.2/wwwroot/css/bootstrap.rtl.css' and will be used for matching.
         Skipping '/Users/tp/Projects/Cloud9.2/wwwroot/css/bootstrap.rtl.css' because the relative path 'css/bootstrap.rtl.css' did not match the filter '**/Cloud9.2.lib.module.js'.
         RelativePath 'css/bootstrap.rtl.css.map' normalized to 'css/bootstrap.rtl.css.map' found for candidate '/Users/tp/Projects/Cloud9.2/wwwroot/css/bootstrap.rtl.css.map' and will be used for matching.
         Skipping '/Users/tp/Projects/Cloud9.2/wwwroot/css/bootstrap.rtl.css.map' because the relative path 'css/bootstrap.rtl.css.map' did not match the filter '**/Cloud9.2.lib.module.js'.
         RelativePath 'css/bootstrap.rtl.min.css' normalized to 'css/bootstrap.rtl.min.css' found for candidate '/Users/tp/Projects/Cloud9.2/wwwroot/css/bootstrap.rtl.min.css' and will be used for matching.
         Skipping '/Users/tp/Projects/Cloud9.2/wwwroot/css/bootstrap.rtl.min.css' because the relative path 'css/bootstrap.rtl.min.css' did not match the filter '**/Cloud9.2.lib.module.js'.
         RelativePath 'css/bootstrap.rtl.min.css.map' normalized to 'css/bootstrap.rtl.min.css.map' found for candidate '/Users/tp/Projects/Cloud9.2/wwwroot/css/bootstrap.rtl.min.css.map' and will be used for matching.
         Skipping '/Users/tp/Projects/Cloud9.2/wwwroot/css/bootstrap.rtl.min.css.map' because the relative path 'css/bootstrap.rtl.min.css.map' did not match the filter '**/Cloud9.2.lib.module.js'.
         RelativePath 'css/site.css' normalized to 'css/site.css' found for candidate '/Users/tp/Projects/Cloud9.2/wwwroot/css/site.css' and will be used for matching.
         Skipping '/Users/tp/Projects/Cloud9.2/wwwroot/css/site.css' because the relative path 'css/site.css' did not match the filter '**/Cloud9.2.lib.module.js'.
         RelativePath 'favicon.ico' normalized to 'favicon.ico' found for candidate '/Users/tp/Projects/Cloud9.2/wwwroot/favicon.ico' and will be used for matching.
         Skipping '/Users/tp/Projects/Cloud9.2/wwwroot/favicon.ico' because the relative path 'favicon.ico' did not match the filter '**/Cloud9.2.lib.module.js'.
         RelativePath 'Images/box-arrow-right.svg' normalized to 'Images/box-arrow-right.svg' found for candidate '/Users/tp/Projects/Cloud9.2/wwwroot/Images/box-arrow-right.svg' and will be used for matching.
         Skipping '/Users/tp/Projects/Cloud9.2/wwwroot/Images/box-arrow-right.svg' because the relative path 'Images/box-arrow-right.svg' did not match the filter '**/Cloud9.2.lib.module.js'.
         RelativePath 'Images/login_pic.jpg' normalized to 'Images/login_pic.jpg' found for candidate '/Users/tp/Projects/Cloud9.2/wwwroot/Images/login_pic.jpg' and will be used for matching.
         Skipping '/Users/tp/Projects/Cloud9.2/wwwroot/Images/login_pic.jpg' because the relative path 'Images/login_pic.jpg' did not match the filter '**/Cloud9.2.lib.module.js'.
         RelativePath 'Images/person-fill-gear.svg' normalized to 'Images/person-fill-gear.svg' found for candidate '/Users/tp/Projects/Cloud9.2/wwwroot/Images/person-fill-gear.svg' and will be used for matching.
         Skipping '/Users/tp/Projects/Cloud9.2/wwwroot/Images/person-fill-gear.svg' because the relative path 'Images/person-fill-gear.svg' did not match the filter '**/Cloud9.2.lib.module.js'.
         RelativePath 'Images/pexels-asadphoto-3250614.jpg' normalized to 'Images/pexels-asadphoto-3250614.jpg' found for candidate '/Users/tp/Projects/Cloud9.2/wwwroot/Images/pexels-asadphoto-3250614.jpg' and will be used for matching.
         Skipping '/Users/tp/Projects/Cloud9.2/wwwroot/Images/pexels-asadphoto-3250614.jpg' because the relative path 'Images/pexels-asadphoto-3250614.jpg' did not match the filter '**/Cloud9.2.lib.module.js'.
         RelativePath 'Images/pexels-brett-sayles-1431822.jpg' normalized to 'Images/pexels-brett-sayles-1431822.jpg' found for candidate '/Users/tp/Projects/Cloud9.2/wwwroot/Images/pexels-brett-sayles-1431822.jpg' and will be used for matching.
         Skipping '/Users/tp/Projects/Cloud9.2/wwwroot/Images/pexels-brett-sayles-1431822.jpg' because the relative path 'Images/pexels-brett-sayles-1431822.jpg' did not match the filter '**/Cloud9.2.lib.module.js'.
         RelativePath 'Images/pexels-eberhardgross-2310713.jpg' normalized to 'Images/pexels-eberhardgross-2310713.jpg' found for candidate '/Users/tp/Projects/Cloud9.2/wwwroot/Images/pexels-eberhardgross-2310713.jpg' and will be used for matching.
         Skipping '/Users/tp/Projects/Cloud9.2/wwwroot/Images/pexels-eberhardgross-2310713.jpg' because the relative path 'Images/pexels-eberhardgross-2310713.jpg' did not match the filter '**/Cloud9.2.lib.module.js'.
         RelativePath 'Images/pexels-rpnickson-2486168.jpg' normalized to 'Images/pexels-rpnickson-2486168.jpg' found for candidate '/Users/tp/Projects/Cloud9.2/wwwroot/Images/pexels-rpnickson-2486168.jpg' and will be used for matching.
         Skipping '/Users/tp/Projects/Cloud9.2/wwwroot/Images/pexels-rpnickson-2486168.jpg' because the relative path 'Images/pexels-rpnickson-2486168.jpg' did not match the filter '**/Cloud9.2.lib.module.js'.
         RelativePath 'js/bootstrap.bundle.js' normalized to 'js/bootstrap.bundle.js' found for candidate '/Users/tp/Projects/Cloud9.2/wwwroot/js/bootstrap.bundle.js' and will be used for matching.
         Skipping '/Users/tp/Projects/Cloud9.2/wwwroot/js/bootstrap.bundle.js' because the relative path 'js/bootstrap.bundle.js' did not match the filter '**/Cloud9.2.lib.module.js'.
         RelativePath 'js/bootstrap.bundle.js.map' normalized to 'js/bootstrap.bundle.js.map' found for candidate '/Users/tp/Projects/Cloud9.2/wwwroot/js/bootstrap.bundle.js.map' and will be used for matching.
         Skipping '/Users/tp/Projects/Cloud9.2/wwwroot/js/bootstrap.bundle.js.map' because the relative path 'js/bootstrap.bundle.js.map' did not match the filter '**/Cloud9.2.lib.module.js'.
         RelativePath 'js/bootstrap.bundle.min.js' normalized to 'js/bootstrap.bundle.min.js' found for candidate '/Users/tp/Projects/Cloud9.2/wwwroot/js/bootstrap.bundle.min.js' and will be used for matching.
         Skipping '/Users/tp/Projects/Cloud9.2/wwwroot/js/bootstrap.bundle.min.js' because the relative path 'js/bootstrap.bundle.min.js' did not match the filter '**/Cloud9.2.lib.module.js'.
         RelativePath 'js/bootstrap.bundle.min.js.map' normalized to 'js/bootstrap.bundle.min.js.map' found for candidate '/Users/tp/Projects/Cloud9.2/wwwroot/js/bootstrap.bundle.min.js.map' and will be used for matching.
         Skipping '/Users/tp/Projects/Cloud9.2/wwwroot/js/bootstrap.bundle.min.js.map' because the relative path 'js/bootstrap.bundle.min.js.map' did not match the filter '**/Cloud9.2.lib.module.js'.
         RelativePath 'js/bootstrap.esm.js' normalized to 'js/bootstrap.esm.js' found for candidate '/Users/tp/Projects/Cloud9.2/wwwroot/js/bootstrap.esm.js' and will be used for matching.
         Skipping '/Users/tp/Projects/Cloud9.2/wwwroot/js/bootstrap.esm.js' because the relative path 'js/bootstrap.esm.js' did not match the filter '**/Cloud9.2.lib.module.js'.
         RelativePath 'js/bootstrap.esm.js.map' normalized to 'js/bootstrap.esm.js.map' found for candidate '/Users/tp/Projects/Cloud9.2/wwwroot/js/bootstrap.esm.js.map' and will be used for matching.
         Skipping '/Users/tp/Projects/Cloud9.2/wwwroot/js/bootstrap.esm.js.map' because the relative path 'js/bootstrap.esm.js.map' did not match the filter '**/Cloud9.2.lib.module.js'.
         RelativePath 'js/bootstrap.esm.min.js' normalized to 'js/bootstrap.esm.min.js' found for candidate '/Users/tp/Projects/Cloud9.2/wwwroot/js/bootstrap.esm.min.js' and will be used for matching.
         Skipping '/Users/tp/Projects/Cloud9.2/wwwroot/js/bootstrap.esm.min.js' because the relative path 'js/bootstrap.esm.min.js' did not match the filter '**/Cloud9.2.lib.module.js'.
         RelativePath 'js/bootstrap.esm.min.js.map' normalized to 'js/bootstrap.esm.min.js.map' found for candidate '/Users/tp/Projects/Cloud9.2/wwwroot/js/bootstrap.esm.min.js.map' and will be used for matching.
         Skipping '/Users/tp/Projects/Cloud9.2/wwwroot/js/bootstrap.esm.min.js.map' because the relative path 'js/bootstrap.esm.min.js.map' did not match the filter '**/Cloud9.2.lib.module.js'.
         RelativePath 'js/bootstrap.js' normalized to 'js/bootstrap.js' found for candidate '/Users/tp/Projects/Cloud9.2/wwwroot/js/bootstrap.js' and will be used for matching.
         Skipping '/Users/tp/Projects/Cloud9.2/wwwroot/js/bootstrap.js' because the relative path 'js/bootstrap.js' did not match the filter '**/Cloud9.2.lib.module.js'.
         RelativePath 'js/bootstrap.js.map' normalized to 'js/bootstrap.js.map' found for candidate '/Users/tp/Projects/Cloud9.2/wwwroot/js/bootstrap.js.map' and will be used for matching.
         Skipping '/Users/tp/Projects/Cloud9.2/wwwroot/js/bootstrap.js.map' because the relative path 'js/bootstrap.js.map' did not match the filter '**/Cloud9.2.lib.module.js'.
         RelativePath 'js/bootstrap.min.js' normalized to 'js/bootstrap.min.js' found for candidate '/Users/tp/Projects/Cloud9.2/wwwroot/js/bootstrap.min.js' and will be used for matching.
         Skipping '/Users/tp/Projects/Cloud9.2/wwwroot/js/bootstrap.min.js' because the relative path 'js/bootstrap.min.js' did not match the filter '**/Cloud9.2.lib.module.js'.
         RelativePath 'js/bootstrap.min.js.map' normalized to 'js/bootstrap.min.js.map' found for candidate '/Users/tp/Projects/Cloud9.2/wwwroot/js/bootstrap.min.js.map' and will be used for matching.
         Skipping '/Users/tp/Projects/Cloud9.2/wwwroot/js/bootstrap.min.js.map' because the relative path 'js/bootstrap.min.js.map' did not match the filter '**/Cloud9.2.lib.module.js'.
         RelativePath 'js/draggabilly.pkgd.min.js' normalized to 'js/draggabilly.pkgd.min.js' found for candidate '/Users/tp/Projects/Cloud9.2/wwwroot/js/draggabilly.pkgd.min.js' and will be used for matching.
         Skipping '/Users/tp/Projects/Cloud9.2/wwwroot/js/draggabilly.pkgd.min.js' because the relative path 'js/draggabilly.pkgd.min.js' did not match the filter '**/Cloud9.2.lib.module.js'.
         RelativePath 'js/imagesloaded.pkgd.min.js' normalized to 'js/imagesloaded.pkgd.min.js' found for candidate '/Users/tp/Projects/Cloud9.2/wwwroot/js/imagesloaded.pkgd.min.js' and will be used for matching.
         Skipping '/Users/tp/Projects/Cloud9.2/wwwroot/js/imagesloaded.pkgd.min.js' because the relative path 'js/imagesloaded.pkgd.min.js' did not match the filter '**/Cloud9.2.lib.module.js'.
         RelativePath 'js/packery.pkgd.min.js' normalized to 'js/packery.pkgd.min.js' found for candidate '/Users/tp/Projects/Cloud9.2/wwwroot/js/packery.pkgd.min.js' and will be used for matching.
         Skipping '/Users/tp/Projects/Cloud9.2/wwwroot/js/packery.pkgd.min.js' because the relative path 'js/packery.pkgd.min.js' did not match the filter '**/Cloud9.2.lib.module.js'.
         RelativePath 'js/signalr.min.js' normalized to 'js/signalr.min.js' found for candidate '/Users/tp/Projects/Cloud9.2/wwwroot/js/signalr.min.js' and will be used for matching.
         Skipping '/Users/tp/Projects/Cloud9.2/wwwroot/js/signalr.min.js' because the relative path 'js/signalr.min.js' did not match the filter '**/Cloud9.2.lib.module.js'.
         RelativePath 'js/site.js' normalized to 'js/site.js' found for candidate '/Users/tp/Projects/Cloud9.2/wwwroot/js/site.js' and will be used for matching.
         Skipping '/Users/tp/Projects/Cloud9.2/wwwroot/js/site.js' because the relative path 'js/site.js' did not match the filter '**/Cloud9.2.lib.module.js'.
         RelativePath 'lib/bootstrap/dist/css/bootstrap-grid.css' normalized to 'lib/bootstrap/dist/css/bootstrap-grid.css' found for candidate '/Users/tp/Projects/Cloud9.2/wwwroot/lib/bootstrap/dist/css/bootstrap-grid.css' and will be used for matching.
         Skipping '/Users/tp/Projects/Cloud9.2/wwwroot/lib/bootstrap/dist/css/bootstrap-grid.css' because the relative path 'lib/bootstrap/dist/css/bootstrap-grid.css' did not match the filter '**/Cloud9.2.lib.module.js'.
         RelativePath 'lib/bootstrap/dist/css/bootstrap-grid.css.map' normalized to 'lib/bootstrap/dist/css/bootstrap-grid.css.map' found for candidate '/Users/tp/Projects/Cloud9.2/wwwroot/lib/bootstrap/dist/css/bootstrap-grid.css.map' and will be used for matching.
         Skipping '/Users/tp/Projects/Cloud9.2/wwwroot/lib/bootstrap/dist/css/bootstrap-grid.css.map' because the relative path 'lib/bootstrap/dist/css/bootstrap-grid.css.map' did not match the filter '**/Cloud9.2.lib.module.js'.
         RelativePath 'lib/bootstrap/dist/css/bootstrap-grid.min.css' normalized to 'lib/bootstrap/dist/css/bootstrap-grid.min.css' found for candidate '/Users/tp/Projects/Cloud9.2/wwwroot/lib/bootstrap/dist/css/bootstrap-grid.min.css' and will be used for matching.
         Skipping '/Users/tp/Projects/Cloud9.2/wwwroot/lib/bootstrap/dist/css/bootstrap-grid.min.css' because the relative path 'lib/bootstrap/dist/css/bootstrap-grid.min.css' did not match the filter '**/Cloud9.2.lib.module.js'.
         RelativePath 'lib/bootstrap/dist/css/bootstrap-grid.min.css.map' normalized to 'lib/bootstrap/dist/css/bootstrap-grid.min.css.map' found for candidate '/Users/tp/Projects/Cloud9.2/wwwroot/lib/bootstrap/dist/css/bootstrap-grid.min.css.map' and will be used for matching.
         Skipping '/Users/tp/Projects/Cloud9.2/wwwroot/lib/bootstrap/dist/css/bootstrap-grid.min.css.map' because the relative path 'lib/bootstrap/dist/css/bootstrap-grid.min.css.map' did not match the filter '**/Cloud9.2.lib.module.js'.
         RelativePath 'lib/bootstrap/dist/css/bootstrap-grid.rtl.css' normalized to 'lib/bootstrap/dist/css/bootstrap-grid.rtl.css' found for candidate '/Users/tp/Projects/Cloud9.2/wwwroot/lib/bootstrap/dist/css/bootstrap-grid.rtl.css' and will be used for matching.
         Skipping '/Users/tp/Projects/Cloud9.2/wwwroot/lib/bootstrap/dist/css/bootstrap-grid.rtl.css' because the relative path 'lib/bootstrap/dist/css/bootstrap-grid.rtl.css' did not match the filter '**/Cloud9.2.lib.module.js'.
         RelativePath 'lib/bootstrap/dist/css/bootstrap-grid.rtl.css.map' normalized to 'lib/bootstrap/dist/css/bootstrap-grid.rtl.css.map' found for candidate '/Users/tp/Projects/Cloud9.2/wwwroot/lib/bootstrap/dist/css/bootstrap-grid.rtl.css.map' and will be used for matching.
         Skipping '/Users/tp/Projects/Cloud9.2/wwwroot/lib/bootstrap/dist/css/bootstrap-grid.rtl.css.map' because the relative path 'lib/bootstrap/dist/css/bootstrap-grid.rtl.css.map' did not match the filter '**/Cloud9.2.lib.module.js'.
         RelativePath 'lib/bootstrap/dist/css/bootstrap-grid.rtl.min.css' normalized to 'lib/bootstrap/dist/css/bootstrap-grid.rtl.min.css' found for candidate '/Users/tp/Projects/Cloud9.2/wwwroot/lib/bootstrap/dist/css/bootstrap-grid.rtl.min.css' and will be used for matching.
         Skipping '/Users/tp/Projects/Cloud9.2/wwwroot/lib/bootstrap/dist/css/bootstrap-grid.rtl.min.css' because the relative path 'lib/bootstrap/dist/css/bootstrap-grid.rtl.min.css' did not match the filter '**/Cloud9.2.lib.module.js'.
         RelativePath 'lib/bootstrap/dist/css/bootstrap-grid.rtl.min.css.map' normalized to 'lib/bootstrap/dist/css/bootstrap-grid.rtl.min.css.map' found for candidate '/Users/tp/Projects/Cloud9.2/wwwroot/lib/bootstrap/dist/css/bootstrap-grid.rtl.min.css.map' and will be used for matching.
         Skipping '/Users/tp/Projects/Cloud9.2/wwwroot/lib/bootstrap/dist/css/bootstrap-grid.rtl.min.css.map' because the relative path 'lib/bootstrap/dist/css/bootstrap-grid.rtl.min.css.map' did not match the filter '**/Cloud9.2.lib.module.js'.
         RelativePath 'lib/bootstrap/dist/css/bootstrap-reboot.css' normalized to 'lib/bootstrap/dist/css/bootstrap-reboot.css' found for candidate '/Users/tp/Projects/Cloud9.2/wwwroot/lib/bootstrap/dist/css/bootstrap-reboot.css' and will be used for matching.
         Skipping '/Users/tp/Projects/Cloud9.2/wwwroot/lib/bootstrap/dist/css/bootstrap-reboot.css' because the relative path 'lib/bootstrap/dist/css/bootstrap-reboot.css' did not match the filter '**/Cloud9.2.lib.module.js'.
         RelativePath 'lib/bootstrap/dist/css/bootstrap-reboot.css.map' normalized to 'lib/bootstrap/dist/css/bootstrap-reboot.css.map' found for candidate '/Users/tp/Projects/Cloud9.2/wwwroot/lib/bootstrap/dist/css/bootstrap-reboot.css.map' and will be used for matching.
         Skipping '/Users/tp/Projects/Cloud9.2/wwwroot/lib/bootstrap/dist/css/bootstrap-reboot.css.map' because the relative path 'lib/bootstrap/dist/css/bootstrap-reboot.css.map' did not match the filter '**/Cloud9.2.lib.module.js'.
         RelativePath 'lib/bootstrap/dist/css/bootstrap-reboot.min.css' normalized to 'lib/bootstrap/dist/css/bootstrap-reboot.min.css' found for candidate '/Users/tp/Projects/Cloud9.2/wwwroot/lib/bootstrap/dist/css/bootstrap-reboot.min.css' and will be used for matching.
         Skipping '/Users/tp/Projects/Cloud9.2/wwwroot/lib/bootstrap/dist/css/bootstrap-reboot.min.css' because the relative path 'lib/bootstrap/dist/css/bootstrap-reboot.min.css' did not match the filter '**/Cloud9.2.lib.module.js'.
         RelativePath 'lib/bootstrap/dist/css/bootstrap-reboot.min.css.map' normalized to 'lib/bootstrap/dist/css/bootstrap-reboot.min.css.map' found for candidate '/Users/tp/Projects/Cloud9.2/wwwroot/lib/bootstrap/dist/css/bootstrap-reboot.min.css.map' and will be used for matching.
         Skipping '/Users/tp/Projects/Cloud9.2/wwwroot/lib/bootstrap/dist/css/bootstrap-reboot.min.css.map' because the relative path 'lib/bootstrap/dist/css/bootstrap-reboot.min.css.map' did not match the filter '**/Cloud9.2.lib.module.js'.
         RelativePath 'lib/bootstrap/dist/css/bootstrap-reboot.rtl.css' normalized to 'lib/bootstrap/dist/css/bootstrap-reboot.rtl.css' found for candidate '/Users/tp/Projects/Cloud9.2/wwwroot/lib/bootstrap/dist/css/bootstrap-reboot.rtl.css' and will be used for matching.
         Skipping '/Users/tp/Projects/Cloud9.2/wwwroot/lib/bootstrap/dist/css/bootstrap-reboot.rtl.css' because the relative path 'lib/bootstrap/dist/css/bootstrap-reboot.rtl.css' did not match the filter '**/Cloud9.2.lib.module.js'.
         RelativePath 'lib/bootstrap/dist/css/bootstrap-reboot.rtl.css.map' normalized to 'lib/bootstrap/dist/css/bootstrap-reboot.rtl.css.map' found for candidate '/Users/tp/Projects/Cloud9.2/wwwroot/lib/bootstrap/dist/css/bootstrap-reboot.rtl.css.map' and will be used for matching.
         Skipping '/Users/tp/Projects/Cloud9.2/wwwroot/lib/bootstrap/dist/css/bootstrap-reboot.rtl.css.map' because the relative path 'lib/bootstrap/dist/css/bootstrap-reboot.rtl.css.map' did not match the filter '**/Cloud9.2.lib.module.js'.
         RelativePath 'lib/bootstrap/dist/css/bootstrap-reboot.rtl.min.css' normalized to 'lib/bootstrap/dist/css/bootstrap-reboot.rtl.min.css' found for candidate '/Users/tp/Projects/Cloud9.2/wwwroot/lib/bootstrap/dist/css/bootstrap-reboot.rtl.min.css' and will be used for matching.
         Skipping '/Users/tp/Projects/Cloud9.2/wwwroot/lib/bootstrap/dist/css/bootstrap-reboot.rtl.min.css' because the relative path 'lib/bootstrap/dist/css/bootstrap-reboot.rtl.min.css' did not match the filter '**/Cloud9.2.lib.module.js'.
         RelativePath 'lib/bootstrap/dist/css/bootstrap-reboot.rtl.min.css.map' normalized to 'lib/bootstrap/dist/css/bootstrap-reboot.rtl.min.css.map' found for candidate '/Users/tp/Projects/Cloud9.2/wwwroot/lib/bootstrap/dist/css/bootstrap-reboot.rtl.min.css.map' and will be used for matching.
         Skipping '/Users/tp/Projects/Cloud9.2/wwwroot/lib/bootstrap/dist/css/bootstrap-reboot.rtl.min.css.map' because the relative path 'lib/bootstrap/dist/css/bootstrap-reboot.rtl.min.css.map' did not match the filter '**/Cloud9.2.lib.module.js'.
         RelativePath 'lib/bootstrap/dist/css/bootstrap-utilities.css' normalized to 'lib/bootstrap/dist/css/bootstrap-utilities.css' found for candidate '/Users/tp/Projects/Cloud9.2/wwwroot/lib/bootstrap/dist/css/bootstrap-utilities.css' and will be used for matching.
         Skipping '/Users/tp/Projects/Cloud9.2/wwwroot/lib/bootstrap/dist/css/bootstrap-utilities.css' because the relative path 'lib/bootstrap/dist/css/bootstrap-utilities.css' did not match the filter '**/Cloud9.2.lib.module.js'.
         RelativePath 'lib/bootstrap/dist/css/bootstrap-utilities.css.map' normalized to 'lib/bootstrap/dist/css/bootstrap-utilities.css.map' found for candidate '/Users/tp/Projects/Cloud9.2/wwwroot/lib/bootstrap/dist/css/bootstrap-utilities.css.map' and will be used for matching.
         Skipping '/Users/tp/Projects/Cloud9.2/wwwroot/lib/bootstrap/dist/css/bootstrap-utilities.css.map' because the relative path 'lib/bootstrap/dist/css/bootstrap-utilities.css.map' did not match the filter '**/Cloud9.2.lib.module.js'.
         RelativePath 'lib/bootstrap/dist/css/bootstrap-utilities.min.css' normalized to 'lib/bootstrap/dist/css/bootstrap-utilities.min.css' found for candidate '/Users/tp/Projects/Cloud9.2/wwwroot/lib/bootstrap/dist/css/bootstrap-utilities.min.css' and will be used for matching.
         Skipping '/Users/tp/Projects/Cloud9.2/wwwroot/lib/bootstrap/dist/css/bootstrap-utilities.min.css' because the relative path 'lib/bootstrap/dist/css/bootstrap-utilities.min.css' did not match the filter '**/Cloud9.2.lib.module.js'.
         RelativePath 'lib/bootstrap/dist/css/bootstrap-utilities.min.css.map' normalized to 'lib/bootstrap/dist/css/bootstrap-utilities.min.css.map' found for candidate '/Users/tp/Projects/Cloud9.2/wwwroot/lib/bootstrap/dist/css/bootstrap-utilities.min.css.map' and will be used for matching.
         Skipping '/Users/tp/Projects/Cloud9.2/wwwroot/lib/bootstrap/dist/css/bootstrap-utilities.min.css.map' because the relative path 'lib/bootstrap/dist/css/bootstrap-utilities.min.css.map' did not match the filter '**/Cloud9.2.lib.module.js'.
         RelativePath 'lib/bootstrap/dist/css/bootstrap-utilities.rtl.css' normalized to 'lib/bootstrap/dist/css/bootstrap-utilities.rtl.css' found for candidate '/Users/tp/Projects/Cloud9.2/wwwroot/lib/bootstrap/dist/css/bootstrap-utilities.rtl.css' and will be used for matching.
         Skipping '/Users/tp/Projects/Cloud9.2/wwwroot/lib/bootstrap/dist/css/bootstrap-utilities.rtl.css' because the relative path 'lib/bootstrap/dist/css/bootstrap-utilities.rtl.css' did not match the filter '**/Cloud9.2.lib.module.js'.
         RelativePath 'lib/bootstrap/dist/css/bootstrap-utilities.rtl.css.map' normalized to 'lib/bootstrap/dist/css/bootstrap-utilities.rtl.css.map' found for candidate '/Users/tp/Projects/Cloud9.2/wwwroot/lib/bootstrap/dist/css/bootstrap-utilities.rtl.css.map' and will be used for matching.
         Skipping '/Users/tp/Projects/Cloud9.2/wwwroot/lib/bootstrap/dist/css/bootstrap-utilities.rtl.css.map' because the relative path 'lib/bootstrap/dist/css/bootstrap-utilities.rtl.css.map' did not match the filter '**/Cloud9.2.lib.module.js'.
         RelativePath 'lib/bootstrap/dist/css/bootstrap-utilities.rtl.min.css' normalized to 'lib/bootstrap/dist/css/bootstrap-utilities.rtl.min.css' found for candidate '/Users/tp/Projects/Cloud9.2/wwwroot/lib/bootstrap/dist/css/bootstrap-utilities.rtl.min.css' and will be used for matching.
         Skipping '/Users/tp/Projects/Cloud9.2/wwwroot/lib/bootstrap/dist/css/bootstrap-utilities.rtl.min.css' because the relative path 'lib/bootstrap/dist/css/bootstrap-utilities.rtl.min.css' did not match the filter '**/Cloud9.2.lib.module.js'.
         RelativePath 'lib/bootstrap/dist/css/bootstrap-utilities.rtl.min.css.map' normalized to 'lib/bootstrap/dist/css/bootstrap-utilities.rtl.min.css.map' found for candidate '/Users/tp/Projects/Cloud9.2/wwwroot/lib/bootstrap/dist/css/bootstrap-utilities.rtl.min.css.map' and will be used for matching.
         Skipping '/Users/tp/Projects/Cloud9.2/wwwroot/lib/bootstrap/dist/css/bootstrap-utilities.rtl.min.css.map' because the relative path 'lib/bootstrap/dist/css/bootstrap-utilities.rtl.min.css.map' did not match the filter '**/Cloud9.2.lib.module.js'.
         RelativePath 'lib/bootstrap/dist/css/bootstrap.css' normalized to 'lib/bootstrap/dist/css/bootstrap.css' found for candidate '/Users/tp/Projects/Cloud9.2/wwwroot/lib/bootstrap/dist/css/bootstrap.css' and will be used for matching.
         Skipping '/Users/tp/Projects/Cloud9.2/wwwroot/lib/bootstrap/dist/css/bootstrap.css' because the relative path 'lib/bootstrap/dist/css/bootstrap.css' did not match the filter '**/Cloud9.2.lib.module.js'.
         RelativePath 'lib/bootstrap/dist/css/bootstrap.css.map' normalized to 'lib/bootstrap/dist/css/bootstrap.css.map' found for candidate '/Users/tp/Projects/Cloud9.2/wwwroot/lib/bootstrap/dist/css/bootstrap.css.map' and will be used for matching.
         Skipping '/Users/tp/Projects/Cloud9.2/wwwroot/lib/bootstrap/dist/css/bootstrap.css.map' because the relative path 'lib/bootstrap/dist/css/bootstrap.css.map' did not match the filter '**/Cloud9.2.lib.module.js'.
         RelativePath 'lib/bootstrap/dist/css/bootstrap.min.css' normalized to 'lib/bootstrap/dist/css/bootstrap.min.css' found for candidate '/Users/tp/Projects/Cloud9.2/wwwroot/lib/bootstrap/dist/css/bootstrap.min.css' and will be used for matching.
         Skipping '/Users/tp/Projects/Cloud9.2/wwwroot/lib/bootstrap/dist/css/bootstrap.min.css' because the relative path 'lib/bootstrap/dist/css/bootstrap.min.css' did not match the filter '**/Cloud9.2.lib.module.js'.
         RelativePath 'lib/bootstrap/dist/css/bootstrap.min.css.map' normalized to 'lib/bootstrap/dist/css/bootstrap.min.css.map' found for candidate '/Users/tp/Projects/Cloud9.2/wwwroot/lib/bootstrap/dist/css/bootstrap.min.css.map' and will be used for matching.
         Skipping '/Users/tp/Projects/Cloud9.2/wwwroot/lib/bootstrap/dist/css/bootstrap.min.css.map' because the relative path 'lib/bootstrap/dist/css/bootstrap.min.css.map' did not match the filter '**/Cloud9.2.lib.module.js'.
         RelativePath 'lib/bootstrap/dist/css/bootstrap.rtl.css' normalized to 'lib/bootstrap/dist/css/bootstrap.rtl.css' found for candidate '/Users/tp/Projects/Cloud9.2/wwwroot/lib/bootstrap/dist/css/bootstrap.rtl.css' and will be used for matching.
         Skipping '/Users/tp/Projects/Cloud9.2/wwwroot/lib/bootstrap/dist/css/bootstrap.rtl.css' because the relative path 'lib/bootstrap/dist/css/bootstrap.rtl.css' did not match the filter '**/Cloud9.2.lib.module.js'.
         RelativePath 'lib/bootstrap/dist/css/bootstrap.rtl.css.map' normalized to 'lib/bootstrap/dist/css/bootstrap.rtl.css.map' found for candidate '/Users/tp/Projects/Cloud9.2/wwwroot/lib/bootstrap/dist/css/bootstrap.rtl.css.map' and will be used for matching.
         Skipping '/Users/tp/Projects/Cloud9.2/wwwroot/lib/bootstrap/dist/css/bootstrap.rtl.css.map' because the relative path 'lib/bootstrap/dist/css/bootstrap.rtl.css.map' did not match the filter '**/Cloud9.2.lib.module.js'.
         RelativePath 'lib/bootstrap/dist/css/bootstrap.rtl.min.css' normalized to 'lib/bootstrap/dist/css/bootstrap.rtl.min.css' found for candidate '/Users/tp/Projects/Cloud9.2/wwwroot/lib/bootstrap/dist/css/bootstrap.rtl.min.css' and will be used for matching.
         Skipping '/Users/tp/Projects/Cloud9.2/wwwroot/lib/bootstrap/dist/css/bootstrap.rtl.min.css' because the relative path 'lib/bootstrap/dist/css/bootstrap.rtl.min.css' did not match the filter '**/Cloud9.2.lib.module.js'.
         RelativePath 'lib/bootstrap/dist/css/bootstrap.rtl.min.css.map' normalized to 'lib/bootstrap/dist/css/bootstrap.rtl.min.css.map' found for candidate '/Users/tp/Projects/Cloud9.2/wwwroot/lib/bootstrap/dist/css/bootstrap.rtl.min.css.map' and will be used for matching.
         Skipping '/Users/tp/Projects/Cloud9.2/wwwroot/lib/bootstrap/dist/css/bootstrap.rtl.min.css.map' because the relative path 'lib/bootstrap/dist/css/bootstrap.rtl.min.css.map' did not match the filter '**/Cloud9.2.lib.module.js'.
         RelativePath 'lib/bootstrap/dist/js/bootstrap.bundle.js' normalized to 'lib/bootstrap/dist/js/bootstrap.bundle.js' found for candidate '/Users/tp/Projects/Cloud9.2/wwwroot/lib/bootstrap/dist/js/bootstrap.bundle.js' and will be used for matching.
         Skipping '/Users/tp/Projects/Cloud9.2/wwwroot/lib/bootstrap/dist/js/bootstrap.bundle.js' because the relative path 'lib/bootstrap/dist/js/bootstrap.bundle.js' did not match the filter '**/Cloud9.2.lib.module.js'.
         RelativePath 'lib/bootstrap/dist/js/bootstrap.bundle.js.map' normalized to 'lib/bootstrap/dist/js/bootstrap.bundle.js.map' found for candidate '/Users/tp/Projects/Cloud9.2/wwwroot/lib/bootstrap/dist/js/bootstrap.bundle.js.map' and will be used for matching.
         Skipping '/Users/tp/Projects/Cloud9.2/wwwroot/lib/bootstrap/dist/js/bootstrap.bundle.js.map' because the relative path 'lib/bootstrap/dist/js/bootstrap.bundle.js.map' did not match the filter '**/Cloud9.2.lib.module.js'.
         RelativePath 'lib/bootstrap/dist/js/bootstrap.bundle.min.js' normalized to 'lib/bootstrap/dist/js/bootstrap.bundle.min.js' found for candidate '/Users/tp/Projects/Cloud9.2/wwwroot/lib/bootstrap/dist/js/bootstrap.bundle.min.js' and will be used for matching.
         Skipping '/Users/tp/Projects/Cloud9.2/wwwroot/lib/bootstrap/dist/js/bootstrap.bundle.min.js' because the relative path 'lib/bootstrap/dist/js/bootstrap.bundle.min.js' did not match the filter '**/Cloud9.2.lib.module.js'.
         RelativePath 'lib/bootstrap/dist/js/bootstrap.bundle.min.js.map' normalized to 'lib/bootstrap/dist/js/bootstrap.bundle.min.js.map' found for candidate '/Users/tp/Projects/Cloud9.2/wwwroot/lib/bootstrap/dist/js/bootstrap.bundle.min.js.map' and will be used for matching.
         Skipping '/Users/tp/Projects/Cloud9.2/wwwroot/lib/bootstrap/dist/js/bootstrap.bundle.min.js.map' because the relative path 'lib/bootstrap/dist/js/bootstrap.bundle.min.js.map' did not match the filter '**/Cloud9.2.lib.module.js'.
         RelativePath 'lib/bootstrap/dist/js/bootstrap.esm.js' normalized to 'lib/bootstrap/dist/js/bootstrap.esm.js' found for candidate '/Users/tp/Projects/Cloud9.2/wwwroot/lib/bootstrap/dist/js/bootstrap.esm.js' and will be used for matching.
         Skipping '/Users/tp/Projects/Cloud9.2/wwwroot/lib/bootstrap/dist/js/bootstrap.esm.js' because the relative path 'lib/bootstrap/dist/js/bootstrap.esm.js' did not match the filter '**/Cloud9.2.lib.module.js'.
         RelativePath 'lib/bootstrap/dist/js/bootstrap.esm.js.map' normalized to 'lib/bootstrap/dist/js/bootstrap.esm.js.map' found for candidate '/Users/tp/Projects/Cloud9.2/wwwroot/lib/bootstrap/dist/js/bootstrap.esm.js.map' and will be used for matching.
         Skipping '/Users/tp/Projects/Cloud9.2/wwwroot/lib/bootstrap/dist/js/bootstrap.esm.js.map' because the relative path 'lib/bootstrap/dist/js/bootstrap.esm.js.map' did not match the filter '**/Cloud9.2.lib.module.js'.
         RelativePath 'lib/bootstrap/dist/js/bootstrap.esm.min.js' normalized to 'lib/bootstrap/dist/js/bootstrap.esm.min.js' found for candidate '/Users/tp/Projects/Cloud9.2/wwwroot/lib/bootstrap/dist/js/bootstrap.esm.min.js' and will be used for matching.
         Skipping '/Users/tp/Projects/Cloud9.2/wwwroot/lib/bootstrap/dist/js/bootstrap.esm.min.js' because the relative path 'lib/bootstrap/dist/js/bootstrap.esm.min.js' did not match the filter '**/Cloud9.2.lib.module.js'.
         RelativePath 'lib/bootstrap/dist/js/bootstrap.esm.min.js.map' normalized to 'lib/bootstrap/dist/js/bootstrap.esm.min.js.map' found for candidate '/Users/tp/Projects/Cloud9.2/wwwroot/lib/bootstrap/dist/js/bootstrap.esm.min.js.map' and will be used for matching.
         Skipping '/Users/tp/Projects/Cloud9.2/wwwroot/lib/bootstrap/dist/js/bootstrap.esm.min.js.map' because the relative path 'lib/bootstrap/dist/js/bootstrap.esm.min.js.map' did not match the filter '**/Cloud9.2.lib.module.js'.
         RelativePath 'lib/bootstrap/dist/js/bootstrap.js' normalized to 'lib/bootstrap/dist/js/bootstrap.js' found for candidate '/Users/tp/Projects/Cloud9.2/wwwroot/lib/bootstrap/dist/js/bootstrap.js' and will be used for matching.
         Skipping '/Users/tp/Projects/Cloud9.2/wwwroot/lib/bootstrap/dist/js/bootstrap.js' because the relative path 'lib/bootstrap/dist/js/bootstrap.js' did not match the filter '**/Cloud9.2.lib.module.js'.
         RelativePath 'lib/bootstrap/dist/js/bootstrap.js.map' normalized to 'lib/bootstrap/dist/js/bootstrap.js.map' found for candidate '/Users/tp/Projects/Cloud9.2/wwwroot/lib/bootstrap/dist/js/bootstrap.js.map' and will be used for matching.
         Skipping '/Users/tp/Projects/Cloud9.2/wwwroot/lib/bootstrap/dist/js/bootstrap.js.map' because the relative path 'lib/bootstrap/dist/js/bootstrap.js.map' did not match the filter '**/Cloud9.2.lib.module.js'.
         RelativePath 'lib/bootstrap/dist/js/bootstrap.min.js' normalized to 'lib/bootstrap/dist/js/bootstrap.min.js' found for candidate '/Users/tp/Projects/Cloud9.2/wwwroot/lib/bootstrap/dist/js/bootstrap.min.js' and will be used for matching.
         Skipping '/Users/tp/Projects/Cloud9.2/wwwroot/lib/bootstrap/dist/js/bootstrap.min.js' because the relative path 'lib/bootstrap/dist/js/bootstrap.min.js' did not match the filter '**/Cloud9.2.lib.module.js'.
         RelativePath 'lib/bootstrap/dist/js/bootstrap.min.js.map' normalized to 'lib/bootstrap/dist/js/bootstrap.min.js.map' found for candidate '/Users/tp/Projects/Cloud9.2/wwwroot/lib/bootstrap/dist/js/bootstrap.min.js.map' and will be used for matching.
         Skipping '/Users/tp/Projects/Cloud9.2/wwwroot/lib/bootstrap/dist/js/bootstrap.min.js.map' because the relative path 'lib/bootstrap/dist/js/bootstrap.min.js.map' did not match the filter '**/Cloud9.2.lib.module.js'.
         RelativePath 'lib/bootstrap/LICENSE' normalized to 'lib/bootstrap/LICENSE' found for candidate '/Users/tp/Projects/Cloud9.2/wwwroot/lib/bootstrap/LICENSE' and will be used for matching.
         Skipping '/Users/tp/Projects/Cloud9.2/wwwroot/lib/bootstrap/LICENSE' because the relative path 'lib/bootstrap/LICENSE' did not match the filter '**/Cloud9.2.lib.module.js'.
         RelativePath 'lib/jquery-validation-unobtrusive/jquery.validate.unobtrusive.js' normalized to 'lib/jquery-validation-unobtrusive/jquery.validate.unobtrusive.js' found for candidate '/Users/tp/Projects/Cloud9.2/wwwroot/lib/jquery-validation-unobtrusive/jquery.validate.unobtrusive.js' and will be used for matching.
         Skipping '/Users/tp/Projects/Cloud9.2/wwwroot/lib/jquery-validation-unobtrusive/jquery.validate.unobtrusive.js' because the relative path 'lib/jquery-validation-unobtrusive/jquery.validate.unobtrusive.js' did not match the filter '**/Cloud9.2.lib.module.js'.
         RelativePath 'lib/jquery-validation-unobtrusive/jquery.validate.unobtrusive.min.js' normalized to 'lib/jquery-validation-unobtrusive/jquery.validate.unobtrusive.min.js' found for candidate '/Users/tp/Projects/Cloud9.2/wwwroot/lib/jquery-validation-unobtrusive/jquery.validate.unobtrusive.min.js' and will be used for matching.
         Skipping '/Users/tp/Projects/Cloud9.2/wwwroot/lib/jquery-validation-unobtrusive/jquery.validate.unobtrusive.min.js' because the relative path 'lib/jquery-validation-unobtrusive/jquery.validate.unobtrusive.min.js' did not match the filter '**/Cloud9.2.lib.module.js'.
         RelativePath 'lib/jquery-validation-unobtrusive/LICENSE.txt' normalized to 'lib/jquery-validation-unobtrusive/LICENSE.txt' found for candidate '/Users/tp/Projects/Cloud9.2/wwwroot/lib/jquery-validation-unobtrusive/LICENSE.txt' and will be used for matching.
         Skipping '/Users/tp/Projects/Cloud9.2/wwwroot/lib/jquery-validation-unobtrusive/LICENSE.txt' because the relative path 'lib/jquery-validation-unobtrusive/LICENSE.txt' did not match the filter '**/Cloud9.2.lib.module.js'.
         RelativePath 'lib/jquery-validation/dist/additional-methods.js' normalized to 'lib/jquery-validation/dist/additional-methods.js' found for candidate '/Users/tp/Projects/Cloud9.2/wwwroot/lib/jquery-validation/dist/additional-methods.js' and will be used for matching.
         Skipping '/Users/tp/Projects/Cloud9.2/wwwroot/lib/jquery-validation/dist/additional-methods.js' because the relative path 'lib/jquery-validation/dist/additional-methods.js' did not match the filter '**/Cloud9.2.lib.module.js'.
         RelativePath 'lib/jquery-validation/dist/additional-methods.min.js' normalized to 'lib/jquery-validation/dist/additional-methods.min.js' found for candidate '/Users/tp/Projects/Cloud9.2/wwwroot/lib/jquery-validation/dist/additional-methods.min.js' and will be used for matching.
         Skipping '/Users/tp/Projects/Cloud9.2/wwwroot/lib/jquery-validation/dist/additional-methods.min.js' because the relative path 'lib/jquery-validation/dist/additional-methods.min.js' did not match the filter '**/Cloud9.2.lib.module.js'.
         RelativePath 'lib/jquery-validation/dist/jquery.validate.js' normalized to 'lib/jquery-validation/dist/jquery.validate.js' found for candidate '/Users/tp/Projects/Cloud9.2/wwwroot/lib/jquery-validation/dist/jquery.validate.js' and will be used for matching.
         Skipping '/Users/tp/Projects/Cloud9.2/wwwroot/lib/jquery-validation/dist/jquery.validate.js' because the relative path 'lib/jquery-validation/dist/jquery.validate.js' did not match the filter '**/Cloud9.2.lib.module.js'.
         RelativePath 'lib/jquery-validation/dist/jquery.validate.min.js' normalized to 'lib/jquery-validation/dist/jquery.validate.min.js' found for candidate '/Users/tp/Projects/Cloud9.2/wwwroot/lib/jquery-validation/dist/jquery.validate.min.js' and will be used for matching.
         Skipping '/Users/tp/Projects/Cloud9.2/wwwroot/lib/jquery-validation/dist/jquery.validate.min.js' because the relative path 'lib/jquery-validation/dist/jquery.validate.min.js' did not match the filter '**/Cloud9.2.lib.module.js'.
         RelativePath 'lib/jquery-validation/LICENSE.md' normalized to 'lib/jquery-validation/LICENSE.md' found for candidate '/Users/tp/Projects/Cloud9.2/wwwroot/lib/jquery-validation/LICENSE.md' and will be used for matching.
         Skipping '/Users/tp/Projects/Cloud9.2/wwwroot/lib/jquery-validation/LICENSE.md' because the relative path 'lib/jquery-validation/LICENSE.md' did not match the filter '**/Cloud9.2.lib.module.js'.
         RelativePath 'lib/jquery/dist/jquery.js' normalized to 'lib/jquery/dist/jquery.js' found for candidate '/Users/tp/Projects/Cloud9.2/wwwroot/lib/jquery/dist/jquery.js' and will be used for matching.
         Skipping '/Users/tp/Projects/Cloud9.2/wwwroot/lib/jquery/dist/jquery.js' because the relative path 'lib/jquery/dist/jquery.js' did not match the filter '**/Cloud9.2.lib.module.js'.
         RelativePath 'lib/jquery/dist/jquery.min.js' normalized to 'lib/jquery/dist/jquery.min.js' found for candidate '/Users/tp/Projects/Cloud9.2/wwwroot/lib/jquery/dist/jquery.min.js' and will be used for matching.
         Skipping '/Users/tp/Projects/Cloud9.2/wwwroot/lib/jquery/dist/jquery.min.js' because the relative path 'lib/jquery/dist/jquery.min.js' did not match the filter '**/Cloud9.2.lib.module.js'.
         RelativePath 'lib/jquery/dist/jquery.min.map' normalized to 'lib/jquery/dist/jquery.min.map' found for candidate '/Users/tp/Projects/Cloud9.2/wwwroot/lib/jquery/dist/jquery.min.map' and will be used for matching.
         Skipping '/Users/tp/Projects/Cloud9.2/wwwroot/lib/jquery/dist/jquery.min.map' because the relative path 'lib/jquery/dist/jquery.min.map' did not match the filter '**/Cloud9.2.lib.module.js'.
         RelativePath 'lib/jquery/LICENSE.txt' normalized to 'lib/jquery/LICENSE.txt' found for candidate '/Users/tp/Projects/Cloud9.2/wwwroot/lib/jquery/LICENSE.txt' and will be used for matching.
         Skipping '/Users/tp/Projects/Cloud9.2/wwwroot/lib/jquery/LICENSE.txt' because the relative path 'lib/jquery/LICENSE.txt' did not match the filter '**/Cloud9.2.lib.module.js'.
       Done executing task "DefineStaticWebAssets".
       Task "DiscoverStaticWebAssets"
         Rejected asset 'wwwroot/css/bootstrap-grid.css' for pattern '**/*.razor.js'
         Rejected asset 'wwwroot/css/bootstrap-grid.css.map' for pattern '**/*.razor.js'
         Rejected asset 'wwwroot/css/bootstrap-grid.min.css' for pattern '**/*.razor.js'
         Rejected asset 'wwwroot/css/bootstrap-grid.min.css.map' for pattern '**/*.razor.js'
         Rejected asset 'wwwroot/css/bootstrap-grid.rtl.css' for pattern '**/*.razor.js'
         Rejected asset 'wwwroot/css/bootstrap-grid.rtl.css.map' for pattern '**/*.razor.js'
         Rejected asset 'wwwroot/css/bootstrap-grid.rtl.min.css' for pattern '**/*.razor.js'
         Rejected asset 'wwwroot/css/bootstrap-grid.rtl.min.css.map' for pattern '**/*.razor.js'
         Rejected asset 'wwwroot/css/bootstrap-reboot.css' for pattern '**/*.razor.js'
         Rejected asset 'wwwroot/css/bootstrap-reboot.css.map' for pattern '**/*.razor.js'
         Rejected asset 'wwwroot/css/bootstrap-reboot.min.css' for pattern '**/*.razor.js'
         Rejected asset 'wwwroot/css/bootstrap-reboot.min.css.map' for pattern '**/*.razor.js'
         Rejected asset 'wwwroot/css/bootstrap-reboot.rtl.css' for pattern '**/*.razor.js'
         Rejected asset 'wwwroot/css/bootstrap-reboot.rtl.css.map' for pattern '**/*.razor.js'
         Rejected asset 'wwwroot/css/bootstrap-reboot.rtl.min.css' for pattern '**/*.razor.js'
         Rejected asset 'wwwroot/css/bootstrap-reboot.rtl.min.css.map' for pattern '**/*.razor.js'
         Rejected asset 'wwwroot/css/bootstrap-utilities.css' for pattern '**/*.razor.js'
         Rejected asset 'wwwroot/css/bootstrap-utilities.css.map' for pattern '**/*.razor.js'
         Rejected asset 'wwwroot/css/bootstrap-utilities.min.css' for pattern '**/*.razor.js'
         Rejected asset 'wwwroot/css/bootstrap-utilities.min.css.map' for pattern '**/*.razor.js'
         Rejected asset 'wwwroot/css/bootstrap-utilities.rtl.css' for pattern '**/*.razor.js'
         Rejected asset 'wwwroot/css/bootstrap-utilities.rtl.css.map' for pattern '**/*.razor.js'
         Rejected asset 'wwwroot/css/bootstrap-utilities.rtl.min.css' for pattern '**/*.razor.js'
         Rejected asset 'wwwroot/css/bootstrap-utilities.rtl.min.css.map' for pattern '**/*.razor.js'
         Rejected asset 'wwwroot/css/bootstrap.css' for pattern '**/*.razor.js'
         Rejected asset 'wwwroot/css/bootstrap.css.map' for pattern '**/*.razor.js'
         Rejected asset 'wwwroot/css/bootstrap.min.css' for pattern '**/*.razor.js'
         Rejected asset 'wwwroot/css/bootstrap.min.css.map' for pattern '**/*.razor.js'
         Rejected asset 'wwwroot/css/bootstrap.rtl.css' for pattern '**/*.razor.js'
         Rejected asset 'wwwroot/css/bootstrap.rtl.css.map' for pattern '**/*.razor.js'
         Rejected asset 'wwwroot/css/bootstrap.rtl.min.css' for pattern '**/*.razor.js'
         Rejected asset 'wwwroot/css/bootstrap.rtl.min.css.map' for pattern '**/*.razor.js'
         Rejected asset 'wwwroot/css/site.css' for pattern '**/*.razor.js'
         Rejected asset 'wwwroot/favicon.ico' for pattern '**/*.razor.js'
         Rejected asset 'wwwroot/Images/box-arrow-right.svg' for pattern '**/*.razor.js'
         Rejected asset 'wwwroot/Images/login_pic.jpg' for pattern '**/*.razor.js'
         Rejected asset 'wwwroot/Images/person-fill-gear.svg' for pattern '**/*.razor.js'
         Rejected asset 'wwwroot/Images/pexels-asadphoto-3250614.jpg' for pattern '**/*.razor.js'
         Rejected asset 'wwwroot/Images/pexels-brett-sayles-1431822.jpg' for pattern '**/*.razor.js'
         Rejected asset 'wwwroot/Images/pexels-eberhardgross-2310713.jpg' for pattern '**/*.razor.js'
         Rejected asset 'wwwroot/Images/pexels-rpnickson-2486168.jpg' for pattern '**/*.razor.js'
         Rejected asset 'wwwroot/js/bootstrap.bundle.js' for pattern '**/*.razor.js'
         Rejected asset 'wwwroot/js/bootstrap.bundle.js.map' for pattern '**/*.razor.js'
         Rejected asset 'wwwroot/js/bootstrap.bundle.min.js' for pattern '**/*.razor.js'
         Rejected asset 'wwwroot/js/bootstrap.bundle.min.js.map' for pattern '**/*.razor.js'
         Rejected asset 'wwwroot/js/bootstrap.esm.js' for pattern '**/*.razor.js'
         Rejected asset 'wwwroot/js/bootstrap.esm.js.map' for pattern '**/*.razor.js'
         Rejected asset 'wwwroot/js/bootstrap.esm.min.js' for pattern '**/*.razor.js'
         Rejected asset 'wwwroot/js/bootstrap.esm.min.js.map' for pattern '**/*.razor.js'
         Rejected asset 'wwwroot/js/bootstrap.js' for pattern '**/*.razor.js'
         Rejected asset 'wwwroot/js/bootstrap.js.map' for pattern '**/*.razor.js'
         Rejected asset 'wwwroot/js/bootstrap.min.js' for pattern '**/*.razor.js'
         Rejected asset 'wwwroot/js/bootstrap.min.js.map' for pattern '**/*.razor.js'
         Rejected asset 'wwwroot/js/draggabilly.pkgd.min.js' for pattern '**/*.razor.js'
         Rejected asset 'wwwroot/js/imagesloaded.pkgd.min.js' for pattern '**/*.razor.js'
         Rejected asset 'wwwroot/js/packery.pkgd.min.js' for pattern '**/*.razor.js'
         Rejected asset 'wwwroot/js/signalr.min.js' for pattern '**/*.razor.js'
         Rejected asset 'wwwroot/js/site.js' for pattern '**/*.razor.js'
         Rejected asset 'wwwroot/lib/bootstrap/dist/css/bootstrap-grid.css' for pattern '**/*.razor.js'
         Rejected asset 'wwwroot/lib/bootstrap/dist/css/bootstrap-grid.css.map' for pattern '**/*.razor.js'
         Rejected asset 'wwwroot/lib/bootstrap/dist/css/bootstrap-grid.min.css' for pattern '**/*.razor.js'
         Rejected asset 'wwwroot/lib/bootstrap/dist/css/bootstrap-grid.min.css.map' for pattern '**/*.razor.js'
         Rejected asset 'wwwroot/lib/bootstrap/dist/css/bootstrap-grid.rtl.css' for pattern '**/*.razor.js'
         Rejected asset 'wwwroot/lib/bootstrap/dist/css/bootstrap-grid.rtl.css.map' for pattern '**/*.razor.js'
         Rejected asset 'wwwroot/lib/bootstrap/dist/css/bootstrap-grid.rtl.min.css' for pattern '**/*.razor.js'
         Rejected asset 'wwwroot/lib/bootstrap/dist/css/bootstrap-grid.rtl.min.css.map' for pattern '**/*.razor.js'
         Rejected asset 'wwwroot/lib/bootstrap/dist/css/bootstrap-reboot.css' for pattern '**/*.razor.js'
         Rejected asset 'wwwroot/lib/bootstrap/dist/css/bootstrap-reboot.css.map' for pattern '**/*.razor.js'
         Rejected asset 'wwwroot/lib/bootstrap/dist/css/bootstrap-reboot.min.css' for pattern '**/*.razor.js'
         Rejected asset 'wwwroot/lib/bootstrap/dist/css/bootstrap-reboot.min.css.map' for pattern '**/*.razor.js'
         Rejected asset 'wwwroot/lib/bootstrap/dist/css/bootstrap-reboot.rtl.css' for pattern '**/*.razor.js'
         Rejected asset 'wwwroot/lib/bootstrap/dist/css/bootstrap-reboot.rtl.css.map' for pattern '**/*.razor.js'
         Rejected asset 'wwwroot/lib/bootstrap/dist/css/bootstrap-reboot.rtl.min.css' for pattern '**/*.razor.js'
         Rejected asset 'wwwroot/lib/bootstrap/dist/css/bootstrap-reboot.rtl.min.css.map' for pattern '**/*.razor.js'
         Rejected asset 'wwwroot/lib/bootstrap/dist/css/bootstrap-utilities.css' for pattern '**/*.razor.js'
         Rejected asset 'wwwroot/lib/bootstrap/dist/css/bootstrap-utilities.css.map' for pattern '**/*.razor.js'
         Rejected asset 'wwwroot/lib/bootstrap/dist/css/bootstrap-utilities.min.css' for pattern '**/*.razor.js'
         Rejected asset 'wwwroot/lib/bootstrap/dist/css/bootstrap-utilities.min.css.map' for pattern '**/*.razor.js'
         Rejected asset 'wwwroot/lib/bootstrap/dist/css/bootstrap-utilities.rtl.css' for pattern '**/*.razor.js'
         Rejected asset 'wwwroot/lib/bootstrap/dist/css/bootstrap-utilities.rtl.css.map' for pattern '**/*.razor.js'
         Rejected asset 'wwwroot/lib/bootstrap/dist/css/bootstrap-utilities.rtl.min.css' for pattern '**/*.razor.js'
         Rejected asset 'wwwroot/lib/bootstrap/dist/css/bootstrap-utilities.rtl.min.css.map' for pattern '**/*.razor.js'
         Rejected asset 'wwwroot/lib/bootstrap/dist/css/bootstrap.css' for pattern '**/*.razor.js'
         Rejected asset 'wwwroot/lib/bootstrap/dist/css/bootstrap.css.map' for pattern '**/*.razor.js'
         Rejected asset 'wwwroot/lib/bootstrap/dist/css/bootstrap.min.css' for pattern '**/*.razor.js'
         Rejected asset 'wwwroot/lib/bootstrap/dist/css/bootstrap.min.css.map' for pattern '**/*.razor.js'
         Rejected asset 'wwwroot/lib/bootstrap/dist/css/bootstrap.rtl.css' for pattern '**/*.razor.js'
         Rejected asset 'wwwroot/lib/bootstrap/dist/css/bootstrap.rtl.css.map' for pattern '**/*.razor.js'
         Rejected asset 'wwwroot/lib/bootstrap/dist/css/bootstrap.rtl.min.css' for pattern '**/*.razor.js'
         Rejected asset 'wwwroot/lib/bootstrap/dist/css/bootstrap.rtl.min.css.map' for pattern '**/*.razor.js'
         Rejected asset 'wwwroot/lib/bootstrap/dist/js/bootstrap.bundle.js' for pattern '**/*.razor.js'
         Rejected asset 'wwwroot/lib/bootstrap/dist/js/bootstrap.bundle.js.map' for pattern '**/*.razor.js'
         Rejected asset 'wwwroot/lib/bootstrap/dist/js/bootstrap.bundle.min.js' for pattern '**/*.razor.js'
         Rejected asset 'wwwroot/lib/bootstrap/dist/js/bootstrap.bundle.min.js.map' for pattern '**/*.razor.js'
         Rejected asset 'wwwroot/lib/bootstrap/dist/js/bootstrap.esm.js' for pattern '**/*.razor.js'
         Rejected asset 'wwwroot/lib/bootstrap/dist/js/bootstrap.esm.js.map' for pattern '**/*.razor.js'
         Rejected asset 'wwwroot/lib/bootstrap/dist/js/bootstrap.esm.min.js' for pattern '**/*.razor.js'
         Rejected asset 'wwwroot/lib/bootstrap/dist/js/bootstrap.esm.min.js.map' for pattern '**/*.razor.js'
         Rejected asset 'wwwroot/lib/bootstrap/dist/js/bootstrap.js' for pattern '**/*.razor.js'
         Rejected asset 'wwwroot/lib/bootstrap/dist/js/bootstrap.js.map' for pattern '**/*.razor.js'
         Rejected asset 'wwwroot/lib/bootstrap/dist/js/bootstrap.min.js' for pattern '**/*.razor.js'
         Rejected asset 'wwwroot/lib/bootstrap/dist/js/bootstrap.min.js.map' for pattern '**/*.razor.js'
         Rejected asset 'wwwroot/lib/bootstrap/LICENSE' for pattern '**/*.razor.js'
         Rejected asset 'wwwroot/lib/jquery-validation-unobtrusive/jquery.validate.unobtrusive.js' for pattern '**/*.razor.js'
         Rejected asset 'wwwroot/lib/jquery-validation-unobtrusive/jquery.validate.unobtrusive.min.js' for pattern '**/*.razor.js'
         Rejected asset 'wwwroot/lib/jquery-validation-unobtrusive/LICENSE.txt' for pattern '**/*.razor.js'
         Rejected asset 'wwwroot/lib/jquery-validation/dist/additional-methods.js' for pattern '**/*.razor.js'
         Rejected asset 'wwwroot/lib/jquery-validation/dist/additional-methods.min.js' for pattern '**/*.razor.js'
         Rejected asset 'wwwroot/lib/jquery-validation/dist/jquery.validate.js' for pattern '**/*.razor.js'
         Rejected asset 'wwwroot/lib/jquery-validation/dist/jquery.validate.min.js' for pattern '**/*.razor.js'
         Rejected asset 'wwwroot/lib/jquery-validation/LICENSE.md' for pattern '**/*.razor.js'
         Rejected asset 'wwwroot/lib/jquery/dist/jquery.js' for pattern '**/*.razor.js'
         Rejected asset 'wwwroot/lib/jquery/dist/jquery.min.js' for pattern '**/*.razor.js'
         Rejected asset 'wwwroot/lib/jquery/dist/jquery.min.map' for pattern '**/*.razor.js'
         Rejected asset 'wwwroot/lib/jquery/LICENSE.txt' for pattern '**/*.razor.js'
         Rejected asset 'appsettings.Development.json' for pattern '**/*.razor.js'
         Rejected asset 'appsettings.json' for pattern '**/*.razor.js'
         Rejected asset 'Areas/Identity/Pages/Account/AccessDenied.cshtml' for pattern '**/*.razor.js'
         Rejected asset 'Areas/Identity/Pages/Account/ConfirmEmail.cshtml' for pattern '**/*.razor.js'
         Rejected asset 'Areas/Identity/Pages/Account/ConfirmEmailChange.cshtml' for pattern '**/*.razor.js'
         Rejected asset 'Areas/Identity/Pages/Account/ExternalLogin.cshtml' for pattern '**/*.razor.js'
         Rejected asset 'Areas/Identity/Pages/Account/ForgotPassword.cshtml' for pattern '**/*.razor.js'
         Rejected asset 'Areas/Identity/Pages/Account/ForgotPasswordConfirmation.cshtml' for pattern '**/*.razor.js'
         Rejected asset 'Areas/Identity/Pages/Account/Lockout.cshtml' for pattern '**/*.razor.js'
         Rejected asset 'Areas/Identity/Pages/Account/Login.cshtml' for pattern '**/*.razor.js'
         Rejected asset 'Areas/Identity/Pages/Account/LoginWith2fa.cshtml' for pattern '**/*.razor.js'
         Rejected asset 'Areas/Identity/Pages/Account/LoginWithRecoveryCode.cshtml' for pattern '**/*.razor.js'
         Rejected asset 'Areas/Identity/Pages/Account/Logout.cshtml' for pattern '**/*.razor.js'
         Rejected asset 'Areas/Identity/Pages/Account/Manage/ChangePassword.cshtml' for pattern '**/*.razor.js'
         Rejected asset 'Areas/Identity/Pages/Account/Manage/DeletePersonalData.cshtml' for pattern '**/*.razor.js'
         Rejected asset 'Areas/Identity/Pages/Account/Manage/Disable2fa.cshtml' for pattern '**/*.razor.js'
         Rejected asset 'Areas/Identity/Pages/Account/Manage/DownloadPersonalData.cshtml' for pattern '**/*.razor.js'
         Rejected asset 'Areas/Identity/Pages/Account/Manage/Email.cshtml' for pattern '**/*.razor.js'
         Rejected asset 'Areas/Identity/Pages/Account/Manage/EnableAuthenticator.cshtml' for pattern '**/*.razor.js'
         Rejected asset 'Areas/Identity/Pages/Account/Manage/ExternalLogins.cshtml' for pattern '**/*.razor.js'
         Rejected asset 'Areas/Identity/Pages/Account/Manage/GenerateRecoveryCodes.cshtml' for pattern '**/*.razor.js'
         Rejected asset 'Areas/Identity/Pages/Account/Manage/Index.cshtml' for pattern '**/*.razor.js'
         Rejected asset 'Areas/Identity/Pages/Account/Manage/PersonalData.cshtml' for pattern '**/*.razor.js'
         Rejected asset 'Areas/Identity/Pages/Account/Manage/ResetAuthenticator.cshtml' for pattern '**/*.razor.js'
         Rejected asset 'Areas/Identity/Pages/Account/Manage/SetPassword.cshtml' for pattern '**/*.razor.js'
         Rejected asset 'Areas/Identity/Pages/Account/Manage/ShowRecoveryCodes.cshtml' for pattern '**/*.razor.js'
         Rejected asset 'Areas/Identity/Pages/Account/Manage/TwoFactorAuthentication.cshtml' for pattern '**/*.razor.js'
         Rejected asset 'Areas/Identity/Pages/Account/Manage/_Layout.cshtml' for pattern '**/*.razor.js'
         Rejected asset 'Areas/Identity/Pages/Account/Manage/_ManageNav.cshtml' for pattern '**/*.razor.js'
         Rejected asset 'Areas/Identity/Pages/Account/Manage/_StatusMessage.cshtml' for pattern '**/*.razor.js'
         Rejected asset 'Areas/Identity/Pages/Account/Manage/_ViewImports.cshtml' for pattern '**/*.razor.js'
         Rejected asset 'Areas/Identity/Pages/Account/Register.cshtml' for pattern '**/*.razor.js'
         Rejected asset 'Areas/Identity/Pages/Account/RegisterConfirmation.cshtml' for pattern '**/*.razor.js'
         Rejected asset 'Areas/Identity/Pages/Account/ResendEmailConfirmation.cshtml' for pattern '**/*.razor.js'
         Rejected asset 'Areas/Identity/Pages/Account/ResetPassword.cshtml' for pattern '**/*.razor.js'
         Rejected asset 'Areas/Identity/Pages/Account/ResetPasswordConfirmation.cshtml' for pattern '**/*.razor.js'
         Rejected asset 'Areas/Identity/Pages/Account/SignalR.cshtml' for pattern '**/*.razor.js'
         Rejected asset 'Areas/Identity/Pages/Account/_StatusMessage.cshtml' for pattern '**/*.razor.js'
         Rejected asset 'Areas/Identity/Pages/Account/_ViewImports.cshtml' for pattern '**/*.razor.js'
         Rejected asset 'Areas/Identity/Pages/Error.cshtml' for pattern '**/*.razor.js'
         Rejected asset 'Areas/Identity/Pages/_ValidationScriptsPartial.cshtml' for pattern '**/*.razor.js'
         Rejected asset 'Areas/Identity/Pages/_ViewImports.cshtml' for pattern '**/*.razor.js'
         Rejected asset 'Areas/Identity/Pages/_ViewStart.cshtml' for pattern '**/*.razor.js'
         Rejected asset 'Pages/Admin/Permissions/Permissions.cshtml' for pattern '**/*.razor.js'
         Rejected asset 'Pages/CRM/Partners/Index.cshtml' for pattern '**/*.razor.js'
         Rejected asset 'Pages/Error.cshtml' for pattern '**/*.razor.js'
         Rejected asset 'Pages/Index.cshtml' for pattern '**/*.razor.js'
         Rejected asset 'Pages/Privacy.cshtml' for pattern '**/*.razor.js'
         Rejected asset 'Pages/Shared/_Layout.cshtml' for pattern '**/*.razor.js'
         Rejected asset 'Pages/Shared/_LayoutDashboard.cshtml' for pattern '**/*.razor.js'
         Rejected asset 'Pages/Shared/_LoginPartial.cshtml' for pattern '**/*.razor.js'
         Rejected asset 'Pages/Shared/_ValidationScriptsPartial.cshtml' for pattern '**/*.razor.js'
         Rejected asset 'Pages/_ViewImports.cshtml' for pattern '**/*.razor.js'
         Rejected asset 'Pages/_ViewStart.cshtml' for pattern '**/*.razor.js'
         Rejected asset 'Pages/Shared/_Layout.cshtml.css' for pattern '**/*.razor.js'
         Rejected asset 'Areas/Identity/Pages/Account/pexels-brett-sayles-1431822.jpg' for pattern '**/*.razor.js'
         Rejected asset 'build_output.txt' for pattern '**/*.razor.js'
         Rejected asset 'ScaffoldingReadMe.txt' for pattern '**/*.razor.js'
         Rejected asset 'Properties/launchSettings.json' for pattern '**/*.razor.js'
         Link 'Cloud9.2' found for candidate '/Users/tp/Projects/Cloud9.2/obj/Debug/net8.0/apphost' and will be used for matching.
         Rejected asset 'Cloud9.2' for pattern '**/*.razor.js'
       Done executing task "DiscoverStaticWebAssets".
       Task "DiscoverStaticWebAssets"
         Rejected asset 'wwwroot/css/bootstrap-grid.css' for pattern '**/*.cshtml.js'
         Rejected asset 'wwwroot/css/bootstrap-grid.css.map' for pattern '**/*.cshtml.js'
         Rejected asset 'wwwroot/css/bootstrap-grid.min.css' for pattern '**/*.cshtml.js'
         Rejected asset 'wwwroot/css/bootstrap-grid.min.css.map' for pattern '**/*.cshtml.js'
         Rejected asset 'wwwroot/css/bootstrap-grid.rtl.css' for pattern '**/*.cshtml.js'
         Rejected asset 'wwwroot/css/bootstrap-grid.rtl.css.map' for pattern '**/*.cshtml.js'
         Rejected asset 'wwwroot/css/bootstrap-grid.rtl.min.css' for pattern '**/*.cshtml.js'
         Rejected asset 'wwwroot/css/bootstrap-grid.rtl.min.css.map' for pattern '**/*.cshtml.js'
         Rejected asset 'wwwroot/css/bootstrap-reboot.css' for pattern '**/*.cshtml.js'
         Rejected asset 'wwwroot/css/bootstrap-reboot.css.map' for pattern '**/*.cshtml.js'
         Rejected asset 'wwwroot/css/bootstrap-reboot.min.css' for pattern '**/*.cshtml.js'
         Rejected asset 'wwwroot/css/bootstrap-reboot.min.css.map' for pattern '**/*.cshtml.js'
         Rejected asset 'wwwroot/css/bootstrap-reboot.rtl.css' for pattern '**/*.cshtml.js'
         Rejected asset 'wwwroot/css/bootstrap-reboot.rtl.css.map' for pattern '**/*.cshtml.js'
         Rejected asset 'wwwroot/css/bootstrap-reboot.rtl.min.css' for pattern '**/*.cshtml.js'
         Rejected asset 'wwwroot/css/bootstrap-reboot.rtl.min.css.map' for pattern '**/*.cshtml.js'
         Rejected asset 'wwwroot/css/bootstrap-utilities.css' for pattern '**/*.cshtml.js'
         Rejected asset 'wwwroot/css/bootstrap-utilities.css.map' for pattern '**/*.cshtml.js'
         Rejected asset 'wwwroot/css/bootstrap-utilities.min.css' for pattern '**/*.cshtml.js'
         Rejected asset 'wwwroot/css/bootstrap-utilities.min.css.map' for pattern '**/*.cshtml.js'
         Rejected asset 'wwwroot/css/bootstrap-utilities.rtl.css' for pattern '**/*.cshtml.js'
         Rejected asset 'wwwroot/css/bootstrap-utilities.rtl.css.map' for pattern '**/*.cshtml.js'
         Rejected asset 'wwwroot/css/bootstrap-utilities.rtl.min.css' for pattern '**/*.cshtml.js'
         Rejected asset 'wwwroot/css/bootstrap-utilities.rtl.min.css.map' for pattern '**/*.cshtml.js'
         Rejected asset 'wwwroot/css/bootstrap.css' for pattern '**/*.cshtml.js'
         Rejected asset 'wwwroot/css/bootstrap.css.map' for pattern '**/*.cshtml.js'
         Rejected asset 'wwwroot/css/bootstrap.min.css' for pattern '**/*.cshtml.js'
         Rejected asset 'wwwroot/css/bootstrap.min.css.map' for pattern '**/*.cshtml.js'
         Rejected asset 'wwwroot/css/bootstrap.rtl.css' for pattern '**/*.cshtml.js'
         Rejected asset 'wwwroot/css/bootstrap.rtl.css.map' for pattern '**/*.cshtml.js'
         Rejected asset 'wwwroot/css/bootstrap.rtl.min.css' for pattern '**/*.cshtml.js'
         Rejected asset 'wwwroot/css/bootstrap.rtl.min.css.map' for pattern '**/*.cshtml.js'
         Rejected asset 'wwwroot/css/site.css' for pattern '**/*.cshtml.js'
         Rejected asset 'wwwroot/favicon.ico' for pattern '**/*.cshtml.js'
         Rejected asset 'wwwroot/Images/box-arrow-right.svg' for pattern '**/*.cshtml.js'
         Rejected asset 'wwwroot/Images/login_pic.jpg' for pattern '**/*.cshtml.js'
         Rejected asset 'wwwroot/Images/person-fill-gear.svg' for pattern '**/*.cshtml.js'
         Rejected asset 'wwwroot/Images/pexels-asadphoto-3250614.jpg' for pattern '**/*.cshtml.js'
         Rejected asset 'wwwroot/Images/pexels-brett-sayles-1431822.jpg' for pattern '**/*.cshtml.js'
         Rejected asset 'wwwroot/Images/pexels-eberhardgross-2310713.jpg' for pattern '**/*.cshtml.js'
         Rejected asset 'wwwroot/Images/pexels-rpnickson-2486168.jpg' for pattern '**/*.cshtml.js'
         Rejected asset 'wwwroot/js/bootstrap.bundle.js' for pattern '**/*.cshtml.js'
         Rejected asset 'wwwroot/js/bootstrap.bundle.js.map' for pattern '**/*.cshtml.js'
         Rejected asset 'wwwroot/js/bootstrap.bundle.min.js' for pattern '**/*.cshtml.js'
         Rejected asset 'wwwroot/js/bootstrap.bundle.min.js.map' for pattern '**/*.cshtml.js'
         Rejected asset 'wwwroot/js/bootstrap.esm.js' for pattern '**/*.cshtml.js'
         Rejected asset 'wwwroot/js/bootstrap.esm.js.map' for pattern '**/*.cshtml.js'
         Rejected asset 'wwwroot/js/bootstrap.esm.min.js' for pattern '**/*.cshtml.js'
         Rejected asset 'wwwroot/js/bootstrap.esm.min.js.map' for pattern '**/*.cshtml.js'
         Rejected asset 'wwwroot/js/bootstrap.js' for pattern '**/*.cshtml.js'
         Rejected asset 'wwwroot/js/bootstrap.js.map' for pattern '**/*.cshtml.js'
         Rejected asset 'wwwroot/js/bootstrap.min.js' for pattern '**/*.cshtml.js'
         Rejected asset 'wwwroot/js/bootstrap.min.js.map' for pattern '**/*.cshtml.js'
         Rejected asset 'wwwroot/js/draggabilly.pkgd.min.js' for pattern '**/*.cshtml.js'
         Rejected asset 'wwwroot/js/imagesloaded.pkgd.min.js' for pattern '**/*.cshtml.js'
         Rejected asset 'wwwroot/js/packery.pkgd.min.js' for pattern '**/*.cshtml.js'
         Rejected asset 'wwwroot/js/signalr.min.js' for pattern '**/*.cshtml.js'
         Rejected asset 'wwwroot/js/site.js' for pattern '**/*.cshtml.js'
         Rejected asset 'wwwroot/lib/bootstrap/dist/css/bootstrap-grid.css' for pattern '**/*.cshtml.js'
         Rejected asset 'wwwroot/lib/bootstrap/dist/css/bootstrap-grid.css.map' for pattern '**/*.cshtml.js'
         Rejected asset 'wwwroot/lib/bootstrap/dist/css/bootstrap-grid.min.css' for pattern '**/*.cshtml.js'
         Rejected asset 'wwwroot/lib/bootstrap/dist/css/bootstrap-grid.min.css.map' for pattern '**/*.cshtml.js'
         Rejected asset 'wwwroot/lib/bootstrap/dist/css/bootstrap-grid.rtl.css' for pattern '**/*.cshtml.js'
         Rejected asset 'wwwroot/lib/bootstrap/dist/css/bootstrap-grid.rtl.css.map' for pattern '**/*.cshtml.js'
         Rejected asset 'wwwroot/lib/bootstrap/dist/css/bootstrap-grid.rtl.min.css' for pattern '**/*.cshtml.js'
         Rejected asset 'wwwroot/lib/bootstrap/dist/css/bootstrap-grid.rtl.min.css.map' for pattern '**/*.cshtml.js'
         Rejected asset 'wwwroot/lib/bootstrap/dist/css/bootstrap-reboot.css' for pattern '**/*.cshtml.js'
         Rejected asset 'wwwroot/lib/bootstrap/dist/css/bootstrap-reboot.css.map' for pattern '**/*.cshtml.js'
         Rejected asset 'wwwroot/lib/bootstrap/dist/css/bootstrap-reboot.min.css' for pattern '**/*.cshtml.js'
         Rejected asset 'wwwroot/lib/bootstrap/dist/css/bootstrap-reboot.min.css.map' for pattern '**/*.cshtml.js'
         Rejected asset 'wwwroot/lib/bootstrap/dist/css/bootstrap-reboot.rtl.css' for pattern '**/*.cshtml.js'
         Rejected asset 'wwwroot/lib/bootstrap/dist/css/bootstrap-reboot.rtl.css.map' for pattern '**/*.cshtml.js'
         Rejected asset 'wwwroot/lib/bootstrap/dist/css/bootstrap-reboot.rtl.min.css' for pattern '**/*.cshtml.js'
         Rejected asset 'wwwroot/lib/bootstrap/dist/css/bootstrap-reboot.rtl.min.css.map' for pattern '**/*.cshtml.js'
         Rejected asset 'wwwroot/lib/bootstrap/dist/css/bootstrap-utilities.css' for pattern '**/*.cshtml.js'
         Rejected asset 'wwwroot/lib/bootstrap/dist/css/bootstrap-utilities.css.map' for pattern '**/*.cshtml.js'
         Rejected asset 'wwwroot/lib/bootstrap/dist/css/bootstrap-utilities.min.css' for pattern '**/*.cshtml.js'
         Rejected asset 'wwwroot/lib/bootstrap/dist/css/bootstrap-utilities.min.css.map' for pattern '**/*.cshtml.js'
         Rejected asset 'wwwroot/lib/bootstrap/dist/css/bootstrap-utilities.rtl.css' for pattern '**/*.cshtml.js'
         Rejected asset 'wwwroot/lib/bootstrap/dist/css/bootstrap-utilities.rtl.css.map' for pattern '**/*.cshtml.js'
         Rejected asset 'wwwroot/lib/bootstrap/dist/css/bootstrap-utilities.rtl.min.css' for pattern '**/*.cshtml.js'
         Rejected asset 'wwwroot/lib/bootstrap/dist/css/bootstrap-utilities.rtl.min.css.map' for pattern '**/*.cshtml.js'
         Rejected asset 'wwwroot/lib/bootstrap/dist/css/bootstrap.css' for pattern '**/*.cshtml.js'
         Rejected asset 'wwwroot/lib/bootstrap/dist/css/bootstrap.css.map' for pattern '**/*.cshtml.js'
         Rejected asset 'wwwroot/lib/bootstrap/dist/css/bootstrap.min.css' for pattern '**/*.cshtml.js'
         Rejected asset 'wwwroot/lib/bootstrap/dist/css/bootstrap.min.css.map' for pattern '**/*.cshtml.js'
         Rejected asset 'wwwroot/lib/bootstrap/dist/css/bootstrap.rtl.css' for pattern '**/*.cshtml.js'
         Rejected asset 'wwwroot/lib/bootstrap/dist/css/bootstrap.rtl.css.map' for pattern '**/*.cshtml.js'
         Rejected asset 'wwwroot/lib/bootstrap/dist/css/bootstrap.rtl.min.css' for pattern '**/*.cshtml.js'
         Rejected asset 'wwwroot/lib/bootstrap/dist/css/bootstrap.rtl.min.css.map' for pattern '**/*.cshtml.js'
         Rejected asset 'wwwroot/lib/bootstrap/dist/js/bootstrap.bundle.js' for pattern '**/*.cshtml.js'
         Rejected asset 'wwwroot/lib/bootstrap/dist/js/bootstrap.bundle.js.map' for pattern '**/*.cshtml.js'
         Rejected asset 'wwwroot/lib/bootstrap/dist/js/bootstrap.bundle.min.js' for pattern '**/*.cshtml.js'
         Rejected asset 'wwwroot/lib/bootstrap/dist/js/bootstrap.bundle.min.js.map' for pattern '**/*.cshtml.js'
         Rejected asset 'wwwroot/lib/bootstrap/dist/js/bootstrap.esm.js' for pattern '**/*.cshtml.js'
         Rejected asset 'wwwroot/lib/bootstrap/dist/js/bootstrap.esm.js.map' for pattern '**/*.cshtml.js'
         Rejected asset 'wwwroot/lib/bootstrap/dist/js/bootstrap.esm.min.js' for pattern '**/*.cshtml.js'
         Rejected asset 'wwwroot/lib/bootstrap/dist/js/bootstrap.esm.min.js.map' for pattern '**/*.cshtml.js'
         Rejected asset 'wwwroot/lib/bootstrap/dist/js/bootstrap.js' for pattern '**/*.cshtml.js'
         Rejected asset 'wwwroot/lib/bootstrap/dist/js/bootstrap.js.map' for pattern '**/*.cshtml.js'
         Rejected asset 'wwwroot/lib/bootstrap/dist/js/bootstrap.min.js' for pattern '**/*.cshtml.js'
         Rejected asset 'wwwroot/lib/bootstrap/dist/js/bootstrap.min.js.map' for pattern '**/*.cshtml.js'
         Rejected asset 'wwwroot/lib/bootstrap/LICENSE' for pattern '**/*.cshtml.js'
         Rejected asset 'wwwroot/lib/jquery-validation-unobtrusive/jquery.validate.unobtrusive.js' for pattern '**/*.cshtml.js'
         Rejected asset 'wwwroot/lib/jquery-validation-unobtrusive/jquery.validate.unobtrusive.min.js' for pattern '**/*.cshtml.js'
         Rejected asset 'wwwroot/lib/jquery-validation-unobtrusive/LICENSE.txt' for pattern '**/*.cshtml.js'
         Rejected asset 'wwwroot/lib/jquery-validation/dist/additional-methods.js' for pattern '**/*.cshtml.js'
         Rejected asset 'wwwroot/lib/jquery-validation/dist/additional-methods.min.js' for pattern '**/*.cshtml.js'
         Rejected asset 'wwwroot/lib/jquery-validation/dist/jquery.validate.js' for pattern '**/*.cshtml.js'
         Rejected asset 'wwwroot/lib/jquery-validation/dist/jquery.validate.min.js' for pattern '**/*.cshtml.js'
         Rejected asset 'wwwroot/lib/jquery-validation/LICENSE.md' for pattern '**/*.cshtml.js'
         Rejected asset 'wwwroot/lib/jquery/dist/jquery.js' for pattern '**/*.cshtml.js'
         Rejected asset 'wwwroot/lib/jquery/dist/jquery.min.js' for pattern '**/*.cshtml.js'
         Rejected asset 'wwwroot/lib/jquery/dist/jquery.min.map' for pattern '**/*.cshtml.js'
         Rejected asset 'wwwroot/lib/jquery/LICENSE.txt' for pattern '**/*.cshtml.js'
         Rejected asset 'appsettings.Development.json' for pattern '**/*.cshtml.js'
         Rejected asset 'appsettings.json' for pattern '**/*.cshtml.js'
         Rejected asset 'Areas/Identity/Pages/Account/AccessDenied.cshtml' for pattern '**/*.cshtml.js'
         Rejected asset 'Areas/Identity/Pages/Account/ConfirmEmail.cshtml' for pattern '**/*.cshtml.js'
         Rejected asset 'Areas/Identity/Pages/Account/ConfirmEmailChange.cshtml' for pattern '**/*.cshtml.js'
         Rejected asset 'Areas/Identity/Pages/Account/ExternalLogin.cshtml' for pattern '**/*.cshtml.js'
         Rejected asset 'Areas/Identity/Pages/Account/ForgotPassword.cshtml' for pattern '**/*.cshtml.js'
         Rejected asset 'Areas/Identity/Pages/Account/ForgotPasswordConfirmation.cshtml' for pattern '**/*.cshtml.js'
         Rejected asset 'Areas/Identity/Pages/Account/Lockout.cshtml' for pattern '**/*.cshtml.js'
         Rejected asset 'Areas/Identity/Pages/Account/Login.cshtml' for pattern '**/*.cshtml.js'
         Rejected asset 'Areas/Identity/Pages/Account/LoginWith2fa.cshtml' for pattern '**/*.cshtml.js'
         Rejected asset 'Areas/Identity/Pages/Account/LoginWithRecoveryCode.cshtml' for pattern '**/*.cshtml.js'
         Rejected asset 'Areas/Identity/Pages/Account/Logout.cshtml' for pattern '**/*.cshtml.js'
         Rejected asset 'Areas/Identity/Pages/Account/Manage/ChangePassword.cshtml' for pattern '**/*.cshtml.js'
         Rejected asset 'Areas/Identity/Pages/Account/Manage/DeletePersonalData.cshtml' for pattern '**/*.cshtml.js'
         Rejected asset 'Areas/Identity/Pages/Account/Manage/Disable2fa.cshtml' for pattern '**/*.cshtml.js'
         Rejected asset 'Areas/Identity/Pages/Account/Manage/DownloadPersonalData.cshtml' for pattern '**/*.cshtml.js'
         Rejected asset 'Areas/Identity/Pages/Account/Manage/Email.cshtml' for pattern '**/*.cshtml.js'
         Rejected asset 'Areas/Identity/Pages/Account/Manage/EnableAuthenticator.cshtml' for pattern '**/*.cshtml.js'
         Rejected asset 'Areas/Identity/Pages/Account/Manage/ExternalLogins.cshtml' for pattern '**/*.cshtml.js'
         Rejected asset 'Areas/Identity/Pages/Account/Manage/GenerateRecoveryCodes.cshtml' for pattern '**/*.cshtml.js'
         Rejected asset 'Areas/Identity/Pages/Account/Manage/Index.cshtml' for pattern '**/*.cshtml.js'
         Rejected asset 'Areas/Identity/Pages/Account/Manage/PersonalData.cshtml' for pattern '**/*.cshtml.js'
         Rejected asset 'Areas/Identity/Pages/Account/Manage/ResetAuthenticator.cshtml' for pattern '**/*.cshtml.js'
         Rejected asset 'Areas/Identity/Pages/Account/Manage/SetPassword.cshtml' for pattern '**/*.cshtml.js'
         Rejected asset 'Areas/Identity/Pages/Account/Manage/ShowRecoveryCodes.cshtml' for pattern '**/*.cshtml.js'
         Rejected asset 'Areas/Identity/Pages/Account/Manage/TwoFactorAuthentication.cshtml' for pattern '**/*.cshtml.js'
         Rejected asset 'Areas/Identity/Pages/Account/Manage/_Layout.cshtml' for pattern '**/*.cshtml.js'
         Rejected asset 'Areas/Identity/Pages/Account/Manage/_ManageNav.cshtml' for pattern '**/*.cshtml.js'
         Rejected asset 'Areas/Identity/Pages/Account/Manage/_StatusMessage.cshtml' for pattern '**/*.cshtml.js'
         Rejected asset 'Areas/Identity/Pages/Account/Manage/_ViewImports.cshtml' for pattern '**/*.cshtml.js'
         Rejected asset 'Areas/Identity/Pages/Account/Register.cshtml' for pattern '**/*.cshtml.js'
         Rejected asset 'Areas/Identity/Pages/Account/RegisterConfirmation.cshtml' for pattern '**/*.cshtml.js'
         Rejected asset 'Areas/Identity/Pages/Account/ResendEmailConfirmation.cshtml' for pattern '**/*.cshtml.js'
         Rejected asset 'Areas/Identity/Pages/Account/ResetPassword.cshtml' for pattern '**/*.cshtml.js'
         Rejected asset 'Areas/Identity/Pages/Account/ResetPasswordConfirmation.cshtml' for pattern '**/*.cshtml.js'
         Rejected asset 'Areas/Identity/Pages/Account/SignalR.cshtml' for pattern '**/*.cshtml.js'
         Rejected asset 'Areas/Identity/Pages/Account/_StatusMessage.cshtml' for pattern '**/*.cshtml.js'
         Rejected asset 'Areas/Identity/Pages/Account/_ViewImports.cshtml' for pattern '**/*.cshtml.js'
         Rejected asset 'Areas/Identity/Pages/Error.cshtml' for pattern '**/*.cshtml.js'
         Rejected asset 'Areas/Identity/Pages/_ValidationScriptsPartial.cshtml' for pattern '**/*.cshtml.js'
         Rejected asset 'Areas/Identity/Pages/_ViewImports.cshtml' for pattern '**/*.cshtml.js'
         Rejected asset 'Areas/Identity/Pages/_ViewStart.cshtml' for pattern '**/*.cshtml.js'
         Rejected asset 'Pages/Admin/Permissions/Permissions.cshtml' for pattern '**/*.cshtml.js'
         Rejected asset 'Pages/CRM/Partners/Index.cshtml' for pattern '**/*.cshtml.js'
         Rejected asset 'Pages/Error.cshtml' for pattern '**/*.cshtml.js'
         Rejected asset 'Pages/Index.cshtml' for pattern '**/*.cshtml.js'
         Rejected asset 'Pages/Privacy.cshtml' for pattern '**/*.cshtml.js'
         Rejected asset 'Pages/Shared/_Layout.cshtml' for pattern '**/*.cshtml.js'
         Rejected asset 'Pages/Shared/_LayoutDashboard.cshtml' for pattern '**/*.cshtml.js'
         Rejected asset 'Pages/Shared/_LoginPartial.cshtml' for pattern '**/*.cshtml.js'
         Rejected asset 'Pages/Shared/_ValidationScriptsPartial.cshtml' for pattern '**/*.cshtml.js'
         Rejected asset 'Pages/_ViewImports.cshtml' for pattern '**/*.cshtml.js'
         Rejected asset 'Pages/_ViewStart.cshtml' for pattern '**/*.cshtml.js'
         Rejected asset 'Pages/Shared/_Layout.cshtml.css' for pattern '**/*.cshtml.js'
         Rejected asset 'Areas/Identity/Pages/Account/pexels-brett-sayles-1431822.jpg' for pattern '**/*.cshtml.js'
         Rejected asset 'build_output.txt' for pattern '**/*.cshtml.js'
         Rejected asset 'ScaffoldingReadMe.txt' for pattern '**/*.cshtml.js'
         Rejected asset 'Properties/launchSettings.json' for pattern '**/*.cshtml.js'
         Link 'Cloud9.2' found for candidate '/Users/tp/Projects/Cloud9.2/obj/Debug/net8.0/apphost' and will be used for matching.
         Rejected asset 'Cloud9.2' for pattern '**/*.cshtml.js'
       Done executing task "DiscoverStaticWebAssets".
       Using "ApplyJsModules" task from assembly "/usr/local/share/dotnet/sdk/8.0.407/Sdks/Microsoft.NET.Sdk.StaticWebAssets/targets/../tasks/net8.0/Microsoft.NET.Sdk.StaticWebAssets.Tasks.dll".
       Task "ApplyJsModules"
       Done executing task "ApplyJsModules".
   1:7>Done building target "_ResolveJsModuleInputs" in project "Cloud9.2.csproj".
   1:7>Target "_AddJsModulesToStaticWebAssets" in file "/usr/local/share/dotnet/sdk/8.0.407/Sdks/Microsoft.NET.Sdk.StaticWebAssets/targets/Microsoft.NET.Sdk.StaticWebAssets.JSModules.targets" from project "/Users/tp/Projects/Cloud9.2/Cloud9.2.csproj" (target "ResolveStaticWebAssetsInputs" depends on it):
   1:7>Done building target "_AddJsModulesToStaticWebAssets" in project "Cloud9.2.csproj".
       Target "_ResolveJsModuleInputs" skipped. Previously built successfully.
       Target "ResolveReferencedProjectsStaticWebAssets" skipped. Previously built successfully.
   1:7>Target "_ResolveBuildJsModuleManifest" in file "/usr/local/share/dotnet/sdk/8.0.407/Sdks/Microsoft.NET.Sdk.StaticWebAssets/targets/Microsoft.NET.Sdk.StaticWebAssets.JSModules.targets" from project "/Users/tp/Projects/Cloud9.2/Cloud9.2.csproj" (target "_AddBuildJsModuleManifest" depends on it):
       Task "DefineStaticWebAssets" skipped, due to false condition; (@(_ExistingBuildJSModules) != '') was evaluated as ( != '').
   1:7>Done building target "_ResolveBuildJsModuleManifest" in project "Cloud9.2.csproj".
   1:7>Target "_AddBuildJsModuleManifest" in file "/usr/local/share/dotnet/sdk/8.0.407/Sdks/Microsoft.NET.Sdk.StaticWebAssets/targets/Microsoft.NET.Sdk.StaticWebAssets.JSModules.targets" from project "/Users/tp/Projects/Cloud9.2/Cloud9.2.csproj" (target "ResolveStaticWebAssetsInputs" depends on it):
   1:7>Done building target "_AddBuildJsModuleManifest" in project "Cloud9.2.csproj".
   1:7>Target "_ResolveCompressedFiles" in file "/usr/local/share/dotnet/sdk/8.0.407/Sdks/Microsoft.NET.Sdk.StaticWebAssets/targets/Microsoft.NET.Sdk.StaticWebAssets.Compression.targets" from project "/Users/tp/Projects/Cloud9.2/Cloud9.2.csproj" (target "ResolveStaticWebAssetsInputs" depends on it):
       Using "ResolveCompressedAssets" task from assembly "/usr/local/share/dotnet/sdk/8.0.407/Sdks/Microsoft.NET.Sdk.StaticWebAssets/targets/../tasks/net8.0/Microsoft.NET.Sdk.StaticWebAssets.Tasks.dll".
       Task "ResolveCompressedAssets"
         Asset '/Users/tp/Projects/Cloud9.2/wwwroot/css/bootstrap-grid.css' with relative path 'css/bootstrap-grid.css' did not match include pattern '' or matched exclude pattern ''.
         Asset '/Users/tp/Projects/Cloud9.2/wwwroot/css/bootstrap-grid.css.map' with relative path 'css/bootstrap-grid.css.map' did not match include pattern '' or matched exclude pattern ''.
         Asset '/Users/tp/Projects/Cloud9.2/wwwroot/css/bootstrap-grid.min.css' with relative path 'css/bootstrap-grid.min.css' did not match include pattern '' or matched exclude pattern ''.
         Asset '/Users/tp/Projects/Cloud9.2/wwwroot/css/bootstrap-grid.min.css.map' with relative path 'css/bootstrap-grid.min.css.map' did not match include pattern '' or matched exclude pattern ''.
         Asset '/Users/tp/Projects/Cloud9.2/wwwroot/css/bootstrap-grid.rtl.css' with relative path 'css/bootstrap-grid.rtl.css' did not match include pattern '' or matched exclude pattern ''.
         Asset '/Users/tp/Projects/Cloud9.2/wwwroot/css/bootstrap-grid.rtl.css.map' with relative path 'css/bootstrap-grid.rtl.css.map' did not match include pattern '' or matched exclude pattern ''.
         Asset '/Users/tp/Projects/Cloud9.2/wwwroot/css/bootstrap-grid.rtl.min.css' with relative path 'css/bootstrap-grid.rtl.min.css' did not match include pattern '' or matched exclude pattern ''.
         Asset '/Users/tp/Projects/Cloud9.2/wwwroot/css/bootstrap-grid.rtl.min.css.map' with relative path 'css/bootstrap-grid.rtl.min.css.map' did not match include pattern '' or matched exclude pattern ''.
         Asset '/Users/tp/Projects/Cloud9.2/wwwroot/css/bootstrap-reboot.css' with relative path 'css/bootstrap-reboot.css' did not match include pattern '' or matched exclude pattern ''.
         Asset '/Users/tp/Projects/Cloud9.2/wwwroot/css/bootstrap-reboot.css.map' with relative path 'css/bootstrap-reboot.css.map' did not match include pattern '' or matched exclude pattern ''.
         Asset '/Users/tp/Projects/Cloud9.2/wwwroot/css/bootstrap-reboot.min.css' with relative path 'css/bootstrap-reboot.min.css' did not match include pattern '' or matched exclude pattern ''.
         Asset '/Users/tp/Projects/Cloud9.2/wwwroot/css/bootstrap-reboot.min.css.map' with relative path 'css/bootstrap-reboot.min.css.map' did not match include pattern '' or matched exclude pattern ''.
         Asset '/Users/tp/Projects/Cloud9.2/wwwroot/css/bootstrap-reboot.rtl.css' with relative path 'css/bootstrap-reboot.rtl.css' did not match include pattern '' or matched exclude pattern ''.
         Asset '/Users/tp/Projects/Cloud9.2/wwwroot/css/bootstrap-reboot.rtl.css.map' with relative path 'css/bootstrap-reboot.rtl.css.map' did not match include pattern '' or matched exclude pattern ''.
         Asset '/Users/tp/Projects/Cloud9.2/wwwroot/css/bootstrap-reboot.rtl.min.css' with relative path 'css/bootstrap-reboot.rtl.min.css' did not match include pattern '' or matched exclude pattern ''.
         Asset '/Users/tp/Projects/Cloud9.2/wwwroot/css/bootstrap-reboot.rtl.min.css.map' with relative path 'css/bootstrap-reboot.rtl.min.css.map' did not match include pattern '' or matched exclude pattern ''.
         Asset '/Users/tp/Projects/Cloud9.2/wwwroot/css/bootstrap-utilities.css' with relative path 'css/bootstrap-utilities.css' did not match include pattern '' or matched exclude pattern ''.
         Asset '/Users/tp/Projects/Cloud9.2/wwwroot/css/bootstrap-utilities.css.map' with relative path 'css/bootstrap-utilities.css.map' did not match include pattern '' or matched exclude pattern ''.
         Asset '/Users/tp/Projects/Cloud9.2/wwwroot/css/bootstrap-utilities.min.css' with relative path 'css/bootstrap-utilities.min.css' did not match include pattern '' or matched exclude pattern ''.
         Asset '/Users/tp/Projects/Cloud9.2/wwwroot/css/bootstrap-utilities.min.css.map' with relative path 'css/bootstrap-utilities.min.css.map' did not match include pattern '' or matched exclude pattern ''.
         Asset '/Users/tp/Projects/Cloud9.2/wwwroot/css/bootstrap-utilities.rtl.css' with relative path 'css/bootstrap-utilities.rtl.css' did not match include pattern '' or matched exclude pattern ''.
         Asset '/Users/tp/Projects/Cloud9.2/wwwroot/css/bootstrap-utilities.rtl.css.map' with relative path 'css/bootstrap-utilities.rtl.css.map' did not match include pattern '' or matched exclude pattern ''.
         Asset '/Users/tp/Projects/Cloud9.2/wwwroot/css/bootstrap-utilities.rtl.min.css' with relative path 'css/bootstrap-utilities.rtl.min.css' did not match include pattern '' or matched exclude pattern ''.
         Asset '/Users/tp/Projects/Cloud9.2/wwwroot/css/bootstrap-utilities.rtl.min.css.map' with relative path 'css/bootstrap-utilities.rtl.min.css.map' did not match include pattern '' or matched exclude pattern ''.
         Asset '/Users/tp/Projects/Cloud9.2/wwwroot/css/bootstrap.css' with relative path 'css/bootstrap.css' did not match include pattern '' or matched exclude pattern ''.
         Asset '/Users/tp/Projects/Cloud9.2/wwwroot/css/bootstrap.css.map' with relative path 'css/bootstrap.css.map' did not match include pattern '' or matched exclude pattern ''.
         Asset '/Users/tp/Projects/Cloud9.2/wwwroot/css/bootstrap.min.css' with relative path 'css/bootstrap.min.css' did not match include pattern '' or matched exclude pattern ''.
         Asset '/Users/tp/Projects/Cloud9.2/wwwroot/css/bootstrap.min.css.map' with relative path 'css/bootstrap.min.css.map' did not match include pattern '' or matched exclude pattern ''.
         Asset '/Users/tp/Projects/Cloud9.2/wwwroot/css/bootstrap.rtl.css' with relative path 'css/bootstrap.rtl.css' did not match include pattern '' or matched exclude pattern ''.
         Asset '/Users/tp/Projects/Cloud9.2/wwwroot/css/bootstrap.rtl.css.map' with relative path 'css/bootstrap.rtl.css.map' did not match include pattern '' or matched exclude pattern ''.
         Asset '/Users/tp/Projects/Cloud9.2/wwwroot/css/bootstrap.rtl.min.css' with relative path 'css/bootstrap.rtl.min.css' did not match include pattern '' or matched exclude pattern ''.
         Asset '/Users/tp/Projects/Cloud9.2/wwwroot/css/bootstrap.rtl.min.css.map' with relative path 'css/bootstrap.rtl.min.css.map' did not match include pattern '' or matched exclude pattern ''.
         Asset '/Users/tp/Projects/Cloud9.2/wwwroot/css/site.css' with relative path 'css/site.css' did not match include pattern '' or matched exclude pattern ''.
         Asset '/Users/tp/Projects/Cloud9.2/wwwroot/favicon.ico' with relative path 'favicon.ico' did not match include pattern '' or matched exclude pattern ''.
         Asset '/Users/tp/Projects/Cloud9.2/wwwroot/Images/box-arrow-right.svg' with relative path 'Images/box-arrow-right.svg' did not match include pattern '' or matched exclude pattern ''.
         Asset '/Users/tp/Projects/Cloud9.2/wwwroot/Images/login_pic.jpg' with relative path 'Images/login_pic.jpg' did not match include pattern '' or matched exclude pattern ''.
         Asset '/Users/tp/Projects/Cloud9.2/wwwroot/Images/person-fill-gear.svg' with relative path 'Images/person-fill-gear.svg' did not match include pattern '' or matched exclude pattern ''.
         Asset '/Users/tp/Projects/Cloud9.2/wwwroot/Images/pexels-asadphoto-3250614.jpg' with relative path 'Images/pexels-asadphoto-3250614.jpg' did not match include pattern '' or matched exclude pattern ''.
         Asset '/Users/tp/Projects/Cloud9.2/wwwroot/Images/pexels-brett-sayles-1431822.jpg' with relative path 'Images/pexels-brett-sayles-1431822.jpg' did not match include pattern '' or matched exclude pattern ''.
         Asset '/Users/tp/Projects/Cloud9.2/wwwroot/Images/pexels-eberhardgross-2310713.jpg' with relative path 'Images/pexels-eberhardgross-2310713.jpg' did not match include pattern '' or matched exclude pattern ''.
         Asset '/Users/tp/Projects/Cloud9.2/wwwroot/Images/pexels-rpnickson-2486168.jpg' with relative path 'Images/pexels-rpnickson-2486168.jpg' did not match include pattern '' or matched exclude pattern ''.
         Asset '/Users/tp/Projects/Cloud9.2/wwwroot/js/bootstrap.bundle.js' with relative path 'js/bootstrap.bundle.js' did not match include pattern '' or matched exclude pattern ''.
         Asset '/Users/tp/Projects/Cloud9.2/wwwroot/js/bootstrap.bundle.js.map' with relative path 'js/bootstrap.bundle.js.map' did not match include pattern '' or matched exclude pattern ''.
         Asset '/Users/tp/Projects/Cloud9.2/wwwroot/js/bootstrap.bundle.min.js' with relative path 'js/bootstrap.bundle.min.js' did not match include pattern '' or matched exclude pattern ''.
         Asset '/Users/tp/Projects/Cloud9.2/wwwroot/js/bootstrap.bundle.min.js.map' with relative path 'js/bootstrap.bundle.min.js.map' did not match include pattern '' or matched exclude pattern ''.
         Asset '/Users/tp/Projects/Cloud9.2/wwwroot/js/bootstrap.esm.js' with relative path 'js/bootstrap.esm.js' did not match include pattern '' or matched exclude pattern ''.
         Asset '/Users/tp/Projects/Cloud9.2/wwwroot/js/bootstrap.esm.js.map' with relative path 'js/bootstrap.esm.js.map' did not match include pattern '' or matched exclude pattern ''.
         Asset '/Users/tp/Projects/Cloud9.2/wwwroot/js/bootstrap.esm.min.js' with relative path 'js/bootstrap.esm.min.js' did not match include pattern '' or matched exclude pattern ''.
         Asset '/Users/tp/Projects/Cloud9.2/wwwroot/js/bootstrap.esm.min.js.map' with relative path 'js/bootstrap.esm.min.js.map' did not match include pattern '' or matched exclude pattern ''.
         Asset '/Users/tp/Projects/Cloud9.2/wwwroot/js/bootstrap.js' with relative path 'js/bootstrap.js' did not match include pattern '' or matched exclude pattern ''.
         Asset '/Users/tp/Projects/Cloud9.2/wwwroot/js/bootstrap.js.map' with relative path 'js/bootstrap.js.map' did not match include pattern '' or matched exclude pattern ''.
         Asset '/Users/tp/Projects/Cloud9.2/wwwroot/js/bootstrap.min.js' with relative path 'js/bootstrap.min.js' did not match include pattern '' or matched exclude pattern ''.
         Asset '/Users/tp/Projects/Cloud9.2/wwwroot/js/bootstrap.min.js.map' with relative path 'js/bootstrap.min.js.map' did not match include pattern '' or matched exclude pattern ''.
         Asset '/Users/tp/Projects/Cloud9.2/wwwroot/js/draggabilly.pkgd.min.js' with relative path 'js/draggabilly.pkgd.min.js' did not match include pattern '' or matched exclude pattern ''.
         Asset '/Users/tp/Projects/Cloud9.2/wwwroot/js/imagesloaded.pkgd.min.js' with relative path 'js/imagesloaded.pkgd.min.js' did not match include pattern '' or matched exclude pattern ''.
         Asset '/Users/tp/Projects/Cloud9.2/wwwroot/js/packery.pkgd.min.js' with relative path 'js/packery.pkgd.min.js' did not match include pattern '' or matched exclude pattern ''.
         Asset '/Users/tp/Projects/Cloud9.2/wwwroot/js/signalr.min.js' with relative path 'js/signalr.min.js' did not match include pattern '' or matched exclude pattern ''.
         Asset '/Users/tp/Projects/Cloud9.2/wwwroot/js/site.js' with relative path 'js/site.js' did not match include pattern '' or matched exclude pattern ''.
         Asset '/Users/tp/Projects/Cloud9.2/wwwroot/lib/bootstrap/dist/css/bootstrap-grid.css' with relative path 'lib/bootstrap/dist/css/bootstrap-grid.css' did not match include pattern '' or matched exclude pattern ''.
         Asset '/Users/tp/Projects/Cloud9.2/wwwroot/lib/bootstrap/dist/css/bootstrap-grid.css.map' with relative path 'lib/bootstrap/dist/css/bootstrap-grid.css.map' did not match include pattern '' or matched exclude pattern ''.
         Asset '/Users/tp/Projects/Cloud9.2/wwwroot/lib/bootstrap/dist/css/bootstrap-grid.min.css' with relative path 'lib/bootstrap/dist/css/bootstrap-grid.min.css' did not match include pattern '' or matched exclude pattern ''.
         Asset '/Users/tp/Projects/Cloud9.2/wwwroot/lib/bootstrap/dist/css/bootstrap-grid.min.css.map' with relative path 'lib/bootstrap/dist/css/bootstrap-grid.min.css.map' did not match include pattern '' or matched exclude pattern ''.
         Asset '/Users/tp/Projects/Cloud9.2/wwwroot/lib/bootstrap/dist/css/bootstrap-grid.rtl.css' with relative path 'lib/bootstrap/dist/css/bootstrap-grid.rtl.css' did not match include pattern '' or matched exclude pattern ''.
         Asset '/Users/tp/Projects/Cloud9.2/wwwroot/lib/bootstrap/dist/css/bootstrap-grid.rtl.css.map' with relative path 'lib/bootstrap/dist/css/bootstrap-grid.rtl.css.map' did not match include pattern '' or matched exclude pattern ''.
         Asset '/Users/tp/Projects/Cloud9.2/wwwroot/lib/bootstrap/dist/css/bootstrap-grid.rtl.min.css' with relative path 'lib/bootstrap/dist/css/bootstrap-grid.rtl.min.css' did not match include pattern '' or matched exclude pattern ''.
         Asset '/Users/tp/Projects/Cloud9.2/wwwroot/lib/bootstrap/dist/css/bootstrap-grid.rtl.min.css.map' with relative path 'lib/bootstrap/dist/css/bootstrap-grid.rtl.min.css.map' did not match include pattern '' or matched exclude pattern ''.
         Asset '/Users/tp/Projects/Cloud9.2/wwwroot/lib/bootstrap/dist/css/bootstrap-reboot.css' with relative path 'lib/bootstrap/dist/css/bootstrap-reboot.css' did not match include pattern '' or matched exclude pattern ''.
         Asset '/Users/tp/Projects/Cloud9.2/wwwroot/lib/bootstrap/dist/css/bootstrap-reboot.css.map' with relative path 'lib/bootstrap/dist/css/bootstrap-reboot.css.map' did not match include pattern '' or matched exclude pattern ''.
         Asset '/Users/tp/Projects/Cloud9.2/wwwroot/lib/bootstrap/dist/css/bootstrap-reboot.min.css' with relative path 'lib/bootstrap/dist/css/bootstrap-reboot.min.css' did not match include pattern '' or matched exclude pattern ''.
         Asset '/Users/tp/Projects/Cloud9.2/wwwroot/lib/bootstrap/dist/css/bootstrap-reboot.min.css.map' with relative path 'lib/bootstrap/dist/css/bootstrap-reboot.min.css.map' did not match include pattern '' or matched exclude pattern ''.
         Asset '/Users/tp/Projects/Cloud9.2/wwwroot/lib/bootstrap/dist/css/bootstrap-reboot.rtl.css' with relative path 'lib/bootstrap/dist/css/bootstrap-reboot.rtl.css' did not match include pattern '' or matched exclude pattern ''.
         Asset '/Users/tp/Projects/Cloud9.2/wwwroot/lib/bootstrap/dist/css/bootstrap-reboot.rtl.css.map' with relative path 'lib/bootstrap/dist/css/bootstrap-reboot.rtl.css.map' did not match include pattern '' or matched exclude pattern ''.
         Asset '/Users/tp/Projects/Cloud9.2/wwwroot/lib/bootstrap/dist/css/bootstrap-reboot.rtl.min.css' with relative path 'lib/bootstrap/dist/css/bootstrap-reboot.rtl.min.css' did not match include pattern '' or matched exclude pattern ''.
         Asset '/Users/tp/Projects/Cloud9.2/wwwroot/lib/bootstrap/dist/css/bootstrap-reboot.rtl.min.css.map' with relative path 'lib/bootstrap/dist/css/bootstrap-reboot.rtl.min.css.map' did not match include pattern '' or matched exclude pattern ''.
         Asset '/Users/tp/Projects/Cloud9.2/wwwroot/lib/bootstrap/dist/css/bootstrap-utilities.css' with relative path 'lib/bootstrap/dist/css/bootstrap-utilities.css' did not match include pattern '' or matched exclude pattern ''.
         Asset '/Users/tp/Projects/Cloud9.2/wwwroot/lib/bootstrap/dist/css/bootstrap-utilities.css.map' with relative path 'lib/bootstrap/dist/css/bootstrap-utilities.css.map' did not match include pattern '' or matched exclude pattern ''.
         Asset '/Users/tp/Projects/Cloud9.2/wwwroot/lib/bootstrap/dist/css/bootstrap-utilities.min.css' with relative path 'lib/bootstrap/dist/css/bootstrap-utilities.min.css' did not match include pattern '' or matched exclude pattern ''.
         Asset '/Users/tp/Projects/Cloud9.2/wwwroot/lib/bootstrap/dist/css/bootstrap-utilities.min.css.map' with relative path 'lib/bootstrap/dist/css/bootstrap-utilities.min.css.map' did not match include pattern '' or matched exclude pattern ''.
         Asset '/Users/tp/Projects/Cloud9.2/wwwroot/lib/bootstrap/dist/css/bootstrap-utilities.rtl.css' with relative path 'lib/bootstrap/dist/css/bootstrap-utilities.rtl.css' did not match include pattern '' or matched exclude pattern ''.
         Asset '/Users/tp/Projects/Cloud9.2/wwwroot/lib/bootstrap/dist/css/bootstrap-utilities.rtl.css.map' with relative path 'lib/bootstrap/dist/css/bootstrap-utilities.rtl.css.map' did not match include pattern '' or matched exclude pattern ''.
         Asset '/Users/tp/Projects/Cloud9.2/wwwroot/lib/bootstrap/dist/css/bootstrap-utilities.rtl.min.css' with relative path 'lib/bootstrap/dist/css/bootstrap-utilities.rtl.min.css' did not match include pattern '' or matched exclude pattern ''.
         Asset '/Users/tp/Projects/Cloud9.2/wwwroot/lib/bootstrap/dist/css/bootstrap-utilities.rtl.min.css.map' with relative path 'lib/bootstrap/dist/css/bootstrap-utilities.rtl.min.css.map' did not match include pattern '' or matched exclude pattern ''.
         Asset '/Users/tp/Projects/Cloud9.2/wwwroot/lib/bootstrap/dist/css/bootstrap.css' with relative path 'lib/bootstrap/dist/css/bootstrap.css' did not match include pattern '' or matched exclude pattern ''.
         Asset '/Users/tp/Projects/Cloud9.2/wwwroot/lib/bootstrap/dist/css/bootstrap.css.map' with relative path 'lib/bootstrap/dist/css/bootstrap.css.map' did not match include pattern '' or matched exclude pattern ''.
         Asset '/Users/tp/Projects/Cloud9.2/wwwroot/lib/bootstrap/dist/css/bootstrap.min.css' with relative path 'lib/bootstrap/dist/css/bootstrap.min.css' did not match include pattern '' or matched exclude pattern ''.
         Asset '/Users/tp/Projects/Cloud9.2/wwwroot/lib/bootstrap/dist/css/bootstrap.min.css.map' with relative path 'lib/bootstrap/dist/css/bootstrap.min.css.map' did not match include pattern '' or matched exclude pattern ''.
         Asset '/Users/tp/Projects/Cloud9.2/wwwroot/lib/bootstrap/dist/css/bootstrap.rtl.css' with relative path 'lib/bootstrap/dist/css/bootstrap.rtl.css' did not match include pattern '' or matched exclude pattern ''.
         Asset '/Users/tp/Projects/Cloud9.2/wwwroot/lib/bootstrap/dist/css/bootstrap.rtl.css.map' with relative path 'lib/bootstrap/dist/css/bootstrap.rtl.css.map' did not match include pattern '' or matched exclude pattern ''.
         Asset '/Users/tp/Projects/Cloud9.2/wwwroot/lib/bootstrap/dist/css/bootstrap.rtl.min.css' with relative path 'lib/bootstrap/dist/css/bootstrap.rtl.min.css' did not match include pattern '' or matched exclude pattern ''.
         Asset '/Users/tp/Projects/Cloud9.2/wwwroot/lib/bootstrap/dist/css/bootstrap.rtl.min.css.map' with relative path 'lib/bootstrap/dist/css/bootstrap.rtl.min.css.map' did not match include pattern '' or matched exclude pattern ''.
         Asset '/Users/tp/Projects/Cloud9.2/wwwroot/lib/bootstrap/dist/js/bootstrap.bundle.js' with relative path 'lib/bootstrap/dist/js/bootstrap.bundle.js' did not match include pattern '' or matched exclude pattern ''.
         Asset '/Users/tp/Projects/Cloud9.2/wwwroot/lib/bootstrap/dist/js/bootstrap.bundle.js.map' with relative path 'lib/bootstrap/dist/js/bootstrap.bundle.js.map' did not match include pattern '' or matched exclude pattern ''.
         Asset '/Users/tp/Projects/Cloud9.2/wwwroot/lib/bootstrap/dist/js/bootstrap.bundle.min.js' with relative path 'lib/bootstrap/dist/js/bootstrap.bundle.min.js' did not match include pattern '' or matched exclude pattern ''.
         Asset '/Users/tp/Projects/Cloud9.2/wwwroot/lib/bootstrap/dist/js/bootstrap.bundle.min.js.map' with relative path 'lib/bootstrap/dist/js/bootstrap.bundle.min.js.map' did not match include pattern '' or matched exclude pattern ''.
         Asset '/Users/tp/Projects/Cloud9.2/wwwroot/lib/bootstrap/dist/js/bootstrap.esm.js' with relative path 'lib/bootstrap/dist/js/bootstrap.esm.js' did not match include pattern '' or matched exclude pattern ''.
         Asset '/Users/tp/Projects/Cloud9.2/wwwroot/lib/bootstrap/dist/js/bootstrap.esm.js.map' with relative path 'lib/bootstrap/dist/js/bootstrap.esm.js.map' did not match include pattern '' or matched exclude pattern ''.
         Asset '/Users/tp/Projects/Cloud9.2/wwwroot/lib/bootstrap/dist/js/bootstrap.esm.min.js' with relative path 'lib/bootstrap/dist/js/bootstrap.esm.min.js' did not match include pattern '' or matched exclude pattern ''.
         Asset '/Users/tp/Projects/Cloud9.2/wwwroot/lib/bootstrap/dist/js/bootstrap.esm.min.js.map' with relative path 'lib/bootstrap/dist/js/bootstrap.esm.min.js.map' did not match include pattern '' or matched exclude pattern ''.
         Asset '/Users/tp/Projects/Cloud9.2/wwwroot/lib/bootstrap/dist/js/bootstrap.js' with relative path 'lib/bootstrap/dist/js/bootstrap.js' did not match include pattern '' or matched exclude pattern ''.
         Asset '/Users/tp/Projects/Cloud9.2/wwwroot/lib/bootstrap/dist/js/bootstrap.js.map' with relative path 'lib/bootstrap/dist/js/bootstrap.js.map' did not match include pattern '' or matched exclude pattern ''.
         Asset '/Users/tp/Projects/Cloud9.2/wwwroot/lib/bootstrap/dist/js/bootstrap.min.js' with relative path 'lib/bootstrap/dist/js/bootstrap.min.js' did not match include pattern '' or matched exclude pattern ''.
         Asset '/Users/tp/Projects/Cloud9.2/wwwroot/lib/bootstrap/dist/js/bootstrap.min.js.map' with relative path 'lib/bootstrap/dist/js/bootstrap.min.js.map' did not match include pattern '' or matched exclude pattern ''.
         Asset '/Users/tp/Projects/Cloud9.2/wwwroot/lib/bootstrap/LICENSE' with relative path 'lib/bootstrap/LICENSE' did not match include pattern '' or matched exclude pattern ''.
         Asset '/Users/tp/Projects/Cloud9.2/wwwroot/lib/jquery-validation-unobtrusive/jquery.validate.unobtrusive.js' with relative path 'lib/jquery-validation-unobtrusive/jquery.validate.unobtrusive.js' did not match include pattern '' or matched exclude pattern ''.
         Asset '/Users/tp/Projects/Cloud9.2/wwwroot/lib/jquery-validation-unobtrusive/jquery.validate.unobtrusive.min.js' with relative path 'lib/jquery-validation-unobtrusive/jquery.validate.unobtrusive.min.js' did not match include pattern '' or matched exclude pattern ''.
         Asset '/Users/tp/Projects/Cloud9.2/wwwroot/lib/jquery-validation-unobtrusive/LICENSE.txt' with relative path 'lib/jquery-validation-unobtrusive/LICENSE.txt' did not match include pattern '' or matched exclude pattern ''.
         Asset '/Users/tp/Projects/Cloud9.2/wwwroot/lib/jquery-validation/dist/additional-methods.js' with relative path 'lib/jquery-validation/dist/additional-methods.js' did not match include pattern '' or matched exclude pattern ''.
         Asset '/Users/tp/Projects/Cloud9.2/wwwroot/lib/jquery-validation/dist/additional-methods.min.js' with relative path 'lib/jquery-validation/dist/additional-methods.min.js' did not match include pattern '' or matched exclude pattern ''.
         Asset '/Users/tp/Projects/Cloud9.2/wwwroot/lib/jquery-validation/dist/jquery.validate.js' with relative path 'lib/jquery-validation/dist/jquery.validate.js' did not match include pattern '' or matched exclude pattern ''.
         Asset '/Users/tp/Projects/Cloud9.2/wwwroot/lib/jquery-validation/dist/jquery.validate.min.js' with relative path 'lib/jquery-validation/dist/jquery.validate.min.js' did not match include pattern '' or matched exclude pattern ''.
         Asset '/Users/tp/Projects/Cloud9.2/wwwroot/lib/jquery-validation/LICENSE.md' with relative path 'lib/jquery-validation/LICENSE.md' did not match include pattern '' or matched exclude pattern ''.
         Asset '/Users/tp/Projects/Cloud9.2/wwwroot/lib/jquery/dist/jquery.js' with relative path 'lib/jquery/dist/jquery.js' did not match include pattern '' or matched exclude pattern ''.
         Asset '/Users/tp/Projects/Cloud9.2/wwwroot/lib/jquery/dist/jquery.min.js' with relative path 'lib/jquery/dist/jquery.min.js' did not match include pattern '' or matched exclude pattern ''.
         Asset '/Users/tp/Projects/Cloud9.2/wwwroot/lib/jquery/dist/jquery.min.map' with relative path 'lib/jquery/dist/jquery.min.map' did not match include pattern '' or matched exclude pattern ''.
         Asset '/Users/tp/Projects/Cloud9.2/wwwroot/lib/jquery/LICENSE.txt' with relative path 'lib/jquery/LICENSE.txt' did not match include pattern '' or matched exclude pattern ''.
         Asset '/Users/tp/.nuget/packages/microsoft.aspnetcore.identity.ui/8.0.0/staticwebassets/V5/css/site.css' with relative path 'css/site.css' did not match include pattern '' or matched exclude pattern ''.
         Asset '/Users/tp/.nuget/packages/microsoft.aspnetcore.identity.ui/8.0.0/staticwebassets/V5/favicon.ico' with relative path 'favicon.ico' did not match include pattern '' or matched exclude pattern ''.
         Asset '/Users/tp/.nuget/packages/microsoft.aspnetcore.identity.ui/8.0.0/staticwebassets/V5/js/site.js' with relative path 'js/site.js' did not match include pattern '' or matched exclude pattern ''.
         Asset '/Users/tp/.nuget/packages/microsoft.aspnetcore.identity.ui/8.0.0/staticwebassets/V5/lib/bootstrap/dist/css/bootstrap-grid.css' with relative path 'lib/bootstrap/dist/css/bootstrap-grid.css' did not match include pattern '' or matched exclude pattern ''.
         Asset '/Users/tp/.nuget/packages/microsoft.aspnetcore.identity.ui/8.0.0/staticwebassets/V5/lib/bootstrap/dist/css/bootstrap-grid.css.map' with relative path 'lib/bootstrap/dist/css/bootstrap-grid.css.map' did not match include pattern '' or matched exclude pattern ''.
         Asset '/Users/tp/.nuget/packages/microsoft.aspnetcore.identity.ui/8.0.0/staticwebassets/V5/lib/bootstrap/dist/css/bootstrap-grid.min.css' with relative path 'lib/bootstrap/dist/css/bootstrap-grid.min.css' did not match include pattern '' or matched exclude pattern ''.
         Asset '/Users/tp/.nuget/packages/microsoft.aspnetcore.identity.ui/8.0.0/staticwebassets/V5/lib/bootstrap/dist/css/bootstrap-grid.min.css.map' with relative path 'lib/bootstrap/dist/css/bootstrap-grid.min.css.map' did not match include pattern '' or matched exclude pattern ''.
         Asset '/Users/tp/.nuget/packages/microsoft.aspnetcore.identity.ui/8.0.0/staticwebassets/V5/lib/bootstrap/dist/css/bootstrap-grid.rtl.css' with relative path 'lib/bootstrap/dist/css/bootstrap-grid.rtl.css' did not match include pattern '' or matched exclude pattern ''.
         Asset '/Users/tp/.nuget/packages/microsoft.aspnetcore.identity.ui/8.0.0/staticwebassets/V5/lib/bootstrap/dist/css/bootstrap-grid.rtl.css.map' with relative path 'lib/bootstrap/dist/css/bootstrap-grid.rtl.css.map' did not match include pattern '' or matched exclude pattern ''.
         Asset '/Users/tp/.nuget/packages/microsoft.aspnetcore.identity.ui/8.0.0/staticwebassets/V5/lib/bootstrap/dist/css/bootstrap-grid.rtl.min.css' with relative path 'lib/bootstrap/dist/css/bootstrap-grid.rtl.min.css' did not match include pattern '' or matched exclude pattern ''.
         Asset '/Users/tp/.nuget/packages/microsoft.aspnetcore.identity.ui/8.0.0/staticwebassets/V5/lib/bootstrap/dist/css/bootstrap-grid.rtl.min.css.map' with relative path 'lib/bootstrap/dist/css/bootstrap-grid.rtl.min.css.map' did not match include pattern '' or matched exclude pattern ''.
         Asset '/Users/tp/.nuget/packages/microsoft.aspnetcore.identity.ui/8.0.0/staticwebassets/V5/lib/bootstrap/dist/css/bootstrap-reboot.css' with relative path 'lib/bootstrap/dist/css/bootstrap-reboot.css' did not match include pattern '' or matched exclude pattern ''.
         Asset '/Users/tp/.nuget/packages/microsoft.aspnetcore.identity.ui/8.0.0/staticwebassets/V5/lib/bootstrap/dist/css/bootstrap-reboot.css.map' with relative path 'lib/bootstrap/dist/css/bootstrap-reboot.css.map' did not match include pattern '' or matched exclude pattern ''.
         Asset '/Users/tp/.nuget/packages/microsoft.aspnetcore.identity.ui/8.0.0/staticwebassets/V5/lib/bootstrap/dist/css/bootstrap-reboot.min.css' with relative path 'lib/bootstrap/dist/css/bootstrap-reboot.min.css' did not match include pattern '' or matched exclude pattern ''.
         Asset '/Users/tp/.nuget/packages/microsoft.aspnetcore.identity.ui/8.0.0/staticwebassets/V5/lib/bootstrap/dist/css/bootstrap-reboot.min.css.map' with relative path 'lib/bootstrap/dist/css/bootstrap-reboot.min.css.map' did not match include pattern '' or matched exclude pattern ''.
         Asset '/Users/tp/.nuget/packages/microsoft.aspnetcore.identity.ui/8.0.0/staticwebassets/V5/lib/bootstrap/dist/css/bootstrap-reboot.rtl.css' with relative path 'lib/bootstrap/dist/css/bootstrap-reboot.rtl.css' did not match include pattern '' or matched exclude pattern ''.
         Asset '/Users/tp/.nuget/packages/microsoft.aspnetcore.identity.ui/8.0.0/staticwebassets/V5/lib/bootstrap/dist/css/bootstrap-reboot.rtl.css.map' with relative path 'lib/bootstrap/dist/css/bootstrap-reboot.rtl.css.map' did not match include pattern '' or matched exclude pattern ''.
         Asset '/Users/tp/.nuget/packages/microsoft.aspnetcore.identity.ui/8.0.0/staticwebassets/V5/lib/bootstrap/dist/css/bootstrap-reboot.rtl.min.css' with relative path 'lib/bootstrap/dist/css/bootstrap-reboot.rtl.min.css' did not match include pattern '' or matched exclude pattern ''.
         Asset '/Users/tp/.nuget/packages/microsoft.aspnetcore.identity.ui/8.0.0/staticwebassets/V5/lib/bootstrap/dist/css/bootstrap-reboot.rtl.min.css.map' with relative path 'lib/bootstrap/dist/css/bootstrap-reboot.rtl.min.css.map' did not match include pattern '' or matched exclude pattern ''.
         Asset '/Users/tp/.nuget/packages/microsoft.aspnetcore.identity.ui/8.0.0/staticwebassets/V5/lib/bootstrap/dist/css/bootstrap-utilities.css' with relative path 'lib/bootstrap/dist/css/bootstrap-utilities.css' did not match include pattern '' or matched exclude pattern ''.
         Asset '/Users/tp/.nuget/packages/microsoft.aspnetcore.identity.ui/8.0.0/staticwebassets/V5/lib/bootstrap/dist/css/bootstrap-utilities.css.map' with relative path 'lib/bootstrap/dist/css/bootstrap-utilities.css.map' did not match include pattern '' or matched exclude pattern ''.
         Asset '/Users/tp/.nuget/packages/microsoft.aspnetcore.identity.ui/8.0.0/staticwebassets/V5/lib/bootstrap/dist/css/bootstrap-utilities.min.css' with relative path 'lib/bootstrap/dist/css/bootstrap-utilities.min.css' did not match include pattern '' or matched exclude pattern ''.
         Asset '/Users/tp/.nuget/packages/microsoft.aspnetcore.identity.ui/8.0.0/staticwebassets/V5/lib/bootstrap/dist/css/bootstrap-utilities.min.css.map' with relative path 'lib/bootstrap/dist/css/bootstrap-utilities.min.css.map' did not match include pattern '' or matched exclude pattern ''.
         Asset '/Users/tp/.nuget/packages/microsoft.aspnetcore.identity.ui/8.0.0/staticwebassets/V5/lib/bootstrap/dist/css/bootstrap-utilities.rtl.css' with relative path 'lib/bootstrap/dist/css/bootstrap-utilities.rtl.css' did not match include pattern '' or matched exclude pattern ''.
         Asset '/Users/tp/.nuget/packages/microsoft.aspnetcore.identity.ui/8.0.0/staticwebassets/V5/lib/bootstrap/dist/css/bootstrap-utilities.rtl.css.map' with relative path 'lib/bootstrap/dist/css/bootstrap-utilities.rtl.css.map' did not match include pattern '' or matched exclude pattern ''.
         Asset '/Users/tp/.nuget/packages/microsoft.aspnetcore.identity.ui/8.0.0/staticwebassets/V5/lib/bootstrap/dist/css/bootstrap-utilities.rtl.min.css' with relative path 'lib/bootstrap/dist/css/bootstrap-utilities.rtl.min.css' did not match include pattern '' or matched exclude pattern ''.
         Asset '/Users/tp/.nuget/packages/microsoft.aspnetcore.identity.ui/8.0.0/staticwebassets/V5/lib/bootstrap/dist/css/bootstrap-utilities.rtl.min.css.map' with relative path 'lib/bootstrap/dist/css/bootstrap-utilities.rtl.min.css.map' did not match include pattern '' or matched exclude pattern ''.
         Asset '/Users/tp/.nuget/packages/microsoft.aspnetcore.identity.ui/8.0.0/staticwebassets/V5/lib/bootstrap/dist/css/bootstrap.css' with relative path 'lib/bootstrap/dist/css/bootstrap.css' did not match include pattern '' or matched exclude pattern ''.
         Asset '/Users/tp/.nuget/packages/microsoft.aspnetcore.identity.ui/8.0.0/staticwebassets/V5/lib/bootstrap/dist/css/bootstrap.css.map' with relative path 'lib/bootstrap/dist/css/bootstrap.css.map' did not match include pattern '' or matched exclude pattern ''.
         Asset '/Users/tp/.nuget/packages/microsoft.aspnetcore.identity.ui/8.0.0/staticwebassets/V5/lib/bootstrap/dist/css/bootstrap.min.css' with relative path 'lib/bootstrap/dist/css/bootstrap.min.css' did not match include pattern '' or matched exclude pattern ''.
         Asset '/Users/tp/.nuget/packages/microsoft.aspnetcore.identity.ui/8.0.0/staticwebassets/V5/lib/bootstrap/dist/css/bootstrap.min.css.map' with relative path 'lib/bootstrap/dist/css/bootstrap.min.css.map' did not match include pattern '' or matched exclude pattern ''.
         Asset '/Users/tp/.nuget/packages/microsoft.aspnetcore.identity.ui/8.0.0/staticwebassets/V5/lib/bootstrap/dist/css/bootstrap.rtl.css' with relative path 'lib/bootstrap/dist/css/bootstrap.rtl.css' did not match include pattern '' or matched exclude pattern ''.
         Asset '/Users/tp/.nuget/packages/microsoft.aspnetcore.identity.ui/8.0.0/staticwebassets/V5/lib/bootstrap/dist/css/bootstrap.rtl.css.map' with relative path 'lib/bootstrap/dist/css/bootstrap.rtl.css.map' did not match include pattern '' or matched exclude pattern ''.
         Asset '/Users/tp/.nuget/packages/microsoft.aspnetcore.identity.ui/8.0.0/staticwebassets/V5/lib/bootstrap/dist/css/bootstrap.rtl.min.css' with relative path 'lib/bootstrap/dist/css/bootstrap.rtl.min.css' did not match include pattern '' or matched exclude pattern ''.
         Asset '/Users/tp/.nuget/packages/microsoft.aspnetcore.identity.ui/8.0.0/staticwebassets/V5/lib/bootstrap/dist/css/bootstrap.rtl.min.css.map' with relative path 'lib/bootstrap/dist/css/bootstrap.rtl.min.css.map' did not match include pattern '' or matched exclude pattern ''.
         Asset '/Users/tp/.nuget/packages/microsoft.aspnetcore.identity.ui/8.0.0/staticwebassets/V5/lib/bootstrap/dist/js/bootstrap.bundle.js' with relative path 'lib/bootstrap/dist/js/bootstrap.bundle.js' did not match include pattern '' or matched exclude pattern ''.
         Asset '/Users/tp/.nuget/packages/microsoft.aspnetcore.identity.ui/8.0.0/staticwebassets/V5/lib/bootstrap/dist/js/bootstrap.bundle.js.map' with relative path 'lib/bootstrap/dist/js/bootstrap.bundle.js.map' did not match include pattern '' or matched exclude pattern ''.
         Asset '/Users/tp/.nuget/packages/microsoft.aspnetcore.identity.ui/8.0.0/staticwebassets/V5/lib/bootstrap/dist/js/bootstrap.bundle.min.js' with relative path 'lib/bootstrap/dist/js/bootstrap.bundle.min.js' did not match include pattern '' or matched exclude pattern ''.
         Asset '/Users/tp/.nuget/packages/microsoft.aspnetcore.identity.ui/8.0.0/staticwebassets/V5/lib/bootstrap/dist/js/bootstrap.bundle.min.js.map' with relative path 'lib/bootstrap/dist/js/bootstrap.bundle.min.js.map' did not match include pattern '' or matched exclude pattern ''.
         Asset '/Users/tp/.nuget/packages/microsoft.aspnetcore.identity.ui/8.0.0/staticwebassets/V5/lib/bootstrap/dist/js/bootstrap.esm.js' with relative path 'lib/bootstrap/dist/js/bootstrap.esm.js' did not match include pattern '' or matched exclude pattern ''.
         Asset '/Users/tp/.nuget/packages/microsoft.aspnetcore.identity.ui/8.0.0/staticwebassets/V5/lib/bootstrap/dist/js/bootstrap.esm.js.map' with relative path 'lib/bootstrap/dist/js/bootstrap.esm.js.map' did not match include pattern '' or matched exclude pattern ''.
         Asset '/Users/tp/.nuget/packages/microsoft.aspnetcore.identity.ui/8.0.0/staticwebassets/V5/lib/bootstrap/dist/js/bootstrap.esm.min.js' with relative path 'lib/bootstrap/dist/js/bootstrap.esm.min.js' did not match include pattern '' or matched exclude pattern ''.
         Asset '/Users/tp/.nuget/packages/microsoft.aspnetcore.identity.ui/8.0.0/staticwebassets/V5/lib/bootstrap/dist/js/bootstrap.esm.min.js.map' with relative path 'lib/bootstrap/dist/js/bootstrap.esm.min.js.map' did not match include pattern '' or matched exclude pattern ''.
         Asset '/Users/tp/.nuget/packages/microsoft.aspnetcore.identity.ui/8.0.0/staticwebassets/V5/lib/bootstrap/dist/js/bootstrap.js' with relative path 'lib/bootstrap/dist/js/bootstrap.js' did not match include pattern '' or matched exclude pattern ''.
         Asset '/Users/tp/.nuget/packages/microsoft.aspnetcore.identity.ui/8.0.0/staticwebassets/V5/lib/bootstrap/dist/js/bootstrap.js.map' with relative path 'lib/bootstrap/dist/js/bootstrap.js.map' did not match include pattern '' or matched exclude pattern ''.
         Asset '/Users/tp/.nuget/packages/microsoft.aspnetcore.identity.ui/8.0.0/staticwebassets/V5/lib/bootstrap/dist/js/bootstrap.min.js' with relative path 'lib/bootstrap/dist/js/bootstrap.min.js' did not match include pattern '' or matched exclude pattern ''.
         Asset '/Users/tp/.nuget/packages/microsoft.aspnetcore.identity.ui/8.0.0/staticwebassets/V5/lib/bootstrap/dist/js/bootstrap.min.js.map' with relative path 'lib/bootstrap/dist/js/bootstrap.min.js.map' did not match include pattern '' or matched exclude pattern ''.
         Asset '/Users/tp/.nuget/packages/microsoft.aspnetcore.identity.ui/8.0.0/staticwebassets/V5/lib/bootstrap/LICENSE' with relative path 'lib/bootstrap/LICENSE' did not match include pattern '' or matched exclude pattern ''.
         Asset '/Users/tp/.nuget/packages/microsoft.aspnetcore.identity.ui/8.0.0/staticwebassets/V5/lib/jquery-validation-unobtrusive/jquery.validate.unobtrusive.js' with relative path 'lib/jquery-validation-unobtrusive/jquery.validate.unobtrusive.js' did not match include pattern '' or matched exclude pattern ''.
         Asset '/Users/tp/.nuget/packages/microsoft.aspnetcore.identity.ui/8.0.0/staticwebassets/V5/lib/jquery-validation-unobtrusive/jquery.validate.unobtrusive.min.js' with relative path 'lib/jquery-validation-unobtrusive/jquery.validate.unobtrusive.min.js' did not match include pattern '' or matched exclude pattern ''.
         Asset '/Users/tp/.nuget/packages/microsoft.aspnetcore.identity.ui/8.0.0/staticwebassets/V5/lib/jquery-validation-unobtrusive/LICENSE.txt' with relative path 'lib/jquery-validation-unobtrusive/LICENSE.txt' did not match include pattern '' or matched exclude pattern ''.
         Asset '/Users/tp/.nuget/packages/microsoft.aspnetcore.identity.ui/8.0.0/staticwebassets/V5/lib/jquery-validation/dist/additional-methods.js' with relative path 'lib/jquery-validation/dist/additional-methods.js' did not match include pattern '' or matched exclude pattern ''.
         Asset '/Users/tp/.nuget/packages/microsoft.aspnetcore.identity.ui/8.0.0/staticwebassets/V5/lib/jquery-validation/dist/additional-methods.min.js' with relative path 'lib/jquery-validation/dist/additional-methods.min.js' did not match include pattern '' or matched exclude pattern ''.
         Asset '/Users/tp/.nuget/packages/microsoft.aspnetcore.identity.ui/8.0.0/staticwebassets/V5/lib/jquery-validation/dist/jquery.validate.js' with relative path 'lib/jquery-validation/dist/jquery.validate.js' did not match include pattern '' or matched exclude pattern ''.
         Asset '/Users/tp/.nuget/packages/microsoft.aspnetcore.identity.ui/8.0.0/staticwebassets/V5/lib/jquery-validation/dist/jquery.validate.min.js' with relative path 'lib/jquery-validation/dist/jquery.validate.min.js' did not match include pattern '' or matched exclude pattern ''.
         Asset '/Users/tp/.nuget/packages/microsoft.aspnetcore.identity.ui/8.0.0/staticwebassets/V5/lib/jquery-validation/LICENSE.md' with relative path 'lib/jquery-validation/LICENSE.md' did not match include pattern '' or matched exclude pattern ''.
         Asset '/Users/tp/.nuget/packages/microsoft.aspnetcore.identity.ui/8.0.0/staticwebassets/V5/lib/jquery/dist/jquery.js' with relative path 'lib/jquery/dist/jquery.js' did not match include pattern '' or matched exclude pattern ''.
         Asset '/Users/tp/.nuget/packages/microsoft.aspnetcore.identity.ui/8.0.0/staticwebassets/V5/lib/jquery/dist/jquery.min.js' with relative path 'lib/jquery/dist/jquery.min.js' did not match include pattern '' or matched exclude pattern ''.
         Asset '/Users/tp/.nuget/packages/microsoft.aspnetcore.identity.ui/8.0.0/staticwebassets/V5/lib/jquery/dist/jquery.min.map' with relative path 'lib/jquery/dist/jquery.min.map' did not match include pattern '' or matched exclude pattern ''.
         Asset '/Users/tp/.nuget/packages/microsoft.aspnetcore.identity.ui/8.0.0/staticwebassets/V5/lib/jquery/LICENSE.txt' with relative path 'lib/jquery/LICENSE.txt' did not match include pattern '' or matched exclude pattern ''.
         Asset '/Users/tp/Projects/Cloud9.2/obj/Debug/net8.0/scopedcss/bundle/Cloud9.2.styles.css' with relative path 'Cloud9.2.styles.css' did not match include pattern '' or matched exclude pattern ''.
         Asset '/Users/tp/Projects/Cloud9.2/obj/Debug/net8.0/scopedcss/projectbundle/Cloud9.2.bundle.scp.css' with relative path 'Cloud9.2.bundle.scp.css' did not match include pattern '' or matched exclude pattern ''.
       Done executing task "ResolveCompressedAssets".
   1:7>Done building target "_ResolveCompressedFiles" in project "Cloud9.2.csproj".
   1:7>Target "ResolveStaticWebAssetsInputs" in file "/usr/local/share/dotnet/sdk/8.0.407/Sdks/Microsoft.NET.Sdk.StaticWebAssets/targets/Microsoft.NET.Sdk.StaticWebAssets.targets" from project "/Users/tp/Projects/Cloud9.2/Cloud9.2.csproj" (target "GenerateStaticWebAssetsManifest" depends on it):
   1:7>Done building target "ResolveStaticWebAssetsInputs" in project "Cloud9.2.csproj".
   1:7>Target "GenerateStaticWebAssetsManifest" in file "/usr/local/share/dotnet/sdk/8.0.407/Sdks/Microsoft.NET.Sdk.StaticWebAssets/targets/Microsoft.NET.Sdk.StaticWebAssets.targets" from project "/Users/tp/Projects/Cloud9.2/Cloud9.2.csproj" (target "StaticWebAssetsPrepareForRun" depends on it):
       Task "MergeStaticWebAssets" skipped, due to false condition; ('@(StaticWebAssetsEmbeddedConfiguration)' != '') was evaluated as ('' != '').
       Using "GenerateStaticWebAssetsManifest" task from assembly "/usr/local/share/dotnet/sdk/8.0.407/Sdks/Microsoft.NET.Sdk.StaticWebAssets/targets/../tasks/net8.0/Microsoft.NET.Sdk.StaticWebAssets.Tasks.dll".
       Task "GenerateStaticWebAssetsManifest"
         Skipping manifest updated because manifest version 'xwO9MnjbwEi24E0FRzsXXY8taTCNkbE8iYGmAbBjFFk=' has not changed.
       Done executing task "GenerateStaticWebAssetsManifest".
       Using "GenerateStaticWebAssetsDevelopmentManifest" task from assembly "/usr/local/share/dotnet/sdk/8.0.407/Sdks/Microsoft.NET.Sdk.StaticWebAssets/targets/../tasks/net8.0/Microsoft.NET.Sdk.StaticWebAssets.Tasks.dll".
       Task "GenerateStaticWebAssetsDevelopmentManifest"
         Skipping candidate asset '/Users/tp/Projects/Cloud9.2/obj/Debug/net8.0/scopedcss/projectbundle/Cloud9.2.bundle.scp.css' because asset mode is 'Reference'
         Skipping manifest update because manifest version 'DKfBRku4Jh8qJmaYPOcn9PBN422cLQwA+FlSiw1dMu8=' has not changed.
       Done executing task "GenerateStaticWebAssetsDevelopmentManifest".
   1:7>Done building target "GenerateStaticWebAssetsManifest" in project "Cloud9.2.csproj".
   1:7>Target "GenerateStaticWebAssetsPackFiles" in file "/usr/local/share/dotnet/sdk/8.0.407/Sdks/Microsoft.NET.Sdk.StaticWebAssets/targets/Microsoft.NET.Sdk.StaticWebAssets.Pack.targets" from project "/Users/tp/Projects/Cloud9.2/Cloud9.2.csproj" (target "StaticWebAssetsPrepareForRun" depends on it):
       Using "ComputeReferenceStaticWebAssetItems" task from assembly "/usr/local/share/dotnet/sdk/8.0.407/Sdks/Microsoft.NET.Sdk.StaticWebAssets/targets/../tasks/net8.0/Microsoft.NET.Sdk.StaticWebAssets.Tasks.dll".
       Task "ComputeReferenceStaticWebAssetItems"
         Accepted candidate asset '/Users/tp/Projects/Cloud9.2/wwwroot/css/bootstrap-grid.css' because project mode is 'Default' and asset mode is 'All'
         Accepted candidate asset '/Users/tp/Projects/Cloud9.2/wwwroot/css/bootstrap-grid.css.map' because project mode is 'Default' and asset mode is 'All'
         Accepted candidate asset '/Users/tp/Projects/Cloud9.2/wwwroot/css/bootstrap-grid.min.css' because project mode is 'Default' and asset mode is 'All'
         Accepted candidate asset '/Users/tp/Projects/Cloud9.2/wwwroot/css/bootstrap-grid.min.css.map' because project mode is 'Default' and asset mode is 'All'
         Accepted candidate asset '/Users/tp/Projects/Cloud9.2/wwwroot/css/bootstrap-grid.rtl.css' because project mode is 'Default' and asset mode is 'All'
         Accepted candidate asset '/Users/tp/Projects/Cloud9.2/wwwroot/css/bootstrap-grid.rtl.css.map' because project mode is 'Default' and asset mode is 'All'
         Accepted candidate asset '/Users/tp/Projects/Cloud9.2/wwwroot/css/bootstrap-grid.rtl.min.css' because project mode is 'Default' and asset mode is 'All'
         Accepted candidate asset '/Users/tp/Projects/Cloud9.2/wwwroot/css/bootstrap-grid.rtl.min.css.map' because project mode is 'Default' and asset mode is 'All'
         Accepted candidate asset '/Users/tp/Projects/Cloud9.2/wwwroot/css/bootstrap-reboot.css' because project mode is 'Default' and asset mode is 'All'
         Accepted candidate asset '/Users/tp/Projects/Cloud9.2/wwwroot/css/bootstrap-reboot.css.map' because project mode is 'Default' and asset mode is 'All'
         Accepted candidate asset '/Users/tp/Projects/Cloud9.2/wwwroot/css/bootstrap-reboot.min.css' because project mode is 'Default' and asset mode is 'All'
         Accepted candidate asset '/Users/tp/Projects/Cloud9.2/wwwroot/css/bootstrap-reboot.min.css.map' because project mode is 'Default' and asset mode is 'All'
         Accepted candidate asset '/Users/tp/Projects/Cloud9.2/wwwroot/css/bootstrap-reboot.rtl.css' because project mode is 'Default' and asset mode is 'All'
         Accepted candidate asset '/Users/tp/Projects/Cloud9.2/wwwroot/css/bootstrap-reboot.rtl.css.map' because project mode is 'Default' and asset mode is 'All'
         Accepted candidate asset '/Users/tp/Projects/Cloud9.2/wwwroot/css/bootstrap-reboot.rtl.min.css' because project mode is 'Default' and asset mode is 'All'
         Accepted candidate asset '/Users/tp/Projects/Cloud9.2/wwwroot/css/bootstrap-reboot.rtl.min.css.map' because project mode is 'Default' and asset mode is 'All'
         Accepted candidate asset '/Users/tp/Projects/Cloud9.2/wwwroot/css/bootstrap-utilities.css' because project mode is 'Default' and asset mode is 'All'
         Accepted candidate asset '/Users/tp/Projects/Cloud9.2/wwwroot/css/bootstrap-utilities.css.map' because project mode is 'Default' and asset mode is 'All'
         Accepted candidate asset '/Users/tp/Projects/Cloud9.2/wwwroot/css/bootstrap-utilities.min.css' because project mode is 'Default' and asset mode is 'All'
         Accepted candidate asset '/Users/tp/Projects/Cloud9.2/wwwroot/css/bootstrap-utilities.min.css.map' because project mode is 'Default' and asset mode is 'All'
         Accepted candidate asset '/Users/tp/Projects/Cloud9.2/wwwroot/css/bootstrap-utilities.rtl.css' because project mode is 'Default' and asset mode is 'All'
         Accepted candidate asset '/Users/tp/Projects/Cloud9.2/wwwroot/css/bootstrap-utilities.rtl.css.map' because project mode is 'Default' and asset mode is 'All'
         Accepted candidate asset '/Users/tp/Projects/Cloud9.2/wwwroot/css/bootstrap-utilities.rtl.min.css' because project mode is 'Default' and asset mode is 'All'
         Accepted candidate asset '/Users/tp/Projects/Cloud9.2/wwwroot/css/bootstrap-utilities.rtl.min.css.map' because project mode is 'Default' and asset mode is 'All'
         Accepted candidate asset '/Users/tp/Projects/Cloud9.2/wwwroot/css/bootstrap.css' because project mode is 'Default' and asset mode is 'All'
         Accepted candidate asset '/Users/tp/Projects/Cloud9.2/wwwroot/css/bootstrap.css.map' because project mode is 'Default' and asset mode is 'All'
         Accepted candidate asset '/Users/tp/Projects/Cloud9.2/wwwroot/css/bootstrap.min.css' because project mode is 'Default' and asset mode is 'All'
         Accepted candidate asset '/Users/tp/Projects/Cloud9.2/wwwroot/css/bootstrap.min.css.map' because project mode is 'Default' and asset mode is 'All'
         Accepted candidate asset '/Users/tp/Projects/Cloud9.2/wwwroot/css/bootstrap.rtl.css' because project mode is 'Default' and asset mode is 'All'
         Accepted candidate asset '/Users/tp/Projects/Cloud9.2/wwwroot/css/bootstrap.rtl.css.map' because project mode is 'Default' and asset mode is 'All'
         Accepted candidate asset '/Users/tp/Projects/Cloud9.2/wwwroot/css/bootstrap.rtl.min.css' because project mode is 'Default' and asset mode is 'All'
         Accepted candidate asset '/Users/tp/Projects/Cloud9.2/wwwroot/css/bootstrap.rtl.min.css.map' because project mode is 'Default' and asset mode is 'All'
         Accepted candidate asset '/Users/tp/Projects/Cloud9.2/wwwroot/css/site.css' because project mode is 'Default' and asset mode is 'All'
         Accepted candidate asset '/Users/tp/Projects/Cloud9.2/wwwroot/favicon.ico' because project mode is 'Default' and asset mode is 'All'
         Accepted candidate asset '/Users/tp/Projects/Cloud9.2/wwwroot/Images/box-arrow-right.svg' because project mode is 'Default' and asset mode is 'All'
         Accepted candidate asset '/Users/tp/Projects/Cloud9.2/wwwroot/Images/login_pic.jpg' because project mode is 'Default' and asset mode is 'All'
         Accepted candidate asset '/Users/tp/Projects/Cloud9.2/wwwroot/Images/person-fill-gear.svg' because project mode is 'Default' and asset mode is 'All'
         Accepted candidate asset '/Users/tp/Projects/Cloud9.2/wwwroot/Images/pexels-asadphoto-3250614.jpg' because project mode is 'Default' and asset mode is 'All'
         Accepted candidate asset '/Users/tp/Projects/Cloud9.2/wwwroot/Images/pexels-brett-sayles-1431822.jpg' because project mode is 'Default' and asset mode is 'All'
         Accepted candidate asset '/Users/tp/Projects/Cloud9.2/wwwroot/Images/pexels-eberhardgross-2310713.jpg' because project mode is 'Default' and asset mode is 'All'
         Accepted candidate asset '/Users/tp/Projects/Cloud9.2/wwwroot/Images/pexels-rpnickson-2486168.jpg' because project mode is 'Default' and asset mode is 'All'
         Accepted candidate asset '/Users/tp/Projects/Cloud9.2/wwwroot/js/bootstrap.bundle.js' because project mode is 'Default' and asset mode is 'All'
         Accepted candidate asset '/Users/tp/Projects/Cloud9.2/wwwroot/js/bootstrap.bundle.js.map' because project mode is 'Default' and asset mode is 'All'
         Accepted candidate asset '/Users/tp/Projects/Cloud9.2/wwwroot/js/bootstrap.bundle.min.js' because project mode is 'Default' and asset mode is 'All'
         Accepted candidate asset '/Users/tp/Projects/Cloud9.2/wwwroot/js/bootstrap.bundle.min.js.map' because project mode is 'Default' and asset mode is 'All'
         Accepted candidate asset '/Users/tp/Projects/Cloud9.2/wwwroot/js/bootstrap.esm.js' because project mode is 'Default' and asset mode is 'All'
         Accepted candidate asset '/Users/tp/Projects/Cloud9.2/wwwroot/js/bootstrap.esm.js.map' because project mode is 'Default' and asset mode is 'All'
         Accepted candidate asset '/Users/tp/Projects/Cloud9.2/wwwroot/js/bootstrap.esm.min.js' because project mode is 'Default' and asset mode is 'All'
         Accepted candidate asset '/Users/tp/Projects/Cloud9.2/wwwroot/js/bootstrap.esm.min.js.map' because project mode is 'Default' and asset mode is 'All'
         Accepted candidate asset '/Users/tp/Projects/Cloud9.2/wwwroot/js/bootstrap.js' because project mode is 'Default' and asset mode is 'All'
         Accepted candidate asset '/Users/tp/Projects/Cloud9.2/wwwroot/js/bootstrap.js.map' because project mode is 'Default' and asset mode is 'All'
         Accepted candidate asset '/Users/tp/Projects/Cloud9.2/wwwroot/js/bootstrap.min.js' because project mode is 'Default' and asset mode is 'All'
         Accepted candidate asset '/Users/tp/Projects/Cloud9.2/wwwroot/js/bootstrap.min.js.map' because project mode is 'Default' and asset mode is 'All'
         Accepted candidate asset '/Users/tp/Projects/Cloud9.2/wwwroot/js/draggabilly.pkgd.min.js' because project mode is 'Default' and asset mode is 'All'
         Accepted candidate asset '/Users/tp/Projects/Cloud9.2/wwwroot/js/imagesloaded.pkgd.min.js' because project mode is 'Default' and asset mode is 'All'
         Accepted candidate asset '/Users/tp/Projects/Cloud9.2/wwwroot/js/packery.pkgd.min.js' because project mode is 'Default' and asset mode is 'All'
         Accepted candidate asset '/Users/tp/Projects/Cloud9.2/wwwroot/js/signalr.min.js' because project mode is 'Default' and asset mode is 'All'
         Accepted candidate asset '/Users/tp/Projects/Cloud9.2/wwwroot/js/site.js' because project mode is 'Default' and asset mode is 'All'
         Accepted candidate asset '/Users/tp/Projects/Cloud9.2/wwwroot/lib/bootstrap/dist/css/bootstrap-grid.css' because project mode is 'Default' and asset mode is 'All'
         Accepted candidate asset '/Users/tp/Projects/Cloud9.2/wwwroot/lib/bootstrap/dist/css/bootstrap-grid.css.map' because project mode is 'Default' and asset mode is 'All'
         Accepted candidate asset '/Users/tp/Projects/Cloud9.2/wwwroot/lib/bootstrap/dist/css/bootstrap-grid.min.css' because project mode is 'Default' and asset mode is 'All'
         Accepted candidate asset '/Users/tp/Projects/Cloud9.2/wwwroot/lib/bootstrap/dist/css/bootstrap-grid.min.css.map' because project mode is 'Default' and asset mode is 'All'
         Accepted candidate asset '/Users/tp/Projects/Cloud9.2/wwwroot/lib/bootstrap/dist/css/bootstrap-grid.rtl.css' because project mode is 'Default' and asset mode is 'All'
         Accepted candidate asset '/Users/tp/Projects/Cloud9.2/wwwroot/lib/bootstrap/dist/css/bootstrap-grid.rtl.css.map' because project mode is 'Default' and asset mode is 'All'
         Accepted candidate asset '/Users/tp/Projects/Cloud9.2/wwwroot/lib/bootstrap/dist/css/bootstrap-grid.rtl.min.css' because project mode is 'Default' and asset mode is 'All'
         Accepted candidate asset '/Users/tp/Projects/Cloud9.2/wwwroot/lib/bootstrap/dist/css/bootstrap-grid.rtl.min.css.map' because project mode is 'Default' and asset mode is 'All'
         Accepted candidate asset '/Users/tp/Projects/Cloud9.2/wwwroot/lib/bootstrap/dist/css/bootstrap-reboot.css' because project mode is 'Default' and asset mode is 'All'
         Accepted candidate asset '/Users/tp/Projects/Cloud9.2/wwwroot/lib/bootstrap/dist/css/bootstrap-reboot.css.map' because project mode is 'Default' and asset mode is 'All'
         Accepted candidate asset '/Users/tp/Projects/Cloud9.2/wwwroot/lib/bootstrap/dist/css/bootstrap-reboot.min.css' because project mode is 'Default' and asset mode is 'All'
         Accepted candidate asset '/Users/tp/Projects/Cloud9.2/wwwroot/lib/bootstrap/dist/css/bootstrap-reboot.min.css.map' because project mode is 'Default' and asset mode is 'All'
         Accepted candidate asset '/Users/tp/Projects/Cloud9.2/wwwroot/lib/bootstrap/dist/css/bootstrap-reboot.rtl.css' because project mode is 'Default' and asset mode is 'All'
         Accepted candidate asset '/Users/tp/Projects/Cloud9.2/wwwroot/lib/bootstrap/dist/css/bootstrap-reboot.rtl.css.map' because project mode is 'Default' and asset mode is 'All'
         Accepted candidate asset '/Users/tp/Projects/Cloud9.2/wwwroot/lib/bootstrap/dist/css/bootstrap-reboot.rtl.min.css' because project mode is 'Default' and asset mode is 'All'
         Accepted candidate asset '/Users/tp/Projects/Cloud9.2/wwwroot/lib/bootstrap/dist/css/bootstrap-reboot.rtl.min.css.map' because project mode is 'Default' and asset mode is 'All'
         Accepted candidate asset '/Users/tp/Projects/Cloud9.2/wwwroot/lib/bootstrap/dist/css/bootstrap-utilities.css' because project mode is 'Default' and asset mode is 'All'
         Accepted candidate asset '/Users/tp/Projects/Cloud9.2/wwwroot/lib/bootstrap/dist/css/bootstrap-utilities.css.map' because project mode is 'Default' and asset mode is 'All'
         Accepted candidate asset '/Users/tp/Projects/Cloud9.2/wwwroot/lib/bootstrap/dist/css/bootstrap-utilities.min.css' because project mode is 'Default' and asset mode is 'All'
         Accepted candidate asset '/Users/tp/Projects/Cloud9.2/wwwroot/lib/bootstrap/dist/css/bootstrap-utilities.min.css.map' because project mode is 'Default' and asset mode is 'All'
         Accepted candidate asset '/Users/tp/Projects/Cloud9.2/wwwroot/lib/bootstrap/dist/css/bootstrap-utilities.rtl.css' because project mode is 'Default' and asset mode is 'All'
         Accepted candidate asset '/Users/tp/Projects/Cloud9.2/wwwroot/lib/bootstrap/dist/css/bootstrap-utilities.rtl.css.map' because project mode is 'Default' and asset mode is 'All'
         Accepted candidate asset '/Users/tp/Projects/Cloud9.2/wwwroot/lib/bootstrap/dist/css/bootstrap-utilities.rtl.min.css' because project mode is 'Default' and asset mode is 'All'
         Accepted candidate asset '/Users/tp/Projects/Cloud9.2/wwwroot/lib/bootstrap/dist/css/bootstrap-utilities.rtl.min.css.map' because project mode is 'Default' and asset mode is 'All'
         Accepted candidate asset '/Users/tp/Projects/Cloud9.2/wwwroot/lib/bootstrap/dist/css/bootstrap.css' because project mode is 'Default' and asset mode is 'All'
         Accepted candidate asset '/Users/tp/Projects/Cloud9.2/wwwroot/lib/bootstrap/dist/css/bootstrap.css.map' because project mode is 'Default' and asset mode is 'All'
         Accepted candidate asset '/Users/tp/Projects/Cloud9.2/wwwroot/lib/bootstrap/dist/css/bootstrap.min.css' because project mode is 'Default' and asset mode is 'All'
         Accepted candidate asset '/Users/tp/Projects/Cloud9.2/wwwroot/lib/bootstrap/dist/css/bootstrap.min.css.map' because project mode is 'Default' and asset mode is 'All'
         Accepted candidate asset '/Users/tp/Projects/Cloud9.2/wwwroot/lib/bootstrap/dist/css/bootstrap.rtl.css' because project mode is 'Default' and asset mode is 'All'
         Accepted candidate asset '/Users/tp/Projects/Cloud9.2/wwwroot/lib/bootstrap/dist/css/bootstrap.rtl.css.map' because project mode is 'Default' and asset mode is 'All'
         Accepted candidate asset '/Users/tp/Projects/Cloud9.2/wwwroot/lib/bootstrap/dist/css/bootstrap.rtl.min.css' because project mode is 'Default' and asset mode is 'All'
         Accepted candidate asset '/Users/tp/Projects/Cloud9.2/wwwroot/lib/bootstrap/dist/css/bootstrap.rtl.min.css.map' because project mode is 'Default' and asset mode is 'All'
         Accepted candidate asset '/Users/tp/Projects/Cloud9.2/wwwroot/lib/bootstrap/dist/js/bootstrap.bundle.js' because project mode is 'Default' and asset mode is 'All'
         Accepted candidate asset '/Users/tp/Projects/Cloud9.2/wwwroot/lib/bootstrap/dist/js/bootstrap.bundle.js.map' because project mode is 'Default' and asset mode is 'All'
         Accepted candidate asset '/Users/tp/Projects/Cloud9.2/wwwroot/lib/bootstrap/dist/js/bootstrap.bundle.min.js' because project mode is 'Default' and asset mode is 'All'
         Accepted candidate asset '/Users/tp/Projects/Cloud9.2/wwwroot/lib/bootstrap/dist/js/bootstrap.bundle.min.js.map' because project mode is 'Default' and asset mode is 'All'
         Accepted candidate asset '/Users/tp/Projects/Cloud9.2/wwwroot/lib/bootstrap/dist/js/bootstrap.esm.js' because project mode is 'Default' and asset mode is 'All'
         Accepted candidate asset '/Users/tp/Projects/Cloud9.2/wwwroot/lib/bootstrap/dist/js/bootstrap.esm.js.map' because project mode is 'Default' and asset mode is 'All'
         Accepted candidate asset '/Users/tp/Projects/Cloud9.2/wwwroot/lib/bootstrap/dist/js/bootstrap.esm.min.js' because project mode is 'Default' and asset mode is 'All'
         Accepted candidate asset '/Users/tp/Projects/Cloud9.2/wwwroot/lib/bootstrap/dist/js/bootstrap.esm.min.js.map' because project mode is 'Default' and asset mode is 'All'
         Accepted candidate asset '/Users/tp/Projects/Cloud9.2/wwwroot/lib/bootstrap/dist/js/bootstrap.js' because project mode is 'Default' and asset mode is 'All'
         Accepted candidate asset '/Users/tp/Projects/Cloud9.2/wwwroot/lib/bootstrap/dist/js/bootstrap.js.map' because project mode is 'Default' and asset mode is 'All'
         Accepted candidate asset '/Users/tp/Projects/Cloud9.2/wwwroot/lib/bootstrap/dist/js/bootstrap.min.js' because project mode is 'Default' and asset mode is 'All'
         Accepted candidate asset '/Users/tp/Projects/Cloud9.2/wwwroot/lib/bootstrap/dist/js/bootstrap.min.js.map' because project mode is 'Default' and asset mode is 'All'
         Accepted candidate asset '/Users/tp/Projects/Cloud9.2/wwwroot/lib/bootstrap/LICENSE' because project mode is 'Default' and asset mode is 'All'
         Accepted candidate asset '/Users/tp/Projects/Cloud9.2/wwwroot/lib/jquery-validation-unobtrusive/jquery.validate.unobtrusive.js' because project mode is 'Default' and asset mode is 'All'
         Accepted candidate asset '/Users/tp/Projects/Cloud9.2/wwwroot/lib/jquery-validation-unobtrusive/jquery.validate.unobtrusive.min.js' because project mode is 'Default' and asset mode is 'All'
         Accepted candidate asset '/Users/tp/Projects/Cloud9.2/wwwroot/lib/jquery-validation-unobtrusive/LICENSE.txt' because project mode is 'Default' and asset mode is 'All'
         Accepted candidate asset '/Users/tp/Projects/Cloud9.2/wwwroot/lib/jquery-validation/dist/additional-methods.js' because project mode is 'Default' and asset mode is 'All'
         Accepted candidate asset '/Users/tp/Projects/Cloud9.2/wwwroot/lib/jquery-validation/dist/additional-methods.min.js' because project mode is 'Default' and asset mode is 'All'
         Accepted candidate asset '/Users/tp/Projects/Cloud9.2/wwwroot/lib/jquery-validation/dist/jquery.validate.js' because project mode is 'Default' and asset mode is 'All'
         Accepted candidate asset '/Users/tp/Projects/Cloud9.2/wwwroot/lib/jquery-validation/dist/jquery.validate.min.js' because project mode is 'Default' and asset mode is 'All'
         Accepted candidate asset '/Users/tp/Projects/Cloud9.2/wwwroot/lib/jquery-validation/LICENSE.md' because project mode is 'Default' and asset mode is 'All'
         Accepted candidate asset '/Users/tp/Projects/Cloud9.2/wwwroot/lib/jquery/dist/jquery.js' because project mode is 'Default' and asset mode is 'All'
         Accepted candidate asset '/Users/tp/Projects/Cloud9.2/wwwroot/lib/jquery/dist/jquery.min.js' because project mode is 'Default' and asset mode is 'All'
         Accepted candidate asset '/Users/tp/Projects/Cloud9.2/wwwroot/lib/jquery/dist/jquery.min.map' because project mode is 'Default' and asset mode is 'All'
         Accepted candidate asset '/Users/tp/Projects/Cloud9.2/wwwroot/lib/jquery/LICENSE.txt' because project mode is 'Default' and asset mode is 'All'
         Skipping candidate asset '/Users/tp/Projects/Cloud9.2/obj/Debug/net8.0/scopedcss/bundle/Cloud9.2.styles.css' because project mode is 'Default' and asset mode is 'CurrentProject'
         Accepted candidate asset '/Users/tp/Projects/Cloud9.2/obj/Debug/net8.0/scopedcss/projectbundle/Cloud9.2.bundle.scp.css' because project mode is 'Default' and asset mode is 'Reference'
       Done executing task "ComputeReferenceStaticWebAssetItems".
       Using "GenerateStaticWebAsssetsPropsFile" task from assembly "/usr/local/share/dotnet/sdk/8.0.407/Sdks/Microsoft.NET.Sdk.StaticWebAssets/targets/../tasks/net8.0/Microsoft.NET.Sdk.StaticWebAssets.Tasks.dll".
       Task "GenerateStaticWebAsssetsPropsFile"
         Skipping file update because the hash 'u8V0tmCFVUJWOLsTCa6ORAgGcdAq7AZW0t6S/GSpNBI=' has not changed.
       Done executing task "GenerateStaticWebAsssetsPropsFile".
       Using "StaticWebAssetsGeneratePackagePropsFile" task from assembly "/usr/local/share/dotnet/sdk/8.0.407/Sdks/Microsoft.NET.Sdk.StaticWebAssets/targets/../tasks/net8.0/Microsoft.NET.Sdk.StaticWebAssets.Tasks.dll".
       Task "StaticWebAssetsGeneratePackagePropsFile"
         Skipping file update because the hash 'PShFio2LD9ChNVvJrXmtnvxdIqIV4mnyivq7oHM8SHc=' has not changed.
       Done executing task "StaticWebAssetsGeneratePackagePropsFile".
       Task "StaticWebAssetsGeneratePackagePropsFile"
         Skipping file update because the hash '2ryIo8ctuZ7a74WZ6rglTWOJbIxR9ciif3wzBqV94AQ=' has not changed.
       Done executing task "StaticWebAssetsGeneratePackagePropsFile".
       Task "StaticWebAssetsGeneratePackagePropsFile"
         Skipping file update because the hash 'qDkhYJBFF5DDLPzP6snSFMOrZPUBALpJWJQl1Jz+QYM=' has not changed.
       Done executing task "StaticWebAssetsGeneratePackagePropsFile".
       Using "ComputeStaticWebAssetsTargetPaths" task from assembly "/usr/local/share/dotnet/sdk/8.0.407/Sdks/Microsoft.NET.Sdk.StaticWebAssets/targets/../tasks/net8.0/Microsoft.NET.Sdk.StaticWebAssets.Tasks.dll".
       Task "ComputeStaticWebAssetsTargetPaths"
         Using path prefix 'staticwebassets'
       Done executing task "ComputeStaticWebAssetsTargetPaths".
       Using "StaticWebAssetsGeneratePackManifest" task from assembly "/usr/local/share/dotnet/sdk/8.0.407/Sdks/Microsoft.NET.Sdk.StaticWebAssets/targets/../tasks/net8.0/Microsoft.NET.Sdk.StaticWebAssets.Tasks.dll".
       Task "StaticWebAssetsGeneratePackManifest"
         Skipping manifest update because manifest version 'rvqid/n02kXoU9ZuyfipiiPyc6jYnjsqkdjc4J2l18A=' has not changed.
       Done executing task "StaticWebAssetsGeneratePackManifest".
   1:7>Done building target "GenerateStaticWebAssetsPackFiles" in project "Cloud9.2.csproj".
       Target "_ResolveBundlingConfiguration" skipped. Previously built successfully.
       Target "ResolveScopedCssOutputs" skipped. Previously built successfully.
   1:7>Target "_GenerateScopedCssFiles" in file "/usr/local/share/dotnet/sdk/8.0.407/Sdks/Microsoft.NET.Sdk.StaticWebAssets/targets/Microsoft.NET.Sdk.StaticWebAssets.ScopedCss.targets" from project "/Users/tp/Projects/Cloud9.2/Cloud9.2.csproj" (target "GenerateComputedBuildStaticWebAssets" depends on it):
       Skipping target "_GenerateScopedCssFiles" because all output files are up-to-date with respect to the input files.
       Input files: Pages/Shared/_Layout.cshtml.css
       Output files: /Users/tp/Projects/Cloud9.2/obj/Debug/net8.0/scopedcss/Pages/Shared/_Layout.cshtml.rz.scp.css
   1:7>Done building target "_GenerateScopedCssFiles" in project "Cloud9.2.csproj".
       Target "_CollectAllScopedCssAssets" skipped. Previously built successfully.
       Target "_GenerateScopedCssFiles" skipped. Previously built successfully.
       Target "_ResolveBundlingConfiguration" skipped. Previously built successfully.
   1:7>Target "BundleScopedCssFiles" in file "/usr/local/share/dotnet/sdk/8.0.407/Sdks/Microsoft.NET.Sdk.StaticWebAssets/targets/Microsoft.NET.Sdk.StaticWebAssets.ScopedCss.targets" from project "/Users/tp/Projects/Cloud9.2/Cloud9.2.csproj" (target "GenerateComputedBuildStaticWebAssets" depends on it):
       Using "ConcatenateCssFiles" task from assembly "/usr/local/share/dotnet/sdk/8.0.407/Sdks/Microsoft.NET.Sdk.StaticWebAssets/targets/../tasks/net8.0/Microsoft.NET.Sdk.StaticWebAssets.Tasks.dll".
       Task "ConcatenateCssFiles"
       Done executing task "ConcatenateCssFiles".
       Task "ConcatenateCssFiles"
       Done executing task "ConcatenateCssFiles".
   1:7>Done building target "BundleScopedCssFiles" in project "Cloud9.2.csproj".
   1:7>Target "_CompressFiles" in file "/usr/local/share/dotnet/sdk/8.0.407/Sdks/Microsoft.NET.Sdk.StaticWebAssets/targets/Microsoft.NET.Sdk.StaticWebAssets.Compression.targets" from project "/Users/tp/Projects/Cloud9.2/Cloud9.2.csproj" (target "GenerateComputedBuildStaticWebAssets" depends on it):
       Task "GZipCompress" skipped, due to false condition; ('@(_GZipCompressedStaticWebAssets)' != '') was evaluated as ('' != '').
       Task "BrotliCompress" skipped, due to false condition; ('@(_BrotliCompressedStaticWebAssets)' != '') was evaluated as ('' != '').
   1:7>Done building target "_CompressFiles" in project "Cloud9.2.csproj".
   1:7>Target "GenerateComputedBuildStaticWebAssets" in file "/usr/local/share/dotnet/sdk/8.0.407/Sdks/Microsoft.NET.Sdk.StaticWebAssets/targets/Microsoft.NET.Sdk.StaticWebAssets.targets" from project "/Users/tp/Projects/Cloud9.2/Cloud9.2.csproj" (target "StaticWebAssetsPrepareForRun" depends on it):
   1:7>Done building target "GenerateComputedBuildStaticWebAssets" in project "Cloud9.2.csproj".
   1:7>Target "LoadStaticWebAssetsBuildManifest" in file "/usr/local/share/dotnet/sdk/8.0.407/Sdks/Microsoft.NET.Sdk.StaticWebAssets/targets/Microsoft.NET.Sdk.StaticWebAssets.Publish.targets" from project "/Users/tp/Projects/Cloud9.2/Cloud9.2.csproj" (target "CopyStaticWebAssetsToOutputDirectory" depends on it):
       Using "ReadStaticWebAssetsManifestFile" task from assembly "/usr/local/share/dotnet/sdk/8.0.407/Sdks/Microsoft.NET.Sdk.StaticWebAssets/targets/../tasks/net8.0/Microsoft.NET.Sdk.StaticWebAssets.Tasks.dll".
       Task "ReadStaticWebAssetsManifestFile"
       Done executing task "ReadStaticWebAssetsManifestFile".
   1:7>Done building target "LoadStaticWebAssetsBuildManifest" in project "Cloud9.2.csproj".
   1:7>Target "_EnsureContentRootFolders" in file "/usr/local/share/dotnet/sdk/8.0.407/Sdks/Microsoft.NET.Sdk.StaticWebAssets/targets/Microsoft.NET.Sdk.StaticWebAssets.targets" from project "/Users/tp/Projects/Cloud9.2/Cloud9.2.csproj" (target "CopyStaticWebAssetsToOutputDirectory" depends on it):
       Task "MakeDir"
       Done executing task "MakeDir".
   1:7>Done building target "_EnsureContentRootFolders" in project "Cloud9.2.csproj".
   1:7>Target "CopyStaticWebAssetsToOutputDirectory" in file "/usr/local/share/dotnet/sdk/8.0.407/Sdks/Microsoft.NET.Sdk.StaticWebAssets/targets/Microsoft.NET.Sdk.StaticWebAssets.targets" from project "/Users/tp/Projects/Cloud9.2/Cloud9.2.csproj" (target "StaticWebAssetsPrepareForRun" depends on it):
   1:7>Done building target "CopyStaticWebAssetsToOutputDirectory" in project "Cloud9.2.csproj".
   1:7>Target "_SplitStaticWebAssetsByCopyOptions" in file "/usr/local/share/dotnet/sdk/8.0.407/Sdks/Microsoft.NET.Sdk.StaticWebAssets/targets/Microsoft.NET.Sdk.StaticWebAssets.targets" from project "/Users/tp/Projects/Cloud9.2/Cloud9.2.csproj" (target "StaticWebAssetsPrepareForRun" depends on it):
       Using "CollectStaticWebAssetsToCopy" task from assembly "/usr/local/share/dotnet/sdk/8.0.407/Sdks/Microsoft.NET.Sdk.StaticWebAssets/targets/../tasks/net8.0/Microsoft.NET.Sdk.StaticWebAssets.Tasks.dll".
       Task "CollectStaticWebAssetsToCopy"
         Skipping asset '/Users/tp/.nuget/packages/microsoft.aspnetcore.identity.ui/8.0.0/staticwebassets/V5/css/site.css' since source type is 'Package'
         Skipping asset '/Users/tp/.nuget/packages/microsoft.aspnetcore.identity.ui/8.0.0/staticwebassets/V5/favicon.ico' since source type is 'Package'
         Skipping asset '/Users/tp/.nuget/packages/microsoft.aspnetcore.identity.ui/8.0.0/staticwebassets/V5/js/site.js' since source type is 'Package'
         Skipping asset '/Users/tp/.nuget/packages/microsoft.aspnetcore.identity.ui/8.0.0/staticwebassets/V5/lib/bootstrap/dist/css/bootstrap-grid.css' since source type is 'Package'
         Skipping asset '/Users/tp/.nuget/packages/microsoft.aspnetcore.identity.ui/8.0.0/staticwebassets/V5/lib/bootstrap/dist/css/bootstrap-grid.css.map' since source type is 'Package'
         Skipping asset '/Users/tp/.nuget/packages/microsoft.aspnetcore.identity.ui/8.0.0/staticwebassets/V5/lib/bootstrap/dist/css/bootstrap-grid.min.css' since source type is 'Package'
         Skipping asset '/Users/tp/.nuget/packages/microsoft.aspnetcore.identity.ui/8.0.0/staticwebassets/V5/lib/bootstrap/dist/css/bootstrap-grid.min.css.map' since source type is 'Package'
         Skipping asset '/Users/tp/.nuget/packages/microsoft.aspnetcore.identity.ui/8.0.0/staticwebassets/V5/lib/bootstrap/dist/css/bootstrap-grid.rtl.css' since source type is 'Package'
         Skipping asset '/Users/tp/.nuget/packages/microsoft.aspnetcore.identity.ui/8.0.0/staticwebassets/V5/lib/bootstrap/dist/css/bootstrap-grid.rtl.css.map' since source type is 'Package'
         Skipping asset '/Users/tp/.nuget/packages/microsoft.aspnetcore.identity.ui/8.0.0/staticwebassets/V5/lib/bootstrap/dist/css/bootstrap-grid.rtl.min.css' since source type is 'Package'
         Skipping asset '/Users/tp/.nuget/packages/microsoft.aspnetcore.identity.ui/8.0.0/staticwebassets/V5/lib/bootstrap/dist/css/bootstrap-grid.rtl.min.css.map' since source type is 'Package'
         Skipping asset '/Users/tp/.nuget/packages/microsoft.aspnetcore.identity.ui/8.0.0/staticwebassets/V5/lib/bootstrap/dist/css/bootstrap-reboot.css' since source type is 'Package'
         Skipping asset '/Users/tp/.nuget/packages/microsoft.aspnetcore.identity.ui/8.0.0/staticwebassets/V5/lib/bootstrap/dist/css/bootstrap-reboot.css.map' since source type is 'Package'
         Skipping asset '/Users/tp/.nuget/packages/microsoft.aspnetcore.identity.ui/8.0.0/staticwebassets/V5/lib/bootstrap/dist/css/bootstrap-reboot.min.css' since source type is 'Package'
         Skipping asset '/Users/tp/.nuget/packages/microsoft.aspnetcore.identity.ui/8.0.0/staticwebassets/V5/lib/bootstrap/dist/css/bootstrap-reboot.min.css.map' since source type is 'Package'
         Skipping asset '/Users/tp/.nuget/packages/microsoft.aspnetcore.identity.ui/8.0.0/staticwebassets/V5/lib/bootstrap/dist/css/bootstrap-reboot.rtl.css' since source type is 'Package'
         Skipping asset '/Users/tp/.nuget/packages/microsoft.aspnetcore.identity.ui/8.0.0/staticwebassets/V5/lib/bootstrap/dist/css/bootstrap-reboot.rtl.css.map' since source type is 'Package'
         Skipping asset '/Users/tp/.nuget/packages/microsoft.aspnetcore.identity.ui/8.0.0/staticwebassets/V5/lib/bootstrap/dist/css/bootstrap-reboot.rtl.min.css' since source type is 'Package'
         Skipping asset '/Users/tp/.nuget/packages/microsoft.aspnetcore.identity.ui/8.0.0/staticwebassets/V5/lib/bootstrap/dist/css/bootstrap-reboot.rtl.min.css.map' since source type is 'Package'
         Skipping asset '/Users/tp/.nuget/packages/microsoft.aspnetcore.identity.ui/8.0.0/staticwebassets/V5/lib/bootstrap/dist/css/bootstrap-utilities.css' since source type is 'Package'
         Skipping asset '/Users/tp/.nuget/packages/microsoft.aspnetcore.identity.ui/8.0.0/staticwebassets/V5/lib/bootstrap/dist/css/bootstrap-utilities.css.map' since source type is 'Package'
         Skipping asset '/Users/tp/.nuget/packages/microsoft.aspnetcore.identity.ui/8.0.0/staticwebassets/V5/lib/bootstrap/dist/css/bootstrap-utilities.min.css' since source type is 'Package'
         Skipping asset '/Users/tp/.nuget/packages/microsoft.aspnetcore.identity.ui/8.0.0/staticwebassets/V5/lib/bootstrap/dist/css/bootstrap-utilities.min.css.map' since source type is 'Package'
         Skipping asset '/Users/tp/.nuget/packages/microsoft.aspnetcore.identity.ui/8.0.0/staticwebassets/V5/lib/bootstrap/dist/css/bootstrap-utilities.rtl.css' since source type is 'Package'
         Skipping asset '/Users/tp/.nuget/packages/microsoft.aspnetcore.identity.ui/8.0.0/staticwebassets/V5/lib/bootstrap/dist/css/bootstrap-utilities.rtl.css.map' since source type is 'Package'
         Skipping asset '/Users/tp/.nuget/packages/microsoft.aspnetcore.identity.ui/8.0.0/staticwebassets/V5/lib/bootstrap/dist/css/bootstrap-utilities.rtl.min.css' since source type is 'Package'
         Skipping asset '/Users/tp/.nuget/packages/microsoft.aspnetcore.identity.ui/8.0.0/staticwebassets/V5/lib/bootstrap/dist/css/bootstrap-utilities.rtl.min.css.map' since source type is 'Package'
         Skipping asset '/Users/tp/.nuget/packages/microsoft.aspnetcore.identity.ui/8.0.0/staticwebassets/V5/lib/bootstrap/dist/css/bootstrap.css' since source type is 'Package'
         Skipping asset '/Users/tp/.nuget/packages/microsoft.aspnetcore.identity.ui/8.0.0/staticwebassets/V5/lib/bootstrap/dist/css/bootstrap.css.map' since source type is 'Package'
         Skipping asset '/Users/tp/.nuget/packages/microsoft.aspnetcore.identity.ui/8.0.0/staticwebassets/V5/lib/bootstrap/dist/css/bootstrap.min.css' since source type is 'Package'
         Skipping asset '/Users/tp/.nuget/packages/microsoft.aspnetcore.identity.ui/8.0.0/staticwebassets/V5/lib/bootstrap/dist/css/bootstrap.min.css.map' since source type is 'Package'
         Skipping asset '/Users/tp/.nuget/packages/microsoft.aspnetcore.identity.ui/8.0.0/staticwebassets/V5/lib/bootstrap/dist/css/bootstrap.rtl.css' since source type is 'Package'
         Skipping asset '/Users/tp/.nuget/packages/microsoft.aspnetcore.identity.ui/8.0.0/staticwebassets/V5/lib/bootstrap/dist/css/bootstrap.rtl.css.map' since source type is 'Package'
         Skipping asset '/Users/tp/.nuget/packages/microsoft.aspnetcore.identity.ui/8.0.0/staticwebassets/V5/lib/bootstrap/dist/css/bootstrap.rtl.min.css' since source type is 'Package'
         Skipping asset '/Users/tp/.nuget/packages/microsoft.aspnetcore.identity.ui/8.0.0/staticwebassets/V5/lib/bootstrap/dist/css/bootstrap.rtl.min.css.map' since source type is 'Package'
         Skipping asset '/Users/tp/.nuget/packages/microsoft.aspnetcore.identity.ui/8.0.0/staticwebassets/V5/lib/bootstrap/dist/js/bootstrap.bundle.js' since source type is 'Package'
         Skipping asset '/Users/tp/.nuget/packages/microsoft.aspnetcore.identity.ui/8.0.0/staticwebassets/V5/lib/bootstrap/dist/js/bootstrap.bundle.js.map' since source type is 'Package'
         Skipping asset '/Users/tp/.nuget/packages/microsoft.aspnetcore.identity.ui/8.0.0/staticwebassets/V5/lib/bootstrap/dist/js/bootstrap.bundle.min.js' since source type is 'Package'
         Skipping asset '/Users/tp/.nuget/packages/microsoft.aspnetcore.identity.ui/8.0.0/staticwebassets/V5/lib/bootstrap/dist/js/bootstrap.bundle.min.js.map' since source type is 'Package'
         Skipping asset '/Users/tp/.nuget/packages/microsoft.aspnetcore.identity.ui/8.0.0/staticwebassets/V5/lib/bootstrap/dist/js/bootstrap.esm.js' since source type is 'Package'
         Skipping asset '/Users/tp/.nuget/packages/microsoft.aspnetcore.identity.ui/8.0.0/staticwebassets/V5/lib/bootstrap/dist/js/bootstrap.esm.js.map' since source type is 'Package'
         Skipping asset '/Users/tp/.nuget/packages/microsoft.aspnetcore.identity.ui/8.0.0/staticwebassets/V5/lib/bootstrap/dist/js/bootstrap.esm.min.js' since source type is 'Package'
         Skipping asset '/Users/tp/.nuget/packages/microsoft.aspnetcore.identity.ui/8.0.0/staticwebassets/V5/lib/bootstrap/dist/js/bootstrap.esm.min.js.map' since source type is 'Package'
         Skipping asset '/Users/tp/.nuget/packages/microsoft.aspnetcore.identity.ui/8.0.0/staticwebassets/V5/lib/bootstrap/dist/js/bootstrap.js' since source type is 'Package'
         Skipping asset '/Users/tp/.nuget/packages/microsoft.aspnetcore.identity.ui/8.0.0/staticwebassets/V5/lib/bootstrap/dist/js/bootstrap.js.map' since source type is 'Package'
         Skipping asset '/Users/tp/.nuget/packages/microsoft.aspnetcore.identity.ui/8.0.0/staticwebassets/V5/lib/bootstrap/dist/js/bootstrap.min.js' since source type is 'Package'
         Skipping asset '/Users/tp/.nuget/packages/microsoft.aspnetcore.identity.ui/8.0.0/staticwebassets/V5/lib/bootstrap/dist/js/bootstrap.min.js.map' since source type is 'Package'
         Skipping asset '/Users/tp/.nuget/packages/microsoft.aspnetcore.identity.ui/8.0.0/staticwebassets/V5/lib/bootstrap/LICENSE' since source type is 'Package'
         Skipping asset '/Users/tp/.nuget/packages/microsoft.aspnetcore.identity.ui/8.0.0/staticwebassets/V5/lib/jquery-validation-unobtrusive/jquery.validate.unobtrusive.js' since source type is 'Package'
         Skipping asset '/Users/tp/.nuget/packages/microsoft.aspnetcore.identity.ui/8.0.0/staticwebassets/V5/lib/jquery-validation-unobtrusive/jquery.validate.unobtrusive.min.js' since source type is 'Package'
         Skipping asset '/Users/tp/.nuget/packages/microsoft.aspnetcore.identity.ui/8.0.0/staticwebassets/V5/lib/jquery-validation-unobtrusive/LICENSE.txt' since source type is 'Package'
         Skipping asset '/Users/tp/.nuget/packages/microsoft.aspnetcore.identity.ui/8.0.0/staticwebassets/V5/lib/jquery-validation/dist/additional-methods.js' since source type is 'Package'
         Skipping asset '/Users/tp/.nuget/packages/microsoft.aspnetcore.identity.ui/8.0.0/staticwebassets/V5/lib/jquery-validation/dist/additional-methods.min.js' since source type is 'Package'
         Skipping asset '/Users/tp/.nuget/packages/microsoft.aspnetcore.identity.ui/8.0.0/staticwebassets/V5/lib/jquery-validation/dist/jquery.validate.js' since source type is 'Package'
         Skipping asset '/Users/tp/.nuget/packages/microsoft.aspnetcore.identity.ui/8.0.0/staticwebassets/V5/lib/jquery-validation/dist/jquery.validate.min.js' since source type is 'Package'
         Skipping asset '/Users/tp/.nuget/packages/microsoft.aspnetcore.identity.ui/8.0.0/staticwebassets/V5/lib/jquery-validation/LICENSE.md' since source type is 'Package'
         Skipping asset '/Users/tp/.nuget/packages/microsoft.aspnetcore.identity.ui/8.0.0/staticwebassets/V5/lib/jquery/dist/jquery.js' since source type is 'Package'
         Skipping asset '/Users/tp/.nuget/packages/microsoft.aspnetcore.identity.ui/8.0.0/staticwebassets/V5/lib/jquery/dist/jquery.min.js' since source type is 'Package'
         Skipping asset '/Users/tp/.nuget/packages/microsoft.aspnetcore.identity.ui/8.0.0/staticwebassets/V5/lib/jquery/dist/jquery.min.map' since source type is 'Package'
         Skipping asset '/Users/tp/.nuget/packages/microsoft.aspnetcore.identity.ui/8.0.0/staticwebassets/V5/lib/jquery/LICENSE.txt' since source type is 'Package'
         Skipping asset '/Users/tp/Projects/Cloud9.2/obj/Debug/net8.0/scopedcss/bundle/Cloud9.2.styles.css' since copy to output directory option is 'Never'
         Skipping asset '/Users/tp/Projects/Cloud9.2/obj/Debug/net8.0/scopedcss/projectbundle/Cloud9.2.bundle.scp.css' since asset mode is 'Reference'
         Skipping asset '/Users/tp/Projects/Cloud9.2/obj/Debug/net8.0/scopedcss/projectbundle/Cloud9.2.bundle.scp.css' since copy to output directory option is 'Never'
         Skipping asset '/Users/tp/Projects/Cloud9.2/wwwroot/css/bootstrap-grid.css' since copy to output directory option is 'Never'
         Skipping asset '/Users/tp/Projects/Cloud9.2/wwwroot/css/bootstrap-grid.css.map' since copy to output directory option is 'Never'
         Skipping asset '/Users/tp/Projects/Cloud9.2/wwwroot/css/bootstrap-grid.min.css' since copy to output directory option is 'Never'
         Skipping asset '/Users/tp/Projects/Cloud9.2/wwwroot/css/bootstrap-grid.min.css.map' since copy to output directory option is 'Never'
         Skipping asset '/Users/tp/Projects/Cloud9.2/wwwroot/css/bootstrap-grid.rtl.css' since copy to output directory option is 'Never'
         Skipping asset '/Users/tp/Projects/Cloud9.2/wwwroot/css/bootstrap-grid.rtl.css.map' since copy to output directory option is 'Never'
         Skipping asset '/Users/tp/Projects/Cloud9.2/wwwroot/css/bootstrap-grid.rtl.min.css' since copy to output directory option is 'Never'
         Skipping asset '/Users/tp/Projects/Cloud9.2/wwwroot/css/bootstrap-grid.rtl.min.css.map' since copy to output directory option is 'Never'
         Skipping asset '/Users/tp/Projects/Cloud9.2/wwwroot/css/bootstrap-reboot.css' since copy to output directory option is 'Never'
         Skipping asset '/Users/tp/Projects/Cloud9.2/wwwroot/css/bootstrap-reboot.css.map' since copy to output directory option is 'Never'
         Skipping asset '/Users/tp/Projects/Cloud9.2/wwwroot/css/bootstrap-reboot.min.css' since copy to output directory option is 'Never'
         Skipping asset '/Users/tp/Projects/Cloud9.2/wwwroot/css/bootstrap-reboot.min.css.map' since copy to output directory option is 'Never'
         Skipping asset '/Users/tp/Projects/Cloud9.2/wwwroot/css/bootstrap-reboot.rtl.css' since copy to output directory option is 'Never'
         Skipping asset '/Users/tp/Projects/Cloud9.2/wwwroot/css/bootstrap-reboot.rtl.css.map' since copy to output directory option is 'Never'
         Skipping asset '/Users/tp/Projects/Cloud9.2/wwwroot/css/bootstrap-reboot.rtl.min.css' since copy to output directory option is 'Never'
         Skipping asset '/Users/tp/Projects/Cloud9.2/wwwroot/css/bootstrap-reboot.rtl.min.css.map' since copy to output directory option is 'Never'
         Skipping asset '/Users/tp/Projects/Cloud9.2/wwwroot/css/bootstrap-utilities.css' since copy to output directory option is 'Never'
         Skipping asset '/Users/tp/Projects/Cloud9.2/wwwroot/css/bootstrap-utilities.css.map' since copy to output directory option is 'Never'
         Skipping asset '/Users/tp/Projects/Cloud9.2/wwwroot/css/bootstrap-utilities.min.css' since copy to output directory option is 'Never'
         Skipping asset '/Users/tp/Projects/Cloud9.2/wwwroot/css/bootstrap-utilities.min.css.map' since copy to output directory option is 'Never'
         Skipping asset '/Users/tp/Projects/Cloud9.2/wwwroot/css/bootstrap-utilities.rtl.css' since copy to output directory option is 'Never'
         Skipping asset '/Users/tp/Projects/Cloud9.2/wwwroot/css/bootstrap-utilities.rtl.css.map' since copy to output directory option is 'Never'
         Skipping asset '/Users/tp/Projects/Cloud9.2/wwwroot/css/bootstrap-utilities.rtl.min.css' since copy to output directory option is 'Never'
         Skipping asset '/Users/tp/Projects/Cloud9.2/wwwroot/css/bootstrap-utilities.rtl.min.css.map' since copy to output directory option is 'Never'
         Skipping asset '/Users/tp/Projects/Cloud9.2/wwwroot/css/bootstrap.css' since copy to output directory option is 'Never'
         Skipping asset '/Users/tp/Projects/Cloud9.2/wwwroot/css/bootstrap.css.map' since copy to output directory option is 'Never'
         Skipping asset '/Users/tp/Projects/Cloud9.2/wwwroot/css/bootstrap.min.css' since copy to output directory option is 'Never'
         Skipping asset '/Users/tp/Projects/Cloud9.2/wwwroot/css/bootstrap.min.css.map' since copy to output directory option is 'Never'
         Skipping asset '/Users/tp/Projects/Cloud9.2/wwwroot/css/bootstrap.rtl.css' since copy to output directory option is 'Never'
         Skipping asset '/Users/tp/Projects/Cloud9.2/wwwroot/css/bootstrap.rtl.css.map' since copy to output directory option is 'Never'
         Skipping asset '/Users/tp/Projects/Cloud9.2/wwwroot/css/bootstrap.rtl.min.css' since copy to output directory option is 'Never'
         Skipping asset '/Users/tp/Projects/Cloud9.2/wwwroot/css/bootstrap.rtl.min.css.map' since copy to output directory option is 'Never'
         Skipping asset '/Users/tp/Projects/Cloud9.2/wwwroot/css/site.css' since copy to output directory option is 'Never'
         Skipping asset '/Users/tp/Projects/Cloud9.2/wwwroot/favicon.ico' since copy to output directory option is 'Never'
         Skipping asset '/Users/tp/Projects/Cloud9.2/wwwroot/Images/box-arrow-right.svg' since copy to output directory option is 'Never'
         Skipping asset '/Users/tp/Projects/Cloud9.2/wwwroot/Images/login_pic.jpg' since copy to output directory option is 'Never'
         Skipping asset '/Users/tp/Projects/Cloud9.2/wwwroot/Images/person-fill-gear.svg' since copy to output directory option is 'Never'
         Skipping asset '/Users/tp/Projects/Cloud9.2/wwwroot/Images/pexels-asadphoto-3250614.jpg' since copy to output directory option is 'Never'
         Skipping asset '/Users/tp/Projects/Cloud9.2/wwwroot/Images/pexels-brett-sayles-1431822.jpg' since copy to output directory option is 'Never'
         Skipping asset '/Users/tp/Projects/Cloud9.2/wwwroot/Images/pexels-eberhardgross-2310713.jpg' since copy to output directory option is 'Never'
         Skipping asset '/Users/tp/Projects/Cloud9.2/wwwroot/Images/pexels-rpnickson-2486168.jpg' since copy to output directory option is 'Never'
         Skipping asset '/Users/tp/Projects/Cloud9.2/wwwroot/js/bootstrap.bundle.js' since copy to output directory option is 'Never'
         Skipping asset '/Users/tp/Projects/Cloud9.2/wwwroot/js/bootstrap.bundle.js.map' since copy to output directory option is 'Never'
         Skipping asset '/Users/tp/Projects/Cloud9.2/wwwroot/js/bootstrap.bundle.min.js' since copy to output directory option is 'Never'
         Skipping asset '/Users/tp/Projects/Cloud9.2/wwwroot/js/bootstrap.bundle.min.js.map' since copy to output directory option is 'Never'
         Skipping asset '/Users/tp/Projects/Cloud9.2/wwwroot/js/bootstrap.esm.js' since copy to output directory option is 'Never'
         Skipping asset '/Users/tp/Projects/Cloud9.2/wwwroot/js/bootstrap.esm.js.map' since copy to output directory option is 'Never'
         Skipping asset '/Users/tp/Projects/Cloud9.2/wwwroot/js/bootstrap.esm.min.js' since copy to output directory option is 'Never'
         Skipping asset '/Users/tp/Projects/Cloud9.2/wwwroot/js/bootstrap.esm.min.js.map' since copy to output directory option is 'Never'
         Skipping asset '/Users/tp/Projects/Cloud9.2/wwwroot/js/bootstrap.js' since copy to output directory option is 'Never'
         Skipping asset '/Users/tp/Projects/Cloud9.2/wwwroot/js/bootstrap.js.map' since copy to output directory option is 'Never'
         Skipping asset '/Users/tp/Projects/Cloud9.2/wwwroot/js/bootstrap.min.js' since copy to output directory option is 'Never'
         Skipping asset '/Users/tp/Projects/Cloud9.2/wwwroot/js/bootstrap.min.js.map' since copy to output directory option is 'Never'
         Skipping asset '/Users/tp/Projects/Cloud9.2/wwwroot/js/draggabilly.pkgd.min.js' since copy to output directory option is 'Never'
         Skipping asset '/Users/tp/Projects/Cloud9.2/wwwroot/js/imagesloaded.pkgd.min.js' since copy to output directory option is 'Never'
         Skipping asset '/Users/tp/Projects/Cloud9.2/wwwroot/js/packery.pkgd.min.js' since copy to output directory option is 'Never'
         Skipping asset '/Users/tp/Projects/Cloud9.2/wwwroot/js/signalr.min.js' since copy to output directory option is 'Never'
         Skipping asset '/Users/tp/Projects/Cloud9.2/wwwroot/js/site.js' since copy to output directory option is 'Never'
         Skipping asset '/Users/tp/Projects/Cloud9.2/wwwroot/lib/bootstrap/dist/css/bootstrap-grid.css' since copy to output directory option is 'Never'
         Skipping asset '/Users/tp/Projects/Cloud9.2/wwwroot/lib/bootstrap/dist/css/bootstrap-grid.css.map' since copy to output directory option is 'Never'
         Skipping asset '/Users/tp/Projects/Cloud9.2/wwwroot/lib/bootstrap/dist/css/bootstrap-grid.min.css' since copy to output directory option is 'Never'
         Skipping asset '/Users/tp/Projects/Cloud9.2/wwwroot/lib/bootstrap/dist/css/bootstrap-grid.min.css.map' since copy to output directory option is 'Never'
         Skipping asset '/Users/tp/Projects/Cloud9.2/wwwroot/lib/bootstrap/dist/css/bootstrap-grid.rtl.css' since copy to output directory option is 'Never'
         Skipping asset '/Users/tp/Projects/Cloud9.2/wwwroot/lib/bootstrap/dist/css/bootstrap-grid.rtl.css.map' since copy to output directory option is 'Never'
         Skipping asset '/Users/tp/Projects/Cloud9.2/wwwroot/lib/bootstrap/dist/css/bootstrap-grid.rtl.min.css' since copy to output directory option is 'Never'
         Skipping asset '/Users/tp/Projects/Cloud9.2/wwwroot/lib/bootstrap/dist/css/bootstrap-grid.rtl.min.css.map' since copy to output directory option is 'Never'
         Skipping asset '/Users/tp/Projects/Cloud9.2/wwwroot/lib/bootstrap/dist/css/bootstrap-reboot.css' since copy to output directory option is 'Never'
         Skipping asset '/Users/tp/Projects/Cloud9.2/wwwroot/lib/bootstrap/dist/css/bootstrap-reboot.css.map' since copy to output directory option is 'Never'
         Skipping asset '/Users/tp/Projects/Cloud9.2/wwwroot/lib/bootstrap/dist/css/bootstrap-reboot.min.css' since copy to output directory option is 'Never'
         Skipping asset '/Users/tp/Projects/Cloud9.2/wwwroot/lib/bootstrap/dist/css/bootstrap-reboot.min.css.map' since copy to output directory option is 'Never'
         Skipping asset '/Users/tp/Projects/Cloud9.2/wwwroot/lib/bootstrap/dist/css/bootstrap-reboot.rtl.css' since copy to output directory option is 'Never'
         Skipping asset '/Users/tp/Projects/Cloud9.2/wwwroot/lib/bootstrap/dist/css/bootstrap-reboot.rtl.css.map' since copy to output directory option is 'Never'
         Skipping asset '/Users/tp/Projects/Cloud9.2/wwwroot/lib/bootstrap/dist/css/bootstrap-reboot.rtl.min.css' since copy to output directory option is 'Never'
         Skipping asset '/Users/tp/Projects/Cloud9.2/wwwroot/lib/bootstrap/dist/css/bootstrap-reboot.rtl.min.css.map' since copy to output directory option is 'Never'
         Skipping asset '/Users/tp/Projects/Cloud9.2/wwwroot/lib/bootstrap/dist/css/bootstrap-utilities.css' since copy to output directory option is 'Never'
         Skipping asset '/Users/tp/Projects/Cloud9.2/wwwroot/lib/bootstrap/dist/css/bootstrap-utilities.css.map' since copy to output directory option is 'Never'
         Skipping asset '/Users/tp/Projects/Cloud9.2/wwwroot/lib/bootstrap/dist/css/bootstrap-utilities.min.css' since copy to output directory option is 'Never'
         Skipping asset '/Users/tp/Projects/Cloud9.2/wwwroot/lib/bootstrap/dist/css/bootstrap-utilities.min.css.map' since copy to output directory option is 'Never'
         Skipping asset '/Users/tp/Projects/Cloud9.2/wwwroot/lib/bootstrap/dist/css/bootstrap-utilities.rtl.css' since copy to output directory option is 'Never'
         Skipping asset '/Users/tp/Projects/Cloud9.2/wwwroot/lib/bootstrap/dist/css/bootstrap-utilities.rtl.css.map' since copy to output directory option is 'Never'
         Skipping asset '/Users/tp/Projects/Cloud9.2/wwwroot/lib/bootstrap/dist/css/bootstrap-utilities.rtl.min.css' since copy to output directory option is 'Never'
         Skipping asset '/Users/tp/Projects/Cloud9.2/wwwroot/lib/bootstrap/dist/css/bootstrap-utilities.rtl.min.css.map' since copy to output directory option is 'Never'
         Skipping asset '/Users/tp/Projects/Cloud9.2/wwwroot/lib/bootstrap/dist/css/bootstrap.css' since copy to output directory option is 'Never'
         Skipping asset '/Users/tp/Projects/Cloud9.2/wwwroot/lib/bootstrap/dist/css/bootstrap.css.map' since copy to output directory option is 'Never'
         Skipping asset '/Users/tp/Projects/Cloud9.2/wwwroot/lib/bootstrap/dist/css/bootstrap.min.css' since copy to output directory option is 'Never'
         Skipping asset '/Users/tp/Projects/Cloud9.2/wwwroot/lib/bootstrap/dist/css/bootstrap.min.css.map' since copy to output directory option is 'Never'
         Skipping asset '/Users/tp/Projects/Cloud9.2/wwwroot/lib/bootstrap/dist/css/bootstrap.rtl.css' since copy to output directory option is 'Never'
         Skipping asset '/Users/tp/Projects/Cloud9.2/wwwroot/lib/bootstrap/dist/css/bootstrap.rtl.css.map' since copy to output directory option is 'Never'
         Skipping asset '/Users/tp/Projects/Cloud9.2/wwwroot/lib/bootstrap/dist/css/bootstrap.rtl.min.css' since copy to output directory option is 'Never'
         Skipping asset '/Users/tp/Projects/Cloud9.2/wwwroot/lib/bootstrap/dist/css/bootstrap.rtl.min.css.map' since copy to output directory option is 'Never'
         Skipping asset '/Users/tp/Projects/Cloud9.2/wwwroot/lib/bootstrap/dist/js/bootstrap.bundle.js' since copy to output directory option is 'Never'
         Skipping asset '/Users/tp/Projects/Cloud9.2/wwwroot/lib/bootstrap/dist/js/bootstrap.bundle.js.map' since copy to output directory option is 'Never'
         Skipping asset '/Users/tp/Projects/Cloud9.2/wwwroot/lib/bootstrap/dist/js/bootstrap.bundle.min.js' since copy to output directory option is 'Never'
         Skipping asset '/Users/tp/Projects/Cloud9.2/wwwroot/lib/bootstrap/dist/js/bootstrap.bundle.min.js.map' since copy to output directory option is 'Never'
         Skipping asset '/Users/tp/Projects/Cloud9.2/wwwroot/lib/bootstrap/dist/js/bootstrap.esm.js' since copy to output directory option is 'Never'
         Skipping asset '/Users/tp/Projects/Cloud9.2/wwwroot/lib/bootstrap/dist/js/bootstrap.esm.js.map' since copy to output directory option is 'Never'
         Skipping asset '/Users/tp/Projects/Cloud9.2/wwwroot/lib/bootstrap/dist/js/bootstrap.esm.min.js' since copy to output directory option is 'Never'
         Skipping asset '/Users/tp/Projects/Cloud9.2/wwwroot/lib/bootstrap/dist/js/bootstrap.esm.min.js.map' since copy to output directory option is 'Never'
         Skipping asset '/Users/tp/Projects/Cloud9.2/wwwroot/lib/bootstrap/dist/js/bootstrap.js' since copy to output directory option is 'Never'
         Skipping asset '/Users/tp/Projects/Cloud9.2/wwwroot/lib/bootstrap/dist/js/bootstrap.js.map' since copy to output directory option is 'Never'
         Skipping asset '/Users/tp/Projects/Cloud9.2/wwwroot/lib/bootstrap/dist/js/bootstrap.min.js' since copy to output directory option is 'Never'
         Skipping asset '/Users/tp/Projects/Cloud9.2/wwwroot/lib/bootstrap/dist/js/bootstrap.min.js.map' since copy to output directory option is 'Never'
         Skipping asset '/Users/tp/Projects/Cloud9.2/wwwroot/lib/bootstrap/LICENSE' since copy to output directory option is 'Never'
         Skipping asset '/Users/tp/Projects/Cloud9.2/wwwroot/lib/jquery-validation-unobtrusive/jquery.validate.unobtrusive.js' since copy to output directory option is 'Never'
         Skipping asset '/Users/tp/Projects/Cloud9.2/wwwroot/lib/jquery-validation-unobtrusive/jquery.validate.unobtrusive.min.js' since copy to output directory option is 'Never'
         Skipping asset '/Users/tp/Projects/Cloud9.2/wwwroot/lib/jquery-validation-unobtrusive/LICENSE.txt' since copy to output directory option is 'Never'
         Skipping asset '/Users/tp/Projects/Cloud9.2/wwwroot/lib/jquery-validation/dist/additional-methods.js' since copy to output directory option is 'Never'
         Skipping asset '/Users/tp/Projects/Cloud9.2/wwwroot/lib/jquery-validation/dist/additional-methods.min.js' since copy to output directory option is 'Never'
         Skipping asset '/Users/tp/Projects/Cloud9.2/wwwroot/lib/jquery-validation/dist/jquery.validate.js' since copy to output directory option is 'Never'
         Skipping asset '/Users/tp/Projects/Cloud9.2/wwwroot/lib/jquery-validation/dist/jquery.validate.min.js' since copy to output directory option is 'Never'
         Skipping asset '/Users/tp/Projects/Cloud9.2/wwwroot/lib/jquery-validation/LICENSE.md' since copy to output directory option is 'Never'
         Skipping asset '/Users/tp/Projects/Cloud9.2/wwwroot/lib/jquery/dist/jquery.js' since copy to output directory option is 'Never'
         Skipping asset '/Users/tp/Projects/Cloud9.2/wwwroot/lib/jquery/dist/jquery.min.js' since copy to output directory option is 'Never'
         Skipping asset '/Users/tp/Projects/Cloud9.2/wwwroot/lib/jquery/dist/jquery.min.map' since copy to output directory option is 'Never'
         Skipping asset '/Users/tp/Projects/Cloud9.2/wwwroot/lib/jquery/LICENSE.txt' since copy to output directory option is 'Never'
       Done executing task "CollectStaticWebAssetsToCopy".
   1:7>Done building target "_SplitStaticWebAssetsByCopyOptions" in project "Cloud9.2.csproj".
   1:7>Target "_BuildCopyStaticWebAssetsPreserveNewest" in file "/usr/local/share/dotnet/sdk/8.0.407/Sdks/Microsoft.NET.Sdk.StaticWebAssets/targets/Microsoft.NET.Sdk.StaticWebAssets.targets" from project "/Users/tp/Projects/Cloud9.2/Cloud9.2.csproj" (target "StaticWebAssetsPrepareForRun" depends on it):
       Skipping target "_BuildCopyStaticWebAssetsPreserveNewest" because it has no outputs.
       Though the target has declared its outputs, the output specification only references empty properties and/or empty item lists.
   1:7>Done building target "_BuildCopyStaticWebAssetsPreserveNewest" in project "Cloud9.2.csproj".
   1:7>Target "_BuildCopyStaticWebAssetsAlways" in file "/usr/local/share/dotnet/sdk/8.0.407/Sdks/Microsoft.NET.Sdk.StaticWebAssets/targets/Microsoft.NET.Sdk.StaticWebAssets.targets" from project "/Users/tp/Projects/Cloud9.2/Cloud9.2.csproj" (target "StaticWebAssetsPrepareForRun" depends on it):
       Using "Copy" task from assembly "Microsoft.Build.Tasks.Core, Version=15.1.0.0, Culture=neutral, PublicKeyToken=b03f5f7f11d50a3a".
       Task "Copy"
       Done executing task "Copy".
   1:7>Done building target "_BuildCopyStaticWebAssetsAlways" in project "Cloud9.2.csproj".
       Target "_GenerateBuildJsModuleManifest" skipped, due to false condition; (@(_ExistingBuildJSModules) != '') was evaluated as ( != '').
   1:7>Target "StaticWebAssetsPrepareForRun" in file "/usr/local/share/dotnet/sdk/8.0.407/Sdks/Microsoft.NET.Sdk.StaticWebAssets/targets/Microsoft.NET.Sdk.StaticWebAssets.targets" from project "/Users/tp/Projects/Cloud9.2/Cloud9.2.csproj" (target "PrepareForRun" depends on it):
   1:7>Done building target "StaticWebAssetsPrepareForRun" in project "Cloud9.2.csproj".
       Target "ComputeIntermediateSatelliteAssemblies" skipped, due to false condition; (@(EmbeddedResource->'%(WithCulture)') != '') was evaluated as ( != '').
   1:7>Target "_CopyFilesMarkedCopyLocal" in file "/usr/local/share/dotnet/sdk/8.0.407/Microsoft.Common.CurrentVersion.targets" from project "/Users/tp/Projects/Cloud9.2/Cloud9.2.csproj" (target "CopyFilesToOutputDirectory" depends on it):
       Task "Copy"
         Did not copy from file "/Users/tp/.nuget/packages/azure.identity/1.7.0/lib/netstandard2.0/Azure.Identity.dll" to file "bin/Debug/net8.0/Azure.Identity.dll" because the "SkipUnchangedFiles" parameter was set to "true" in the project and the files' sizes and timestamps match.
         Did not copy from file "/Users/tp/.nuget/packages/azure.core/1.25.0/lib/net5.0/Azure.Core.dll" to file "bin/Debug/net8.0/Azure.Core.dll" because the "SkipUnchangedFiles" parameter was set to "true" in the project and the files' sizes and timestamps match.
         Did not copy from file "/Users/tp/.nuget/packages/microsoft.aspnetcore.identity.entityframeworkcore/8.0.0/lib/net8.0/Microsoft.AspNetCore.Identity.EntityFrameworkCore.dll" to file "bin/Debug/net8.0/Microsoft.AspNetCore.Identity.EntityFrameworkCore.dll" because the "SkipUnchangedFiles" parameter was set to "true" in the project and the files' sizes and timestamps match.
         Did not copy from file "/Users/tp/.nuget/packages/humanizer.core/2.14.1/lib/net6.0/Humanizer.dll" to file "bin/Debug/net8.0/Humanizer.dll" because the "SkipUnchangedFiles" parameter was set to "true" in the project and the files' sizes and timestamps match.
         Did not copy from file "/Users/tp/.nuget/packages/microsoft.aspnetcore.identity.ui/8.0.0/lib/net8.0/Microsoft.AspNetCore.Identity.UI.dll" to file "bin/Debug/net8.0/Microsoft.AspNetCore.Identity.UI.dll" because the "SkipUnchangedFiles" parameter was set to "true" in the project and the files' sizes and timestamps match.
         Did not copy from file "/Users/tp/.nuget/packages/microsoft.aspnetcore.razor.language/6.0.24/lib/netstandard2.0/Microsoft.AspNetCore.Razor.Language.dll" to file "bin/Debug/net8.0/Microsoft.AspNetCore.Razor.Language.dll" because the "SkipUnchangedFiles" parameter was set to "true" in the project and the files' sizes and timestamps match.
         Did not copy from file "/Users/tp/.nuget/packages/microsoft.bcl.asyncinterfaces/7.0.0/lib/netstandard2.1/Microsoft.Bcl.AsyncInterfaces.dll" to file "bin/Debug/net8.0/Microsoft.Bcl.AsyncInterfaces.dll" because the "SkipUnchangedFiles" parameter was set to "true" in the project and the files' sizes and timestamps match.
         Did not copy from file "/Users/tp/.nuget/packages/microsoft.codeanalysis.analyzerutilities/3.3.0/lib/netstandard2.0/Microsoft.CodeAnalysis.AnalyzerUtilities.dll" to file "bin/Debug/net8.0/Microsoft.CodeAnalysis.AnalyzerUtilities.dll" because the "SkipUnchangedFiles" parameter was set to "true" in the project and the files' sizes and timestamps match.
         Did not copy from file "/Users/tp/.nuget/packages/microsoft.build.framework/17.8.3/lib/net8.0/Microsoft.Build.Framework.dll" to file "bin/Debug/net8.0/Microsoft.Build.Framework.dll" because the "SkipUnchangedFiles" parameter was set to "true" in the project and the files' sizes and timestamps match.
         Did not copy from file "/Users/tp/.nuget/packages/microsoft.codeanalysis.csharp.features/4.8.0/lib/net7.0/Microsoft.CodeAnalysis.CSharp.Features.dll" to file "bin/Debug/net8.0/Microsoft.CodeAnalysis.CSharp.Features.dll" because the "SkipUnchangedFiles" parameter was set to "true" in the project and the files' sizes and timestamps match.
         Did not copy from file "/Users/tp/.nuget/packages/microsoft.codeanalysis.csharp.workspaces/4.8.0/lib/net7.0/Microsoft.CodeAnalysis.CSharp.Workspaces.dll" to file "bin/Debug/net8.0/Microsoft.CodeAnalysis.CSharp.Workspaces.dll" because the "SkipUnchangedFiles" parameter was set to "true" in the project and the files' sizes and timestamps match.
         Did not copy from file "/Users/tp/.nuget/packages/microsoft.codeanalysis.elfie/1.0.0/lib/netstandard2.0/Microsoft.CodeAnalysis.Elfie.dll" to file "bin/Debug/net8.0/Microsoft.CodeAnalysis.Elfie.dll" because the "SkipUnchangedFiles" parameter was set to "true" in the project and the files' sizes and timestamps match.
         Did not copy from file "/Users/tp/.nuget/packages/microsoft.codeanalysis.common/4.8.0/lib/net7.0/Microsoft.CodeAnalysis.dll" to file "bin/Debug/net8.0/Microsoft.CodeAnalysis.dll" because the "SkipUnchangedFiles" parameter was set to "true" in the project and the files' sizes and timestamps match.
         Did not copy from file "/Users/tp/.nuget/packages/microsoft.codeanalysis.csharp/4.8.0/lib/net7.0/Microsoft.CodeAnalysis.CSharp.dll" to file "bin/Debug/net8.0/Microsoft.CodeAnalysis.CSharp.dll" because the "SkipUnchangedFiles" parameter was set to "true" in the project and the files' sizes and timestamps match.
         Did not copy from file "/Users/tp/.nuget/packages/microsoft.codeanalysis.scripting.common/4.8.0/lib/net7.0/Microsoft.CodeAnalysis.Scripting.dll" to file "bin/Debug/net8.0/Microsoft.CodeAnalysis.Scripting.dll" because the "SkipUnchangedFiles" parameter was set to "true" in the project and the files' sizes and timestamps match.
         Did not copy from file "/Users/tp/.nuget/packages/microsoft.codeanalysis.razor/6.0.24/lib/netstandard2.0/Microsoft.CodeAnalysis.Razor.dll" to file "bin/Debug/net8.0/Microsoft.CodeAnalysis.Razor.dll" because the "SkipUnchangedFiles" parameter was set to "true" in the project and the files' sizes and timestamps match.
         Did not copy from file "/Users/tp/.nuget/packages/microsoft.build/17.8.3/lib/net8.0/Microsoft.Build.dll" to file "bin/Debug/net8.0/Microsoft.Build.dll" because the "SkipUnchangedFiles" parameter was set to "true" in the project and the files' sizes and timestamps match.
         Did not copy from file "/Users/tp/.nuget/packages/microsoft.diasymreader/2.0.0/lib/netstandard2.0/Microsoft.DiaSymReader.dll" to file "bin/Debug/net8.0/Microsoft.DiaSymReader.dll" because the "SkipUnchangedFiles" parameter was set to "true" in the project and the files' sizes and timestamps match.
         Did not copy from file "/Users/tp/.nuget/packages/microsoft.dotnet.scaffolding.shared/8.0.4/lib/netstandard2.0/Microsoft.DotNet.Scaffolding.Shared.dll" to file "bin/Debug/net8.0/Microsoft.DotNet.Scaffolding.Shared.dll" because the "SkipUnchangedFiles" parameter was set to "true" in the project and the files' sizes and timestamps match.
         Did not copy from file "/Users/tp/.nuget/packages/microsoft.entityframeworkcore/8.0.0/lib/net8.0/Microsoft.EntityFrameworkCore.dll" to file "bin/Debug/net8.0/Microsoft.EntityFrameworkCore.dll" because the "SkipUnchangedFiles" parameter was set to "true" in the project and the files' sizes and timestamps match.
         Did not copy from file "/Users/tp/.nuget/packages/microsoft.entityframeworkcore.abstractions/8.0.0/lib/net8.0/Microsoft.EntityFrameworkCore.Abstractions.dll" to file "bin/Debug/net8.0/Microsoft.EntityFrameworkCore.Abstractions.dll" because the "SkipUnchangedFiles" parameter was set to "true" in the project and the files' sizes and timestamps match.
         Did not copy from file "/Users/tp/.nuget/packages/microsoft.codeanalysis.features/4.8.0/lib/net7.0/Microsoft.CodeAnalysis.Features.dll" to file "bin/Debug/net8.0/Microsoft.CodeAnalysis.Features.dll" because the "SkipUnchangedFiles" parameter was set to "true" in the project and the files' sizes and timestamps match.
         Did not copy from file "/Users/tp/.nuget/packages/microsoft.codeanalysis.workspaces.common/4.8.0/lib/net7.0/Microsoft.CodeAnalysis.Workspaces.dll" to file "bin/Debug/net8.0/Microsoft.CodeAnalysis.Workspaces.dll" because the "SkipUnchangedFiles" parameter was set to "true" in the project and the files' sizes and timestamps match.
         Did not copy from file "/Users/tp/.nuget/packages/microsoft.entityframeworkcore.sqlserver/8.0.0/lib/net8.0/Microsoft.EntityFrameworkCore.SqlServer.dll" to file "bin/Debug/net8.0/Microsoft.EntityFrameworkCore.SqlServer.dll" because the "SkipUnchangedFiles" parameter was set to "true" in the project and the files' sizes and timestamps match.
         Did not copy from file "/Users/tp/.nuget/packages/microsoft.entityframeworkcore.relational/8.0.0/lib/net8.0/Microsoft.EntityFrameworkCore.Relational.dll" to file "bin/Debug/net8.0/Microsoft.EntityFrameworkCore.Relational.dll" because the "SkipUnchangedFiles" parameter was set to "true" in the project and the files' sizes and timestamps match.
         Did not copy from file "/Users/tp/.nuget/packages/microsoft.data.sqlclient/5.1.1/lib/net6.0/Microsoft.Data.SqlClient.dll" to file "bin/Debug/net8.0/Microsoft.Data.SqlClient.dll" because the "SkipUnchangedFiles" parameter was set to "true" in the project and the files' sizes and timestamps match.
         Did not copy from file "/Users/tp/.nuget/packages/microsoft.extensions.dependencyinjection.abstractions/8.0.2/lib/net8.0/Microsoft.Extensions.DependencyInjection.Abstractions.dll" to file "bin/Debug/net8.0/Microsoft.Extensions.DependencyInjection.Abstractions.dll" because the "SkipUnchangedFiles" parameter was set to "true" in the project and the files' sizes and timestamps match.
         Did not copy from file "/Users/tp/.nuget/packages/microsoft.extensions.dependencymodel/8.0.1/lib/net8.0/Microsoft.Extensions.DependencyModel.dll" to file "bin/Debug/net8.0/Microsoft.Extensions.DependencyModel.dll" because the "SkipUnchangedFiles" parameter was set to "true" in the project and the files' sizes and timestamps match.
         Did not copy from file "/Users/tp/.nuget/packages/microsoft.entityframeworkcore.design/8.0.0/lib/net8.0/Microsoft.EntityFrameworkCore.Design.dll" to file "bin/Debug/net8.0/Microsoft.EntityFrameworkCore.Design.dll" because the "SkipUnchangedFiles" parameter was set to "true" in the project and the files' sizes and timestamps match.
         Did not copy from file "/Users/tp/.nuget/packages/microsoft.extensions.diagnostics.abstractions/8.0.1/lib/net8.0/Microsoft.Extensions.Diagnostics.Abstractions.dll" to file "bin/Debug/net8.0/Microsoft.Extensions.Diagnostics.Abstractions.dll" because the "SkipUnchangedFiles" parameter was set to "true" in the project and the files' sizes and timestamps match.
         Did not copy from file "/Users/tp/.nuget/packages/microsoft.extensions.logging.abstractions/8.0.2/lib/net8.0/Microsoft.Extensions.Logging.Abstractions.dll" to file "bin/Debug/net8.0/Microsoft.Extensions.Logging.Abstractions.dll" because the "SkipUnchangedFiles" parameter was set to "true" in the project and the files' sizes and timestamps match.
         Did not copy from file "/Users/tp/.nuget/packages/microsoft.extensions.hosting.abstractions/8.0.1/lib/net8.0/Microsoft.Extensions.Hosting.Abstractions.dll" to file "bin/Debug/net8.0/Microsoft.Extensions.Hosting.Abstractions.dll" because the "SkipUnchangedFiles" parameter was set to "true" in the project and the files' sizes and timestamps match.
         Did not copy from file "/Users/tp/.nuget/packages/microsoft.identity.client/4.47.2/lib/netcoreapp2.1/Microsoft.Identity.Client.dll" to file "bin/Debug/net8.0/Microsoft.Identity.Client.dll" because the "SkipUnchangedFiles" parameter was set to "true" in the project and the files' sizes and timestamps match.
         Did not copy from file "/Users/tp/.nuget/packages/microsoft.identity.client.extensions.msal/2.19.3/lib/netcoreapp2.1/Microsoft.Identity.Client.Extensions.Msal.dll" to file "bin/Debug/net8.0/Microsoft.Identity.Client.Extensions.Msal.dll" because the "SkipUnchangedFiles" parameter was set to "true" in the project and the files' sizes and timestamps match.
         Did not copy from file "/Users/tp/.nuget/packages/microsoft.identitymodel.jsonwebtokens/6.24.0/lib/net6.0/Microsoft.IdentityModel.JsonWebTokens.dll" to file "bin/Debug/net8.0/Microsoft.IdentityModel.JsonWebTokens.dll" because the "SkipUnchangedFiles" parameter was set to "true" in the project and the files' sizes and timestamps match.
         Did not copy from file "/Users/tp/.nuget/packages/microsoft.identitymodel.logging/6.24.0/lib/net6.0/Microsoft.IdentityModel.Logging.dll" to file "bin/Debug/net8.0/Microsoft.IdentityModel.Logging.dll" because the "SkipUnchangedFiles" parameter was set to "true" in the project and the files' sizes and timestamps match.
         Did not copy from file "/Users/tp/.nuget/packages/microsoft.identitymodel.protocols/6.24.0/lib/net6.0/Microsoft.IdentityModel.Protocols.dll" to file "bin/Debug/net8.0/Microsoft.IdentityModel.Protocols.dll" because the "SkipUnchangedFiles" parameter was set to "true" in the project and the files' sizes and timestamps match.
         Did not copy from file "/Users/tp/.nuget/packages/microsoft.extensions.objectpool/8.0.11/lib/net8.0/Microsoft.Extensions.ObjectPool.dll" to file "bin/Debug/net8.0/Microsoft.Extensions.ObjectPool.dll" because the "SkipUnchangedFiles" parameter was set to "true" in the project and the files' sizes and timestamps match.
         Did not copy from file "/Users/tp/.nuget/packages/microsoft.extensions.options/8.0.2/lib/net8.0/Microsoft.Extensions.Options.dll" to file "bin/Debug/net8.0/Microsoft.Extensions.Options.dll" because the "SkipUnchangedFiles" parameter was set to "true" in the project and the files' sizes and timestamps match.
         Did not copy from file "/Users/tp/.nuget/packages/microsoft.identitymodel.abstractions/6.24.0/lib/net6.0/Microsoft.IdentityModel.Abstractions.dll" to file "bin/Debug/net8.0/Microsoft.IdentityModel.Abstractions.dll" because the "SkipUnchangedFiles" parameter was set to "true" in the project and the files' sizes and timestamps match.
         Did not copy from file "/Users/tp/.nuget/packages/microsoft.identitymodel.tokens/6.24.0/lib/net6.0/Microsoft.IdentityModel.Tokens.dll" to file "bin/Debug/net8.0/Microsoft.IdentityModel.Tokens.dll" because the "SkipUnchangedFiles" parameter was set to "true" in the project and the files' sizes and timestamps match.
         Did not copy from file "/Users/tp/.nuget/packages/microsoft.sqlserver.server/1.0.0/lib/netstandard2.0/Microsoft.SqlServer.Server.dll" to file "bin/Debug/net8.0/Microsoft.SqlServer.Server.dll" because the "SkipUnchangedFiles" parameter was set to "true" in the project and the files' sizes and timestamps match.
         Did not copy from file "/Users/tp/.nuget/packages/microsoft.visualstudio.web.codegeneration.core/8.0.4/lib/net8.0/Microsoft.VisualStudio.Web.CodeGeneration.Core.dll" to file "bin/Debug/net8.0/Microsoft.VisualStudio.Web.CodeGeneration.Core.dll" because the "SkipUnchangedFiles" parameter was set to "true" in the project and the files' sizes and timestamps match.
         Did not copy from file "/Users/tp/.nuget/packages/microsoft.visualstudio.web.codegeneration.design/8.0.4/lib/net8.0/dotnet-aspnet-codegenerator-design.dll" to file "bin/Debug/net8.0/dotnet-aspnet-codegenerator-design.dll" because the "SkipUnchangedFiles" parameter was set to "true" in the project and the files' sizes and timestamps match.
         Did not copy from file "/Users/tp/.nuget/packages/microsoft.identitymodel.protocols.openidconnect/6.24.0/lib/net6.0/Microsoft.IdentityModel.Protocols.OpenIdConnect.dll" to file "bin/Debug/net8.0/Microsoft.IdentityModel.Protocols.OpenIdConnect.dll" because the "SkipUnchangedFiles" parameter was set to "true" in the project and the files' sizes and timestamps match.
         Did not copy from file "/Users/tp/.nuget/packages/microsoft.visualstudio.web.codegeneration.templating/8.0.4/lib/net8.0/Microsoft.VisualStudio.Web.CodeGeneration.Templating.dll" to file "bin/Debug/net8.0/Microsoft.VisualStudio.Web.CodeGeneration.Templating.dll" because the "SkipUnchangedFiles" parameter was set to "true" in the project and the files' sizes and timestamps match.
         Did not copy from file "/Users/tp/.nuget/packages/microsoft.visualstudio.web.codegeneration.entityframeworkcore/8.0.4/lib/net8.0/Microsoft.VisualStudio.Web.CodeGeneration.EntityFrameworkCore.dll" to file "bin/Debug/net8.0/Microsoft.VisualStudio.Web.CodeGeneration.EntityFrameworkCore.dll" because the "SkipUnchangedFiles" parameter was set to "true" in the project and the files' sizes and timestamps match.
         Did not copy from file "/Users/tp/.nuget/packages/microsoft.visualstudio.web.codegeneration.utils/8.0.4/lib/net8.0/Microsoft.VisualStudio.Web.CodeGeneration.Utils.dll" to file "bin/Debug/net8.0/Microsoft.VisualStudio.Web.CodeGeneration.Utils.dll" because the "SkipUnchangedFiles" parameter was set to "true" in the project and the files' sizes and timestamps match.
         Did not copy from file "/Users/tp/.nuget/packages/microsoft.visualstudio.web.codegeneration/8.0.4/lib/net8.0/Microsoft.VisualStudio.Web.CodeGeneration.dll" to file "bin/Debug/net8.0/Microsoft.VisualStudio.Web.CodeGeneration.dll" because the "SkipUnchangedFiles" parameter was set to "true" in the project and the files' sizes and timestamps match.
         Did not copy from file "/Users/tp/.nuget/packages/microsoft.net.stringtools/17.8.3/lib/net8.0/Microsoft.NET.StringTools.dll" to file "bin/Debug/net8.0/Microsoft.NET.StringTools.dll" because the "SkipUnchangedFiles" parameter was set to "true" in the project and the files' sizes and timestamps match.
         Did not copy from file "/Users/tp/.nuget/packages/newtonsoft.json/13.0.3/lib/net6.0/Newtonsoft.Json.dll" to file "bin/Debug/net8.0/Newtonsoft.Json.dll" because the "SkipUnchangedFiles" parameter was set to "true" in the project and the files' sizes and timestamps match.
         Did not copy from file "/Users/tp/.nuget/packages/nuget.common/6.9.1/lib/netstandard2.0/NuGet.Common.dll" to file "bin/Debug/net8.0/NuGet.Common.dll" because the "SkipUnchangedFiles" parameter was set to "true" in the project and the files' sizes and timestamps match.
         Did not copy from file "/Users/tp/.nuget/packages/microsoft.visualstudio.web.codegenerators.mvc/8.0.4/lib/net8.0/Microsoft.VisualStudio.Web.CodeGenerators.Mvc.dll" to file "bin/Debug/net8.0/Microsoft.VisualStudio.Web.CodeGenerators.Mvc.dll" because the "SkipUnchangedFiles" parameter was set to "true" in the project and the files' sizes and timestamps match.
         Did not copy from file "/Users/tp/.nuget/packages/nuget.configuration/6.9.1/lib/netstandard2.0/NuGet.Configuration.dll" to file "bin/Debug/net8.0/NuGet.Configuration.dll" because the "SkipUnchangedFiles" parameter was set to "true" in the project and the files' sizes and timestamps match.
         Did not copy from file "/Users/tp/.nuget/packages/microsoft.win32.systemevents/7.0.0/lib/net7.0/Microsoft.Win32.SystemEvents.dll" to file "bin/Debug/net8.0/Microsoft.Win32.SystemEvents.dll" because the "SkipUnchangedFiles" parameter was set to "true" in the project and the files' sizes and timestamps match.
         Did not copy from file "/Users/tp/.nuget/packages/mono.texttemplating/2.3.1/lib/netcoreapp3.1/Mono.TextTemplating.dll" to file "bin/Debug/net8.0/Mono.TextTemplating.dll" because the "SkipUnchangedFiles" parameter was set to "true" in the project and the files' sizes and timestamps match.
         Did not copy from file "/Users/tp/.nuget/packages/nuget.librarymodel/6.9.1/lib/netstandard2.0/NuGet.LibraryModel.dll" to file "bin/Debug/net8.0/NuGet.LibraryModel.dll" because the "SkipUnchangedFiles" parameter was set to "true" in the project and the files' sizes and timestamps match.
         Did not copy from file "/Users/tp/.nuget/packages/nuget.packaging/6.9.1/lib/net5.0/NuGet.Packaging.dll" to file "bin/Debug/net8.0/NuGet.Packaging.dll" because the "SkipUnchangedFiles" parameter was set to "true" in the project and the files' sizes and timestamps match.
         Did not copy from file "/Users/tp/.nuget/packages/nuget.dependencyresolver.core/6.9.1/lib/net5.0/NuGet.DependencyResolver.Core.dll" to file "bin/Debug/net8.0/NuGet.DependencyResolver.Core.dll" because the "SkipUnchangedFiles" parameter was set to "true" in the project and the files' sizes and timestamps match.
         Did not copy from file "/Users/tp/.nuget/packages/nuget.versioning/6.9.1/lib/netstandard2.0/NuGet.Versioning.dll" to file "bin/Debug/net8.0/NuGet.Versioning.dll" because the "SkipUnchangedFiles" parameter was set to "true" in the project and the files' sizes and timestamps match.
         Did not copy from file "/Users/tp/.nuget/packages/nuget.projectmodel/6.9.1/lib/net5.0/NuGet.ProjectModel.dll" to file "bin/Debug/net8.0/NuGet.ProjectModel.dll" because the "SkipUnchangedFiles" parameter was set to "true" in the project and the files' sizes and timestamps match.
         Did not copy from file "/Users/tp/.nuget/packages/nuget.protocol/6.9.1/lib/net5.0/NuGet.Protocol.dll" to file "bin/Debug/net8.0/NuGet.Protocol.dll" because the "SkipUnchangedFiles" parameter was set to "true" in the project and the files' sizes and timestamps match.
         Did not copy from file "/Users/tp/.nuget/packages/qrcoder/1.6.0/lib/net6.0/QRCoder.dll" to file "bin/Debug/net8.0/QRCoder.dll" because the "SkipUnchangedFiles" parameter was set to "true" in the project and the files' sizes and timestamps match.
         Did not copy from file "/Users/tp/.nuget/packages/nuget.frameworks/6.9.1/lib/netstandard2.0/NuGet.Frameworks.dll" to file "bin/Debug/net8.0/NuGet.Frameworks.dll" because the "SkipUnchangedFiles" parameter was set to "true" in the project and the files' sizes and timestamps match.
         Did not copy from file "/Users/tp/.nuget/packages/system.composition.convention/7.0.0/lib/net7.0/System.Composition.Convention.dll" to file "bin/Debug/net8.0/System.Composition.Convention.dll" because the "SkipUnchangedFiles" parameter was set to "true" in the project and the files' sizes and timestamps match.
         Did not copy from file "/Users/tp/.nuget/packages/system.composition.attributedmodel/7.0.0/lib/net7.0/System.Composition.AttributedModel.dll" to file "bin/Debug/net8.0/System.Composition.AttributedModel.dll" because the "SkipUnchangedFiles" parameter was set to "true" in the project and the files' sizes and timestamps match.
         Did not copy from file "/Users/tp/.nuget/packages/system.composition.runtime/7.0.0/lib/net7.0/System.Composition.Runtime.dll" to file "bin/Debug/net8.0/System.Composition.Runtime.dll" because the "SkipUnchangedFiles" parameter was set to "true" in the project and the files' sizes and timestamps match.
         Did not copy from file "/Users/tp/.nuget/packages/system.composition.hosting/7.0.0/lib/net7.0/System.Composition.Hosting.dll" to file "bin/Debug/net8.0/System.Composition.Hosting.dll" because the "SkipUnchangedFiles" parameter was set to "true" in the project and the files' sizes and timestamps match.
         Did not copy from file "/Users/tp/.nuget/packages/system.composition.typedparts/7.0.0/lib/net7.0/System.Composition.TypedParts.dll" to file "bin/Debug/net8.0/System.Composition.TypedParts.dll" because the "SkipUnchangedFiles" parameter was set to "true" in the project and the files' sizes and timestamps match.
         Did not copy from file "/Users/tp/.nuget/packages/system.drawing.common/7.0.0/lib/net7.0/System.Drawing.Common.dll" to file "bin/Debug/net8.0/System.Drawing.Common.dll" because the "SkipUnchangedFiles" parameter was set to "true" in the project and the files' sizes and timestamps match.
         Did not copy from file "/Users/tp/.nuget/packages/system.configuration.configurationmanager/7.0.0/lib/net7.0/System.Configuration.ConfigurationManager.dll" to file "bin/Debug/net8.0/System.Configuration.ConfigurationManager.dll" because the "SkipUnchangedFiles" parameter was set to "true" in the project and the files' sizes and timestamps match.
         Did not copy from file "/Users/tp/.nuget/packages/system.identitymodel.tokens.jwt/6.24.0/lib/net6.0/System.IdentityModel.Tokens.Jwt.dll" to file "bin/Debug/net8.0/System.IdentityModel.Tokens.Jwt.dll" because the "SkipUnchangedFiles" parameter was set to "true" in the project and the files' sizes and timestamps match.
         Did not copy from file "/Users/tp/.nuget/packages/system.memory.data/1.0.2/lib/netstandard2.0/System.Memory.Data.dll" to file "bin/Debug/net8.0/System.Memory.Data.dll" because the "SkipUnchangedFiles" parameter was set to "true" in the project and the files' sizes and timestamps match.
         Did not copy from file "/Users/tp/.nuget/packages/system.net.websockets.websocketprotocol/5.1.0/lib/net6.0/System.Net.WebSockets.WebSocketProtocol.dll" to file "bin/Debug/net8.0/System.Net.WebSockets.WebSocketProtocol.dll" because the "SkipUnchangedFiles" parameter was set to "true" in the project and the files' sizes and timestamps match.
         Did not copy from file "/Users/tp/.nuget/packages/system.reflection.metadataloadcontext/7.0.0/lib/net7.0/System.Reflection.MetadataLoadContext.dll" to file "bin/Debug/net8.0/System.Reflection.MetadataLoadContext.dll" because the "SkipUnchangedFiles" parameter was set to "true" in the project and the files' sizes and timestamps match.
         Did not copy from file "/Users/tp/.nuget/packages/system.security.cryptography.protecteddata/7.0.0/lib/net7.0/System.Security.Cryptography.ProtectedData.dll" to file "bin/Debug/net8.0/System.Security.Cryptography.ProtectedData.dll" because the "SkipUnchangedFiles" parameter was set to "true" in the project and the files' sizes and timestamps match.
         Did not copy from file "/Users/tp/.nuget/packages/system.codedom/5.0.0/lib/netstandard2.0/System.CodeDom.dll" to file "bin/Debug/net8.0/System.CodeDom.dll" because the "SkipUnchangedFiles" parameter was set to "true" in the project and the files' sizes and timestamps match.
         Did not copy from file "/Users/tp/.nuget/packages/system.security.permissions/7.0.0/lib/net7.0/System.Security.Permissions.dll" to file "bin/Debug/net8.0/System.Security.Permissions.dll" because the "SkipUnchangedFiles" parameter was set to "true" in the project and the files' sizes and timestamps match.
         Did not copy from file "/Users/tp/.nuget/packages/system.windows.extensions/7.0.0/lib/net7.0/System.Windows.Extensions.dll" to file "bin/Debug/net8.0/System.Windows.Extensions.dll" because the "SkipUnchangedFiles" parameter was set to "true" in the project and the files' sizes and timestamps match.
         Did not copy from file "/Users/tp/.nuget/packages/system.runtime.caching/6.0.0/lib/net6.0/System.Runtime.Caching.dll" to file "bin/Debug/net8.0/System.Runtime.Caching.dll" because the "SkipUnchangedFiles" parameter was set to "true" in the project and the files' sizes and timestamps match.
         Did not copy from file "/Users/tp/.nuget/packages/humanizer.core.az/2.14.1/lib/net6.0/az/Humanizer.resources.dll" to file "bin/Debug/net8.0/az/Humanizer.resources.dll" because the "SkipUnchangedFiles" parameter was set to "true" in the project and the files' sizes and timestamps match.
         Did not copy from file "/Users/tp/.nuget/packages/humanizer.core.bg/2.14.1/lib/net6.0/bg/Humanizer.resources.dll" to file "bin/Debug/net8.0/bg/Humanizer.resources.dll" because the "SkipUnchangedFiles" parameter was set to "true" in the project and the files' sizes and timestamps match.
         Did not copy from file "/Users/tp/.nuget/packages/humanizer.core.bn-bd/2.14.1/lib/net6.0/bn-BD/Humanizer.resources.dll" to file "bin/Debug/net8.0/bn-BD/Humanizer.resources.dll" because the "SkipUnchangedFiles" parameter was set to "true" in the project and the files' sizes and timestamps match.
         Did not copy from file "/Users/tp/.nuget/packages/humanizer.core.af/2.14.1/lib/net6.0/af/Humanizer.resources.dll" to file "bin/Debug/net8.0/af/Humanizer.resources.dll" because the "SkipUnchangedFiles" parameter was set to "true" in the project and the files' sizes and timestamps match.
         Did not copy from file "/Users/tp/.nuget/packages/humanizer.core.ar/2.14.1/lib/net6.0/ar/Humanizer.resources.dll" to file "bin/Debug/net8.0/ar/Humanizer.resources.dll" because the "SkipUnchangedFiles" parameter was set to "true" in the project and the files' sizes and timestamps match.
         Did not copy from file "/Users/tp/.nuget/packages/humanizer.core.cs/2.14.1/lib/net6.0/cs/Humanizer.resources.dll" to file "bin/Debug/net8.0/cs/Humanizer.resources.dll" because the "SkipUnchangedFiles" parameter was set to "true" in the project and the files' sizes and timestamps match.
         Did not copy from file "/Users/tp/.nuget/packages/humanizer.core.es/2.14.1/lib/net6.0/es/Humanizer.resources.dll" to file "bin/Debug/net8.0/es/Humanizer.resources.dll" because the "SkipUnchangedFiles" parameter was set to "true" in the project and the files' sizes and timestamps match.
         Did not copy from file "/Users/tp/.nuget/packages/humanizer.core.fa/2.14.1/lib/net6.0/fa/Humanizer.resources.dll" to file "bin/Debug/net8.0/fa/Humanizer.resources.dll" because the "SkipUnchangedFiles" parameter was set to "true" in the project and the files' sizes and timestamps match.
         Did not copy from file "/Users/tp/.nuget/packages/humanizer.core.de/2.14.1/lib/net6.0/de/Humanizer.resources.dll" to file "bin/Debug/net8.0/de/Humanizer.resources.dll" because the "SkipUnchangedFiles" parameter was set to "true" in the project and the files' sizes and timestamps match.
         Did not copy from file "/Users/tp/.nuget/packages/humanizer.core.da/2.14.1/lib/net6.0/da/Humanizer.resources.dll" to file "bin/Debug/net8.0/da/Humanizer.resources.dll" because the "SkipUnchangedFiles" parameter was set to "true" in the project and the files' sizes and timestamps match.
         Did not copy from file "/Users/tp/.nuget/packages/humanizer.core.el/2.14.1/lib/net6.0/el/Humanizer.resources.dll" to file "bin/Debug/net8.0/el/Humanizer.resources.dll" because the "SkipUnchangedFiles" parameter was set to "true" in the project and the files' sizes and timestamps match.
         Did not copy from file "/Users/tp/.nuget/packages/humanizer.core.fi-fi/2.14.1/lib/net6.0/fi-FI/Humanizer.resources.dll" to file "bin/Debug/net8.0/fi-FI/Humanizer.resources.dll" because the "SkipUnchangedFiles" parameter was set to "true" in the project and the files' sizes and timestamps match.
         Did not copy from file "/Users/tp/.nuget/packages/humanizer.core.fr/2.14.1/lib/net6.0/fr/Humanizer.resources.dll" to file "bin/Debug/net8.0/fr/Humanizer.resources.dll" because the "SkipUnchangedFiles" parameter was set to "true" in the project and the files' sizes and timestamps match.
         Did not copy from file "/Users/tp/.nuget/packages/humanizer.core.he/2.14.1/lib/net6.0/he/Humanizer.resources.dll" to file "bin/Debug/net8.0/he/Humanizer.resources.dll" because the "SkipUnchangedFiles" parameter was set to "true" in the project and the files' sizes and timestamps match.
         Did not copy from file "/Users/tp/.nuget/packages/humanizer.core.hu/2.14.1/lib/net6.0/hu/Humanizer.resources.dll" to file "bin/Debug/net8.0/hu/Humanizer.resources.dll" because the "SkipUnchangedFiles" parameter was set to "true" in the project and the files' sizes and timestamps match.
         Did not copy from file "/Users/tp/.nuget/packages/humanizer.core.fr-be/2.14.1/lib/net6.0/fr-BE/Humanizer.resources.dll" to file "bin/Debug/net8.0/fr-BE/Humanizer.resources.dll" because the "SkipUnchangedFiles" parameter was set to "true" in the project and the files' sizes and timestamps match.
         Did not copy from file "/Users/tp/.nuget/packages/humanizer.core.hy/2.14.1/lib/net6.0/hy/Humanizer.resources.dll" to file "bin/Debug/net8.0/hy/Humanizer.resources.dll" because the "SkipUnchangedFiles" parameter was set to "true" in the project and the files' sizes and timestamps match.
         Did not copy from file "/Users/tp/.nuget/packages/humanizer.core.id/2.14.1/lib/net6.0/id/Humanizer.resources.dll" to file "bin/Debug/net8.0/id/Humanizer.resources.dll" because the "SkipUnchangedFiles" parameter was set to "true" in the project and the files' sizes and timestamps match.
         Did not copy from file "/Users/tp/.nuget/packages/humanizer.core.hr/2.14.1/lib/net6.0/hr/Humanizer.resources.dll" to file "bin/Debug/net8.0/hr/Humanizer.resources.dll" because the "SkipUnchangedFiles" parameter was set to "true" in the project and the files' sizes and timestamps match.
         Did not copy from file "/Users/tp/.nuget/packages/humanizer.core.is/2.14.1/lib/net6.0/is/Humanizer.resources.dll" to file "bin/Debug/net8.0/is/Humanizer.resources.dll" because the "SkipUnchangedFiles" parameter was set to "true" in the project and the files' sizes and timestamps match.
         Did not copy from file "/Users/tp/.nuget/packages/humanizer.core.ja/2.14.1/lib/net6.0/ja/Humanizer.resources.dll" to file "bin/Debug/net8.0/ja/Humanizer.resources.dll" because the "SkipUnchangedFiles" parameter was set to "true" in the project and the files' sizes and timestamps match.
         Did not copy from file "/Users/tp/.nuget/packages/humanizer.core.it/2.14.1/lib/net6.0/it/Humanizer.resources.dll" to file "bin/Debug/net8.0/it/Humanizer.resources.dll" because the "SkipUnchangedFiles" parameter was set to "true" in the project and the files' sizes and timestamps match.
         Did not copy from file "/Users/tp/.nuget/packages/humanizer.core.ko-kr/2.14.1/lib/netstandard2.0/ko-KR/Humanizer.resources.dll" to file "bin/Debug/net8.0/ko-KR/Humanizer.resources.dll" because the "SkipUnchangedFiles" parameter was set to "true" in the project and the files' sizes and timestamps match.
         Did not copy from file "/Users/tp/.nuget/packages/humanizer.core.ku/2.14.1/lib/net6.0/ku/Humanizer.resources.dll" to file "bin/Debug/net8.0/ku/Humanizer.resources.dll" because the "SkipUnchangedFiles" parameter was set to "true" in the project and the files' sizes and timestamps match.
         Did not copy from file "/Users/tp/.nuget/packages/humanizer.core.ms-my/2.14.1/lib/netstandard2.0/ms-MY/Humanizer.resources.dll" to file "bin/Debug/net8.0/ms-MY/Humanizer.resources.dll" because the "SkipUnchangedFiles" parameter was set to "true" in the project and the files' sizes and timestamps match.
         Did not copy from file "/Users/tp/.nuget/packages/humanizer.core.nb/2.14.1/lib/net6.0/nb/Humanizer.resources.dll" to file "bin/Debug/net8.0/nb/Humanizer.resources.dll" because the "SkipUnchangedFiles" parameter was set to "true" in the project and the files' sizes and timestamps match.
         Did not copy from file "/Users/tp/.nuget/packages/humanizer.core.pl/2.14.1/lib/net6.0/pl/Humanizer.resources.dll" to file "bin/Debug/net8.0/pl/Humanizer.resources.dll" because the "SkipUnchangedFiles" parameter was set to "true" in the project and the files' sizes and timestamps match.
         Did not copy from file "/Users/tp/.nuget/packages/humanizer.core.nl/2.14.1/lib/net6.0/nl/Humanizer.resources.dll" to file "bin/Debug/net8.0/nl/Humanizer.resources.dll" because the "SkipUnchangedFiles" parameter was set to "true" in the project and the files' sizes and timestamps match.
         Did not copy from file "/Users/tp/.nuget/packages/humanizer.core.mt/2.14.1/lib/netstandard2.0/mt/Humanizer.resources.dll" to file "bin/Debug/net8.0/mt/Humanizer.resources.dll" because the "SkipUnchangedFiles" parameter was set to "true" in the project and the files' sizes and timestamps match.
         Did not copy from file "/Users/tp/.nuget/packages/humanizer.core.ro/2.14.1/lib/net6.0/ro/Humanizer.resources.dll" to file "bin/Debug/net8.0/ro/Humanizer.resources.dll" because the "SkipUnchangedFiles" parameter was set to "true" in the project and the files' sizes and timestamps match.
         Did not copy from file "/Users/tp/.nuget/packages/humanizer.core.lv/2.14.1/lib/net6.0/lv/Humanizer.resources.dll" to file "bin/Debug/net8.0/lv/Humanizer.resources.dll" because the "SkipUnchangedFiles" parameter was set to "true" in the project and the files' sizes and timestamps match.
         Did not copy from file "/Users/tp/.nuget/packages/humanizer.core.nb-no/2.14.1/lib/net6.0/nb-NO/Humanizer.resources.dll" to file "bin/Debug/net8.0/nb-NO/Humanizer.resources.dll" because the "SkipUnchangedFiles" parameter was set to "true" in the project and the files' sizes and timestamps match.
         Did not copy from file "/Users/tp/.nuget/packages/humanizer.core.sl/2.14.1/lib/net6.0/sl/Humanizer.resources.dll" to file "bin/Debug/net8.0/sl/Humanizer.resources.dll" because the "SkipUnchangedFiles" parameter was set to "true" in the project and the files' sizes and timestamps match.
         Did not copy from file "/Users/tp/.nuget/packages/humanizer.core.sk/2.14.1/lib/net6.0/sk/Humanizer.resources.dll" to file "bin/Debug/net8.0/sk/Humanizer.resources.dll" because the "SkipUnchangedFiles" parameter was set to "true" in the project and the files' sizes and timestamps match.
         Did not copy from file "/Users/tp/.nuget/packages/humanizer.core.pt/2.14.1/lib/net6.0/pt/Humanizer.resources.dll" to file "bin/Debug/net8.0/pt/Humanizer.resources.dll" because the "SkipUnchangedFiles" parameter was set to "true" in the project and the files' sizes and timestamps match.
         Did not copy from file "/Users/tp/.nuget/packages/humanizer.core.ru/2.14.1/lib/net6.0/ru/Humanizer.resources.dll" to file "bin/Debug/net8.0/ru/Humanizer.resources.dll" because the "SkipUnchangedFiles" parameter was set to "true" in the project and the files' sizes and timestamps match.
         Did not copy from file "/Users/tp/.nuget/packages/humanizer.core.sr/2.14.1/lib/net6.0/sr/Humanizer.resources.dll" to file "bin/Debug/net8.0/sr/Humanizer.resources.dll" because the "SkipUnchangedFiles" parameter was set to "true" in the project and the files' sizes and timestamps match.
         Did not copy from file "/Users/tp/.nuget/packages/humanizer.core.sv/2.14.1/lib/net6.0/sv/Humanizer.resources.dll" to file "bin/Debug/net8.0/sv/Humanizer.resources.dll" because the "SkipUnchangedFiles" parameter was set to "true" in the project and the files' sizes and timestamps match.
         Did not copy from file "/Users/tp/.nuget/packages/humanizer.core.sr-latn/2.14.1/lib/net6.0/sr-Latn/Humanizer.resources.dll" to file "bin/Debug/net8.0/sr-Latn/Humanizer.resources.dll" because the "SkipUnchangedFiles" parameter was set to "true" in the project and the files' sizes and timestamps match.
         Did not copy from file "/Users/tp/.nuget/packages/humanizer.core.th-th/2.14.1/lib/netstandard2.0/th-TH/Humanizer.resources.dll" to file "bin/Debug/net8.0/th-TH/Humanizer.resources.dll" because the "SkipUnchangedFiles" parameter was set to "true" in the project and the files' sizes and timestamps match.
         Did not copy from file "/Users/tp/.nuget/packages/humanizer.core.vi/2.14.1/lib/net6.0/vi/Humanizer.resources.dll" to file "bin/Debug/net8.0/vi/Humanizer.resources.dll" because the "SkipUnchangedFiles" parameter was set to "true" in the project and the files' sizes and timestamps match.
         Did not copy from file "/Users/tp/.nuget/packages/humanizer.core.tr/2.14.1/lib/net6.0/tr/Humanizer.resources.dll" to file "bin/Debug/net8.0/tr/Humanizer.resources.dll" because the "SkipUnchangedFiles" parameter was set to "true" in the project and the files' sizes and timestamps match.
         Did not copy from file "/Users/tp/.nuget/packages/humanizer.core.uk/2.14.1/lib/net6.0/uk/Humanizer.resources.dll" to file "bin/Debug/net8.0/uk/Humanizer.resources.dll" because the "SkipUnchangedFiles" parameter was set to "true" in the project and the files' sizes and timestamps match.
         Did not copy from file "/Users/tp/.nuget/packages/humanizer.core.uz-cyrl-uz/2.14.1/lib/net6.0/uz-Cyrl-UZ/Humanizer.resources.dll" to file "bin/Debug/net8.0/uz-Cyrl-UZ/Humanizer.resources.dll" because the "SkipUnchangedFiles" parameter was set to "true" in the project and the files' sizes and timestamps match.
         Did not copy from file "/Users/tp/.nuget/packages/humanizer.core.uz-latn-uz/2.14.1/lib/net6.0/uz-Latn-UZ/Humanizer.resources.dll" to file "bin/Debug/net8.0/uz-Latn-UZ/Humanizer.resources.dll" because the "SkipUnchangedFiles" parameter was set to "true" in the project and the files' sizes and timestamps match.
         Did not copy from file "/Users/tp/.nuget/packages/humanizer.core.zh-cn/2.14.1/lib/net6.0/zh-CN/Humanizer.resources.dll" to file "bin/Debug/net8.0/zh-CN/Humanizer.resources.dll" because the "SkipUnchangedFiles" parameter was set to "true" in the project and the files' sizes and timestamps match.
         Did not copy from file "/Users/tp/.nuget/packages/humanizer.core.zh-hans/2.14.1/lib/net6.0/zh-Hans/Humanizer.resources.dll" to file "bin/Debug/net8.0/zh-Hans/Humanizer.resources.dll" because the "SkipUnchangedFiles" parameter was set to "true" in the project and the files' sizes and timestamps match.
         Did not copy from file "/Users/tp/.nuget/packages/humanizer.core.zh-hant/2.14.1/lib/net6.0/zh-Hant/Humanizer.resources.dll" to file "bin/Debug/net8.0/zh-Hant/Humanizer.resources.dll" because the "SkipUnchangedFiles" parameter was set to "true" in the project and the files' sizes and timestamps match.
         Did not copy from file "/Users/tp/.nuget/packages/microsoft.codeanalysis.common/4.8.0/lib/net7.0/cs/Microsoft.CodeAnalysis.resources.dll" to file "bin/Debug/net8.0/cs/Microsoft.CodeAnalysis.resources.dll" because the "SkipUnchangedFiles" parameter was set to "true" in the project and the files' sizes and timestamps match.
         Did not copy from file "/Users/tp/.nuget/packages/microsoft.codeanalysis.common/4.8.0/lib/net7.0/es/Microsoft.CodeAnalysis.resources.dll" to file "bin/Debug/net8.0/es/Microsoft.CodeAnalysis.resources.dll" because the "SkipUnchangedFiles" parameter was set to "true" in the project and the files' sizes and timestamps match.
         Did not copy from file "/Users/tp/.nuget/packages/microsoft.codeanalysis.common/4.8.0/lib/net7.0/de/Microsoft.CodeAnalysis.resources.dll" to file "bin/Debug/net8.0/de/Microsoft.CodeAnalysis.resources.dll" because the "SkipUnchangedFiles" parameter was set to "true" in the project and the files' sizes and timestamps match.
         Did not copy from file "/Users/tp/.nuget/packages/microsoft.codeanalysis.common/4.8.0/lib/net7.0/ja/Microsoft.CodeAnalysis.resources.dll" to file "bin/Debug/net8.0/ja/Microsoft.CodeAnalysis.resources.dll" because the "SkipUnchangedFiles" parameter was set to "true" in the project and the files' sizes and timestamps match.
         Did not copy from file "/Users/tp/.nuget/packages/microsoft.codeanalysis.common/4.8.0/lib/net7.0/it/Microsoft.CodeAnalysis.resources.dll" to file "bin/Debug/net8.0/it/Microsoft.CodeAnalysis.resources.dll" because the "SkipUnchangedFiles" parameter was set to "true" in the project and the files' sizes and timestamps match.
         Did not copy from file "/Users/tp/.nuget/packages/microsoft.codeanalysis.common/4.8.0/lib/net7.0/fr/Microsoft.CodeAnalysis.resources.dll" to file "bin/Debug/net8.0/fr/Microsoft.CodeAnalysis.resources.dll" because the "SkipUnchangedFiles" parameter was set to "true" in the project and the files' sizes and timestamps match.
         Did not copy from file "/Users/tp/.nuget/packages/microsoft.codeanalysis.common/4.8.0/lib/net7.0/pl/Microsoft.CodeAnalysis.resources.dll" to file "bin/Debug/net8.0/pl/Microsoft.CodeAnalysis.resources.dll" because the "SkipUnchangedFiles" parameter was set to "true" in the project and the files' sizes and timestamps match.
         Did not copy from file "/Users/tp/.nuget/packages/microsoft.codeanalysis.common/4.8.0/lib/net7.0/pt-BR/Microsoft.CodeAnalysis.resources.dll" to file "bin/Debug/net8.0/pt-BR/Microsoft.CodeAnalysis.resources.dll" because the "SkipUnchangedFiles" parameter was set to "true" in the project and the files' sizes and timestamps match.
         Did not copy from file "/Users/tp/.nuget/packages/microsoft.codeanalysis.common/4.8.0/lib/net7.0/ko/Microsoft.CodeAnalysis.resources.dll" to file "bin/Debug/net8.0/ko/Microsoft.CodeAnalysis.resources.dll" because the "SkipUnchangedFiles" parameter was set to "true" in the project and the files' sizes and timestamps match.
         Did not copy from file "/Users/tp/.nuget/packages/microsoft.codeanalysis.common/4.8.0/lib/net7.0/ru/Microsoft.CodeAnalysis.resources.dll" to file "bin/Debug/net8.0/ru/Microsoft.CodeAnalysis.resources.dll" because the "SkipUnchangedFiles" parameter was set to "true" in the project and the files' sizes and timestamps match.
         Did not copy from file "/Users/tp/.nuget/packages/microsoft.codeanalysis.common/4.8.0/lib/net7.0/tr/Microsoft.CodeAnalysis.resources.dll" to file "bin/Debug/net8.0/tr/Microsoft.CodeAnalysis.resources.dll" because the "SkipUnchangedFiles" parameter was set to "true" in the project and the files' sizes and timestamps match.
         Did not copy from file "/Users/tp/.nuget/packages/microsoft.codeanalysis.common/4.8.0/lib/net7.0/zh-Hans/Microsoft.CodeAnalysis.resources.dll" to file "bin/Debug/net8.0/zh-Hans/Microsoft.CodeAnalysis.resources.dll" because the "SkipUnchangedFiles" parameter was set to "true" in the project and the files' sizes and timestamps match.
         Did not copy from file "/Users/tp/.nuget/packages/microsoft.codeanalysis.common/4.8.0/lib/net7.0/zh-Hant/Microsoft.CodeAnalysis.resources.dll" to file "bin/Debug/net8.0/zh-Hant/Microsoft.CodeAnalysis.resources.dll" because the "SkipUnchangedFiles" parameter was set to "true" in the project and the files' sizes and timestamps match.
         Did not copy from file "/Users/tp/.nuget/packages/microsoft.codeanalysis.csharp/4.8.0/lib/net7.0/cs/Microsoft.CodeAnalysis.CSharp.resources.dll" to file "bin/Debug/net8.0/cs/Microsoft.CodeAnalysis.CSharp.resources.dll" because the "SkipUnchangedFiles" parameter was set to "true" in the project and the files' sizes and timestamps match.
         Did not copy from file "/Users/tp/.nuget/packages/microsoft.codeanalysis.csharp/4.8.0/lib/net7.0/de/Microsoft.CodeAnalysis.CSharp.resources.dll" to file "bin/Debug/net8.0/de/Microsoft.CodeAnalysis.CSharp.resources.dll" because the "SkipUnchangedFiles" parameter was set to "true" in the project and the files' sizes and timestamps match.
         Did not copy from file "/Users/tp/.nuget/packages/microsoft.codeanalysis.csharp/4.8.0/lib/net7.0/it/Microsoft.CodeAnalysis.CSharp.resources.dll" to file "bin/Debug/net8.0/it/Microsoft.CodeAnalysis.CSharp.resources.dll" because the "SkipUnchangedFiles" parameter was set to "true" in the project and the files' sizes and timestamps match.
         Did not copy from file "/Users/tp/.nuget/packages/microsoft.codeanalysis.csharp/4.8.0/lib/net7.0/fr/Microsoft.CodeAnalysis.CSharp.resources.dll" to file "bin/Debug/net8.0/fr/Microsoft.CodeAnalysis.CSharp.resources.dll" because the "SkipUnchangedFiles" parameter was set to "true" in the project and the files' sizes and timestamps match.
         Did not copy from file "/Users/tp/.nuget/packages/microsoft.codeanalysis.csharp/4.8.0/lib/net7.0/es/Microsoft.CodeAnalysis.CSharp.resources.dll" to file "bin/Debug/net8.0/es/Microsoft.CodeAnalysis.CSharp.resources.dll" because the "SkipUnchangedFiles" parameter was set to "true" in the project and the files' sizes and timestamps match.
         Did not copy from file "/Users/tp/.nuget/packages/microsoft.codeanalysis.csharp/4.8.0/lib/net7.0/pl/Microsoft.CodeAnalysis.CSharp.resources.dll" to file "bin/Debug/net8.0/pl/Microsoft.CodeAnalysis.CSharp.resources.dll" because the "SkipUnchangedFiles" parameter was set to "true" in the project and the files' sizes and timestamps match.
         Did not copy from file "/Users/tp/.nuget/packages/microsoft.codeanalysis.csharp/4.8.0/lib/net7.0/zh-Hans/Microsoft.CodeAnalysis.CSharp.resources.dll" to file "bin/Debug/net8.0/zh-Hans/Microsoft.CodeAnalysis.CSharp.resources.dll" because the "SkipUnchangedFiles" parameter was set to "true" in the project and the files' sizes and timestamps match.
         Did not copy from file "/Users/tp/.nuget/packages/microsoft.codeanalysis.csharp/4.8.0/lib/net7.0/pt-BR/Microsoft.CodeAnalysis.CSharp.resources.dll" to file "bin/Debug/net8.0/pt-BR/Microsoft.CodeAnalysis.CSharp.resources.dll" because the "SkipUnchangedFiles" parameter was set to "true" in the project and the files' sizes and timestamps match.
         Did not copy from file "/Users/tp/.nuget/packages/microsoft.codeanalysis.csharp/4.8.0/lib/net7.0/ja/Microsoft.CodeAnalysis.CSharp.resources.dll" to file "bin/Debug/net8.0/ja/Microsoft.CodeAnalysis.CSharp.resources.dll" because the "SkipUnchangedFiles" parameter was set to "true" in the project and the files' sizes and timestamps match.
         Did not copy from file "/Users/tp/.nuget/packages/microsoft.codeanalysis.csharp/4.8.0/lib/net7.0/ko/Microsoft.CodeAnalysis.CSharp.resources.dll" to file "bin/Debug/net8.0/ko/Microsoft.CodeAnalysis.CSharp.resources.dll" because the "SkipUnchangedFiles" parameter was set to "true" in the project and the files' sizes and timestamps match.
         Did not copy from file "/Users/tp/.nuget/packages/microsoft.codeanalysis.csharp/4.8.0/lib/net7.0/ru/Microsoft.CodeAnalysis.CSharp.resources.dll" to file "bin/Debug/net8.0/ru/Microsoft.CodeAnalysis.CSharp.resources.dll" because the "SkipUnchangedFiles" parameter was set to "true" in the project and the files' sizes and timestamps match.
         Did not copy from file "/Users/tp/.nuget/packages/microsoft.codeanalysis.csharp/4.8.0/lib/net7.0/tr/Microsoft.CodeAnalysis.CSharp.resources.dll" to file "bin/Debug/net8.0/tr/Microsoft.CodeAnalysis.CSharp.resources.dll" because the "SkipUnchangedFiles" parameter was set to "true" in the project and the files' sizes and timestamps match.
         Did not copy from file "/Users/tp/.nuget/packages/microsoft.codeanalysis.csharp.features/4.8.0/lib/net7.0/cs/Microsoft.CodeAnalysis.CSharp.Features.resources.dll" to file "bin/Debug/net8.0/cs/Microsoft.CodeAnalysis.CSharp.Features.resources.dll" because the "SkipUnchangedFiles" parameter was set to "true" in the project and the files' sizes and timestamps match.
         Did not copy from file "/Users/tp/.nuget/packages/microsoft.codeanalysis.csharp/4.8.0/lib/net7.0/zh-Hant/Microsoft.CodeAnalysis.CSharp.resources.dll" to file "bin/Debug/net8.0/zh-Hant/Microsoft.CodeAnalysis.CSharp.resources.dll" because the "SkipUnchangedFiles" parameter was set to "true" in the project and the files' sizes and timestamps match.
         Did not copy from file "/Users/tp/.nuget/packages/microsoft.codeanalysis.csharp.features/4.8.0/lib/net7.0/de/Microsoft.CodeAnalysis.CSharp.Features.resources.dll" to file "bin/Debug/net8.0/de/Microsoft.CodeAnalysis.CSharp.Features.resources.dll" because the "SkipUnchangedFiles" parameter was set to "true" in the project and the files' sizes and timestamps match.
         Did not copy from file "/Users/tp/.nuget/packages/microsoft.codeanalysis.csharp.features/4.8.0/lib/net7.0/es/Microsoft.CodeAnalysis.CSharp.Features.resources.dll" to file "bin/Debug/net8.0/es/Microsoft.CodeAnalysis.CSharp.Features.resources.dll" because the "SkipUnchangedFiles" parameter was set to "true" in the project and the files' sizes and timestamps match.
         Did not copy from file "/Users/tp/.nuget/packages/microsoft.codeanalysis.csharp.features/4.8.0/lib/net7.0/fr/Microsoft.CodeAnalysis.CSharp.Features.resources.dll" to file "bin/Debug/net8.0/fr/Microsoft.CodeAnalysis.CSharp.Features.resources.dll" because the "SkipUnchangedFiles" parameter was set to "true" in the project and the files' sizes and timestamps match.
         Did not copy from file "/Users/tp/.nuget/packages/microsoft.codeanalysis.csharp.features/4.8.0/lib/net7.0/it/Microsoft.CodeAnalysis.CSharp.Features.resources.dll" to file "bin/Debug/net8.0/it/Microsoft.CodeAnalysis.CSharp.Features.resources.dll" because the "SkipUnchangedFiles" parameter was set to "true" in the project and the files' sizes and timestamps match.
         Did not copy from file "/Users/tp/.nuget/packages/microsoft.codeanalysis.csharp.features/4.8.0/lib/net7.0/ja/Microsoft.CodeAnalysis.CSharp.Features.resources.dll" to file "bin/Debug/net8.0/ja/Microsoft.CodeAnalysis.CSharp.Features.resources.dll" because the "SkipUnchangedFiles" parameter was set to "true" in the project and the files' sizes and timestamps match.
         Did not copy from file "/Users/tp/.nuget/packages/microsoft.codeanalysis.csharp.features/4.8.0/lib/net7.0/pl/Microsoft.CodeAnalysis.CSharp.Features.resources.dll" to file "bin/Debug/net8.0/pl/Microsoft.CodeAnalysis.CSharp.Features.resources.dll" because the "SkipUnchangedFiles" parameter was set to "true" in the project and the files' sizes and timestamps match.
         Did not copy from file "/Users/tp/.nuget/packages/microsoft.codeanalysis.csharp.features/4.8.0/lib/net7.0/ko/Microsoft.CodeAnalysis.CSharp.Features.resources.dll" to file "bin/Debug/net8.0/ko/Microsoft.CodeAnalysis.CSharp.Features.resources.dll" because the "SkipUnchangedFiles" parameter was set to "true" in the project and the files' sizes and timestamps match.
         Did not copy from file "/Users/tp/.nuget/packages/microsoft.codeanalysis.csharp.features/4.8.0/lib/net7.0/pt-BR/Microsoft.CodeAnalysis.CSharp.Features.resources.dll" to file "bin/Debug/net8.0/pt-BR/Microsoft.CodeAnalysis.CSharp.Features.resources.dll" because the "SkipUnchangedFiles" parameter was set to "true" in the project and the files' sizes and timestamps match.
         Did not copy from file "/Users/tp/.nuget/packages/microsoft.codeanalysis.csharp.features/4.8.0/lib/net7.0/ru/Microsoft.CodeAnalysis.CSharp.Features.resources.dll" to file "bin/Debug/net8.0/ru/Microsoft.CodeAnalysis.CSharp.Features.resources.dll" because the "SkipUnchangedFiles" parameter was set to "true" in the project and the files' sizes and timestamps match.
         Did not copy from file "/Users/tp/.nuget/packages/microsoft.codeanalysis.csharp.features/4.8.0/lib/net7.0/zh-Hans/Microsoft.CodeAnalysis.CSharp.Features.resources.dll" to file "bin/Debug/net8.0/zh-Hans/Microsoft.CodeAnalysis.CSharp.Features.resources.dll" because the "SkipUnchangedFiles" parameter was set to "true" in the project and the files' sizes and timestamps match.
         Did not copy from file "/Users/tp/.nuget/packages/microsoft.codeanalysis.csharp.features/4.8.0/lib/net7.0/tr/Microsoft.CodeAnalysis.CSharp.Features.resources.dll" to file "bin/Debug/net8.0/tr/Microsoft.CodeAnalysis.CSharp.Features.resources.dll" because the "SkipUnchangedFiles" parameter was set to "true" in the project and the files' sizes and timestamps match.
         Did not copy from file "/Users/tp/.nuget/packages/microsoft.codeanalysis.csharp.workspaces/4.8.0/lib/net7.0/it/Microsoft.CodeAnalysis.CSharp.Workspaces.resources.dll" to file "bin/Debug/net8.0/it/Microsoft.CodeAnalysis.CSharp.Workspaces.resources.dll" because the "SkipUnchangedFiles" parameter was set to "true" in the project and the files' sizes and timestamps match.
         Did not copy from file "/Users/tp/.nuget/packages/microsoft.codeanalysis.csharp.workspaces/4.8.0/lib/net7.0/ja/Microsoft.CodeAnalysis.CSharp.Workspaces.resources.dll" to file "bin/Debug/net8.0/ja/Microsoft.CodeAnalysis.CSharp.Workspaces.resources.dll" because the "SkipUnchangedFiles" parameter was set to "true" in the project and the files' sizes and timestamps match.
         Did not copy from file "/Users/tp/.nuget/packages/microsoft.codeanalysis.csharp.workspaces/4.8.0/lib/net7.0/ko/Microsoft.CodeAnalysis.CSharp.Workspaces.resources.dll" to file "bin/Debug/net8.0/ko/Microsoft.CodeAnalysis.CSharp.Workspaces.resources.dll" because the "SkipUnchangedFiles" parameter was set to "true" in the project and the files' sizes and timestamps match.
         Did not copy from file "/Users/tp/.nuget/packages/microsoft.codeanalysis.csharp.workspaces/4.8.0/lib/net7.0/pl/Microsoft.CodeAnalysis.CSharp.Workspaces.resources.dll" to file "bin/Debug/net8.0/pl/Microsoft.CodeAnalysis.CSharp.Workspaces.resources.dll" because the "SkipUnchangedFiles" parameter was set to "true" in the project and the files' sizes and timestamps match.
         Did not copy from file "/Users/tp/.nuget/packages/microsoft.codeanalysis.csharp.workspaces/4.8.0/lib/net7.0/pt-BR/Microsoft.CodeAnalysis.CSharp.Workspaces.resources.dll" to file "bin/Debug/net8.0/pt-BR/Microsoft.CodeAnalysis.CSharp.Workspaces.resources.dll" because the "SkipUnchangedFiles" parameter was set to "true" in the project and the files' sizes and timestamps match.
         Did not copy from file "/Users/tp/.nuget/packages/microsoft.codeanalysis.csharp.workspaces/4.8.0/lib/net7.0/ru/Microsoft.CodeAnalysis.CSharp.Workspaces.resources.dll" to file "bin/Debug/net8.0/ru/Microsoft.CodeAnalysis.CSharp.Workspaces.resources.dll" because the "SkipUnchangedFiles" parameter was set to "true" in the project and the files' sizes and timestamps match.
         Did not copy from file "/Users/tp/.nuget/packages/microsoft.codeanalysis.csharp.workspaces/4.8.0/lib/net7.0/de/Microsoft.CodeAnalysis.CSharp.Workspaces.resources.dll" to file "bin/Debug/net8.0/de/Microsoft.CodeAnalysis.CSharp.Workspaces.resources.dll" because the "SkipUnchangedFiles" parameter was set to "true" in the project and the files' sizes and timestamps match.
         Did not copy from file "/Users/tp/.nuget/packages/microsoft.codeanalysis.csharp.features/4.8.0/lib/net7.0/zh-Hant/Microsoft.CodeAnalysis.CSharp.Features.resources.dll" to file "bin/Debug/net8.0/zh-Hant/Microsoft.CodeAnalysis.CSharp.Features.resources.dll" because the "SkipUnchangedFiles" parameter was set to "true" in the project and the files' sizes and timestamps match.
         Did not copy from file "/Users/tp/.nuget/packages/microsoft.codeanalysis.csharp.workspaces/4.8.0/lib/net7.0/tr/Microsoft.CodeAnalysis.CSharp.Workspaces.resources.dll" to file "bin/Debug/net8.0/tr/Microsoft.CodeAnalysis.CSharp.Workspaces.resources.dll" because the "SkipUnchangedFiles" parameter was set to "true" in the project and the files' sizes and timestamps match.
         Did not copy from file "/Users/tp/.nuget/packages/microsoft.codeanalysis.csharp.workspaces/4.8.0/lib/net7.0/zh-Hans/Microsoft.CodeAnalysis.CSharp.Workspaces.resources.dll" to file "bin/Debug/net8.0/zh-Hans/Microsoft.CodeAnalysis.CSharp.Workspaces.resources.dll" because the "SkipUnchangedFiles" parameter was set to "true" in the project and the files' sizes and timestamps match.
         Did not copy from file "/Users/tp/.nuget/packages/microsoft.codeanalysis.csharp.workspaces/4.8.0/lib/net7.0/zh-Hant/Microsoft.CodeAnalysis.CSharp.Workspaces.resources.dll" to file "bin/Debug/net8.0/zh-Hant/Microsoft.CodeAnalysis.CSharp.Workspaces.resources.dll" because the "SkipUnchangedFiles" parameter was set to "true" in the project and the files' sizes and timestamps match.
         Did not copy from file "/Users/tp/.nuget/packages/microsoft.codeanalysis.features/4.8.0/lib/net7.0/de/Microsoft.CodeAnalysis.Features.resources.dll" to file "bin/Debug/net8.0/de/Microsoft.CodeAnalysis.Features.resources.dll" because the "SkipUnchangedFiles" parameter was set to "true" in the project and the files' sizes and timestamps match.
         Did not copy from file "/Users/tp/.nuget/packages/microsoft.codeanalysis.csharp.workspaces/4.8.0/lib/net7.0/cs/Microsoft.CodeAnalysis.CSharp.Workspaces.resources.dll" to file "bin/Debug/net8.0/cs/Microsoft.CodeAnalysis.CSharp.Workspaces.resources.dll" because the "SkipUnchangedFiles" parameter was set to "true" in the project and the files' sizes and timestamps match.
         Did not copy from file "/Users/tp/.nuget/packages/microsoft.codeanalysis.csharp.workspaces/4.8.0/lib/net7.0/fr/Microsoft.CodeAnalysis.CSharp.Workspaces.resources.dll" to file "bin/Debug/net8.0/fr/Microsoft.CodeAnalysis.CSharp.Workspaces.resources.dll" because the "SkipUnchangedFiles" parameter was set to "true" in the project and the files' sizes and timestamps match.
         Did not copy from file "/Users/tp/.nuget/packages/microsoft.codeanalysis.csharp.workspaces/4.8.0/lib/net7.0/es/Microsoft.CodeAnalysis.CSharp.Workspaces.resources.dll" to file "bin/Debug/net8.0/es/Microsoft.CodeAnalysis.CSharp.Workspaces.resources.dll" because the "SkipUnchangedFiles" parameter was set to "true" in the project and the files' sizes and timestamps match.
         Did not copy from file "/Users/tp/.nuget/packages/microsoft.codeanalysis.features/4.8.0/lib/net7.0/cs/Microsoft.CodeAnalysis.Features.resources.dll" to file "bin/Debug/net8.0/cs/Microsoft.CodeAnalysis.Features.resources.dll" because the "SkipUnchangedFiles" parameter was set to "true" in the project and the files' sizes and timestamps match.
         Did not copy from file "/Users/tp/.nuget/packages/microsoft.codeanalysis.features/4.8.0/lib/net7.0/es/Microsoft.CodeAnalysis.Features.resources.dll" to file "bin/Debug/net8.0/es/Microsoft.CodeAnalysis.Features.resources.dll" because the "SkipUnchangedFiles" parameter was set to "true" in the project and the files' sizes and timestamps match.
         Did not copy from file "/Users/tp/.nuget/packages/microsoft.codeanalysis.features/4.8.0/lib/net7.0/fr/Microsoft.CodeAnalysis.Features.resources.dll" to file "bin/Debug/net8.0/fr/Microsoft.CodeAnalysis.Features.resources.dll" because the "SkipUnchangedFiles" parameter was set to "true" in the project and the files' sizes and timestamps match.
         Did not copy from file "/Users/tp/.nuget/packages/microsoft.codeanalysis.features/4.8.0/lib/net7.0/ja/Microsoft.CodeAnalysis.Features.resources.dll" to file "bin/Debug/net8.0/ja/Microsoft.CodeAnalysis.Features.resources.dll" because the "SkipUnchangedFiles" parameter was set to "true" in the project and the files' sizes and timestamps match.
         Did not copy from file "/Users/tp/.nuget/packages/microsoft.codeanalysis.features/4.8.0/lib/net7.0/pl/Microsoft.CodeAnalysis.Features.resources.dll" to file "bin/Debug/net8.0/pl/Microsoft.CodeAnalysis.Features.resources.dll" because the "SkipUnchangedFiles" parameter was set to "true" in the project and the files' sizes and timestamps match.
         Did not copy from file "/Users/tp/.nuget/packages/microsoft.codeanalysis.features/4.8.0/lib/net7.0/ko/Microsoft.CodeAnalysis.Features.resources.dll" to file "bin/Debug/net8.0/ko/Microsoft.CodeAnalysis.Features.resources.dll" because the "SkipUnchangedFiles" parameter was set to "true" in the project and the files' sizes and timestamps match.
         Did not copy from file "/Users/tp/.nuget/packages/microsoft.codeanalysis.features/4.8.0/lib/net7.0/pt-BR/Microsoft.CodeAnalysis.Features.resources.dll" to file "bin/Debug/net8.0/pt-BR/Microsoft.CodeAnalysis.Features.resources.dll" because the "SkipUnchangedFiles" parameter was set to "true" in the project and the files' sizes and timestamps match.
         Did not copy from file "/Users/tp/.nuget/packages/microsoft.codeanalysis.features/4.8.0/lib/net7.0/it/Microsoft.CodeAnalysis.Features.resources.dll" to file "bin/Debug/net8.0/it/Microsoft.CodeAnalysis.Features.resources.dll" because the "SkipUnchangedFiles" parameter was set to "true" in the project and the files' sizes and timestamps match.
         Did not copy from file "/Users/tp/.nuget/packages/microsoft.codeanalysis.features/4.8.0/lib/net7.0/ru/Microsoft.CodeAnalysis.Features.resources.dll" to file "bin/Debug/net8.0/ru/Microsoft.CodeAnalysis.Features.resources.dll" because the "SkipUnchangedFiles" parameter was set to "true" in the project and the files' sizes and timestamps match.
         Did not copy from file "/Users/tp/.nuget/packages/microsoft.codeanalysis.features/4.8.0/lib/net7.0/zh-Hans/Microsoft.CodeAnalysis.Features.resources.dll" to file "bin/Debug/net8.0/zh-Hans/Microsoft.CodeAnalysis.Features.resources.dll" because the "SkipUnchangedFiles" parameter was set to "true" in the project and the files' sizes and timestamps match.
         Did not copy from file "/Users/tp/.nuget/packages/microsoft.codeanalysis.features/4.8.0/lib/net7.0/tr/Microsoft.CodeAnalysis.Features.resources.dll" to file "bin/Debug/net8.0/tr/Microsoft.CodeAnalysis.Features.resources.dll" because the "SkipUnchangedFiles" parameter was set to "true" in the project and the files' sizes and timestamps match.
         Did not copy from file "/Users/tp/.nuget/packages/microsoft.codeanalysis.features/4.8.0/lib/net7.0/zh-Hant/Microsoft.CodeAnalysis.Features.resources.dll" to file "bin/Debug/net8.0/zh-Hant/Microsoft.CodeAnalysis.Features.resources.dll" because the "SkipUnchangedFiles" parameter was set to "true" in the project and the files' sizes and timestamps match.
         Did not copy from file "/Users/tp/.nuget/packages/microsoft.codeanalysis.scripting.common/4.8.0/lib/net7.0/cs/Microsoft.CodeAnalysis.Scripting.resources.dll" to file "bin/Debug/net8.0/cs/Microsoft.CodeAnalysis.Scripting.resources.dll" because the "SkipUnchangedFiles" parameter was set to "true" in the project and the files' sizes and timestamps match.
         Did not copy from file "/Users/tp/.nuget/packages/microsoft.codeanalysis.scripting.common/4.8.0/lib/net7.0/de/Microsoft.CodeAnalysis.Scripting.resources.dll" to file "bin/Debug/net8.0/de/Microsoft.CodeAnalysis.Scripting.resources.dll" because the "SkipUnchangedFiles" parameter was set to "true" in the project and the files' sizes and timestamps match.
         Did not copy from file "/Users/tp/.nuget/packages/microsoft.codeanalysis.scripting.common/4.8.0/lib/net7.0/es/Microsoft.CodeAnalysis.Scripting.resources.dll" to file "bin/Debug/net8.0/es/Microsoft.CodeAnalysis.Scripting.resources.dll" because the "SkipUnchangedFiles" parameter was set to "true" in the project and the files' sizes and timestamps match.
         Did not copy from file "/Users/tp/.nuget/packages/microsoft.codeanalysis.scripting.common/4.8.0/lib/net7.0/fr/Microsoft.CodeAnalysis.Scripting.resources.dll" to file "bin/Debug/net8.0/fr/Microsoft.CodeAnalysis.Scripting.resources.dll" because the "SkipUnchangedFiles" parameter was set to "true" in the project and the files' sizes and timestamps match.
         Did not copy from file "/Users/tp/.nuget/packages/microsoft.codeanalysis.scripting.common/4.8.0/lib/net7.0/it/Microsoft.CodeAnalysis.Scripting.resources.dll" to file "bin/Debug/net8.0/it/Microsoft.CodeAnalysis.Scripting.resources.dll" because the "SkipUnchangedFiles" parameter was set to "true" in the project and the files' sizes and timestamps match.
         Did not copy from file "/Users/tp/.nuget/packages/microsoft.codeanalysis.scripting.common/4.8.0/lib/net7.0/ko/Microsoft.CodeAnalysis.Scripting.resources.dll" to file "bin/Debug/net8.0/ko/Microsoft.CodeAnalysis.Scripting.resources.dll" because the "SkipUnchangedFiles" parameter was set to "true" in the project and the files' sizes and timestamps match.
         Did not copy from file "/Users/tp/.nuget/packages/microsoft.codeanalysis.scripting.common/4.8.0/lib/net7.0/ja/Microsoft.CodeAnalysis.Scripting.resources.dll" to file "bin/Debug/net8.0/ja/Microsoft.CodeAnalysis.Scripting.resources.dll" because the "SkipUnchangedFiles" parameter was set to "true" in the project and the files' sizes and timestamps match.
         Did not copy from file "/Users/tp/.nuget/packages/microsoft.codeanalysis.scripting.common/4.8.0/lib/net7.0/zh-Hant/Microsoft.CodeAnalysis.Scripting.resources.dll" to file "bin/Debug/net8.0/zh-Hant/Microsoft.CodeAnalysis.Scripting.resources.dll" because the "SkipUnchangedFiles" parameter was set to "true" in the project and the files' sizes and timestamps match.
         Did not copy from file "/Users/tp/.nuget/packages/microsoft.codeanalysis.scripting.common/4.8.0/lib/net7.0/pl/Microsoft.CodeAnalysis.Scripting.resources.dll" to file "bin/Debug/net8.0/pl/Microsoft.CodeAnalysis.Scripting.resources.dll" because the "SkipUnchangedFiles" parameter was set to "true" in the project and the files' sizes and timestamps match.
         Did not copy from file "/Users/tp/.nuget/packages/microsoft.codeanalysis.scripting.common/4.8.0/lib/net7.0/pt-BR/Microsoft.CodeAnalysis.Scripting.resources.dll" to file "bin/Debug/net8.0/pt-BR/Microsoft.CodeAnalysis.Scripting.resources.dll" because the "SkipUnchangedFiles" parameter was set to "true" in the project and the files' sizes and timestamps match.
         Did not copy from file "/Users/tp/.nuget/packages/microsoft.codeanalysis.scripting.common/4.8.0/lib/net7.0/ru/Microsoft.CodeAnalysis.Scripting.resources.dll" to file "bin/Debug/net8.0/ru/Microsoft.CodeAnalysis.Scripting.resources.dll" because the "SkipUnchangedFiles" parameter was set to "true" in the project and the files' sizes and timestamps match.
         Did not copy from file "/Users/tp/.nuget/packages/microsoft.codeanalysis.scripting.common/4.8.0/lib/net7.0/zh-Hans/Microsoft.CodeAnalysis.Scripting.resources.dll" to file "bin/Debug/net8.0/zh-Hans/Microsoft.CodeAnalysis.Scripting.resources.dll" because the "SkipUnchangedFiles" parameter was set to "true" in the project and the files' sizes and timestamps match.
         Did not copy from file "/Users/tp/.nuget/packages/microsoft.codeanalysis.workspaces.common/4.8.0/lib/net7.0/cs/Microsoft.CodeAnalysis.Workspaces.resources.dll" to file "bin/Debug/net8.0/cs/Microsoft.CodeAnalysis.Workspaces.resources.dll" because the "SkipUnchangedFiles" parameter was set to "true" in the project and the files' sizes and timestamps match.
         Did not copy from file "/Users/tp/.nuget/packages/microsoft.codeanalysis.workspaces.common/4.8.0/lib/net7.0/de/Microsoft.CodeAnalysis.Workspaces.resources.dll" to file "bin/Debug/net8.0/de/Microsoft.CodeAnalysis.Workspaces.resources.dll" because the "SkipUnchangedFiles" parameter was set to "true" in the project and the files' sizes and timestamps match.
         Did not copy from file "/Users/tp/.nuget/packages/microsoft.codeanalysis.workspaces.common/4.8.0/lib/net7.0/fr/Microsoft.CodeAnalysis.Workspaces.resources.dll" to file "bin/Debug/net8.0/fr/Microsoft.CodeAnalysis.Workspaces.resources.dll" because the "SkipUnchangedFiles" parameter was set to "true" in the project and the files' sizes and timestamps match.
         Did not copy from file "/Users/tp/.nuget/packages/microsoft.codeanalysis.scripting.common/4.8.0/lib/net7.0/tr/Microsoft.CodeAnalysis.Scripting.resources.dll" to file "bin/Debug/net8.0/tr/Microsoft.CodeAnalysis.Scripting.resources.dll" because the "SkipUnchangedFiles" parameter was set to "true" in the project and the files' sizes and timestamps match.
         Did not copy from file "/Users/tp/.nuget/packages/microsoft.codeanalysis.workspaces.common/4.8.0/lib/net7.0/it/Microsoft.CodeAnalysis.Workspaces.resources.dll" to file "bin/Debug/net8.0/it/Microsoft.CodeAnalysis.Workspaces.resources.dll" because the "SkipUnchangedFiles" parameter was set to "true" in the project and the files' sizes and timestamps match.
         Did not copy from file "/Users/tp/.nuget/packages/microsoft.codeanalysis.workspaces.common/4.8.0/lib/net7.0/ko/Microsoft.CodeAnalysis.Workspaces.resources.dll" to file "bin/Debug/net8.0/ko/Microsoft.CodeAnalysis.Workspaces.resources.dll" because the "SkipUnchangedFiles" parameter was set to "true" in the project and the files' sizes and timestamps match.
         Did not copy from file "/Users/tp/.nuget/packages/microsoft.codeanalysis.workspaces.common/4.8.0/lib/net7.0/ja/Microsoft.CodeAnalysis.Workspaces.resources.dll" to file "bin/Debug/net8.0/ja/Microsoft.CodeAnalysis.Workspaces.resources.dll" because the "SkipUnchangedFiles" parameter was set to "true" in the project and the files' sizes and timestamps match.
         Did not copy from file "/Users/tp/.nuget/packages/microsoft.codeanalysis.workspaces.common/4.8.0/lib/net7.0/pl/Microsoft.CodeAnalysis.Workspaces.resources.dll" to file "bin/Debug/net8.0/pl/Microsoft.CodeAnalysis.Workspaces.resources.dll" because the "SkipUnchangedFiles" parameter was set to "true" in the project and the files' sizes and timestamps match.
         Did not copy from file "/Users/tp/.nuget/packages/microsoft.codeanalysis.workspaces.common/4.8.0/lib/net7.0/ru/Microsoft.CodeAnalysis.Workspaces.resources.dll" to file "bin/Debug/net8.0/ru/Microsoft.CodeAnalysis.Workspaces.resources.dll" because the "SkipUnchangedFiles" parameter was set to "true" in the project and the files' sizes and timestamps match.
         Did not copy from file "/Users/tp/.nuget/packages/microsoft.codeanalysis.workspaces.common/4.8.0/lib/net7.0/tr/Microsoft.CodeAnalysis.Workspaces.resources.dll" to file "bin/Debug/net8.0/tr/Microsoft.CodeAnalysis.Workspaces.resources.dll" because the "SkipUnchangedFiles" parameter was set to "true" in the project and the files' sizes and timestamps match.
         Did not copy from file "/Users/tp/.nuget/packages/microsoft.codeanalysis.workspaces.common/4.8.0/lib/net7.0/pt-BR/Microsoft.CodeAnalysis.Workspaces.resources.dll" to file "bin/Debug/net8.0/pt-BR/Microsoft.CodeAnalysis.Workspaces.resources.dll" because the "SkipUnchangedFiles" parameter was set to "true" in the project and the files' sizes and timestamps match.
         Did not copy from file "/Users/tp/.nuget/packages/microsoft.codeanalysis.workspaces.common/4.8.0/lib/net7.0/zh-Hant/Microsoft.CodeAnalysis.Workspaces.resources.dll" to file "bin/Debug/net8.0/zh-Hant/Microsoft.CodeAnalysis.Workspaces.resources.dll" because the "SkipUnchangedFiles" parameter was set to "true" in the project and the files' sizes and timestamps match.
         Did not copy from file "/Users/tp/.nuget/packages/microsoft.codeanalysis.workspaces.common/4.8.0/lib/net7.0/es/Microsoft.CodeAnalysis.Workspaces.resources.dll" to file "bin/Debug/net8.0/es/Microsoft.CodeAnalysis.Workspaces.resources.dll" because the "SkipUnchangedFiles" parameter was set to "true" in the project and the files' sizes and timestamps match.
         Did not copy from file "/Users/tp/.nuget/packages/microsoft.codeanalysis.workspaces.common/4.8.0/lib/net7.0/zh-Hans/Microsoft.CodeAnalysis.Workspaces.resources.dll" to file "bin/Debug/net8.0/zh-Hans/Microsoft.CodeAnalysis.Workspaces.resources.dll" because the "SkipUnchangedFiles" parameter was set to "true" in the project and the files' sizes and timestamps match.
         Did not copy from file "/Users/tp/.nuget/packages/microsoft.data.sqlclient/5.1.1/runtimes/unix/lib/net6.0/Microsoft.Data.SqlClient.dll" to file "bin/Debug/net8.0/runtimes/unix/lib/net6.0/Microsoft.Data.SqlClient.dll" because the "SkipUnchangedFiles" parameter was set to "true" in the project and the files' sizes and timestamps match.
         Did not copy from file "/Users/tp/.nuget/packages/microsoft.win32.systemevents/7.0.0/runtimes/win/lib/net7.0/Microsoft.Win32.SystemEvents.dll" to file "bin/Debug/net8.0/runtimes/win/lib/net7.0/Microsoft.Win32.SystemEvents.dll" because the "SkipUnchangedFiles" parameter was set to "true" in the project and the files' sizes and timestamps match.
         Did not copy from file "/Users/tp/.nuget/packages/microsoft.data.sqlclient.sni.runtime/5.1.0/runtimes/win-arm/native/Microsoft.Data.SqlClient.SNI.dll" to file "bin/Debug/net8.0/runtimes/win-arm/native/Microsoft.Data.SqlClient.SNI.dll" because the "SkipUnchangedFiles" parameter was set to "true" in the project and the files' sizes and timestamps match.
         Did not copy from file "/Users/tp/.nuget/packages/microsoft.data.sqlclient.sni.runtime/5.1.0/runtimes/win-arm64/native/Microsoft.Data.SqlClient.SNI.dll" to file "bin/Debug/net8.0/runtimes/win-arm64/native/Microsoft.Data.SqlClient.SNI.dll" because the "SkipUnchangedFiles" parameter was set to "true" in the project and the files' sizes and timestamps match.
         Did not copy from file "/Users/tp/.nuget/packages/microsoft.data.sqlclient/5.1.1/runtimes/win/lib/net6.0/Microsoft.Data.SqlClient.dll" to file "bin/Debug/net8.0/runtimes/win/lib/net6.0/Microsoft.Data.SqlClient.dll" because the "SkipUnchangedFiles" parameter was set to "true" in the project and the files' sizes and timestamps match.
         Did not copy from file "/Users/tp/.nuget/packages/microsoft.data.sqlclient.sni.runtime/5.1.0/runtimes/win-x64/native/Microsoft.Data.SqlClient.SNI.dll" to file "bin/Debug/net8.0/runtimes/win-x64/native/Microsoft.Data.SqlClient.SNI.dll" because the "SkipUnchangedFiles" parameter was set to "true" in the project and the files' sizes and timestamps match.
         Did not copy from file "/Users/tp/.nuget/packages/microsoft.data.sqlclient.sni.runtime/5.1.0/runtimes/win-x86/native/Microsoft.Data.SqlClient.SNI.dll" to file "bin/Debug/net8.0/runtimes/win-x86/native/Microsoft.Data.SqlClient.SNI.dll" because the "SkipUnchangedFiles" parameter was set to "true" in the project and the files' sizes and timestamps match.
         Did not copy from file "/Users/tp/.nuget/packages/system.runtime.caching/6.0.0/runtimes/win/lib/net6.0/System.Runtime.Caching.dll" to file "bin/Debug/net8.0/runtimes/win/lib/net6.0/System.Runtime.Caching.dll" because the "SkipUnchangedFiles" parameter was set to "true" in the project and the files' sizes and timestamps match.
         Did not copy from file "/Users/tp/.nuget/packages/system.security.cryptography.protecteddata/7.0.0/runtimes/win/lib/net7.0/System.Security.Cryptography.ProtectedData.dll" to file "bin/Debug/net8.0/runtimes/win/lib/net7.0/System.Security.Cryptography.ProtectedData.dll" because the "SkipUnchangedFiles" parameter was set to "true" in the project and the files' sizes and timestamps match.
         Did not copy from file "/Users/tp/.nuget/packages/system.windows.extensions/7.0.0/runtimes/win/lib/net7.0/System.Windows.Extensions.dll" to file "bin/Debug/net8.0/runtimes/win/lib/net7.0/System.Windows.Extensions.dll" because the "SkipUnchangedFiles" parameter was set to "true" in the project and the files' sizes and timestamps match.
         Did not copy from file "/Users/tp/.nuget/packages/system.drawing.common/7.0.0/runtimes/win/lib/net7.0/System.Drawing.Common.dll" to file "bin/Debug/net8.0/runtimes/win/lib/net7.0/System.Drawing.Common.dll" because the "SkipUnchangedFiles" parameter was set to "true" in the project and the files' sizes and timestamps match.
       Done executing task "Copy".
       Task "Touch" skipped, due to false condition; ('@(ReferencesCopiedInThisBuild)' != '' and '$(WroteAtLeastOneFile)' == 'true') was evaluated as ('bin/Debug/net8.0/Azure.Core.dll;bin/Debug/net8.0/Azure.Identity.dll;bin/Debug/net8.0/Humanizer.dll;...' != '' and 'False' == 'true').
   1:7>Done building target "_CopyFilesMarkedCopyLocal" in project "Cloud9.2.csproj".
       Target "AssignTargetPaths" skipped. Previously built successfully.
       Target "AssignProjectConfiguration" skipped, due to false condition; ('$(CurrentSolutionConfigurationContents)' != '' or '@(ProjectReference)'!='') was evaluated as ('' != '' or ''!='').
       Target "_SplitProjectReferencesByFileExistence" skipped. Previously built successfully.
       Target "_GetProjectReferenceTargetFrameworkProperties" skipped. Previously built successfully.
   1:7>Target "_PopulateCommonStateForGetCopyToOutputDirectoryItems" in file "/usr/local/share/dotnet/sdk/8.0.407/Microsoft.Common.CurrentVersion.targets" from project "/Users/tp/Projects/Cloud9.2/Cloud9.2.csproj" (target "GetCopyToOutputDirectoryItems" depends on it):
   1:7>Done building target "_PopulateCommonStateForGetCopyToOutputDirectoryItems" in project "Cloud9.2.csproj".
       Target "ResolveStaticWebAssetsConfiguration" skipped. Previously built successfully.
   1:7>Target "AddStaticWebAssetsManifest" in file "/usr/local/share/dotnet/sdk/8.0.407/Sdks/Microsoft.NET.Sdk.StaticWebAssets/targets/Microsoft.NET.Sdk.StaticWebAssets.targets" from project "/Users/tp/Projects/Cloud9.2/Cloud9.2.csproj" (target "GetCopyToOutputDirectoryItems" depends on it):
   1:7>Done building target "AddStaticWebAssetsManifest" in project "Cloud9.2.csproj".
   1:7>Target "AddDepsJsonAndRuntimeConfigToCopyItemsForReferencingProjects" in file "/usr/local/share/dotnet/sdk/8.0.407/Sdks/Microsoft.NET.Sdk/targets/Microsoft.NET.Sdk.targets" from project "/Users/tp/Projects/Cloud9.2/Cloud9.2.csproj" (target "GetCopyToOutputDirectoryItems" depends on it):
   1:7>Done building target "AddDepsJsonAndRuntimeConfigToCopyItemsForReferencingProjects" in project "Cloud9.2.csproj".
   1:7>Target "GetCopyToOutputDirectoryItems" in file "/usr/local/share/dotnet/sdk/8.0.407/Microsoft.Common.CurrentVersion.targets" from project "/Users/tp/Projects/Cloud9.2/Cloud9.2.csproj" (target "_CopySourceItemsToOutputDirectory" depends on it):
       Using "CallTarget" task from assembly "Microsoft.Build.Tasks.Core, Version=15.1.0.0, Culture=neutral, PublicKeyToken=b03f5f7f11d50a3a".
       Task "CallTarget"
       Target "_PopulateCommonStateForGetCopyToOutputDirectoryItems" skipped. Previously built successfully.
       Target "_AddOutputPathToGlobalPropertiesToRemove" skipped. Previously built successfully.
   1:7>Target "_GetCopyToOutputDirectoryItemsFromTransitiveProjectReferences" in file "/usr/local/share/dotnet/sdk/8.0.407/Microsoft.Common.CurrentVersion.targets" from project "/Users/tp/Projects/Cloud9.2/Cloud9.2.csproj" (target "GetCopyToOutputDirectoryItems" depends on it):
       Task "MSBuild" skipped, due to false condition; ('@(_MSBuildProjectReferenceExistent)' != '' and '$(_GetChildProjectCopyToOutputDirectoryItems)' == 'true' and '%(_MSBuildProjectReferenceExistent.Private)' != 'false' and '$(UseCommonOutputDirectory)' != 'true') was evaluated as ('' != '' and 'true' == 'true' and '' != 'false' and 'false' != 'true').
       Task "AssignTargetPath"
       Done executing task "AssignTargetPath".
   1:7>Done building target "_GetCopyToOutputDirectoryItemsFromTransitiveProjectReferences" in project "Cloud9.2.csproj".
       Done executing task "CallTarget".
       Task "CallTarget"
       Target "AssignTargetPaths" skipped. Previously built successfully.
       Target "_PopulateCommonStateForGetCopyToOutputDirectoryItems" skipped. Previously built successfully.
   1:7>Target "_GetCopyToOutputDirectoryItemsFromThisProject" in file "/usr/local/share/dotnet/sdk/8.0.407/Microsoft.Common.CurrentVersion.targets" from project "/Users/tp/Projects/Cloud9.2/Cloud9.2.csproj" (target "GetCopyToOutputDirectoryItems" depends on it):
       Task "AssignTargetPath"
       Done executing task "AssignTargetPath".
   1:7>Done building target "_GetCopyToOutputDirectoryItemsFromThisProject" in project "Cloud9.2.csproj".
       Done executing task "CallTarget".
   1:7>Done building target "GetCopyToOutputDirectoryItems" in project "Cloud9.2.csproj".
   1:7>Target "_CopyOutOfDateSourceItemsToOutputDirectory" in file "/usr/local/share/dotnet/sdk/8.0.407/Microsoft.Common.CurrentVersion.targets" from project "/Users/tp/Projects/Cloud9.2/Cloud9.2.csproj" (target "_CopySourceItemsToOutputDirectory" depends on it):
       Building target "_CopyOutOfDateSourceItemsToOutputDirectory" partially, because some output files are out of date with respect to their input files.
       [_SourceItemsToCopyToOutputDirectory: Input=/Users/tp/Projects/Cloud9.2/obj/Debug/net8.0/apphost, Output=bin/Debug/net8.0/Cloud9.2] Input file is newer than output file.
       Task "Copy"
         Copying file from "/Users/tp/Projects/Cloud9.2/obj/Debug/net8.0/apphost" to "/Users/tp/Projects/Cloud9.2/bin/Debug/net8.0/Cloud9.2".
       Done executing task "Copy".
   1:7>Done building target "_CopyOutOfDateSourceItemsToOutputDirectory" in project "Cloud9.2.csproj".
       Target "_CopyOutOfDateSourceItemsToOutputDirectoryAlways" skipped, due to false condition; ( '@(_SourceItemsToCopyToOutputDirectoryAlways)' != '' ) was evaluated as ( '' != '' ).
   1:7>Target "_CopySourceItemsToOutputDirectory" in file "/usr/local/share/dotnet/sdk/8.0.407/Microsoft.Common.CurrentVersion.targets" from project "/Users/tp/Projects/Cloud9.2/Cloud9.2.csproj" (target "CopyFilesToOutputDirectory" depends on it):
   1:7>Done building target "_CopySourceItemsToOutputDirectory" in project "Cloud9.2.csproj".
       Target "_CopyAppConfigFile" skipped, due to false condition; ( '@(AppConfigWithTargetPath)' != '' ) was evaluated as ( '' != '' ).
       Target "_CopyManifestFiles" skipped, due to false condition; ( '$(_DeploymentCopyApplicationManifest)'=='true' or '$(GenerateClickOnceManifests)'=='true' ) was evaluated as ( ''=='true' or ''=='true' ).
   1:7>Target "_CheckForCompileOutputs" in file "/usr/local/share/dotnet/sdk/8.0.407/Microsoft.Common.CurrentVersion.targets" from project "/Users/tp/Projects/Cloud9.2/Cloud9.2.csproj" (target "CopyFilesToOutputDirectory" depends on it):
   1:7>Done building target "_CheckForCompileOutputs" in project "Cloud9.2.csproj".
       Target "_SGenCheckForOutputs" skipped, due to false condition; ('$(_SGenGenerateSerializationAssembliesConfig)' == 'On' or ('@(WebReferenceUrl)'!='' and '$(_SGenGenerateSerializationAssembliesConfig)' == 'Auto')) was evaluated as ('Off' == 'On' or (''!='' and 'Off' == 'Auto')).
       Target "_DefaultMicrosoftNETPlatformLibrary" skipped. Previously built successfully.
       Target "_HandlePackageFileConflicts" skipped. Previously built successfully.
       Target "ResolveAssemblyReferences" skipped. Previously built successfully.
   1:7>Target "_ComputeReferenceAssemblies" in file "/usr/local/share/dotnet/sdk/8.0.407/Sdks/Microsoft.NET.Sdk/targets/Microsoft.NET.Sdk.targets" from project "/Users/tp/Projects/Cloud9.2/Cloud9.2.csproj" (target "GenerateBuildDependencyFile" depends on it):
   1:7>Done building target "_ComputeReferenceAssemblies" in project "Cloud9.2.csproj".
   1:7>Target "_ComputeUserRuntimeAssemblies" in file "/usr/local/share/dotnet/sdk/8.0.407/Sdks/Microsoft.NET.Sdk/targets/Microsoft.NET.Sdk.targets" from project "/Users/tp/Projects/Cloud9.2/Cloud9.2.csproj" (target "GenerateBuildDependencyFile" depends on it):
   1:7>Done building target "_ComputeUserRuntimeAssemblies" in project "Cloud9.2.csproj".
       Target "ResolveRuntimePackAssets" skipped, due to false condition; ('@(RuntimePack)' != '') was evaluated as ('' != '').
       Target "_ComputePackageReferencePublish" skipped. Previously built successfully.
       Target "ComputeDependencyFileCompilerOptions" skipped, due to false condition; ('$(PreserveCompilationContext)' == 'true') was evaluated as ('' == 'true').
   1:7>Target "GenerateBuildDependencyFile" in file "/usr/local/share/dotnet/sdk/8.0.407/Sdks/Microsoft.NET.Sdk/targets/Microsoft.NET.Sdk.targets" from project "/Users/tp/Projects/Cloud9.2/Cloud9.2.csproj" (target "CopyFilesToOutputDirectory" depends on it):
       Skipping target "GenerateBuildDependencyFile" because all output files are up-to-date with respect to the input files.
       Input files: 
           /Users/tp/Projects/Cloud9.2/obj/project.assets.json
           /Users/tp/Projects/Cloud9.2/obj/Debug/net8.0/Cloud9.2.assets.cache
           /Users/tp/Projects/Cloud9.2/obj/Cloud9.2.csproj.EntityFrameworkCore.targets
           /usr/local/share/dotnet/sdk/8.0.407/Current/Microsoft.Common.targets/ImportAfter/Microsoft.TestPlatform.ImportAfter.targets
       Output files: /Users/tp/Projects/Cloud9.2/bin/Debug/net8.0/Cloud9.2.deps.json
   1:7>Done building target "GenerateBuildDependencyFile" in project "Cloud9.2.csproj".
       Target "_DefaultMicrosoftNETPlatformLibrary" skipped. Previously built successfully.
   1:7>Target "_GenerateRuntimeConfigurationFilesInputCache" in file "/usr/local/share/dotnet/sdk/8.0.407/Sdks/Microsoft.NET.Sdk/targets/Microsoft.NET.Sdk.targets" from project "/Users/tp/Projects/Cloud9.2/Cloud9.2.csproj" (target "GenerateBuildRuntimeConfigurationFiles" depends on it):
       Task "Hash"
       Done executing task "Hash".
       Task "WriteLinesToFile"
         Skipping write to file "/Users/tp/Projects/Cloud9.2/obj/Debug/net8.0/Cloud9.2.genruntimeconfig.cache" because content would not change.
       Done executing task "WriteLinesToFile".
   1:7>Done building target "_GenerateRuntimeConfigurationFilesInputCache" in project "Cloud9.2.csproj".
   1:7>Target "GenerateBuildRuntimeConfigurationFiles" in file "/usr/local/share/dotnet/sdk/8.0.407/Sdks/Microsoft.NET.Sdk/targets/Microsoft.NET.Sdk.targets" from project "/Users/tp/Projects/Cloud9.2/Cloud9.2.csproj" (target "CopyFilesToOutputDirectory" depends on it):
       Skipping target "GenerateBuildRuntimeConfigurationFiles" because all output files are up-to-date with respect to the input files.
       Input files: 
           /Users/tp/Projects/Cloud9.2/obj/project.assets.json
           /Users/tp/Projects/Cloud9.2/obj/Debug/net8.0/Cloud9.2.assets.cache
           /Users/tp/Projects/Cloud9.2/obj/Debug/net8.0/Cloud9.2.genruntimeconfig.cache
       Output files: /Users/tp/Projects/Cloud9.2/bin/Debug/net8.0/Cloud9.2.runtimeconfig.json
   1:7>Done building target "GenerateBuildRuntimeConfigurationFiles" in project "Cloud9.2.csproj".
       Target "GenerateShimsAssets" skipped, due to false condition; ('$(PackAsTool)' == 'true' and $(PackAsToolShimRuntimeIdentifiers) != '' ) was evaluated as ('' == 'true' and  != '' ).
   1:7>Target "CopyFilesToOutputDirectory" in file "/usr/local/share/dotnet/sdk/8.0.407/Microsoft.Common.CurrentVersion.targets" from project "/Users/tp/Projects/Cloud9.2/Cloud9.2.csproj" (target "PrepareForRun" depends on it):
       Task "Copy"
         Copying file from "/Users/tp/Projects/Cloud9.2/obj/Debug/net8.0/Cloud9.2.dll" to "/Users/tp/Projects/Cloud9.2/bin/Debug/net8.0/Cloud9.2.dll".
       Done executing task "Copy".
       Using "CopyRefAssembly" task from assembly "/usr/local/share/dotnet/sdk/8.0.407/Roslyn/Microsoft.Build.Tasks.CodeAnalysis.dll".
       Task "CopyRefAssembly"
         Reference assembly "/Users/tp/Projects/Cloud9.2/obj/Debug/net8.0/ref/Cloud9.2.dll" already has latest information. Leaving it untouched.
       Done executing task "CopyRefAssembly".
       Task "Message"
         Cloud9.2 -> /Users/tp/Projects/Cloud9.2/bin/Debug/net8.0/Cloud9.2.dll
       Done executing task "Message".
       Task "Copy" skipped, due to false condition; ('@(AddModules)' != '') was evaluated as ('' != '').
       Task "Copy" skipped, due to false condition; ('$(_SGenDllCreated)'=='true') was evaluated as ('false'=='true').
       Task "Copy"
         Copying file from "/Users/tp/Projects/Cloud9.2/obj/Debug/net8.0/Cloud9.2.pdb" to "/Users/tp/Projects/Cloud9.2/bin/Debug/net8.0/Cloud9.2.pdb".
       Done executing task "Copy".
       Task "Copy" skipped, due to false condition; ('$(_DocumentationFileProduced)'=='true' and '$(CopyDocumentationFileToOutputDirectory)'=='true') was evaluated as ('false'=='true' and 'true'=='true').
       Task "Copy" skipped, due to false condition; ('@(IntermediateSatelliteAssembliesWithTargetPath)' != '') was evaluated as ('' != '').
       Task "Copy" skipped, due to false condition; ('@(ReferenceComWrappersToCopyLocal)' != '' or '@(ResolvedIsolatedComModules)' != '' or '@(_DeploymentLooseManifestFile)' != '' or '@(NativeReferenceFile)' != '' ) was evaluated as ('' != '' or '' != '' or '' != '' or '' != '' ).
       Task "Copy" skipped, due to false condition; ('$(SkipCopyWinMDArtifact)' != 'true' and '@(WinMDExpArtifacts)' != '') was evaluated as ('' != 'true' and '' != '').
       Task "Message" skipped, due to false condition; ('$(SkipCopyWinMDArtifact)' != 'true' and '$(_WindowsMetadataOutputPath)' != '') was evaluated as ('' != 'true' and '' != '').
   1:7>Done building target "CopyFilesToOutputDirectory" in project "Cloud9.2.csproj".
       Target "_CopyReferenceOnlyAssembliesForBuild" skipped, due to false condition; ('$(PreserveCompilationReferences)' == 'true') was evaluated as ('' == 'true').
   1:7>Target "PrepareForRun" in file "/usr/local/share/dotnet/sdk/8.0.407/Microsoft.Common.CurrentVersion.targets" from project "/Users/tp/Projects/Cloud9.2/Cloud9.2.csproj" (target "CoreBuild" depends on it):
   1:7>Done building target "PrepareForRun" in project "Cloud9.2.csproj".
       Target "UnmanagedRegistration" skipped, due to false condition; ('$(RegisterForComInterop)'=='true' and '$(OutputType)'=='library') was evaluated as (''=='true' and 'Exe'=='library').
       Target "_CheckForCompileOutputs" skipped. Previously built successfully.
       Target "_SGenCheckForOutputs" skipped, due to false condition; ('$(_SGenGenerateSerializationAssembliesConfig)' == 'On' or ('@(WebReferenceUrl)'!='' and '$(_SGenGenerateSerializationAssembliesConfig)' == 'Auto')) was evaluated as ('Off' == 'On' or (''!='' and 'Off' == 'Auto')).
   1:7>Target "_CleanGetCurrentAndPriorFileWrites" in file "/usr/local/share/dotnet/sdk/8.0.407/Microsoft.Common.CurrentVersion.targets" from project "/Users/tp/Projects/Cloud9.2/Cloud9.2.csproj" (target "IncrementalClean" depends on it):
       Using "ReadLinesFromFile" task from assembly "Microsoft.Build.Tasks.Core, Version=15.1.0.0, Culture=neutral, PublicKeyToken=b03f5f7f11d50a3a".
       Task "ReadLinesFromFile"
       Done executing task "ReadLinesFromFile".
       Task "ConvertToAbsolutePath"
       Done executing task "ConvertToAbsolutePath".
       Using "FindUnderPath" task from assembly "Microsoft.Build.Tasks.Core, Version=15.1.0.0, Culture=neutral, PublicKeyToken=b03f5f7f11d50a3a".
       Task "FindUnderPath"
         Comparison path is "/Users/tp/Projects/Cloud9.2".
       Done executing task "FindUnderPath".
       Task "FindUnderPath"
         Comparison path is "bin/Debug/net8.0/".
       Done executing task "FindUnderPath".
       Task "FindUnderPath"
         Comparison path is "obj/Debug/net8.0/".
       Done executing task "FindUnderPath".
       Task "RemoveDuplicates"
       Done executing task "RemoveDuplicates".
   1:7>Done building target "_CleanGetCurrentAndPriorFileWrites" in project "Cloud9.2.csproj".
   1:7>Target "IncrementalClean" in file "/usr/local/share/dotnet/sdk/8.0.407/Microsoft.Common.CurrentVersion.targets" from project "/Users/tp/Projects/Cloud9.2/Cloud9.2.csproj" (target "CoreBuild" depends on it):
       Task "FindUnderPath"
         Comparison path is "bin/Debug/net8.0/".
       Done executing task "FindUnderPath".
       Task "FindUnderPath"
         Comparison path is "obj/Debug/net8.0/".
       Done executing task "FindUnderPath".
       Using "Delete" task from assembly "Microsoft.Build.Tasks.Core, Version=15.1.0.0, Culture=neutral, PublicKeyToken=b03f5f7f11d50a3a".
       Task "Delete"
       Done executing task "Delete".
       Task "RemoveDuplicates"
       Done executing task "RemoveDuplicates".
       Task "WriteLinesToFile" skipped, due to false condition; ('@(_CleanUnfilteredPriorFileWrites)'!='@(_CleanUniqueRemainingFileWritesAfterIncrementalClean)') was evaluated as ('/Users/tp/Projects/Cloud9.2/bin/Debug/net8.0/appsettings.Development.json;/Users/tp/Projects/Cloud9.2/bin/Debug/net8.0/appsettings.json;/Users/tp/Projects/Cloud9.2/bin/Debug/net8.0/Cloud9.2.staticwebassets.runtime.json;...'!='/Users/tp/Projects/Cloud9.2/bin/Debug/net8.0/appsettings.Development.json;/Users/tp/Projects/Cloud9.2/bin/Debug/net8.0/appsettings.json;/Users/tp/Projects/Cloud9.2/bin/Debug/net8.0/Cloud9.2.staticwebassets.runtime.json;...').
   1:7>Done building target "IncrementalClean" in project "Cloud9.2.csproj".
       Target "PostBuildEvent" skipped, due to false condition; ('$(PostBuildEvent)' != '' and ('$(RunPostBuildEvent)' != 'OnOutputUpdated' or '$(_AssemblyTimestampBeforeCompile)' != '$(_AssemblyTimestampAfterCompile)')) was evaluated as ('' != '' and ('' != 'OnOutputUpdated' or '' != '')).
       Target "GenerateBuildDependencyFile" skipped. Previously built successfully.
       Target "GenerateBuildRuntimeConfigurationFiles" skipped. Previously built successfully.
   1:7>Target "CoreBuild" in file "/usr/local/share/dotnet/sdk/8.0.407/Microsoft.Common.CurrentVersion.targets" from project "/Users/tp/Projects/Cloud9.2/Cloud9.2.csproj" (target "Build" depends on it):
   1:7>Done building target "CoreBuild" in project "Cloud9.2.csproj".
   1:7>Target "AfterBuild" in file "/usr/local/share/dotnet/sdk/8.0.407/Microsoft.Common.CurrentVersion.targets" from project "/Users/tp/Projects/Cloud9.2/Cloud9.2.csproj" (target "Build" depends on it):
   1:7>Done building target "AfterBuild" in project "Cloud9.2.csproj".
       Target "_CheckBrowserWorkloadNeededButNotAvailable" skipped, due to false condition; ('$(RuntimeIdentifier)' == 'browser-wasm' and '$(_BrowserWorkloadDisabled)' != 'true' and '$(WasmNativeWorkloadAvailable)' != 'true') was evaluated as ('' == 'browser-wasm' and '' != 'true' and '' != 'true').
       Target "_ErrorWorkloadDisabledForTFMLessThan6" skipped, due to false condition; ('$(_BrowserWorkloadNotSupportedForTFM)' == 'true') was evaluated as ('' == 'true').
       Target "_ErrorDualWasmThreadPropsOn7" skipped, due to false condition; ('$(TargetsNet7)' == 'true' and '$(RuntimeIdentifier)' == 'browser-wasm' and
           '$(BrowserWorkloadDisabled)' != 'true' and '$(WasmEnableThreads)' == 'true' and '$(WasmEnablePerfTrace)' == 'true') was evaluated as ('' == 'true' and '' == 'browser-wasm' and
           '' != 'true' and '' == 'true' and '' == 'true').
       Target "_CheckForInvalidConfigurationAndPlatform" skipped. Previously built successfully.
       Target "_CheckForInvalidConfigurationAndPlatform" skipped. Previously built successfully.
   1:7>Target "Build" in file "/usr/local/share/dotnet/sdk/8.0.407/Microsoft.Common.CurrentVersion.targets" from project "/Users/tp/Projects/Cloud9.2/Cloud9.2.csproj" (entry point):
   1:7>Done building target "Build" in project "Cloud9.2.csproj".
       Target "_PackAsBuildAfterTarget" skipped, due to false condition; ('$(GeneratePackageOnBuild)' == 'true' AND '$(IsInnerBuild)' != 'true') was evaluated as ('false' == 'true' AND '' != 'true').
   1:7>Target "_CheckContainersPackage" in file "/usr/local/share/dotnet/sdk/8.0.407/Containers/build/Microsoft.NET.Build.Containers.targets" from project "/Users/tp/Projects/Cloud9.2/Cloud9.2.csproj" (entry point):
       Task "Warning" skipped, due to false condition; ($(_ContainerPackageIsPresent)
               and (
                 ($(_SdkCanPublishWeb) and $(_IsWebProject)) or
                 ($(_SdkCanPublishWorker) and $(_IsWorkerProject)) or
                 ($(_SdkCanPublishConsole) and '$(EnableSdkContainerSupport)' == 'true')
               )) was evaluated as (false
               and (
                 (True and true) or
                 (True and false) or
                 (True and 'true' == 'true')
               )).
   1:7>Done building target "_CheckContainersPackage" in project "Cloud9.2.csproj".
       Target "DotNetPublish" skipped, due to false condition; ( '$(DeployOnBuild)' == 'true' ) was evaluated as ( '' == 'true' ).
   1:7>Done Building Project "/Users/tp/Projects/Cloud9.2/Cloud9.2.csproj" (default targets).

Build succeeded.

       "/Users/tp/Projects/Cloud9.2/Cloud9.2.csproj" (default target) (1:7) ->
       (CoreCompile target) -> 
         /Users/tp/Projects/Cloud9.2/Model/Site.cs(8,23): warning CS8618: Non-nullable property 'SiteName' must contain a non-null value when exiting constructor. Consider adding the 'required' modifier or declaring the property as nullable. [/Users/tp/Projects/Cloud9.2/Cloud9.2.csproj]
         /Users/tp/Projects/Cloud9.2/Model/Site.cs(9,23): warning CS8618: Non-nullable property 'AddressLine1' must contain a non-null value when exiting constructor. Consider adding the 'required' modifier or declaring the property as nullable. [/Users/tp/Projects/Cloud9.2/Cloud9.2.csproj]
         /Users/tp/Projects/Cloud9.2/Model/Site.cs(10,23): warning CS8618: Non-nullable property 'AddressLine2' must contain a non-null value when exiting constructor. Consider adding the 'required' modifier or declaring the property as nullable. [/Users/tp/Projects/Cloud9.2/Cloud9.2.csproj]
         /Users/tp/Projects/Cloud9.2/Model/Site.cs(11,23): warning CS8618: Non-nullable property 'City' must contain a non-null value when exiting constructor. Consider adding the 'required' modifier or declaring the property as nullable. [/Users/tp/Projects/Cloud9.2/Cloud9.2.csproj]
         /Users/tp/Projects/Cloud9.2/Model/Site.cs(12,23): warning CS8618: Non-nullable property 'State' must contain a non-null value when exiting constructor. Consider adding the 'required' modifier or declaring the property as nullable. [/Users/tp/Projects/Cloud9.2/Cloud9.2.csproj]
         /Users/tp/Projects/Cloud9.2/Model/Site.cs(13,23): warning CS8618: Non-nullable property 'PostalCode' must contain a non-null value when exiting constructor. Consider adding the 'required' modifier or declaring the property as nullable. [/Users/tp/Projects/Cloud9.2/Cloud9.2.csproj]
         /Users/tp/Projects/Cloud9.2/Model/Site.cs(14,23): warning CS8618: Non-nullable property 'Country' must contain a non-null value when exiting constructor. Consider adding the 'required' modifier or declaring the property as nullable. [/Users/tp/Projects/Cloud9.2/Cloud9.2.csproj]
         /Users/tp/Projects/Cloud9.2/Model/Site.cs(19,24): warning CS8618: Non-nullable property 'Partner' must contain a non-null value when exiting constructor. Consider adding the 'required' modifier or declaring the property as nullable. [/Users/tp/Projects/Cloud9.2/Cloud9.2.csproj]
         /Users/tp/Projects/Cloud9.2/Model/PartnerType.cs(8,23): warning CS8618: Non-nullable property 'PartnerTypeName' must contain a non-null value when exiting constructor. Consider adding the 'required' modifier or declaring the property as nullable. [/Users/tp/Projects/Cloud9.2/Cloud9.2.csproj]
         /Users/tp/Projects/Cloud9.2/Model/PartnerType.cs(12,24): warning CS8618: Non-nullable property 'Partner' must contain a non-null value when exiting constructor. Consider adding the 'required' modifier or declaring the property as nullable. [/Users/tp/Projects/Cloud9.2/Cloud9.2.csproj]
         /Users/tp/Projects/Cloud9.2/Model/Partner.cs(119,16): warning CS8618: Non-nullable property 'Name' must contain a non-null value when exiting constructor. Consider adding the 'required' modifier or declaring the property as nullable. [/Users/tp/Projects/Cloud9.2/Cloud9.2.csproj]
         /Users/tp/Projects/Cloud9.2/Model/LeadSource.cs(8,23): warning CS8618: Non-nullable property 'LeadSourceName' must contain a non-null value when exiting constructor. Consider adding the 'required' modifier or declaring the property as nullable. [/Users/tp/Projects/Cloud9.2/Cloud9.2.csproj]
         /Users/tp/Projects/Cloud9.2/Model/LeadSource.cs(12,24): warning CS8618: Non-nullable property 'Partner' must contain a non-null value when exiting constructor. Consider adding the 'required' modifier or declaring the property as nullable. [/Users/tp/Projects/Cloud9.2/Cloud9.2.csproj]
         /Users/tp/Projects/Cloud9.2/Model/Document.cs(8,23): warning CS8618: Non-nullable property 'FileName' must contain a non-null value when exiting constructor. Consider adding the 'required' modifier or declaring the property as nullable. [/Users/tp/Projects/Cloud9.2/Cloud9.2.csproj]
         /Users/tp/Projects/Cloud9.2/Model/Document.cs(9,23): warning CS8618: Non-nullable property 'FilePath' must contain a non-null value when exiting constructor. Consider adding the 'required' modifier or declaring the property as nullable. [/Users/tp/Projects/Cloud9.2/Cloud9.2.csproj]
         /Users/tp/Projects/Cloud9.2/Model/Document.cs(10,23): warning CS8618: Non-nullable property 'DocumentType' must contain a non-null value when exiting constructor. Consider adding the 'required' modifier or declaring the property as nullable. [/Users/tp/Projects/Cloud9.2/Cloud9.2.csproj]
         /Users/tp/Projects/Cloud9.2/Model/Document.cs(12,23): warning CS8618: Non-nullable property 'UploadedBy' must contain a non-null value when exiting constructor. Consider adding the 'required' modifier or declaring the property as nullable. [/Users/tp/Projects/Cloud9.2/Cloud9.2.csproj]
         /Users/tp/Projects/Cloud9.2/Model/Document.cs(16,24): warning CS8618: Non-nullable property 'Partner' must contain a non-null value when exiting constructor. Consider adding the 'required' modifier or declaring the property as nullable. [/Users/tp/Projects/Cloud9.2/Cloud9.2.csproj]
         /Users/tp/Projects/Cloud9.2/Model/Currency.cs(8,23): warning CS8618: Non-nullable property 'CurrencyName' must contain a non-null value when exiting constructor. Consider adding the 'required' modifier or declaring the property as nullable. [/Users/tp/Projects/Cloud9.2/Cloud9.2.csproj]
         /Users/tp/Projects/Cloud9.2/Model/Contact.cs(8,23): warning CS8618: Non-nullable property 'FirstName' must contain a non-null value when exiting constructor. Consider adding the 'required' modifier or declaring the property as nullable. [/Users/tp/Projects/Cloud9.2/Cloud9.2.csproj]
         /Users/tp/Projects/Cloud9.2/Model/Contact.cs(9,23): warning CS8618: Non-nullable property 'LastName' must contain a non-null value when exiting constructor. Consider adding the 'required' modifier or declaring the property as nullable. [/Users/tp/Projects/Cloud9.2/Cloud9.2.csproj]
         /Users/tp/Projects/Cloud9.2/Model/Contact.cs(10,23): warning CS8618: Non-nullable property 'Email' must contain a non-null value when exiting constructor. Consider adding the 'required' modifier or declaring the property as nullable. [/Users/tp/Projects/Cloud9.2/Cloud9.2.csproj]
         /Users/tp/Projects/Cloud9.2/Model/Contact.cs(11,23): warning CS8618: Non-nullable property 'PhoneNumber' must contain a non-null value when exiting constructor. Consider adding the 'required' modifier or declaring the property as nullable. [/Users/tp/Projects/Cloud9.2/Cloud9.2.csproj]
         /Users/tp/Projects/Cloud9.2/Model/Contact.cs(12,23): warning CS8618: Non-nullable property 'JobTitle' must contain a non-null value when exiting constructor. Consider adding the 'required' modifier or declaring the property as nullable. [/Users/tp/Projects/Cloud9.2/Cloud9.2.csproj]
         /Users/tp/Projects/Cloud9.2/Model/Contact.cs(17,24): warning CS8618: Non-nullable property 'Partner' must contain a non-null value when exiting constructor. Consider adding the 'required' modifier or declaring the property as nullable. [/Users/tp/Projects/Cloud9.2/Cloud9.2.csproj]
         /Users/tp/Projects/Cloud9.2/Model/AccessPermission.cs(11,23): warning CS8618: Non-nullable property 'RoleId' must contain a non-null value when exiting constructor. Consider adding the 'required' modifier or declaring the property as nullable. [/Users/tp/Projects/Cloud9.2/Cloud9.2.csproj]
         /Users/tp/Projects/Cloud9.2/Model/AccessPermission.cs(14,23): warning CS8618: Non-nullable property 'PagePath' must contain a non-null value when exiting constructor. Consider adding the 'required' modifier or declaring the property as nullable. [/Users/tp/Projects/Cloud9.2/Cloud9.2.csproj]
         /Users/tp/Projects/Cloud9.2/Pages/Index.cshtml(46,22): warning CS8602: Dereference of a possibly null reference. [/Users/tp/Projects/Cloud9.2/Cloud9.2.csproj]
         /Users/tp/Projects/Cloud9.2/Pages/CRM/Partners/Index.cs(42,44): warning CS8604: Possible null reference argument for parameter 'item' in 'bool ICollection<string>.Contains(string item)'. [/Users/tp/Projects/Cloud9.2/Cloud9.2.csproj]

    29 Warning(s)
    0 Error(s)

Time Elapsed 00:00:02.13
